
> kiwimart@0.1.0 test
> vitest --coverage --reporter=verbose


[1m[44m DEV [49m[22m [34mv4.1.1 [39m[90mC:/Users/vinod/OneDrive/Desktop/Kiwi cart/Kiwi Project[39m
      [2mCoverage enabled with [22m[33mv8[39m

 [32mΓ£ô[39m src/test/client-logger.test.ts[2m > [22msanitiseClientContext[2m > [22mredacts known PII keys[32m 16[2mms[22m[39m
 [32mΓ£ô[39m src/test/client-logger.test.ts[2m > [22msanitiseClientContext[2m > [22mredacts keys containing PII substrings (case-insensitive)[32m 1[2mms[22m[39m
 [32mΓ£ô[39m src/test/client-logger.test.ts[2m > [22mclientError ΓÇö development[2m > [22mcalls console.warn (not fetch) in development[32m 2[2mms[22m[39m
 [32mΓ£ô[39m src/test/client-logger.test.ts[2m > [22mclientError ΓÇö development[2m > [22msanitises PII in development console.warn output[32m 1[2mms[22m[39m
 [32mΓ£ô[39m src/test/client-logger.test.ts[2m > [22mclientError ΓÇö development[2m > [22mdoes not throw when called with no context[32m 1[2mms[22m[39m
 [32mΓ£ô[39m src/test/client-logger.test.ts[2m > [22mclientError ΓÇö production[2m > [22mposts to /api/client-errors in production[32m 16[2mms[22m[39m
 [32mΓ£ô[39m src/test/client-logger.test.ts[2m > [22mclientError ΓÇö production[2m > [22mredacts PII from context before posting[32m 15[2mms[22m[39m
 [32mΓ£ô[39m src/test/client-logger.test.ts[2m > [22mclientError ΓÇö production[2m > [22mnever throws even when fetch rejects[32m 17[2mms[22m[39m
 [32mΓ£ô[39m src/test/client-logger.test.ts[2m > [22mclientError ΓÇö production[2m > [22mnever throws even when fetch throws synchronously[32m 16[2mms[22m[39m
 [32mΓ£ô[39m src/test/session8-fees.test.ts[2m > [22mfee preview ΓÇö calculateFees (config-backed)[2m > [22mreturns FeeBreakdown with all fields for $100 Standard[32m 3[2mms[22m[39m
 [32mΓ£ô[39m src/test/session8-fees.test.ts[2m > [22mfee preview ΓÇö calculateFees (config-backed)[2m > [22mGOLD tier applies lower platform fee than Standard[32m 0[2mms[22m[39m
 [32mΓ£ô[39m src/test/session8-fees.test.ts[2m > [22mfee preview ΓÇö calculateFees (config-backed)[2m > [22mSILVER tier fee is between Standard and GOLD[32m 0[2mms[22m[39m
 [32mΓ£ô[39m src/test/session8-fees.test.ts[2m > [22mseller fee disclosure ΓÇö platform fee calculation using currency constants[2m > [22mfee breakdown: youReceive = price - stripeFee - platformFee[32m 0[2mms[22m[39m
 [32mΓ£ô[39m src/test/session8-fees.test.ts[2m > [22mseller fee disclosure ΓÇö platform fee calculation using currency constants[2m > [22mplatform fee clamps to minimum $0.50 for very small items[32m 0[2mms[22m[39m
 [32mΓ£ô[39m src/test/testing-sprint-d.test.ts[2m > [22mFix 1.1 ΓÇö requireUser: session cleanup catch branch[2m > [22mstill throws banned() when db.session.deleteMany rejects[32m 47[2mms[22m[39m
 [32mΓ£ô[39m src/test/testing-sprint-d.test.ts[2m > [22mFix 1.1 ΓÇö requireUser: session cleanup catch branch[2m > [22mlogs the error message string (not the raw Error object)[32m 1[2mms[22m[39m
 [32mΓ£ô[39m src/test/logger-console-bypass.test.ts[2m > [22mFix 2 ΓÇö server code routes errors through logger, not console.error[2m > [22mcart.service: source no longer contains console.error for redis failures[32m 4[2mms[22m[39m
 [32mΓ£ô[39m src/test/client-logger.test.ts[2m > [22mPOST /api/client-errors[2m > [22mreturns 200 and logs warn for a valid request[32m 63[2mms[22m[39m
 [32mΓ£ô[39m src/test/client-logger.test.ts[2m > [22mPOST /api/client-errors[2m > [22mreturns 400 for empty message[32m 4[2mms[22m[39m
 [32mΓ£ô[39m src/test/client-logger.test.ts[2m > [22mPOST /api/client-errors[2m > [22mreturns 400 for message longer than 500 chars[32m 6[2mms[22m[39m
 [32mΓ£ô[39m src/test/client-logger.test.ts[2m > [22mPOST /api/client-errors[2m > [22mreturns 200 silently when rate-limited (fail-open behaviour)[32m 16[2mms[22m[39m
 [32mΓ£ô[39m src/test/client-logger.test.ts[2m > [22mPOST /api/client-errors[2m > [22mreturns 400 when body is malformed JSON[32m 6[2mms[22m[39m
 [32mΓ£ô[39m src/test/correlation-id.test.ts[2m > [22mrequest context ΓÇö AsyncLocalStorage[2m > [22mgetRequestContext returns the correlationId set by runWithRequestContext[32m 2[2mms[22m[39m
 [32mΓ£ô[39m src/test/correlation-id.test.ts[2m > [22mrequest context ΓÇö AsyncLocalStorage[2m > [22mgetRequestContext returns undefined outside a runWithRequestContext call[32m 0[2mms[22m[39m
 [32mΓ£ô[39m src/test/correlation-id.test.ts[2m > [22mrequest context ΓÇö AsyncLocalStorage[2m > [22mnested contexts are isolated ΓÇö inner context does not bleed into outer[32m 0[2mms[22m[39m
 [32mΓ£ô[39m src/test/correlation-id.test.ts[2m > [22mlogger ΓÇö correlationId enrichment[2m > [22mincludes correlationId from request context in log output[32m 192[2mms[22m[39m
 [32mΓ£ô[39m src/test/zap-remaining-fixes.test.ts[2m > [22mZAP remaining fixes ΓÇö Fix 1: X-Content-Type-Options on redirects[2m > [22mproxy redirect for unauthenticated user includes X-Content-Type-Options: nosniff[32m 8[2mms[22m[39m
 [32mΓ£ô[39m src/test/zap-remaining-fixes.test.ts[2m > [22mZAP remaining fixes ΓÇö Fix 1: X-Content-Type-Options on redirects[2m > [22mproxy redirect for authenticated user hitting /login includes X-Content-Type-Options: nosniff[32m 1[2mms[22m[39m
 [32mΓ£ô[39m src/test/zap-remaining-fixes.test.ts[2m > [22mZAP remaining fixes ΓÇö Fix 2: Redirects are proxy-early (middleware)[2m > [22mprotected-route redirect is 307 ΓÇö proxy intercepts before page renders[32m 1[2mms[22m[39m
 [32mΓ£ô[39m src/test/zap-remaining-fixes.test.ts[2m > [22mZAP remaining fixes ΓÇö Fix 2: Redirects are proxy-early (middleware)[2m > [22mauth-path redirect for authenticated user is 307[32m 1[2mms[22m[39m
 [32mΓ£ô[39m src/test/zap-remaining-fixes.test.ts[2m > [22mZAP remaining fixes ΓÇö Fix 3: ISO timestamp in health responses[2m > [22mpublic /api/health timestamp is ISO 8601 string, not a Unix number[32m 39[2mms[22m[39m
 [32mΓ£ô[39m src/test/audit-transactional.test.ts[2m > [22maudit() ΓÇö transactional support[2m > [22mwithout tx: returns void and writes via fire-and-forget[32m 4[2mms[22m[39m
 [32mΓ£ô[39m src/test/audit-transactional.test.ts[2m > [22maudit() ΓÇö transactional support[2m > [22mwith tx: returns a Promise that can be awaited[32m 1[2mms[22m[39m
 [32mΓ£ô[39m src/test/audit-transactional.test.ts[2m > [22maudit() ΓÇö transactional support[2m > [22mwith tx: propagates write errors instead of catching them[32m 2[2mms[22m[39m
 [32mΓ£ô[39m src/test/audit-transactional.test.ts[2m > [22maudit() ΓÇö transactional support[2m > [22mwithout tx: catches write errors silently[32m 18[2mms[22m[39m
 [32mΓ£ô[39m src/test/audit-transactional.test.ts[2m > [22morderEventService.recordEvent() ΓÇö transactional support[2m > [22mwithout tx: returns void and writes via fire-and-forget[32m 1[2mms[22m[39m
 [32mΓ£ô[39m src/test/audit-transactional.test.ts[2m > [22morderEventService.recordEvent() ΓÇö transactional support[2m > [22mwith tx: returns a Promise that can be awaited[32m 0[2mms[22m[39m
 [32mΓ£ô[39m src/test/audit-transactional.test.ts[2m > [22morderEventService.recordEvent() ΓÇö transactional support[2m > [22mwith tx: propagates write errors instead of catching them[32m 0[2mms[22m[39m
 [32mΓ£ô[39m src/test/correlation-id.test.ts[2m > [22mlogger ΓÇö correlationId enrichment[2m > [22mdoes not add correlationId to log output when no context is active[32m 18[2mms[22m[39m
 [32mΓ£ô[39m src/test/correlation-id.test.ts[2m > [22mBullMQ ΓÇö correlationId in job payload[2m > [22mjob payload includes correlationId when context is active[32m 4[2mms[22m[39m
 [32mΓ£ô[39m src/test/correlation-id.test.ts[2m > [22mBullMQ ΓÇö correlationId in job payload[2m > [22mjob payload has correlationId undefined when no context is active[32m 1[2mms[22m[39m
 [32mΓ£ô[39m src/test/dispute-auto-resolution-lock.test.ts[2m > [22mFix 3 ΓÇö dispute auto-resolution distributed lock[2m > [22mlock key is dispute:{disputeId} format when dispute exists[32m 281[2mms[22m[39m
 [32mΓ£ô[39m src/test/testing-sprint-d.test.ts[2m > [22mFix 1.2 ΓÇö auth.service.register: Turnstile production branches[2m > [22mthrows when turnstileToken is missing in production[32m 125[2mms[22m[39m
 [32mΓ£ô[39m src/test/testing-sprint-d.test.ts[2m > [22mFix 1.2 ΓÇö auth.service.register: Turnstile production branches[2m > [22mthrows when Turnstile verification returns false in production[32m 1[2mms[22m[39m
 [32mΓ£ô[39m src/test/testing-sprint-d.test.ts[2m > [22mFix 1.2 ΓÇö auth.service.register: Turnstile production branches[2m > [22mskips Turnstile entirely in non-production and registers[32m 1[2mms[22m[39m
 [32mΓ£ô[39m src/test/testing-sprint-d.test.ts[2m > [22mFix 1.3 ΓÇö auth.service: email queue .catch branches[2m > [22mregister: propagates welcome-email enqueue failure ΓÇö no silent catch[32m 1[2mms[22m[39m
 [32mΓ£ô[39m src/test/testing-sprint-d.test.ts[2m > [22mFix 1.3 ΓÇö auth.service: email queue .catch branches[2m > [22mrequestPasswordReset: silent return when user not found (enumeration guard)[32m 1[2mms[22m[39m
 [32mΓ£ô[39m src/test/testing-sprint-d.test.ts[2m > [22mFix 1.3 ΓÇö auth.service: email queue .catch branches[2m > [22mrequestPasswordReset: propagates email queue failure ΓÇö no silent catch[32m 1[2mms[22m[39m
 [32mΓ£ô[39m src/test/testing-sprint-d.test.ts[2m > [22mFix 1.4 ΓÇö auth.service.resetPassword: weak password branch[2m > [22mthrows with schema message when password fails strength check[32m 2[2mms[22m[39m
 [32mΓ£ô[39m src/test/testing-sprint-d.test.ts[2m > [22mFix 1.5 ΓÇö order.transitions: logger paths[2m > [22mlogs warn on optimistic lock failure (count=0)[32m 37[2mms[22m[39m
 [32mΓ£ô[39m src/test/testing-sprint-d.test.ts[2m > [22mFix 1.5 ΓÇö order.transitions: logger paths[2m > [22mlogs info with from/to on successful transition[32m 1[2mms[22m[39m
 [32mΓ£ô[39m src/test/testing-sprint-d.test.ts[2m > [22mFix 1.5 ΓÇö order.transitions: logger paths[2m > [22mattaches code: 'P2025' on concurrent modification error[32m 1[2mms[22m[39m
 [32mΓ£ô[39m src/test/testing-sprint-d.test.ts[2m > [22mFix 1.6 ΓÇö order-cancel: status gating branches[2m > [22mthrows ORDER_WRONG_STATE when cancelling a DISPATCHED order[32m 54[2mms[22m[39m
 [32mΓ£ô[39m src/test/pickupWorker-otpExpired.test.ts[2m > [22mpickupWorker ΓÇö handleOtpExpired (buyer no-show)[2m > [22mcaptures payment BEFORE transitioning to COMPLETED for online orders[32m 4[2mms[22m[39m
 [32mΓ£ô[39m src/test/pickupWorker-otpExpired.test.ts[2m > [22mpickupWorker ΓÇö handleOtpExpired (buyer no-show)[2m > [22mtransitions to DISPUTED when capture fails for online orders[32m 1[2mms[22m[39m
 [32mΓ£ô[39m src/test/pickupWorker-otpExpired.test.ts[2m > [22mpickupWorker ΓÇö handleOtpExpired (buyer no-show)[2m > [22mcompletes without calling capturePayment for cash pickup orders[32m 1[2mms[22m[39m
 [32mΓ£ô[39m src/test/pickupWorker-otpExpired.test.ts[2m > [22mpickupWorker ΓÇö handleOtpExpired (buyer no-show)[2m > [22mskips processing when pickupStatus is not OTP_INITIATED[32m 0[2mms[22m[39m
 [32mΓ£ô[39m src/test/pickupWorker-otpExpired.test.ts[2m > [22mpickupWorker ΓÇö handleOtpExpired (buyer no-show)[2m > [22mreturns silently when order does not exist[32m 0[2mms[22m[39m
 [32mΓ£ô[39m src/test/dispute-auto-resolution-lock.test.ts[2m > [22mFix 3 ΓÇö dispute auto-resolution distributed lock[2m > [22mlock ttlSeconds is 120[32m 1[2mms[22m[39m
 [32mΓ£ô[39m src/test/dispute-auto-resolution-lock.test.ts[2m > [22mFix 3 ΓÇö dispute auto-resolution distributed lock[2m > [22mskips execution when dispute status is not AUTO_RESOLVING inside lock[32m 3[2mms[22m[39m
 [32mΓ£ô[39m src/test/dispute-auto-resolution-lock.test.ts[2m > [22mFix 3 ΓÇö dispute auto-resolution distributed lock[2m > [22mlock is acquired BEFORE any payment or state mutation[32m 1[2mms[22m[39m
 [32mΓ£ô[39m src/test/nav-summary.test.ts[2m > [22mGET /api/v1/me/nav-summary[2m > [22mreturns 401 when unauthenticated[33m 302[2mms[22m[39m
 [32mΓ£ô[39m src/test/session8-fees.test.ts[2m > [22madmin platform-fees API[2m > [22mPATCH rejects unknown fee config key with 400[32m 255[2mms[22m[39m
 [32mΓ£ô[39m src/test/audit-transactional.test.ts[2m > [22mcancelOrder ΓÇö audit inside transaction[2m > [22maudit write uses the transaction client passed by $transaction[32m 178[2mms[22m[39m
 [32mΓ£ô[39m src/test/session8-fees.test.ts[2m > [22madmin platform-fees API[2m > [22mPATCH with known key calls adminConfigRepository.updateValue[32m 3[2mms[22m[39m
 [32mΓ£ô[39m src/test/session8-fees.test.ts[2m > [22morder detail payout ΓÇö null for buyers[2m > [22mpayout field is null when isBuyer is true[32m 0[2mms[22m[39m
 [32mΓ£ô[39m src/test/session8-fees.test.ts[2m > [22morder detail payout ΓÇö null for buyers[2m > [22mpayout field calculates sellerPayoutNzd = amountNzd - fees when isSeller[32m 0[2mms[22m[39m
 [32mΓ£ô[39m src/test/nav-summary.test.ts[2m > [22mGET /api/v1/me/nav-summary[2m > [22mreturns cart count, notifications, and user data when authenticated[32m 3[2mms[22m[39m
 [32mΓ£ô[39m src/test/nav-summary.test.ts[2m > [22mGET /api/v1/me/nav-summary[2m > [22mreturns zero cart count when user has no cart[32m 1[2mms[22m[39m
 [32mΓ£ô[39m src/test/nav-summary.test.ts[2m > [22mGET /api/v1/me/nav-summary[2m > [22mreturns zero cart count when cart is expired[32m 1[2mms[22m[39m
 [32mΓ£ô[39m src/test/nav-summary.test.ts[2m > [22mGET /api/v1/me/nav-summary[2m > [22mreturns correct unread count when user has unread notifications[32m 1[2mms[22m[39m
 [32mΓ£ô[39m src/test/testing-sprint-d.test.ts[2m > [22mFix 1.6 ΓÇö order-cancel: status gating branches[2m > [22mthrows ORDER_WRONG_STATE when cancellation window has closed (past 24h)[32m 1[2mms[22m[39m
 [32mΓ£ô[39m src/test/testing-sprint-d.test.ts[2m > [22mFix 1.6 ΓÇö order-cancel: status gating branches[2m > [22mrequires a reason for cancellations in the request window[32m 1[2mms[22m[39m
 [32mΓ£ô[39m src/test/testing-sprint-d.test.ts[2m > [22mFix 1.7 ΓÇö auto-resolution: extra factor + decision branches[2m > [22mapplies BUYER_ATTEMPTED_RESOLUTION factor when buyer filed prior interactions[32m 43[2mms[22m[39m
 [32mΓ£ô[39m src/test/testing-sprint-d.test.ts[2m > [22mFix 1.7 ΓÇö auto-resolution: extra factor + decision branches[2m > [22mapplies SELLER_REJECTED_WITHOUT_COUNTER factor when rejection exists[32m 1[2mms[22m[39m
 [32mΓ£ô[39m src/test/testing-sprint-d.test.ts[2m > [22mFix 1.7 ΓÇö auto-resolution: extra factor + decision branches[2m > [22mapplies SELLER_HIGH_DISPUTE_RATE when rate breaches threshold with enough orders[32m 0[2mms[22m[39m
 [32mΓ£ô[39m src/test/testing-sprint-d.test.ts[2m > [22mFix 1.7 ΓÇö auto-resolution: extra factor + decision branches[2m > [22mapplies SELLER_LOW_DISPUTE_RATE when rate is excellent with enough orders[32m 0[2mms[22m[39m
 [32mΓ£ô[39m src/test/testing-sprint-d.test.ts[2m > [22mFix 1.7 ΓÇö auto-resolution: extra factor + decision branches[2m > [22mreturns coolingPeriodHours=0 when decision cannot auto-resolve[32m 0[2mms[22m[39m
 [32mΓ£ô[39m src/test/testing-sprint-d.test.ts[2m > [22mFix 1.7 ΓÇö auto-resolution: extra factor + decision branches[2m > [22mflags fraud when seller exceeds fraud dispute rate and buyer is under rate limit[32m 1[2mms[22m[39m
 [32mΓ£ô[39m src/test/zap-remaining-fixes.test.ts[2m > [22mZAP remaining fixes ΓÇö Fix 3: ISO timestamp in health responses[2m > [22madmin /api/admin/health timestamp is ISO 8601 string[32m 180[2mms[22m[39m
 [32mΓ£ô[39m src/test/zap-remaining-fixes.test.ts[2m > [22mZAP remaining fixes ΓÇö Fix 4: Referrer-Policy no-referrer on token pages[2m > [22mnext.config.ts includes no-referrer Referrer-Policy for verify-email path[32m 1[2mms[22m[39m
 [32mΓ£ô[39m src/test/zap-remaining-fixes.test.ts[2m > [22mZAP remaining fixes ΓÇö Fix 5: Explicit Cache-Control on API routes[2m > [22mnext.config.ts sets a short public Cache-Control TTL for the health endpoint[32m 1[2mms[22m[39m
 [32mΓ£ô[39m src/test/zap-remaining-fixes.test.ts[2m > [22mZAP remaining fixes ΓÇö Fix 5: Explicit Cache-Control on API routes[2m > [22mnext.config.ts sets Cache-Control: no-store for /api/v1, /api/admin, /api/auth, /api/stripe and /api/cron routes[32m 1[2mms[22m[39m
 [32mΓ£ô[39m src/test/pickup-scheduling.test.ts[2m > [22mPickup Scheduling State Machine[2m > [22m1. Pickup Proposal[2m > [22mbuyer proposes valid pickup time successfully[32m 27[2mms[22m[39m
 [32mΓ£ô[39m src/test/pickup-scheduling.test.ts[2m > [22mPickup Scheduling State Machine[2m > [22m1. Pickup Proposal[2m > [22msets pickupStatus to SCHEDULING on a valid proposal[32m 7[2mms[22m[39m
 [32mΓ£ô[39m src/test/pickup-scheduling.test.ts[2m > [22mPickup Scheduling State Machine[2m > [22m1. Pickup Proposal[2m > [22mfails if proposed time is before minimum lead time (< 2 hours)[32m 2[2mms[22m[39m
 [32mΓ£ô[39m src/test/pickup-scheduling.test.ts[2m > [22mPickup Scheduling State Machine[2m > [22m1. Pickup Proposal[2m > [22mfails if proposed time is beyond the maximum horizon (> 30 days)[32m 1[2mms[22m[39m
 [32mΓ£ô[39m src/test/pickup-scheduling.test.ts[2m > [22mPickup Scheduling State Machine[2m > [22m1. Pickup Proposal[2m > [22mfails if order is not in AWAITING_PICKUP status[32m 1[2mms[22m[39m
 [32mΓ£ô[39m src/test/pickup-scheduling.test.ts[2m > [22mPickup Scheduling State Machine[2m > [22m1. Pickup Proposal[2m > [22mfails if proposer is not a party to the order[32m 1[2mms[22m[39m
 [32mΓ£ô[39m src/test/pickup-scheduling.test.ts[2m > [22mPickup Scheduling State Machine[2m > [22m1. Pickup Proposal[2m > [22mcreates a PICKUP_PROPOSAL message card in the buyer/seller thread[32m 2[2mms[22m[39m
 [32mΓ£ô[39m src/test/pickup-scheduling.test.ts[2m > [22mPickup Scheduling State Machine[2m > [22m1. Pickup Proposal[2m > [22mcreates a notification for the seller (other party)[32m 2[2mms[22m[39m
 [32mΓ£ô[39m src/test/pickup-scheduling.test.ts[2m > [22mPickup Scheduling State Machine[2m > [22m2. Pickup Acceptance[2m > [22mseller accepts proposed pickup time successfully via thread scan[32m 2[2mms[22m[39m
 [32mΓ£ô[39m src/test/pickup-scheduling.test.ts[2m > [22mPickup Scheduling State Machine[2m > [22m2. Pickup Acceptance[2m > [22mupdates order with confirmed pickup datetime and SCHEDULED status[32m 2[2mms[22m[39m
 [32mΓ£ô[39m src/test/pickup-scheduling.test.ts[2m > [22mPickup Scheduling State Machine[2m > [22m2. Pickup Acceptance[2m > [22mschedules PICKUP_WINDOW_EXPIRED job in pickupQueue[32m 2[2mms[22m[39m
 [32mΓ£ô[39m src/test/pickup-scheduling.test.ts[2m > [22mPickup Scheduling State Machine[2m > [22m2. Pickup Acceptance[2m > [22mcreates a PICKUP_CONFIRMED message card in the thread[32m 2[2mms[22m[39m
 [32mΓ£ô[39m src/test/pickup-scheduling.test.ts[2m > [22mPickup Scheduling State Machine[2m > [22m2. Pickup Acceptance[2m > [22mcreates notifications for both buyer and seller[32m 3[2mms[22m[39m
 [32mΓ£ô[39m src/test/pickup-scheduling.test.ts[2m > [22mPickup Scheduling State Machine[2m > [22m2. Pickup Acceptance[2m > [22mfails if no pending proposal exists in the thread[32m 1[2mms[22m[39m
 [32mΓ£ô[39m src/test/pickup-scheduling.test.ts[2m > [22mPickup Scheduling State Machine[2m > [22m2. Pickup Acceptance[2m > [22mfails if acceptor tries to accept their own reschedule request[32m 1[2mms[22m[39m
 [32mΓ£ô[39m src/test/pickup-scheduling.test.ts[2m > [22mPickup Scheduling State Machine[2m > [22m2. Pickup Acceptance[2m > [22maccepts pickup time via reschedule request ID and marks it ACCEPTED[32m 1[2mms[22m[39m
 [32mΓ£ô[39m src/test/pickup-scheduling.test.ts[2m > [22mPickup Scheduling State Machine[2m > [22m3. Pickup Rescheduling[2m > [22mseller can request a reschedule with a valid reason[32m 3[2mms[22m[39m
 [32mΓ£ô[39m src/test/pickup-scheduling.test.ts[2m > [22mPickup Scheduling State Machine[2m > [22m3. Pickup Rescheduling[2m > [22mbuyer can request a reschedule with a valid reason[32m 2[2mms[22m[39m
 [32mΓ£ô[39m src/test/pickup-scheduling.test.ts[2m > [22mPickup Scheduling State Machine[2m > [22m3. Pickup Rescheduling[2m > [22mreturns forceCancelAvailable when reschedule count reaches threshold[32m 1[2mms[22m[39m
 [32mΓ£ô[39m src/test/pickup-scheduling.test.ts[2m > [22mPickup Scheduling State Machine[2m > [22m3. Pickup Rescheduling[2m > [22mfails if pickup is not in SCHEDULED status[32m 1[2mms[22m[39m
 [32mΓ£ô[39m src/test/pickup-scheduling.test.ts[2m > [22mPickup Scheduling State Machine[2m > [22m3. Pickup Rescheduling[2m > [22mcreates a PickupRescheduleRequest record in the database[32m 2[2mms[22m[39m
 [32mΓ£ô[39m src/test/pickup-scheduling.test.ts[2m > [22mPickup Scheduling State Machine[2m > [22m3. Pickup Rescheduling[2m > [22mcreates a notification for the other party[32m 3[2mms[22m[39m
 [32mΓ£ô[39m src/test/pickup-scheduling.test.ts[2m > [22mPickup Scheduling State Machine[2m > [22m3. Pickup Rescheduling[2m > [22mincrements the reschedule count on the order[32m 1[2mms[22m[39m
 [32mΓ£ô[39m src/test/pickup-scheduling.test.ts[2m > [22mPickup Scheduling State Machine[2m > [22m4. Reschedule Response[2m > [22maccepting reschedule updates order to SCHEDULED with the new proposed time[32m 1[2mms[22m[39m
 [32mΓ£ô[39m src/test/pickup-scheduling.test.ts[2m > [22mPickup Scheduling State Machine[2m > [22m4. Reschedule Response[2m > [22mdeclining reschedule reverts order back to SCHEDULED[32m 1[2mms[22m[39m
 [32mΓ£ô[39m src/test/pickup-scheduling.test.ts[2m > [22mPickup Scheduling State Machine[2m > [22m4. Reschedule Response[2m > [22mcounter-proposal rejects original request and creates new pickup proposal[32m 1[2mms[22m[39m
 [32mΓ£ô[39m src/test/pickup-scheduling.test.ts[2m > [22mPickup Scheduling State Machine[2m > [22m4. Reschedule Response[2m > [22mfails if the reschedule request does not exist[32m 0[2mms[22m[39m
 [32mΓ£ô[39m src/test/pickup-scheduling.test.ts[2m > [22mPickup Scheduling State Machine[2m > [22m4. Reschedule Response[2m > [22mfails if the responder is the same party who made the request[32m 0[2mms[22m[39m
 [32mΓ£ô[39m src/test/pickup-scheduling.test.ts[2m > [22mPickup Scheduling State Machine[2m > [22m5. Pickup Cancellation[2m > [22mrefunds payment for ONLINE_PAYMENT_PICKUP orders on cancellation[32m 1[2mms[22m[39m
 [32mΓ£ô[39m src/test/pickup-scheduling.test.ts[2m > [22mPickup Scheduling State Machine[2m > [22m5. Pickup Cancellation[2m > [22mrestores listing status from RESERVED to ACTIVE after cancellation[32m 0[2mms[22m[39m
 [32mΓ£ô[39m src/test/pickup-scheduling.test.ts[2m > [22mPickup Scheduling State Machine[2m > [22m5. Pickup Cancellation[2m > [22mcancels all pending reschedule requests on cancellation[32m 0[2mms[22m[39m
 [32mΓ£ô[39m src/test/pickup-scheduling.test.ts[2m > [22mPickup Scheduling State Machine[2m > [22m5. Pickup Cancellation[2m > [22mrecords a CANCELLED order event[32m 0[2mms[22m[39m
 [32mΓ£ô[39m src/test/pickup-scheduling.test.ts[2m > [22mPickup Scheduling State Machine[2m > [22m5. Pickup Cancellation[2m > [22mnotifies both buyer and seller on cancellation[32m 0[2mms[22m[39m
 [32mΓ£ô[39m src/test/pickup-scheduling.test.ts[2m > [22mPickup Scheduling State Machine[2m > [22m6. OTP Verification[2m > [22mgenerateAndSendOTP returns success and sets pickupStatus to OTP_INITIATED[32m 2[2mms[22m[39m
 [32mΓ£ô[39m src/test/pickup-scheduling.test.ts[2m > [22mPickup Scheduling State Machine[2m > [22m6. OTP Verification[2m > [22mOTP is stored as a SHA-256 hash, not as plaintext[32m 1[2mms[22m[39m
 [32mΓ£ô[39m src/test/pickup-scheduling.test.ts[2m > [22mPickup Scheduling State Machine[2m > [22m6. OTP Verification[2m > [22mwrong OTP returns valid:false with an error message[32m 1[2mms[22m[39m
 [32mΓ£ô[39m src/test/pickup-scheduling.test.ts[2m > [22mPickup Scheduling State Machine[2m > [22m6. OTP Verification[2m > [22mexpired OTP returns valid:false with an expiry error[32m 0[2mms[22m[39m
 [32mΓ£ô[39m src/test/pickup-scheduling.test.ts[2m > [22mPickup Scheduling State Machine[2m > [22m6. OTP Verification[2m > [22msuccessful OTP verification clears otpCodeHash and otpExpiresAt fields[32m 0[2mms[22m[39m
 [32mΓ£ô[39m src/test/pickup-scheduling.test.ts[2m > [22mPickup Scheduling State Machine[2m > [22m6. OTP Verification[2m > [22mOTP cannot be reused after a successful verification[32m 0[2mms[22m[39m
 [32mΓ£ô[39m src/test/audit-transactional.test.ts[2m > [22mconfirmDelivery ΓÇö audit inside transaction[2m > [22maudit write uses the transaction client passed by $transaction[32m 122[2mms[22m[39m
 [32mΓ£ô[39m src/test/cron-jobs.test.ts[2m > [22mCron Jobs[2m > [22m1. Delivery Reminders[2m > [22msends reminder for order dispatched 3+ days past estimated delivery[32m 8[2mms[22m[39m
 [32mΓ£ô[39m src/test/cron-jobs.test.ts[2m > [22mCron Jobs[2m > [22m1. Delivery Reminders[2m > [22mdoes not send duplicate reminder when one was already sent[32m 1[2mms[22m[39m
 [32mΓ£ô[39m src/test/cron-jobs.test.ts[2m > [22mCron Jobs[2m > [22m1. Delivery Reminders[2m > [22mskips orders with no estimated delivery date in dispatch event[32m 1[2mms[22m[39m
 [32mΓ£ô[39m src/test/cron-jobs.test.ts[2m > [22mCron Jobs[2m > [22m1. Delivery Reminders[2m > [22mreturns correct count of reminders sent across multiple orders[32m 1[2mms[22m[39m
 [32mΓ£ô[39m src/test/cron-jobs.test.ts[2m > [22mCron Jobs[2m > [22m2. Stripe Reconciliation[2m > [22mauto-fixes AWAITING_PAYMENT order to PAYMENT_HELD when Stripe PI is requires_capture[32m 3[2mms[22m[39m
 [32mΓ£ô[39m src/test/cron-jobs.test.ts[2m > [22mCron Jobs[2m > [22m2. Stripe Reconciliation[2m > [22mdoes not auto-fix when no stale AWAITING_PAYMENT orders exist[32m 1[2mms[22m[39m
 [32mΓ£ô[39m src/test/cron-jobs.test.ts[2m > [22mCron Jobs[2m > [22m2. Stripe Reconciliation[2m > [22mlogs stale PAYMENT_HELD orders as requiring manual review[32m 1[2mms[22m[39m
 [32mΓ£ô[39m src/test/cron-jobs.test.ts[2m > [22mCron Jobs[2m > [22m2. Stripe Reconciliation[2m > [22mhandles Stripe API error gracefully when retrieving PI for AWAITING_PAYMENT order[32m 2[2mms[22m[39m
 [32mΓ£ô[39m src/test/cron-jobs.test.ts[2m > [22mCron Jobs[2m > [22m2. Stripe Reconciliation[2m > [22mauto-fixes AWAITING_PAYMENT order to CANCELLED and releases listing when PI is canceled[32m 1[2mms[22m[39m
 [32mΓ£ô[39m src/test/cron-jobs.test.ts[2m > [22mCron Jobs[2m > [22m3. Price Drop Notifications[2m > [22mnotifies watcher when listing price has dropped below priceAtWatch[32m 1[2mms[22m[39m
 [32mΓ£ô[39m src/test/cron-jobs.test.ts[2m > [22mCron Jobs[2m > [22m3. Price Drop Notifications[2m > [22mdoes not notify watcher when price has not dropped[32m 0[2mms[22m[39m
 [32mΓ£ô[39m src/test/cron-jobs.test.ts[2m > [22mCron Jobs[2m > [22m3. Price Drop Notifications[2m > [22mupdates priceAtWatch to the new price after notification[32m 0[2mms[22m[39m
 [32mΓ£ô[39m src/test/cron-jobs.test.ts[2m > [22mCron Jobs[2m > [22m3. Price Drop Notifications[2m > [22mreturns correct checked and notified counts[32m 0[2mms[22m[39m
 [32mΓ£ô[39m src/test/cron-jobs.test.ts[2m > [22mCron Jobs[2m > [22m3. Price Drop Notifications[2m > [22mreturns zero counts when no watchlist items have price alerts[32m 0[2mms[22m[39m
 [32mΓ£ô[39m src/test/cron-jobs.test.ts[2m > [22mCron Jobs[2m > [22m4. Seller Downgrade Check[2m > [22mdowngrades GOLD seller to SILVER when dispute rate exceeds threshold[32m 1[2mms[22m[39m
 [32mΓ£ô[39m src/test/cron-jobs.test.ts[2m > [22mCron Jobs[2m > [22m4. Seller Downgrade Check[2m > [22mdoes not downgrade seller who meets all tier requirements[32m 1[2mms[22m[39m
 [32mΓ£ô[39m src/test/cron-jobs.test.ts[2m > [22mCron Jobs[2m > [22m4. Seller Downgrade Check[2m > [22msends notification to seller on downgrade[32m 1[2mms[22m[39m
 [32mΓ£ô[39m src/test/cron-jobs.test.ts[2m > [22mCron Jobs[2m > [22m4. Seller Downgrade Check[2m > [22mrecords tier change in audit log on downgrade[32m 1[2mms[22m[39m
 [32mΓ£ô[39m src/test/cron-jobs.test.ts[2m > [22mCron Jobs[2m > [22m5. Dispatch Reminders[2m > [22msends reminder to seller for order in the 24-hour dispatch window[32m 1[2mms[22m[39m
 [32mΓ£ô[39m src/test/cron-jobs.test.ts[2m > [22mCron Jobs[2m > [22m5. Dispatch Reminders[2m > [22mdoes not send duplicate reminder when notification already exists within 12h[32m 0[2mms[22m[39m
 [32mΓ£ô[39m src/test/cron-jobs.test.ts[2m > [22mCron Jobs[2m > [22m5. Dispatch Reminders[2m > [22mskips orders outside the notification windows (e.g. 100 hours old)[32m 0[2mms[22m[39m
 [32mΓ£ô[39m src/test/cron-jobs.test.ts[2m > [22mCron Jobs[2m > [22m5. Dispatch Reminders[2m > [22mreturns correct sent count for multiple orders in window[32m 0[2mms[22m[39m
 [32mΓ£ô[39m src/test/cron-jobs.test.ts[2m > [22mCron Jobs[2m > [22m6. Dispute Auto-Resolve[2m > [22mqueues auto-resolution for unresponsive dispute (seller no response after threshold)[32m 2[2mms[22m[39m
 [32mΓ£ô[39m src/test/cron-jobs.test.ts[2m > [22mCron Jobs[2m > [22m6. Dispute Auto-Resolve[2m > [22mexecutes cooling-period decision when no counter-evidence has been submitted[32m 1[2mms[22m[39m
 [32mΓ£ô[39m src/test/cron-jobs.test.ts[2m > [22mCron Jobs[2m > [22m6. Dispute Auto-Resolve[2m > [22mdoes not execute resolution before the cooling period expires[32m 1[2mms[22m[39m
 [32mΓ£ô[39m src/test/cron-jobs.test.ts[2m > [22mCron Jobs[2m > [22m6. Dispute Auto-Resolve[2m > [22mre-evaluates and escalates to admin when counter-evidence makes score inconclusive[32m 1[2mms[22m[39m
 [32mΓ£ô[39m src/test/cron-jobs.test.ts[2m > [22mCron Jobs[2m > [22m6. Dispute Auto-Resolve[2m > [22mescalates expired OrderInteraction and records an order event[32m 1[2mms[22m[39m
 [32mΓ£ô[39m src/test/logger-console-bypass.test.ts[2m > [22mFix 2 ΓÇö server code routes errors through logger, not console.error[2m > [22mimageWorker: VERCEL guard calls logger.error not console.error[33m 495[2mms[22m[39m
 [32mΓ£ô[39m src/test/order-event.service.test.ts[2m > [22mOrderEventService[2m > [22mORDER_EVENT_TYPES[2m > [22mexports all expected event types[32m 4[2mms[22m[39m
 [32mΓ£ô[39m src/test/order-event.service.test.ts[2m > [22mOrderEventService[2m > [22mACTOR_ROLES[2m > [22mexports all actor roles[32m 0[2mms[22m[39m
 [32mΓ£ô[39m src/test/order-event.service.test.ts[2m > [22mOrderEventService[2m > [22mrecordEvent[2m > [22mrecords event via repository[32m 18[2mms[22m[39m
 [32mΓ£ô[39m src/test/order-event.service.test.ts[2m > [22mOrderEventService[2m > [22mrecordEvent[2m > [22mhandles null actorId[32m 14[2mms[22m[39m
 [32mΓ£ô[39m src/test/order-event.service.test.ts[2m > [22mOrderEventService[2m > [22mrecordEvent[2m > [22mpasses metadata to repository[32m 17[2mms[22m[39m
 [32mΓ£ô[39m src/test/order-event.service.test.ts[2m > [22mOrderEventService[2m > [22mrecordEvent[2m > [22msilently catches repository errors[32m 16[2mms[22m[39m
 [32mΓ£ô[39m src/test/order-event.service.test.ts[2m > [22mOrderEventService[2m > [22mgetOrderTimeline[2m > [22mreturns events from repository[32m 1[2mms[22m[39m
 [32mΓ£ô[39m src/test/order-event.service.test.ts[2m > [22mOrderEventService[2m > [22mgetOrderTimeline[2m > [22mreturns empty array when no events[32m 0[2mms[22m[39m
 [32mΓ£ô[39m src/test/partial-refund-amount.test.ts[2m > [22mPaymentService.refundPayment ΓÇö partial amount forwarded to Stripe[2m > [22mpasses amount to stripe.refunds.create when amountNzd is provided[32m 7[2mms[22m[39m
 [32mΓ£ô[39m src/test/partial-refund-amount.test.ts[2m > [22mPaymentService.refundPayment ΓÇö partial amount forwarded to Stripe[2m > [22momits amount from stripe.refunds.create when amountNzd is not provided (full refund)[32m 1[2mms[22m[39m
 [32mΓ£ô[39m src/test/partial-refund-amount.test.ts[2m > [22mPaymentService.refundPayment ΓÇö partial amount forwarded to Stripe[2m > [22momits amount when amountNzd is explicitly undefined[32m 1[2mms[22m[39m
 [32mΓ£ô[39m src/test/partial-refund-amount.test.ts[2m > [22mPaymentService.refundPayment ΓÇö partial amount forwarded to Stripe[2m > [22mpasses the exact cent amount ΓÇö not converted to dollars[32m 0[2mms[22m[39m
 [32mΓ£ô[39m src/test/partial-refund-amount.test.ts[2m > [22mPaymentService.refundPayment ΓÇö partial amount forwarded to Stripe[2m > [22mfull refund (no amountNzd) still completes successfully[32m 4[2mms[22m[39m
 [32mΓ£ô[39m src/test/partial-refund-amount.test.ts[2m > [22mPaymentService.refundPayment ΓÇö partial amount forwarded to Stripe[2m > [22midempotency key includes amount string for partial refund[32m 1[2mms[22m[39m
node.exe : [90mstderr[2m | src/test/proxy.test.ts[2m > [22m[2mproxy ΓÇö auth guard[2m > [22m[2mconfig.matcher does not exclude Stripe webhook (it is simply not an API v1 route)
At line:1 char:1
+ & "C:\Program Files\nodejs/node.exe" "C:\Program Files\nodejs/node_mo ...
+ ~~~~~~~~~~~~~~~~~~~~~~~~~~~~~~~~~~~~~~~~~~~~~~~~~~~~~~~~~~~~~~~~~~~~~
    + CategoryInfo          : NotSpecified: ([90mstderr[2m...n API v1 route):String) [], RemoteException
    + FullyQualifiedErrorId : NativeCommandError
 
[22m[39mPromise returned by `expect(actual).resolves.not.toBeNull()` was not awaited. Vitest currently auto-awaits hanging assertions at the end of the test, but this will cause the test to fail 
in the next Vitest major. Please remember to await the assertion.
    at C:/Users/vinod/OneDrive/Desktop/Kiwi cart/Kiwi Project/src/test/proxy.test.ts:145:16

 [32mΓ£ô[39m src/test/logger-console-bypass.test.ts[2m > [22mFix 2 ΓÇö server code routes errors through logger, not console.error[2m > [22mpayoutWorker: VERCEL guard calls logger.error not console.error[32m 216[2mms[22m[39m
 [32mΓ£ô[39m src/test/partial-refund-amount.test.ts[2m > [22mAdmin partial refund ΓÇö call site passes amountNzd to Stripe[2m > [22madmin partial refund passes amountNzd (cents) to Stripe refund[32m 139[2mms[22m[39m
 [32mΓ£ô[39m src/test/partial-refund-amount.test.ts[2m > [22mAdmin partial refund ΓÇö call site passes amountNzd to Stripe[2m > [22madmin partial refund captures remaining amount after refund[32m 1[2mms[22m[39m
 [32mΓ£ô[39m src/test/partial-refund-amount.test.ts[2m > [22mAdmin partial refund ΓÇö call site passes amountNzd to Stripe[2m > [22madmin partial refund throws and logs ERROR when capture fails[32m 2[2mms[22m[39m
 [32mΓ£ô[39m src/test/proxy.test.ts[2m > [22mproxy ΓÇö auth guard[2m > [22mredirects unauthenticated /dashboard request to /login[32m 6[2mms[22m[39m
 [32mΓ£ô[39m src/test/proxy.test.ts[2m > [22mproxy ΓÇö auth guard[2m > [22mreturns 401 JSON for unauthenticated /api/v1/orders[32m 3[2mms[22m[39m
 [32mΓ£ô[39m src/test/proxy.test.ts[2m > [22mproxy ΓÇö auth guard[2m > [22mredirects authenticated non-admin from /admin to /dashboard/buyer[32m 39[2mms[22m[39m
 [32mΓ£ô[39m src/test/proxy.test.ts[2m > [22mproxy ΓÇö auth guard[2m > [22mallows authenticated admin through to /admin[32m 2[2mms[22m[39m
 [32mΓ£ô[39m src/test/proxy.test.ts[2m > [22mproxy ΓÇö auth guard[2m > [22mredirects MFA-pending session to /mfa-verify for protected pages[32m 1[2mms[22m[39m
 [32mΓ£ô[39m src/test/proxy.test.ts[2m > [22mproxy ΓÇö auth guard[2m > [22mconfig.matcher does not exclude Stripe webhook (it is simply not an API v1 route)[32m 7[2mms[22m[39m
 [32mΓ£ô[39m src/test/proxy.test.ts[2m > [22mproxy ΓÇö auth guard[2m > [22mallows GET /api/v1/listings through without auth[32m 1[2mms[22m[39m
 [32mΓ£ô[39m src/test/proxy.test.ts[2m > [22mproxy ΓÇö auth guard[2m > [22mconfig.matcher excludes _next/static paths[32m 1[2mms[22m[39m
 [32mΓ£ô[39m src/test/proxy.test.ts[2m > [22mproxy ΓÇö auth guard[2m > [22mreturns 401 MFA_REQUIRED for MFA-pending API request[32m 2[2mms[22m[39m
 [32mΓ£ô[39m src/test/proxy.test.ts[2m > [22mproxy ΓÇö auth guard[2m > [22mallows POST /api/v1/auth/token through without auth (mobile login)[32m 1[2mms[22m[39m
 [32mΓ£ô[39m src/test/proxy.test.ts[2m > [22mproxy ΓÇö auth guard[2m > [22mblocks POST /api/v1/listings without auth (not a public GET)[32m 1[2mms[22m[39m
 [32mΓ£ô[39m src/test/proxy.test.ts[2m > [22mproxy ΓÇö correlation ID[2m > [22msets x-correlation-id on pass-through responses[32m 1[2mms[22m[39m
 [32mΓ£ô[39m src/test/proxy.test.ts[2m > [22mproxy ΓÇö correlation ID[2m > [22mgenerates a unique correlation ID per request[32m 1[2mms[22m[39m
 [32mΓ£ô[39m src/test/proxy.test.ts[2m > [22mproxy ΓÇö correlation ID[2m > [22mx-correlation-id equals x-request-id on the same response[32m 1[2mms[22m[39m
 [32mΓ£ô[39m src/test/logger-console-bypass.test.ts[2m > [22mFix 2 ΓÇö server code routes errors through logger, not console.error[2m > [22mpickupWorker: VERCEL guard calls logger.error not console.error[32m 58[2mms[22m[39m
 [32mΓ£ô[39m src/test/server-lib-coverage.test.ts[2m > [22mpassword.ts[2m > [22mhashPassword returns an argon2id hash string[32m 26[2mms[22m[39m
 [32mΓ£ô[39m src/test/server-lib-coverage.test.ts[2m > [22mpassword.ts[2m > [22mverifyPassword returns true for matching password[32m 2[2mms[22m[39m
 [32mΓ£ô[39m src/test/server-lib-coverage.test.ts[2m > [22mpassword.ts[2m > [22mverifyPassword returns false for non-matching password[32m 3[2mms[22m[39m
 [32mΓ£ô[39m src/test/server-lib-coverage.test.ts[2m > [22mpassword.ts[2m > [22mverifyPassword returns false on malformed hash (error branch)[32m 4[2mms[22m[39m
 [32mΓ£ô[39m src/test/server-lib-coverage.test.ts[2m > [22mpassword.ts[2m > [22mneedsRehash returns boolean[32m 5[2mms[22m[39m
 [32mΓ£ô[39m src/test/server-lib-coverage.test.ts[2m > [22mpassword.ts[2m > [22misPasswordBreached[2m > [22mreturns false on network error (fail-open)[32m 12[2mms[22m[39m
 [32mΓ£ô[39m src/test/server-lib-coverage.test.ts[2m > [22mpassword.ts[2m > [22misPasswordBreached[2m > [22mreturns true when password is in breach list[32m 5[2mms[22m[39m
 [32mΓ£ô[39m src/test/server-lib-coverage.test.ts[2m > [22mpassword.ts[2m > [22misPasswordBreached[2m > [22mreturns false when API returns non-200[32m 6[2mms[22m[39m
 [32mΓ£ô[39m src/test/server-lib-coverage.test.ts[2m > [22mspamDetection.ts[2m > [22mcheckListingSpam[2m > [22mnew account + high value ΓåÆ score ΓëÑ 30 with 'new_account_high_value' signal[32m 2[2mms[22m[39m
 [32mΓ£ô[39m src/test/server-lib-coverage.test.ts[2m > [22mspamDetection.ts[2m > [22mcheckListingSpam[2m > [22mhigh listing velocity ΓåÆ score ΓëÑ 40 with 'high_listing_velocity' signal[32m 1[2mms[22m[39m
 [32mΓ£ô[39m src/test/server-lib-coverage.test.ts[2m > [22mspamDetection.ts[2m > [22mcheckListingSpam[2m > [22mduplicate title ΓåÆ score ΓëÑ 25 with 'duplicate_title' signal[32m 1[2mms[22m[39m
 [32mΓ£ô[39m src/test/server-lib-coverage.test.ts[2m > [22mspamDetection.ts[2m > [22mcheckListingSpam[2m > [22mshort description + high value ΓåÆ includes 'short_description_high_value'[32m 1[2mms[22m[39m
 [32mΓ£ô[39m src/test/server-lib-coverage.test.ts[2m > [22mspamDetection.ts[2m > [22mcheckListingSpam[2m > [22mnormal listing ΓåÆ low score, no block/flag[32m 1[2mms[22m[39m
 [32mΓ£ô[39m src/test/server-lib-coverage.test.ts[2m > [22mspamDetection.ts[2m > [22mcheckMessageSpam[2m > [22mmessage flooding (ΓëÑ20) ΓåÆ score ΓëÑ 50, blocked[32m 1[2mms[22m[39m
 [32mΓ£ô[39m src/test/server-lib-coverage.test.ts[2m > [22mspamDetection.ts[2m > [22mcheckMessageSpam[2m > [22mduplicate messages (ΓëÑ3) ΓåÆ score ΓëÑ 35 with duplicate_messages signal[32m 1[2mms[22m[39m
 [32mΓ£ô[39m src/test/server-lib-coverage.test.ts[2m > [22mspamDetection.ts[2m > [22mcheckMessageSpam[2m > [22mnormal messages ΓåÆ low score[32m 1[2mms[22m[39m
 [32mΓ£ô[39m src/test/group1-fixes.test.ts[2m > [22mFix 1 ΓÇö X-XSS-Protection header[2m > [22msets X-XSS-Protection to "0" (disables legacy browser XSS auditor)[32m 60[2mms[22m[39m
 [32mΓ£ô[39m src/test/group1-fixes.test.ts[2m > [22mFix 2 ΓÇö payout worker email retry[2m > [22menqueues email via BullMQ on the happy path[32m 5[2mms[22m[39m
 [32mΓ£ô[39m src/test/group1-fixes.test.ts[2m > [22mFix 2 ΓÇö payout worker email retry[2m > [22mcalls fireAndForget with retry enqueueEmail when initial email fails[32m 1[2mms[22m[39m
 [32mΓ£ô[39m src/test/group1-fixes.test.ts[2m > [22mFix 2 ΓÇö payout worker email retry[2m > [22mdoes not rethrow when email fails ΓÇö payout transfer already committed[32m 2[2mms[22m[39m
 [32mΓ£ô[39m src/test/group1-fixes.test.ts[2m > [22mFix 3 ΓÇö BullMQ queue health moved to /api/ready (not in /api/health)[2m > [22m/api/health response does not contain checks.queue (queue is a readiness concern)[32m 9[2mms[22m[39m
 [32mΓ£ô[39m src/test/group1-fixes.test.ts[2m > [22mFix 3 ΓÇö BullMQ queue health moved to /api/ready (not in /api/health)[2m > [22m/api/health returns ok even when queue has many failed jobs (queue does not affect liveness)[32m 2[2mms[22m[39m
 [32mΓ£ô[39m src/test/group1-fixes.test.ts[2m > [22mFix 3 ΓÇö BullMQ queue health moved to /api/ready (not in /api/health)[2m > [22m/api/health always returns HTTP 200 regardless of queue state (liveness only)[32m 3[2mms[22m[39m
 [32mΓ£ô[39m src/test/group1-fixes.test.ts[2m > [22mFix 4 ΓÇö idempotencyKey scoped per buyer (composite unique)[2m > [22mcartRepository.findIdempotentOrder uses buyerId_idempotencyKey compound accessor[32m 6[2mms[22m[39m
 [32mΓ£ô[39m src/test/worker-health.test.ts[2m > [22mstartHealthServer[2m > [22mreturns 200 when all workers are running[32m 21[2mms[22m[39m
 [32mΓ£ô[39m src/test/worker-health.test.ts[2m > [22mstartHealthServer[2m > [22mreturns 503 when a worker has stopped (isRunning = false)[32m 6[2mms[22m[39m
 [32mΓ£ô[39m src/test/worker-health.test.ts[2m > [22mstartHealthServer[2m > [22mreturns 503 when a worker is paused[32m 10[2mms[22m[39m
 [32mΓ£ô[39m src/test/worker-health.test.ts[2m > [22mstartHealthServer[2m > [22mincludes per-worker status in the response body[32m 8[2mms[22m[39m
 [32mΓ£ô[39m src/test/worker-health.test.ts[2m > [22mstartHealthServer[2m > [22mreturns 200 with empty workers array (no workers configured)[32m 9[2mms[22m[39m
 [32mΓ£ô[39m src/test/worker-health.test.ts[2m > [22mstartHealthServer[2m > [22mincludes pickup worker status in the response body[32m 8[2mms[22m[39m
 [32mΓ£ô[39m src/test/worker-health.test.ts[2m > [22mstartHealthServer[2m > [22mreturns 503 when pickup worker has stopped[32m 7[2mms[22m[39m
 [32mΓ£ô[39m src/test/worker-health.test.ts[2m > [22mstartHealthServer[2m > [22mreturns 200 ok when all 4 workers (email, image, payout, pickup) are running[32m 7[2mms[22m[39m
 [32mΓ£ô[39m src/test/worker-health.test.ts[2m > [22mstartHealthServer[2m > [22mworker list in response includes all 4 expected worker names[32m 6[2mms[22m[39m
 [32mΓ£ô[39m src/test/message.service.test.ts[2m > [22mMessageService[2m > [22msendMessage[2m > [22mcreates message in existing thread[32m 5[2mms[22m[39m
 [32mΓ£ô[39m src/test/message.service.test.ts[2m > [22mMessageService[2m > [22msendMessage[2m > [22mcreates new thread when none exists[32m 1[2mms[22m[39m
 [32mΓ£ô[39m src/test/message.service.test.ts[2m > [22mMessageService[2m > [22msendMessage[2m > [22mrejects self-messaging[32m 2[2mms[22m[39m
 [32mΓ£ô[39m src/test/message.service.test.ts[2m > [22mMessageService[2m > [22msendMessage[2m > [22mrejects message when recipient not found[32m 1[2mms[22m[39m
 [32mΓ£ô[39m src/test/message.service.test.ts[2m > [22mMessageService[2m > [22msendMessage[2m > [22mrejects flagged message content[32m 1[2mms[22m[39m
 [32mΓ£ô[39m src/test/message.service.test.ts[2m > [22mMessageService[2m > [22msendMessage[2m > [22mrejects message from blocked user[32m 2[2mms[22m[39m
 [32mΓ£ô[39m src/test/message.service.test.ts[2m > [22mMessageService[2m > [22msendMessage[2m > [22mupdates thread lastMessageAt on send[32m 4[2mms[22m[39m
 [32mΓ£ô[39m src/test/message.service.test.ts[2m > [22mMessageService[2m > [22msendMessage[2m > [22msends notification to recipient[32m 24[2mms[22m[39m
 [32mΓ£ô[39m src/test/message.service.test.ts[2m > [22mMessageService[2m > [22msendMessage[2m > [22msends email notification to recipient[32m 16[2mms[22m[39m
 [32mΓ£ô[39m src/test/message.service.test.ts[2m > [22mMessageService[2m > [22mgetMyThreads[2m > [22mreturns threads for user[32m 2[2mms[22m[39m
 [32mΓ£ô[39m src/test/message.service.test.ts[2m > [22mMessageService[2m > [22mgetMyThreads[2m > [22mreturns empty array when no threads[32m 1[2mms[22m[39m
 [32mΓ£ô[39m src/test/message.service.test.ts[2m > [22mMessageService[2m > [22mgetThreadMessages[2m > [22mreturns messages and marks as read[32m 1[2mms[22m[39m
 [32mΓ£ô[39m src/test/message.service.test.ts[2m > [22mMessageService[2m > [22mgetThreadMessages[2m > [22mreturns empty for non-existent thread[32m 1[2mms[22m[39m
 [32mΓ£ô[39m src/test/message.service.test.ts[2m > [22mMessageService[2m > [22mgetThreadMessages[2m > [22mreturns empty when user is not participant[32m 0[2mms[22m[39m
 [32mΓ£ô[39m src/test/registration.service.test.ts[2m > [22mregisterUser[2m > [22mregisters user successfully with valid data[32m 6[2mms[22m[39m
 [32mΓ£ô[39m src/test/registration.service.test.ts[2m > [22mregisterUser[2m > [22mfails if email already exists[32m 1[2mms[22m[39m
 [32mΓ£ô[39m src/test/registration.service.test.ts[2m > [22mregisterUser[2m > [22mfails if password is too short (Zod validation)[32m 2[2mms[22m[39m
 [32mΓ£ô[39m src/test/registration.service.test.ts[2m > [22mregisterUser[2m > [22mfails if password has been breached[32m 1[2mms[22m[39m
 [32mΓ£ô[39m src/test/registration.service.test.ts[2m > [22mregisterUser[2m > [22mbreach check API failure does not block registration (fail-open)[32m 1[2mms[22m[39m
 [32mΓ£ô[39m src/test/registration.service.test.ts[2m > [22mregisterUser[2m > [22mbreach check throws network error ΓåÆ registration proceeds (fail-open), warn logged[32m 4[2mms[22m[39m
 [32mΓ£ô[39m src/test/registration.service.test.ts[2m > [22mregisterUser[2m > [22mbreach check throws unexpected error ΓåÆ registration proceeds (fail-open), warn logged[32m 1[2mms[22m[39m
 [32mΓ£ô[39m src/test/registration.service.test.ts[2m > [22mregisterUser[2m > [22mhashPassword is NOT called when password is flagged as breached[32m 1[2mms[22m[39m
 [32mΓ£ô[39m src/test/registration.service.test.ts[2m > [22mregisterUser[2m > [22mpassword is hashed with argon2id before storage[32m 1[2mms[22m[39m
 [32mΓ£ô[39m src/test/registration.service.test.ts[2m > [22mregisterUser[2m > [22mplain text password is never stored[32m 1[2mms[22m[39m
 [32mΓ£ô[39m src/test/registration.service.test.ts[2m > [22mregisterUser[2m > [22msends verification email after successful registration[32m 1[2mms[22m[39m
 [32mΓ£ô[39m src/test/registration.service.test.ts[2m > [22mregisterUser[2m > [22mnew user is created with emailVerified = null (unverified)[32m 0[2mms[22m[39m
 [32mΓ£ô[39m src/test/registration.service.test.ts[2m > [22mregisterUser[2m > [22mTurnstile token is verified before processing in production[32m 0[2mms[22m[39m
 [32mΓ£ô[39m src/test/registration.service.test.ts[2m > [22memailVerification (GET /api/verify-email)[2m > [22mverifies email successfully with valid token[32m 20[2mms[22m[39m
 [32mΓ£ô[39m src/test/registration.service.test.ts[2m > [22memailVerification (GET /api/verify-email)[2m > [22mredirects to error page with invalid token (not found in DB)[32m 1[2mms[22m[39m
 [32mΓ£ô[39m src/test/registration.service.test.ts[2m > [22memailVerification (GET /api/verify-email)[2m > [22mredirects to error page when no token provided[32m 1[2mms[22m[39m
 [32mΓ£ô[39m src/test/registration.service.test.ts[2m > [22memailVerification (GET /api/verify-email)[2m > [22mredirects to homepage when email is already verified[32m 1[2mms[22m[39m
 [32mΓ£ô[39m src/test/registration.service.test.ts[2m > [22memailVerification (GET /api/verify-email)[2m > [22msets emailVerified and clears token after successful verification[32m 1[2mms[22m[39m
 [32mΓ£ô[39m src/test/registration.service.test.ts[2m > [22memailVerification (GET /api/verify-email)[2m > [22mtoken query uses expiry filter so expired tokens are not found[32m 0[2mms[22m[39m
 [32mΓ£ô[39m src/test/registration.service.test.ts[2m > [22mrequestPasswordReset[2m > [22msends reset email for a known account[32m 1[2mms[22m[39m
 [32mΓ£ô[39m src/test/registration.service.test.ts[2m > [22mrequestPasswordReset[2m > [22mreturns success even when email is unknown (prevents user enumeration)[32m 0[2mms[22m[39m
 [32mΓ£ô[39m src/test/registration.service.test.ts[2m > [22mrequestPasswordReset[2m > [22mstores hashed token ΓÇö not the raw token ΓÇö in the database[32m 0[2mms[22m[39m
 [32mΓ£ô[39m src/test/registration.service.test.ts[2m > [22mresetPassword[2m > [22mrejects invalid or expired token[32m 1[2mms[22m[39m
 [32mΓ£ô[39m src/test/registration.service.test.ts[2m > [22mresetPassword[2m > [22mrejects already-used token[32m 0[2mms[22m[39m
 [32mΓ£ô[39m src/test/registration.service.test.ts[2m > [22mresetPassword[2m > [22mupdates password after presenting a valid token[32m 1[2mms[22m[39m
 [32mΓ£ô[39m src/test/registration.service.test.ts[2m > [22mresetPassword[2m > [22mmarks reset token as used after successful reset[32m 1[2mms[22m[39m
 [32mΓ£ô[39m src/test/registration.service.test.ts[2m > [22mresetPassword[2m > [22minvalidates all sessions for security after password reset[32m 1[2mms[22m[39m
 [32mΓ£ô[39m src/test/registration.service.test.ts[2m > [22mresetPassword[2m > [22mreset password does not apply breach check (only registration does)[32m 0[2mms[22m[39m
 [32mΓ£ô[39m src/test/registration.service.test.ts[2m > [22mPOST /api/v1/auth/token ΓÇö mobile token issuance[2m > [22missues Bearer token with valid email + password[32m 9[2mms[22m[39m
 [32mΓ£ô[39m src/test/registration.service.test.ts[2m > [22mPOST /api/v1/auth/token ΓÇö mobile token issuance[2m > [22mfails with wrong password (401)[32m 2[2mms[22m[39m
 [32mΓ£ô[39m src/test/registration.service.test.ts[2m > [22mPOST /api/v1/auth/token ΓÇö mobile token issuance[2m > [22mfails for non-existent user (401, timing-safe)[32m 2[2mms[22m[39m
 [32mΓ£ô[39m src/test/registration.service.test.ts[2m > [22mPOST /api/v1/auth/token ΓÇö mobile token issuance[2m > [22mfails for banned user (403)[32m 1[2mms[22m[39m
 [32mΓ£ô[39m src/test/registration.service.test.ts[2m > [22mPOST /api/v1/auth/token ΓÇö mobile token issuance[2m > [22mtoken payload includes correct userId (sub claim)[32m 3[2mms[22m[39m
 [32mΓ£ô[39m src/test/registration.service.test.ts[2m > [22mPOST /api/v1/auth/token ΓÇö mobile token issuance[2m > [22mtoken is stored in Redis with jti key for revocation[32m 2[2mms[22m[39m
 [32mΓ£ô[39m src/test/registration.service.test.ts[2m > [22mPOST /api/v1/auth/token ΓÇö mobile token issuance[2m > [22mrate limiting returns 429 after too many failed attempts[32m 1[2mms[22m[39m
 [32mΓ£ô[39m src/test/registration.service.test.ts[2m > [22mmobile token revocation[2m > [22mlogout route revokes the specific token jti in Redis[32m 4[2mms[22m[39m
 [32mΓ£ô[39m src/test/registration.service.test.ts[2m > [22mmobile token revocation[2m > [22mrevoked token fails verification[32m 3[2mms[22m[39m
 [32mΓ£ô[39m src/test/registration.service.test.ts[2m > [22mmobile token revocation[2m > [22mrevokeAllMobileTokens clears all jti keys for a user[32m 4[2mms[22m[39m
 [32mΓ£ô[39m src/test/registration.service.test.ts[2m > [22mmobile token revocation[2m > [22mvalid token still works after a different token for same user is revoked[32m 3[2mms[22m[39m
 [32mΓ£ô[39m src/test/push-token.test.ts[2m > [22mPOST /api/v1/notifications/push ΓÇö register push token[2m > [22mpersists a valid push token to the database[32m 29[2mms[22m[39m
 [32mΓ£ô[39m src/test/push-token.test.ts[2m > [22mPOST /api/v1/notifications/push ΓÇö register push token[2m > [22mre-registers an existing token without error (upsert)[32m 2[2mms[22m[39m
 [32mΓ£ô[39m src/test/push-token.test.ts[2m > [22mPOST /api/v1/notifications/push ΓÇö register push token[2m > [22mreturns 401 when not logged in[32m 1[2mms[22m[39m
 [32mΓ£ô[39m src/test/push-token.test.ts[2m > [22mPOST /api/v1/notifications/push ΓÇö register push token[2m > [22mreturns 400 for an unsupported platform[32m 2[2mms[22m[39m
 [32mΓ£ô[39m src/test/push-token.test.ts[2m > [22mPOST /api/v1/notifications/push ΓÇö register push token[2m > [22maccepts web as a valid platform[32m 1[2mms[22m[39m
 [32mΓ£ô[39m src/test/push-token.test.ts[2m > [22mPOST /api/v1/notifications/push ΓÇö register push token[2m > [22mdeviceId is optional[32m 1[2mms[22m[39m
 [32mΓ£ô[39m src/test/push-token.test.ts[2m > [22mDELETE /api/v1/notifications/push ΓÇö unregister push token[2m > [22mdeactivates the token (soft delete)[32m 1[2mms[22m[39m
 [32mΓ£ô[39m src/test/push-token.test.ts[2m > [22mDELETE /api/v1/notifications/push ΓÇö unregister push token[2m > [22mreturns 401 when not logged in[32m 1[2mms[22m[39m
 [32mΓ£ô[39m src/test/push-token.test.ts[2m > [22mDELETE /api/v1/notifications/push ΓÇö unregister push token[2m > [22mreturns 400 when token is missing from body[32m 1[2mms[22m[39m
 [32mΓ£ô[39m src/test/push-token.test.ts[2m > [22mnotificationRepository ΓÇö push token methods[2m > [22mgetActivePushTokensByUserId returns only active tokens for the user[32m 2[2mms[22m[39m
 [32mΓ£ô[39m src/test/push-token.test.ts[2m > [22mnotificationRepository ΓÇö push token methods[2m > [22mdeleteInactivePushTokens removes tokens inactive for 90+ days[32m 1[2mms[22m[39m
 [32mΓ£ô[39m src/test/push-token.test.ts[2m > [22mnotificationRepository ΓÇö push token methods[2m > [22mupsertPushToken calls db.pushToken.upsert with correct shape[32m 1[2mms[22m[39m
 [32mΓ£ô[39m src/test/push-token.test.ts[2m > [22mnotificationRepository ΓÇö push token methods[2m > [22mdeactivatePushToken sets isActive: false without hard-deleting[32m 1[2mms[22m[39m
 [32mΓ£ô[39m src/test/push-token.test.ts[2m > [22mcleanupStalePushTokens job[2m > [22mreturns deleted count and logs completion[32m 41[2mms[22m[39m
 [32mΓ£ô[39m src/test/push-token.test.ts[2m > [22mcleanupStalePushTokens job[2m > [22mreturns errors: 1 and deleted: 0 when the DB throws[32m 0[2mms[22m[39m
 [32mΓ£ô[39m src/test/dlq.test.ts[2m > [22mqueue configuration ΓÇö DLQ defaults[2m > [22mhas removeOnFail: false to retain all failed jobs[32m 2[2mms[22m[39m
 [32mΓ£ô[39m src/test/dlq.test.ts[2m > [22mqueue configuration ΓÇö DLQ defaults[2m > [22mhas attempts: 3 with exponential backoff starting at 5s[32m 1[2mms[22m[39m
 [32mΓ£ô[39m src/test/dlq.test.ts[2m > [22mqueue configuration ΓÇö DLQ defaults[2m > [22mkeeps last 100 completed jobs for debugging[32m 0[2mms[22m[39m
 [32mΓ£ô[39m src/test/dlq.test.ts[2m > [22mGET /api/admin/jobs/failed[2m > [22mreturns correct shape with queues and totalFailed[32m 6[2mms[22m[39m
 [32mΓ£ô[39m src/test/dlq.test.ts[2m > [22mGET /api/admin/jobs/failed[2m > [22mreturns 403 when user lacks VIEW_SYSTEM_HEALTH permission[32m 2[2mms[22m[39m
 [32mΓ£ô[39m src/test/dlq.test.ts[2m > [22mGET /api/admin/jobs/failed[2m > [22mredacts sensitive fields from job data[32m 2[2mms[22m[39m
 [32mΓ£ô[39m src/test/dlq.test.ts[2m > [22mPOST /api/admin/jobs/:id/retry[2m > [22mmoves a failed job back to waiting state[32m 4[2mms[22m[39m
 [32mΓ£ô[39m src/test/dlq.test.ts[2m > [22mPOST /api/admin/jobs/:id/retry[2m > [22mreturns 404 for unknown job ID[32m 1[2mms[22m[39m
 [32mΓ£ô[39m src/test/dlq.test.ts[2m > [22mPOST /api/admin/jobs/:id/retry[2m > [22mreturns 400 for invalid queue name[32m 1[2mms[22m[39m
 [32mΓ£ô[39m src/test/dlq.test.ts[2m > [22mPOST /api/admin/jobs/:id/retry[2m > [22mreturns 403 when user lacks permission[32m 1[2mms[22m[39m
 [32mΓ£ô[39m src/test/dlq.test.ts[2m > [22mPOST /api/admin/jobs/:id/retry[2m > [22mreturns 400 when job is not in failed state[32m 1[2mms[22m[39m
 [32mΓ£ô[39m src/test/dlq.test.ts[2m > [22mDLQ ΓÇö Sentry alert[2m > [22mfires Sentry warning when totalFailed exceeds 10[32m 56[2mms[22m[39m
[90mstderr[2m | src/test/auth-actions.test.ts[2m > [22m[2mchangePassword[2m > [22m[2mrequires authentication
[22m[39m[safeActionError] Unauthorised

 [32mΓ£ô[39m src/test/auth-actions.test.ts[2m > [22mregisterUser[2m > [22mregisters user successfully with valid data[32m 9[2mms[22m[39m
 [32mΓ£ô[39m src/test/auth-actions.test.ts[2m > [22mregisterUser[2m > [22mnormalises email to lowercase[32m 2[2mms[22m[39m
 [32mΓ£ô[39m src/test/auth-actions.test.ts[2m > [22mregisterUser[2m > [22mrejects if email already exists[32m 1[2mms[22m[39m
 [32mΓ£ô[39m src/test/auth-actions.test.ts[2m > [22mregisterUser[2m > [22mrejects if password too short (Zod validation)[32m 1[2mms[22m[39m
 [32mΓ£ô[39m src/test/auth-actions.test.ts[2m > [22mregisterUser[2m > [22mrejects if password confirmation does not match[32m 1[2mms[22m[39m
 [32mΓ£ô[39m src/test/auth-actions.test.ts[2m > [22mregisterUser[2m > [22mrejects if password has been breached[32m 1[2mms[22m[39m
 [32mΓ£ô[39m src/test/auth-actions.test.ts[2m > [22mregisterUser[2m > [22mbreach check failure does not block registration (fail-open)[32m 0[2mms[22m[39m
 [32mΓ£ô[39m src/test/auth-actions.test.ts[2m > [22mregisterUser[2m > [22mrate limits registration attempts[32m 0[2mms[22m[39m
 [32mΓ£ô[39m src/test/auth-actions.test.ts[2m > [22mregisterUser[2m > [22msends verification email after successful registration[32m 2[2mms[22m[39m
 [32mΓ£ô[39m src/test/auth-actions.test.ts[2m > [22mregisterUser[2m > [22mretries with UUID suffix when first create throws P2002 on username[32m 1[2mms[22m[39m
 [32mΓ£ô[39m src/test/auth-actions.test.ts[2m > [22mregisterUser[2m > [22mreturns USERNAME_GENERATION_FAILED envelope after 5 consecutive P2002 username collisions[32m 1[2mms[22m[39m
 [32mΓ£ô[39m src/test/auth-actions.test.ts[2m > [22mregisterUser[2m > [22mreturns REGISTRATION_FAILED envelope on non-username P2002 (does not retry)[32m 3[2mms[22m[39m
 [32mΓ£ô[39m src/test/auth-actions.test.ts[2m > [22mregisterUser[2m > [22mreturns REGISTRATION_FAILED envelope on non-P2002 errors (does not retry)[32m 1[2mms[22m[39m
 [32mΓ£ô[39m src/test/auth-actions.test.ts[2m > [22mregisterUser[2m > [22mfriendly NZ-English message ΓÇö apostrophes, no jargon, no stack traces[32m 1[2mms[22m[39m
 [32mΓ£ô[39m src/test/auth-actions.test.ts[2m > [22mregisterUser[2m > [22msuccess path returns the success envelope (regression guard)[32m 0[2mms[22m[39m
 [32mΓ£ô[39m src/test/auth-actions.test.ts[2m > [22mregisterUser[2m > [22mrejects missing required fields[32m 1[2mms[22m[39m
 [32mΓ£ô[39m src/test/auth-actions.test.ts[2m > [22mrequestPasswordReset[2m > [22malways returns success to prevent user enumeration[32m 1[2mms[22m[39m
 [32mΓ£ô[39m src/test/auth-actions.test.ts[2m > [22mrequestPasswordReset[2m > [22mcreates reset token when user exists[32m 1[2mms[22m[39m
 [32mΓ£ô[39m src/test/auth-actions.test.ts[2m > [22mrequestPasswordReset[2m > [22msends reset email when user exists[32m 1[2mms[22m[39m
 [32mΓ£ô[39m src/test/auth-actions.test.ts[2m > [22mrequestPasswordReset[2m > [22mrate limits password reset attempts[32m 0[2mms[22m[39m
 [32mΓ£ô[39m src/test/auth-actions.test.ts[2m > [22mrequestPasswordReset[2m > [22mrejects invalid email format[32m 0[2mms[22m[39m
 [32mΓ£ô[39m src/test/auth-actions.test.ts[2m > [22mrequestPasswordReset[2m > [22minvalidates existing tokens before creating new one[32m 0[2mms[22m[39m
 [32mΓ£ô[39m src/test/auth-actions.test.ts[2m > [22mresetPassword[2m > [22mresets password with valid token[32m 1[2mms[22m[39m
 [32mΓ£ô[39m src/test/auth-actions.test.ts[2m > [22mresetPassword[2m > [22mrejects expired token[32m 0[2mms[22m[39m
 [32mΓ£ô[39m src/test/auth-actions.test.ts[2m > [22mresetPassword[2m > [22mrejects already-used token[32m 0[2mms[22m[39m
 [32mΓ£ô[39m src/test/auth-actions.test.ts[2m > [22mresetPassword[2m > [22mrejects non-existent token[32m 0[2mms[22m[39m
 [32mΓ£ô[39m src/test/auth-actions.test.ts[2m > [22mresetPassword[2m > [22mrejects weak password during reset[32m 0[2mms[22m[39m
 [32mΓ£ô[39m src/test/auth-actions.test.ts[2m > [22mresetPassword[2m > [22minvalidates all sessions after reset[32m 1[2mms[22m[39m
 [32mΓ£ô[39m src/test/auth-actions.test.ts[2m > [22mchangePassword[2m > [22mchanges password successfully with correct current password[32m 1[2mms[22m[39m
 [32mΓ£ô[39m src/test/auth-actions.test.ts[2m > [22mchangePassword[2m > [22mrejects incorrect current password[32m 0[2mms[22m[39m
 [32mΓ£ô[39m src/test/auth-actions.test.ts[2m > [22mchangePassword[2m > [22minvalidates all sessions after password change[32m 0[2mms[22m[39m
 [32mΓ£ô[39m src/test/auth-actions.test.ts[2m > [22mchangePassword[2m > [22mrejects if new password is same as current[32m 0[2mms[22m[39m
 [32mΓ£ô[39m src/test/auth-actions.test.ts[2m > [22mchangePassword[2m > [22mrejects social login accounts without password[32m 0[2mms[22m[39m
 [32mΓ£ô[39m src/test/auth-actions.test.ts[2m > [22mchangePassword[2m > [22mrequires authentication[32m 1[2mms[22m[39m
 [32mΓ£ô[39m src/test/dlq.test.ts[2m > [22mDLQ ΓÇö Sentry alert[2m > [22mdoes not fire Sentry when totalFailed is 10 or below[32m 66[2mms[22m[39m
 [32mΓ£ô[39m src/test/security-sprint-a.test.ts[2m > [22mFix 1 ΓÇö scanForMalware content analysis[2m > [22mdetects PE (Windows executable) header in file[32m 3[2mms[22m[39m
 [32mΓ£ô[39m src/test/security-sprint-a.test.ts[2m > [22mFix 1 ΓÇö scanForMalware content analysis[2m > [22mdetects ELF (Linux executable) header in file[32m 1[2mms[22m[39m
 [32mΓ£ô[39m src/test/security-sprint-a.test.ts[2m > [22mFix 1 ΓÇö scanForMalware content analysis[2m > [22mdetects PHP code injection in file[32m 0[2mms[22m[39m
 [32mΓ£ô[39m src/test/security-sprint-a.test.ts[2m > [22mFix 1 ΓÇö scanForMalware content analysis[2m > [22mdetects script tag injection in file[32m 0[2mms[22m[39m
 [32mΓ£ô[39m src/test/security-sprint-a.test.ts[2m > [22mFix 1 ΓÇö scanForMalware content analysis[2m > [22mreturns isSafe: true and empty threats for a clean JPEG buffer[32m 1[2mms[22m[39m
 [32mΓ£ô[39m src/test/security-sprint-a.test.ts[2m > [22mFix 1 ΓÇö scanForMalware content analysis[2m > [22mflags oversized file (> 8 MB) as suspicious[32m 8[2mms[22m[39m
 [32mΓ£ô[39m src/test/security-sprint-a.test.ts[2m > [22mFix 1 ΓÇö scanForMalware content analysis[2m > [22mdetects shell shebang pattern[32m 1[2mms[22m[39m
 [32mΓ£ô[39m src/test/security-sprint-a.test.ts[2m > [22mFix 1 ΓÇö scanForMalware content analysis[2m > [22mdetects JavaScript protocol in file[32m 0[2mms[22m[39m
 [32mΓ£ô[39m src/test/security-sprint-a.test.ts[2m > [22mFix 2 ΓÇö PII redaction[2m > [22msanitiseLogContext redacts 'email' field[32m 1[2mms[22m[39m
 [32mΓ£ô[39m src/test/security-sprint-a.test.ts[2m > [22mFix 2 ΓÇö PII redaction[2m > [22msanitiseLogContext redacts field ending in 'Email'[32m 0[2mms[22m[39m
 [32mΓ£ô[39m src/test/security-sprint-a.test.ts[2m > [22mFix 2 ΓÇö PII redaction[2m > [22msanitiseLogContext redacts 'to' field when it contains @[32m 0[2mms[22m[39m
 [32mΓ£ô[39m src/test/security-sprint-a.test.ts[2m > [22mFix 2 ΓÇö PII redaction[2m > [22msanitiseLogContext redacts phone field[32m 0[2mms[22m[39m
 [32mΓ£ô[39m src/test/security-sprint-a.test.ts[2m > [22mFix 2 ΓÇö PII redaction[2m > [22msanitiseLogContext preserves non-PII fields unchanged[32m 1[2mms[22m[39m
 [32mΓ£ô[39m src/test/security-sprint-a.test.ts[2m > [22mFix 2 ΓÇö PII redaction[2m > [22madmin invite log uses redacted email (integration check)[32m 0[2mms[22m[39m
 [32mΓ£ô[39m src/test/security-sprint-a.test.ts[2m > [22mFix 3 ΓÇö Pickup worker in health check[2m > [22mhealth check response includes pickup worker[32m 18[2mms[22m[39m
 [32mΓ£ô[39m src/test/security-sprint-a.test.ts[2m > [22mFix 3 ΓÇö Pickup worker in health check[2m > [22mall 4 workers (email/image/payout/pickup) appear in health response[32m 16[2mms[22m[39m
 [32mΓ£ô[39m src/test/security-sprint-a.test.ts[2m > [22mFix 4 ΓÇö Queue health thresholds[2m > [22mqueue with failed > 10 ΓåÆ isHealthy: false[32m 6[2mms[22m[39m
 [32mΓ£ô[39m src/test/security-sprint-a.test.ts[2m > [22mFix 4 ΓÇö Queue health thresholds[2m > [22mqueue with waiting > 100 ΓåÆ degraded status (HTTP 200)[32m 5[2mms[22m[39m
 [32mΓ£ô[39m src/test/security-sprint-a.test.ts[2m > [22mFix 4 ΓÇö Queue health thresholds[2m > [22mall queues healthy + all workers running ΓåÆ status: ok[32m 4[2mms[22m[39m
 [32mΓ£ô[39m src/test/security-sprint-a.test.ts[2m > [22mFix 4 ΓÇö Queue health thresholds[2m > [22many queue unhealthy (failed > threshold) ΓåÆ HTTP 503[32m 3[2mms[22m[39m
 [32mΓ£ô[39m src/test/security-sprint-a.test.ts[2m > [22mFix 4 ΓÇö Queue health thresholds[2m > [22mhealth response includes queue counts for all 4 queues[32m 3[2mms[22m[39m
 [32mΓ£ô[39m src/test/security-sprint-a.test.ts[2m > [22mFix 4 ΓÇö Queue health thresholds[2m > [22mhealth response includes uptimeSeconds[32m 3[2mms[22m[39m
[90mstderr[2m | src/test/seller-onboarding.test.ts[2m > [22m[2mSeller Onboarding[2m > [22m[2macceptSellerTerms[2m > [22m[2mreturns error when not authenticated
[22m[39m[safeActionError] Unauthorised

 [32mΓ£ô[39m src/test/pii-compliance.test.ts[2m > [22mPII data export[2m > [22mrequires authentication for export[32m 20[2mms[22m[39m
 [32mΓ£ô[39m src/test/pii-compliance.test.ts[2m > [22mPII data export[2m > [22mrate limits export to once per 30 days[32m 1[2mms[22m[39m
 [32mΓ£ô[39m src/test/pii-compliance.test.ts[2m > [22mPII data export[2m > [22mcollects all PII models in the export[32m 1[2mms[22m[39m
 [32mΓ£ô[39m src/test/pii-compliance.test.ts[2m > [22mPII data export[2m > [22memails the user a signed download URL ΓÇö not the raw JSON data[32m 18[2mms[22m[39m
 [32mΓ£ô[39m src/test/pii-compliance.test.ts[2m > [22maccount erasure[2m > [22manonymises User record correctly[32m 1[2mms[22m[39m
 [32mΓ£ô[39m src/test/pii-compliance.test.ts[2m > [22maccount erasure[2m > [22mcreates an ErasureLog record[32m 0[2mms[22m[39m
 [32mΓ£ô[39m src/test/pii-compliance.test.ts[2m > [22maccount erasure[2m > [22mrevokes all sessions (browser + mobile)[32m 0[2mms[22m[39m
 [32mΓ£ô[39m src/test/pii-compliance.test.ts[2m > [22maccount erasure[2m > [22mrequires password confirmation via API endpoint[32m 2[2mms[22m[39m
 [32mΓ£ô[39m src/test/pii-compliance.test.ts[2m > [22maccount erasure[2m > [22mrejects incorrect password[32m 1[2mms[22m[39m
 [32mΓ£ô[39m src/test/pii-compliance.test.ts[2m > [22maccount erasure[2m > [22madmin erasure requires SUPER_ADMIN role[32m 1[2mms[22m[39m
 [32mΓ£ô[39m src/test/pii-compliance.test.ts[2m > [22maccount erasure[2m > [22madmin erasure succeeds for SUPER_ADMIN[32m 1[2mms[22m[39m
 [32mΓ£ô[39m src/test/pii-compliance.test.ts[2m > [22maccount erasure[2m > [22mretains completed orders after erasure (not deleted)[32m 1[2mms[22m[39m
 [32mΓ£ô[39m src/test/pii-compliance.test.ts[2m > [22maccount erasure[2m > [22manonymises review authorId to null ΓÇö breaking the identity link[32m 1[2mms[22m[39m
 [32mΓ£ô[39m src/test/pii-compliance.test.ts[2m > [22maccount erasure[2m > [22mreview anonymisation data is NOT the same as the original userId[32m 1[2mms[22m[39m
 [32mΓ£ô[39m src/test/pii-compliance.test.ts[2m > [22maccount erasure[2m > [22mreview comment text is preserved during erasure[32m 0[2mms[22m[39m
[90mstderr[2m | src/test/seller-onboarding.test.ts[2m > [22m[2mSeller Onboarding[2m > [22m[2mcompleteOnboarding[2m > [22m[2mreturns error when not authenticated
[22m[39m[safeActionError] Unauthorised

[90mstderr[2m | src/test/seller-onboarding.test.ts[2m > [22m[2mSeller Onboarding[2m > [22m[2mgetOnboardingStatus[2m > [22m[2mreturns error when not authenticated
[22m[39m[safeActionError] Unauthorised

 [32mΓ£ô[39m src/test/observability-sprint-c.test.ts[2m > [22mFix 1 ΓÇö runCronJob wrapper[2m > [22mcalls Sentry.captureException with cronJob tag on failure[32m 8[2mms[22m[39m
 [32mΓ£ô[39m src/test/observability-sprint-c.test.ts[2m > [22mFix 1 ΓÇö runCronJob wrapper[2m > [22mlogs at error level on failure with durationMs and jobName[32m 3[2mms[22m[39m
 [32mΓ£ô[39m src/test/observability-sprint-c.test.ts[2m > [22mFix 1 ΓÇö runCronJob wrapper[2m > [22mlogs completed with duration and result on success[32m 1[2mms[22m[39m
 [32mΓ£ô[39m src/test/observability-sprint-c.test.ts[2m > [22mFix 1 ΓÇö runCronJob wrapper[2m > [22mre-throws the original error after alerting[32m 1[2mms[22m[39m
 [32mΓ£ô[39m src/test/observability-sprint-c.test.ts[2m > [22mFix 1 ΓÇö runCronJob wrapper[2m > [22mis wired into the autoReleaseEscrow cron route (source check)[32m 2[2mms[22m[39m
 [32mΓ£ô[39m src/test/observability-sprint-c.test.ts[2m > [22mFix 2 ΓÇö Homepage fallback logging[2m > [22mhomepage data layer logs homepage.data_fetch_failed on DB failure[32m 1[2mms[22m[39m
 [32mΓ£ô[39m src/test/observability-sprint-c.test.ts[2m > [22mFix 2 ΓÇö Homepage fallback logging[2m > [22mhomepage data layer sends Sentry alert on fallback with component tag[32m 0[2mms[22m[39m
 [32mΓ£ô[39m src/test/observability-sprint-c.test.ts[2m > [22mFix 2 ΓÇö Homepage fallback logging[2m > [22mhomepage data layer still returns nulls (fallback preserved)[32m 0[2mms[22m[39m
 [32mΓ£ô[39m src/test/observability-sprint-c.test.ts[2m > [22mFix 3 ΓÇö SLO business metrics[2m > [22mpublic health endpoint does NOT expose business metrics (moved to admin endpoint)[32m 41[2mms[22m[39m
 [32mΓ£ô[39m src/test/observability-sprint-c.test.ts[2m > [22mFix 3 ΓÇö SLO business metrics[2m > [22mpublic health status is ok regardless of pendingPayouts (SLOs checked in admin only)[32m 1[2mms[22m[39m
 [32mΓ£ô[39m src/test/observability-sprint-c.test.ts[2m > [22mFix 3 ΓÇö SLO business metrics[2m > [22mpublic health status is ok regardless of stale payouts (SLOs checked in admin only)[32m 1[2mms[22m[39m
 [32mΓ£ô[39m src/test/observability-sprint-c.test.ts[2m > [22mFix 3 ΓÇö SLO business metrics[2m > [22mexisting infra checks are still present in the response[32m 1[2mms[22m[39m
 [32mΓ£ô[39m src/test/observability-sprint-c.test.ts[2m > [22mFix 4 ΓÇö Silent catch patterns in critical paths[2m > [22msearch.service FTS fallback logs before returning[32m 1[2mms[22m[39m
 [32mΓ£ô[39m src/test/observability-sprint-c.test.ts[2m > [22mFix 4 ΓÇö Silent catch patterns in critical paths[2m > [22morder timeline action logs before returning error fallback[32m 1[2mms[22m[39m
 [32mΓ£ô[39m src/test/observability-sprint-c.test.ts[2m > [22mFix 4 ΓÇö Silent catch patterns in critical paths[2m > [22mmessages server action logs before returning fallback arrays[32m 1[2mms[22m[39m
 [32mΓ£ô[39m src/test/observability-sprint-c.test.ts[2m > [22mFix 4 ΓÇö Silent catch patterns in critical paths[2m > [22mpayment service catches always log (no silent payment failures)[32m 1[2mms[22m[39m
 [32mΓ£ô[39m src/test/seller-onboarding.test.ts[2m > [22mSeller Onboarding[2m > [22macceptSellerTerms[2m > [22muser accepts seller terms successfully[32m 5[2mms[22m[39m
 [32mΓ£ô[39m src/test/seller-onboarding.test.ts[2m > [22mSeller Onboarding[2m > [22macceptSellerTerms[2m > [22mfails if seller access not enabled[32m 1[2mms[22m[39m
 [32mΓ£ô[39m src/test/seller-onboarding.test.ts[2m > [22mSeller Onboarding[2m > [22macceptSellerTerms[2m > [22mreturns error when not authenticated[32m 2[2mms[22m[39m
 [32mΓ£ô[39m src/test/seller-onboarding.test.ts[2m > [22mSeller Onboarding[2m > [22msubmitIdVerification[2m > [22msubmits ID verification successfully[32m 1[2mms[22m[39m
 [32mΓ£ô[39m src/test/seller-onboarding.test.ts[2m > [22mSeller Onboarding[2m > [22msubmitIdVerification[2m > [22mfails if already verified[32m 0[2mms[22m[39m
 [32mΓ£ô[39m src/test/seller-onboarding.test.ts[2m > [22mSeller Onboarding[2m > [22msubmitIdVerification[2m > [22mfails if already submitted and pending[32m 0[2mms[22m[39m
 [32mΓ£ô[39m src/test/seller-onboarding.test.ts[2m > [22mSeller Onboarding[2m > [22msubmitIdVerification[2m > [22mfails if seller access not enabled[32m 0[2mms[22m[39m
 [32mΓ£ô[39m src/test/seller-onboarding.test.ts[2m > [22mSeller Onboarding[2m > [22msubmitIdVerification[2m > [22msends admin notification email on submission[32m 1[2mms[22m[39m
 [32mΓ£ô[39m src/test/seller-onboarding.test.ts[2m > [22mSeller Onboarding[2m > [22mapproveIdVerification[2m > [22madmin approves verification successfully[32m 2[2mms[22m[39m
 [32mΓ£ô[39m src/test/seller-onboarding.test.ts[2m > [22mSeller Onboarding[2m > [22mapproveIdVerification[2m > [22msends email to seller on approval[32m 1[2mms[22m[39m
 [32mΓ£ô[39m src/test/seller-onboarding.test.ts[2m > [22mSeller Onboarding[2m > [22mapproveIdVerification[2m > [22mcreates notification on approval[32m 22[2mms[22m[39m
 [32mΓ£ô[39m src/test/seller-onboarding.test.ts[2m > [22mSeller Onboarding[2m > [22mapproveIdVerification[2m > [22mrejects if user already verified[32m 1[2mms[22m[39m
 [32mΓ£ô[39m src/test/seller-onboarding.test.ts[2m > [22mSeller Onboarding[2m > [22mapproveIdVerification[2m > [22mrejects if no submission pending[32m 0[2mms[22m[39m
 [32mΓ£ô[39m src/test/seller-onboarding.test.ts[2m > [22mSeller Onboarding[2m > [22mapproveIdVerification[2m > [22mrejects if user not found[32m 0[2mms[22m[39m
 [32mΓ£ô[39m src/test/seller-onboarding.test.ts[2m > [22mSeller Onboarding[2m > [22mapproveIdVerification[2m > [22mfails if admin check fails[32m 0[2mms[22m[39m
 [32mΓ£ô[39m src/test/seller-onboarding.test.ts[2m > [22mSeller Onboarding[2m > [22mrejectIdVerification[2m > [22madmin rejects verification with reason[32m 1[2mms[22m[39m
 [32mΓ£ô[39m src/test/seller-onboarding.test.ts[2m > [22mSeller Onboarding[2m > [22mrejectIdVerification[2m > [22mcreates notification on rejection[32m 12[2mms[22m[39m
 [32mΓ£ô[39m src/test/seller-onboarding.test.ts[2m > [22mSeller Onboarding[2m > [22mrejectIdVerification[2m > [22mrejects if user already verified[32m 1[2mms[22m[39m
 [32mΓ£ô[39m src/test/seller-onboarding.test.ts[2m > [22mSeller Onboarding[2m > [22mrejectIdVerification[2m > [22mrejects if user not found[32m 0[2mms[22m[39m
 [32mΓ£ô[39m src/test/seller-onboarding.test.ts[2m > [22mSeller Onboarding[2m > [22mcompleteOnboarding[2m > [22mcompletes onboarding with valid input[32m 1[2mms[22m[39m
 [32mΓ£ô[39m src/test/seller-onboarding.test.ts[2m > [22mSeller Onboarding[2m > [22mcompleteOnboarding[2m > [22mignores invalid region[32m 0[2mms[22m[39m
 [32mΓ£ô[39m src/test/seller-onboarding.test.ts[2m > [22mSeller Onboarding[2m > [22mcompleteOnboarding[2m > [22mreturns error when not authenticated[32m 1[2mms[22m[39m
 [32mΓ£ô[39m src/test/seller-onboarding.test.ts[2m > [22mSeller Onboarding[2m > [22mgetOnboardingStatus[2m > [22mreturns onboarding status for current user[32m 1[2mms[22m[39m
 [32mΓ£ô[39m src/test/seller-onboarding.test.ts[2m > [22mSeller Onboarding[2m > [22mgetOnboardingStatus[2m > [22mreturns error if user not found in repository[32m 1[2mms[22m[39m
 [32mΓ£ô[39m src/test/seller-onboarding.test.ts[2m > [22mSeller Onboarding[2m > [22mgetOnboardingStatus[2m > [22mreturns error when not authenticated[32m 1[2mms[22m[39m
 [32mΓ£ô[39m src/test/checkout.service.test.ts[2m > [22mOrder Creation[2m > [22mcreates order successfully with valid listing and buyer[32m 3[2mms[22m[39m
 [32mΓ£ô[39m src/test/checkout.service.test.ts[2m > [22mOrder Creation[2m > [22mfails if listing is not active (not found)[32m 1[2mms[22m[39m
 [32mΓ£ô[39m src/test/checkout.service.test.ts[2m > [22mOrder Creation[2m > [22mfails if buyer is the seller[32m 0[2mms[22m[39m
 [32mΓ£ô[39m src/test/checkout.service.test.ts[2m > [22mOrder Creation[2m > [22mfails if listing already has a pending order (reservation race)[32m 0[2mms[22m[39m
 [32mΓ£ô[39m src/test/checkout.service.test.ts[2m > [22mOrder Creation[2m > [22mcreates listing snapshot at time of purchase[32m 2[2mms[22m[39m
 [32mΓ£ô[39m src/test/checkout.service.test.ts[2m > [22mOrder Creation[2m > [22mcreates payment intent via Stripe[32m 1[2mms[22m[39m
 [32mΓ£ô[39m src/test/checkout.service.test.ts[2m > [22mOrder Creation[2m > [22msets order status to AWAITING_PAYMENT for shipped orders[32m 0[2mms[22m[39m
 [32mΓ£ô[39m src/test/checkout.service.test.ts[2m > [22mOrder Creation[2m > [22midempotency: same key returns existing order[32m 0[2mms[22m[39m
 [32mΓ£ô[39m src/test/checkout.service.test.ts[2m > [22mPayment Capture[2m > [22mcaptures payment when order is confirmed[32m 3[2mms[22m[39m
 [32mΓ£ô[39m src/test/checkout.service.test.ts[2m > [22mPayment Capture[2m > [22mupdates order status to COMPLETED after capture[32m 1[2mms[22m[39m
 [32mΓ£ô[39m src/test/checkout.service.test.ts[2m > [22mPayment Capture[2m > [22mfails if order is not in correct state for capture[32m 1[2mms[22m[39m
 [32mΓ£ô[39m src/test/checkout.service.test.ts[2m > [22mPayment Capture[2m > [22mhandles Stripe capture failure gracefully ΓÇö no DB update[32m 1[2mms[22m[39m
 [32mΓ£ô[39m src/test/checkout.service.test.ts[2m > [22mOrder Cancellation[2m > [22mbuyer can cancel within free cancel window[32m 1[2mms[22m[39m
 [32mΓ£ô[39m src/test/checkout.service.test.ts[2m > [22mOrder Cancellation[2m > [22mbuyer cannot cancel after cancel window expires[32m 0[2mms[22m[39m
 [32mΓ£ô[39m src/test/checkout.service.test.ts[2m > [22mOrder Cancellation[2m > [22mcancellation restores listing to active status[32m 1[2mms[22m[39m
 [32mΓ£ô[39m src/test/checkout.service.test.ts[2m > [22mOrder Cancellation[2m > [22mcancelled order cannot be cancelled again (wrong state)[32m 0[2mms[22m[39m
 [32mΓ£ô[39m src/test/checkout.service.test.ts[2m > [22mOrder Cancellation[2m > [22mdispatched order cannot be cancelled[32m 0[2mms[22m[39m
 [32mΓ£ô[39m src/test/checkout.service.test.ts[2m > [22mDelivery Confirmation[2m > [22mbuyer confirms delivery successfully[32m 1[2mms[22m[39m
 [32mΓ£ô[39m src/test/checkout.service.test.ts[2m > [22mDelivery Confirmation[2m > [22mtriggers payout queue job after delivery[32m 1[2mms[22m[39m
 [32mΓ£ô[39m src/test/checkout.service.test.ts[2m > [22mDelivery Confirmation[2m > [22mcannot confirm delivery on non-dispatched order[32m 0[2mms[22m[39m
 [32mΓ£ô[39m src/test/checkout.service.test.ts[2m > [22mDelivery Confirmation[2m > [22mnon-buyer cannot confirm delivery[32m 0[2mms[22m[39m
 [32mΓ£ô[39m src/test/checkout.service.test.ts[2m > [22mDelivery Confirmation[2m > [22mthrows for non-existent order[32m 0[2mms[22m[39m
 [32mΓ£ô[39m src/test/checkout.service.test.ts[2m > [22mOrder State Machine[2m > [22mvalid transitions[2m > [22mAWAITING_PAYMENT ΓåÆ PAYMENT_HELD succeeds[32m 0[2mms[22m[39m
 [32mΓ£ô[39m src/test/checkout.service.test.ts[2m > [22mOrder State Machine[2m > [22mvalid transitions[2m > [22mAWAITING_PAYMENT ΓåÆ CANCELLED succeeds[32m 0[2mms[22m[39m
 [32mΓ£ô[39m src/test/checkout.service.test.ts[2m > [22mOrder State Machine[2m > [22mvalid transitions[2m > [22mPAYMENT_HELD ΓåÆ DISPATCHED succeeds[32m 0[2mms[22m[39m
 [32mΓ£ô[39m src/test/checkout.service.test.ts[2m > [22mOrder State Machine[2m > [22mvalid transitions[2m > [22mPAYMENT_HELD ΓåÆ CANCELLED succeeds[32m 0[2mms[22m[39m
 [32mΓ£ô[39m src/test/checkout.service.test.ts[2m > [22mOrder State Machine[2m > [22mvalid transitions[2m > [22mDISPATCHED ΓåÆ DELIVERED succeeds[32m 0[2mms[22m[39m
 [32mΓ£ô[39m src/test/checkout.service.test.ts[2m > [22mOrder State Machine[2m > [22mvalid transitions[2m > [22mDISPATCHED ΓåÆ COMPLETED succeeds[32m 0[2mms[22m[39m
 [32mΓ£ô[39m src/test/checkout.service.test.ts[2m > [22mOrder State Machine[2m > [22mvalid transitions[2m > [22mDELIVERED ΓåÆ COMPLETED succeeds[32m 0[2mms[22m[39m
 [32mΓ£ô[39m src/test/checkout.service.test.ts[2m > [22mOrder State Machine[2m > [22minvalid transitions[2m > [22mCOMPLETED ΓåÆ DISPATCHED throws[32m 0[2mms[22m[39m
 [32mΓ£ô[39m src/test/checkout.service.test.ts[2m > [22mOrder State Machine[2m > [22minvalid transitions[2m > [22mCANCELLED ΓåÆ PAYMENT_HELD throws[32m 0[2mms[22m[39m
 [32mΓ£ô[39m src/test/checkout.service.test.ts[2m > [22mOrder State Machine[2m > [22minvalid transitions[2m > [22mREFUNDED ΓåÆ COMPLETED throws[32m 0[2mms[22m[39m
 [32mΓ£ô[39m src/test/checkout.service.test.ts[2m > [22mOrder State Machine[2m > [22minvalid transitions[2m > [22mAWAITING_PAYMENT ΓåÆ DISPATCHED throws[32m 0[2mms[22m[39m
 [32mΓ£ô[39m src/test/checkout.service.test.ts[2m > [22mOrder State Machine[2m > [22minvalid transitions[2m > [22mDISPATCHED ΓåÆ PAYMENT_HELD throws[32m 0[2mms[22m[39m
 [32mΓ£ô[39m src/test/checkout.service.test.ts[2m > [22mOrder State Machine[2m > [22minvalid transitions[2m > [22mPAYMENT_HELD ΓåÆ DELIVERED throws[32m 0[2mms[22m[39m
 [32mΓ£ô[39m src/test/checkout.service.test.ts[2m > [22mOrder State Machine[2m > [22mterminal states[2m > [22mCOMPLETED has no outgoing transitions[32m 0[2mms[22m[39m
 [32mΓ£ô[39m src/test/checkout.service.test.ts[2m > [22mOrder State Machine[2m > [22mterminal states[2m > [22mREFUNDED has no outgoing transitions[32m 0[2mms[22m[39m
 [32mΓ£ô[39m src/test/checkout.service.test.ts[2m > [22mOrder State Machine[2m > [22mterminal states[2m > [22mCANCELLED has no outgoing transitions[32m 0[2mms[22m[39m
 [32mΓ£ô[39m src/test/checkout.service.test.ts[2m > [22mOrder State Machine[2m > [22moptimistic locking[2m > [22mprevents concurrent state changes (count=0 means race lost)[32m 1[2mms[22m[39m
[90mstderr[2m | src/test/disputes.actions.test.ts[2m > [22m[2mopenDispute[2m > [22m[2munauthenticated ΓåÆ returns auth error, service not called
[22m[39m[safeActionError] Please sign in to continue

[90mstderr[2m | src/test/disputes.actions.test.ts[2m > [22m[2mopenDispute[2m > [22m[2mservice throws ΓåÆ returns safeActionError
[22m[39m[safeActionError] Database connection failed

[90mstderr[2m | src/test/disputes.actions.test.ts[2m > [22m[2mrespondToDispute[2m > [22m[2munauthenticated ΓåÆ auth error
[22m[39m[safeActionError] Please sign in to continue

 [32mΓ£ô[39m src/test/disputes.actions.test.ts[2m > [22mopenDispute[2m > [22munauthenticated ΓåÆ returns auth error, service not called[32m 10[2mms[22m[39m
 [32mΓ£ô[39m src/test/disputes.actions.test.ts[2m > [22mopenDispute[2m > [22mrate limit hit ΓåÆ returns rate limit error[32m 2[2mms[22m[39m
 [32mΓ£ô[39m src/test/disputes.actions.test.ts[2m > [22mopenDispute[2m > [22minvalid orderId (empty) ΓåÆ schema error[32m 6[2mms[22m[39m
 [32mΓ£ô[39m src/test/disputes.actions.test.ts[2m > [22mopenDispute[2m > [22mdescription too short (< 20 chars) ΓåÆ schema error[32m 1[2mms[22m[39m
 [32mΓ£ô[39m src/test/disputes.actions.test.ts[2m > [22mopenDispute[2m > [22minvalid reason enum ΓåÆ schema error[32m 1[2mms[22m[39m
 [32mΓ£ô[39m src/test/disputes.actions.test.ts[2m > [22mopenDispute[2m > [22mhappy path ΓåÆ calls orderService.openDispute with parsed data + user.id + ip[32m 6[2mms[22m[39m
 [32mΓ£ô[39m src/test/disputes.actions.test.ts[2m > [22mopenDispute[2m > [22mhappy path ΓåÆ autoResolutionService.queueAutoResolution is fired[32m 5[2mms[22m[39m
 [32mΓ£ô[39m src/test/disputes.actions.test.ts[2m > [22mopenDispute[2m > [22mservice throws ΓåÆ returns safeActionError[32m 2[2mms[22m[39m
 [32mΓ£ô[39m src/test/disputes.actions.test.ts[2m > [22mrespondToDispute[2m > [22munauthenticated ΓåÆ auth error[32m 3[2mms[22m[39m
 [32mΓ£ô[39m src/test/disputes.actions.test.ts[2m > [22mrespondToDispute[2m > [22mresponse too short ΓåÆ schema error[32m 3[2mms[22m[39m
 [32mΓ£ô[39m src/test/disputes.actions.test.ts[2m > [22mrespondToDispute[2m > [22morder not found ΓåÆ error 'Order not found'[32m 2[2mms[22m[39m
 [32mΓ£ô[39m src/test/disputes.actions.test.ts[2m > [22mrespondToDispute[2m > [22morder.sellerId !== user.id ΓåÆ 'Only the seller can respond'[32m 1[2mms[22m[39m
 [32mΓ£ô[39m src/test/disputes.actions.test.ts[2m > [22mrespondToDispute[2m > [22morder.status !== 'DISPUTED' ΓåÆ 'This order is not in a disputed state.'[32m 1[2mms[22m[39m
 [32mΓ£ô[39m src/test/disputes.actions.test.ts[2m > [22mrespondToDispute[2m > [22mno dispute found ΓåÆ 'No dispute found'[32m 1[2mms[22m[39m
 [32mΓ£ô[39m src/test/disputes.actions.test.ts[2m > [22mrespondToDispute[2m > [22mdispute already has sellerStatement ΓåÆ 'You have already responded'[32m 1[2mms[22m[39m
 [32mΓ£ô[39m src/test/disputes.actions.test.ts[2m > [22mrespondToDispute[2m > [22mhappy path ΓåÆ calls addSellerResponse with correct args[32m 2[2mms[22m[39m
 [32mΓ£ô[39m src/test/disputes.actions.test.ts[2m > [22muploadDisputeEvidence[2m > [22munauthenticated ΓåÆ auth error[32m 28[2mms[22m[39m
 [32mΓ£ô[39m src/test/disputes.actions.test.ts[2m > [22muploadDisputeEvidence[2m > [22mno files ΓåÆ 'No files provided.'[32m 2[2mms[22m[39m
 [32mΓ£ô[39m src/test/disputes.actions.test.ts[2m > [22muploadDisputeEvidence[2m > [22mfile fails validateImageFile ΓåÆ returns validation error[32m 2[2mms[22m[39m
 [32mΓ£ô[39m src/test/disputes.actions.test.ts[2m > [22muploadDisputeEvidence[2m > [22mhappy path single file ΓåÆ success with R2 key in urls array[32m 4[2mms[22m[39m
 [32mΓ£ô[39m src/test/disputes.actions.test.ts[2m > [22mgetDisputeEvidenceUrls[2m > [22mHTTP URL passed through directly (no signed URL generated)[32m 1[2mms[22m[39m
 [32mΓ£ô[39m src/test/disputes.actions.test.ts[2m > [22mgetDisputeEvidenceUrls[2m > [22mR2 key generates signed URL via getSignedUrl[32m 1[2mms[22m[39m
 [32mΓ£ô[39m src/test/disputes.actions.test.ts[2m > [22mgetDisputeEvidenceUrls[2m > [22mmixed list: HTTP URLs pass through, R2 keys get signed[32m 5[2mms[22m[39m
 [32mΓ£ô[39m src/test/disputes.actions.test.ts[2m > [22mgetDisputeEvidenceUrls[2m > [22mempty array ΓåÆ returns empty array[32m 2[2mms[22m[39m
 [32mΓ£ô[39m src/test/group2-fixes.test.ts[2m > [22mFix 2 ΓÇö Null PI resume on idempotency retry[2m > [22mresumes Stripe call and attaches PI when existing order has null stripePaymentIntentId[32m 10[2mms[22m[39m
 [32mΓ£ô[39m src/test/group2-fixes.test.ts[2m > [22mFix 2 ΓÇö Null PI resume on idempotency retry[2m > [22mreturns existing clientSecret when PI already exists (existing path unaffected)[32m 2[2mms[22m[39m
 [32mΓ£ô[39m src/test/group2-fixes.test.ts[2m > [22mFix 3 ΓÇö requireStepUpAuth / markStepUpVerified[2m > [22mmarkStepUpVerified sets Redis key mfa:step_up:{userId}:{action} with 300s TTL[32m 3[2mms[22m[39m
 [32mΓ£ô[39m src/test/group2-fixes.test.ts[2m > [22mFix 3 ΓÇö requireStepUpAuth / markStepUpVerified[2m > [22mrequireStepUpAuth passes and deletes the key when step-up token exists[32m 2[2mms[22m[39m
 [32mΓ£ô[39m src/test/group2-fixes.test.ts[2m > [22mFix 3 ΓÇö requireStepUpAuth / markStepUpVerified[2m > [22mrequireStepUpAuth throws AppError 403 when token is absent (expired or never set)[32m 1[2mms[22m[39m
 [32mΓ£ô[39m src/test/group2-fixes.test.ts[2m > [22mFix 3 ΓÇö requireStepUpAuth / markStepUpVerified[2m > [22mrequireStepUpAuth does not delete key when token is absent[32m 1[2mms[22m[39m
 [32mΓ£ô[39m src/test/group2-fixes.test.ts[2m > [22mFix 4 ΓÇö /api/v1/metrics endpoint[2m > [22mreturns 403 for non-admin users[32m 37[2mms[22m[39m
 [32mΓ£ô[39m src/test/group2-fixes.test.ts[2m > [22mFix 4 ΓÇö /api/v1/metrics endpoint[2m > [22mreturns queue metrics with waiting and failed counts[32m 7[2mms[22m[39m
 [32mΓ£ô[39m src/test/group2-fixes.test.ts[2m > [22mFix 4 ΓÇö /api/v1/metrics endpoint[2m > [22mreturns order health metrics (awaitingPaymentStale, paymentHeldStale, disputedOpen)[32m 3[2mms[22m[39m
 [32mΓ£ô[39m src/test/group2-fixes.test.ts[2m > [22mFix 4 ΓÇö /api/v1/metrics endpoint[2m > [22mreturns 200 with correct response envelope shape[32m 2[2mms[22m[39m
 [32mΓ£ô[39m src/test/group2-fixes.test.ts[2m > [22mFix 5 ΓÇö createInteraction threads tx to all repo calls[2m > [22mpasses tx to findOrderForInteraction, findPendingByTypeAndOrder, and createInteraction[32m 3[2mms[22m[39m
 [32mΓ£ô[39m src/test/group2-fixes.test.ts[2m > [22mFix 5 ΓÇö createInteraction threads tx to all repo calls[2m > [22mworks without tx (backward compatible ΓÇö no tx param)[32m 0[2mms[22m[39m
 [32mΓ£ô[39m src/test/api-routes.test.ts[2m > [22mAPI Routes[2m > [22mGET /api/v1/listings[2m > [22mreturns paginated listings via service[32m 55[2mms[22m[39m
 [32mΓ£ô[39m src/test/api-routes.test.ts[2m > [22mAPI Routes[2m > [22mGET /api/v1/listings[2m > [22mdelegates category filter to service[32m 5[2mms[22m[39m
 [32mΓ£ô[39m src/test/api-routes.test.ts[2m > [22mAPI Routes[2m > [22mGET /api/v1/listings[2m > [22mreturns correct response envelope { success, data, timestamp }[32m 2[2mms[22m[39m
 [32mΓ£ô[39m src/test/api-routes.test.ts[2m > [22mAPI Routes[2m > [22mGET /api/v1/listings[2m > [22mreturns hasMore=true and nextCursor from service result[32m 3[2mms[22m[39m
 [32mΓ£ô[39m src/test/api-routes.test.ts[2m > [22mAPI Routes[2m > [22mGET /api/v1/listings[2m > [22mpasses q and cursor params to service[32m 2[2mms[22m[39m
 [32mΓ£ô[39m src/test/api-routes.test.ts[2m > [22mAPI Routes[2m > [22mGET /api/v1/orders[2m > [22mreturns orders for authenticated user[32m 2[2mms[22m[39m
 [32mΓ£ô[39m src/test/api-routes.test.ts[2m > [22mAPI Routes[2m > [22mGET /api/v1/orders[2m > [22mreturns 401 for unauthenticated request[32m 1[2mms[22m[39m
 [32mΓ£ô[39m src/test/api-routes.test.ts[2m > [22mAPI Routes[2m > [22mGET /api/v1/orders[2m > [22mcursor pagination works correctly[32m 3[2mms[22m[39m
 [32mΓ£ô[39m src/test/api-routes.test.ts[2m > [22mAPI Routes[2m > [22mPOST /api/v1/listings[2m > [22mdelegates to listingService.createListingViaApi and returns 201[32m 5[2mms[22m[39m
 [32mΓ£ô[39m src/test/api-routes.test.ts[2m > [22mAPI Routes[2m > [22mPOST /api/v1/listings[2m > [22mreturns 403 when service returns EMAIL_NOT_VERIFIED[32m 2[2mms[22m[39m
 [32mΓ£ô[39m src/test/api-routes.test.ts[2m > [22mAPI Routes[2m > [22mPOST /api/v1/listings[2m > [22mreturns 400 when service returns INVALID_CATEGORY[32m 2[2mms[22m[39m
 [32mΓ£ô[39m src/test/api-routes.test.ts[2m > [22mAPI Routes[2m > [22mPOST /api/v1/listings[2m > [22mreturns 401 for unauthenticated request[32m 1[2mms[22m[39m
 [32mΓ£ô[39m src/test/api-routes.test.ts[2m > [22mAPI Routes[2m > [22mPOST /api/v1/listings[2m > [22mreturns 400 for invalid body[32m 2[2mms[22m[39m
 [32mΓ£ô[39m src/test/api-routes.test.ts[2m > [22mAPI Routes[2m > [22mPOST /api/v1/listings[2m > [22mreturns 400 for schema validation failure[32m 4[2mms[22m[39m
 [32mΓ£ô[39m src/test/api-routes.test.ts[2m > [22mAPI Routes[2m > [22mPOST /api/v1/reviews[2m > [22mcreates review for authenticated user[32m 3[2mms[22m[39m
 [32mΓ£ô[39m src/test/api-routes.test.ts[2m > [22mAPI Routes[2m > [22mPOST /api/v1/reviews[2m > [22mreturns 401 for unauthenticated request[32m 1[2mms[22m[39m
 [32mΓ£ô[39m src/test/api-routes.test.ts[2m > [22mAPI Routes[2m > [22mPOST /api/v1/reviews[2m > [22mreturns 400 for invalid rating[32m 1[2mms[22m[39m
 [32mΓ£ô[39m src/test/api-routes.test.ts[2m > [22mAPI Routes[2m > [22mPOST /api/v1/reviews[2m > [22mreturns 400 for missing body[32m 2[2mms[22m[39m
 [32mΓ£ô[39m src/test/api-routes.test.ts[2m > [22mAPI Routes[2m > [22mPOST /api/v1/auth/token[2m > [22mreturns Bearer token for valid credentials[32m 4[2mms[22m[39m
 [32mΓ£ô[39m src/test/api-routes.test.ts[2m > [22mAPI Routes[2m > [22mPOST /api/v1/auth/token[2m > [22mreturns 401 for wrong password[32m 3[2mms[22m[39m
 [32mΓ£ô[39m src/test/api-routes.test.ts[2m > [22mAPI Routes[2m > [22mPOST /api/v1/auth/token[2m > [22mreturns 429 when rate limited[32m 2[2mms[22m[39m
 [32mΓ£ô[39m src/test/api-routes.test.ts[2m > [22mAPI Routes[2m > [22mPOST /api/v1/auth/token[2m > [22mreturns 403 for banned user[32m 2[2mms[22m[39m
 [32mΓ£ô[39m src/test/api-routes.test.ts[2m > [22mAPI Routes[2m > [22mPOST /api/v1/auth/token[2m > [22mreturns 400 for invalid email format[32m 2[2mms[22m[39m
 [32mΓ£ô[39m src/test/api-routes.test.ts[2m > [22mAPI Routes[2m > [22mPOST /api/v1/auth/token[2m > [22mperforms timing-safe check when user not found[32m 3[2mms[22m[39m
 [32mΓ£ô[39m src/test/public-rate-limit.test.ts[2m > [22mBrowse listings rate limiting ΓÇö GET /api/v1/listings[2m > [22mallows requests within the 300/min limit ΓÇö returns 200[32m 26[2mms[22m[39m
 [32mΓ£ô[39m src/test/public-rate-limit.test.ts[2m > [22mBrowse listings rate limiting ΓÇö GET /api/v1/listings[2m > [22mblocks the 301st request ΓÇö returns 429[32m 1[2mms[22m[39m
 [32mΓ£ô[39m src/test/public-rate-limit.test.ts[2m > [22mBrowse listings rate limiting ΓÇö GET /api/v1/listings[2m > [22muses publicRead rate limit key ΓÇö not the listing write key[32m 2[2mms[22m[39m
 [32mΓ£ô[39m src/test/public-rate-limit.test.ts[2m > [22mBrowse listings rate limiting ΓÇö GET /api/v1/listings[2m > [22mkeys rate limit by IP address ΓÇö not by user ID[32m 1[2mms[22m[39m
 [32mΓ£ô[39m src/test/public-rate-limit.test.ts[2m > [22mBrowse listings rate limiting ΓÇö GET /api/v1/listings[2m > [22m429 response body includes retryAfter value[32m 2[2mms[22m[39m
 [32mΓ£ô[39m src/test/public-rate-limit.test.ts[2m > [22mSearch rate limiting ΓÇö GET /api/v1/search[2m > [22mallows requests within the 60/min limit ΓÇö returns 200[32m 3[2mms[22m[39m
 [32mΓ£ô[39m src/test/public-rate-limit.test.ts[2m > [22mSearch rate limiting ΓÇö GET /api/v1/search[2m > [22mblocks the 61st request ΓÇö returns 429[32m 1[2mms[22m[39m
 [32mΓ£ô[39m src/test/public-rate-limit.test.ts[2m > [22mSearch rate limiting ΓÇö GET /api/v1/search[2m > [22muses publicSearch rate limit key ΓÇö not the listing write key[32m 1[2mms[22m[39m
 [32mΓ£ô[39m src/test/public-rate-limit.test.ts[2m > [22mSearch rate limiting ΓÇö GET /api/v1/search[2m > [22mkeys rate limit by IP address ΓÇö not by user ID[32m 1[2mms[22m[39m
 [32mΓ£ô[39m src/test/public-rate-limit.test.ts[2m > [22mRate limit key type isolation[2m > [22mpublicRead and publicSearch keys are distinct from auth/register keys[32m 0[2mms[22m[39m
 [32mΓ£ô[39m src/test/time-and-date.test.ts[2m > [22mtime constants[2m > [22mMS_PER_SECOND equals 1 000[32m 7[2mms[22m[39m
 [32mΓ£ô[39m src/test/time-and-date.test.ts[2m > [22mtime constants[2m > [22mMS_PER_MINUTE equals 60 000[32m 0[2mms[22m[39m
 [32mΓ£ô[39m src/test/time-and-date.test.ts[2m > [22mtime constants[2m > [22mMS_PER_HOUR equals 3 600 000[32m 0[2mms[22m[39m
 [32mΓ£ô[39m src/test/time-and-date.test.ts[2m > [22mtime constants[2m > [22mMS_PER_DAY equals 86 400 000[32m 0[2mms[22m[39m
 [32mΓ£ô[39m src/test/time-and-date.test.ts[2m > [22mtime constants[2m > [22mMS_PER_WEEK equals 604 800 000[32m 0[2mms[22m[39m
 [32mΓ£ô[39m src/test/time-and-date.test.ts[2m > [22mtime constants[2m > [22mSECONDS_PER_MINUTE equals 60[32m 0[2mms[22m[39m
 [32mΓ£ô[39m src/test/time-and-date.test.ts[2m > [22mtime constants[2m > [22mSECONDS_PER_HOUR equals 3 600[32m 0[2mms[22m[39m
 [32mΓ£ô[39m src/test/time-and-date.test.ts[2m > [22mtime constants[2m > [22mSECONDS_PER_DAY equals 86 400[32m 0[2mms[22m[39m
 [32mΓ£ô[39m src/test/time-and-date.test.ts[2m > [22mtime constants[2m > [22mSECONDS_PER_WEEK equals 604 800[32m 0[2mms[22m[39m
 [32mΓ£ô[39m src/test/time-and-date.test.ts[2m > [22mtime constants[2m > [22mconstants are internally consistent (week = 7 days)[32m 0[2mms[22m[39m
 [32mΓ£ô[39m src/test/time-and-date.test.ts[2m > [22mformatDateTimeNz[2m > [22mreturns a non-empty string for a valid Date[32m 0[2mms[22m[39m
 [32mΓ£ô[39m src/test/time-and-date.test.ts[2m > [22mformatDateTimeNz[2m > [22maccepts a number (epoch ms)[32m 0[2mms[22m[39m
 [32mΓ£ô[39m src/test/time-and-date.test.ts[2m > [22mformatDateTimeNz[2m > [22maccepts an ISO string[32m 0[2mms[22m[39m
 [32mΓ£ô[39m src/test/time-and-date.test.ts[2m > [22mformatDateNz[2m > [22mreturns a non-empty string for a valid Date[32m 0[2mms[22m[39m
 [32mΓ£ô[39m src/test/time-and-date.test.ts[2m > [22mformatDateNz[2m > [22mdoes not include a time component[32m 0[2mms[22m[39m
 [32mΓ£ô[39m src/test/time-and-date.test.ts[2m > [22mrelativeTime[2m > [22mreturns 'just now' for a date less than 1 minute ago[32m 0[2mms[22m[39m
 [32mΓ£ô[39m src/test/time-and-date.test.ts[2m > [22mrelativeTime[2m > [22mreturns minutes ago for a date 5 minutes ago[32m 0[2mms[22m[39m
 [32mΓ£ô[39m src/test/time-and-date.test.ts[2m > [22mrelativeTime[2m > [22mreturns hours ago for a date 3 hours ago[32m 0[2mms[22m[39m
 [32mΓ£ô[39m src/test/time-and-date.test.ts[2m > [22mrelativeTime[2m > [22mreturns days ago for a date 2 days ago[32m 0[2mms[22m[39m
 [32mΓ£ô[39m src/test/time-and-date.test.ts[2m > [22mwithDeprecation[2m > [22msets Deprecation and Sunset headers on the response[32m 39[2mms[22m[39m
 [32mΓ£ô[39m src/test/time-and-date.test.ts[2m > [22mwithDeprecation[2m > [22msets the default Link header to /api/v1/[32m 1[2mms[22m[39m
 [32mΓ£ô[39m src/test/time-and-date.test.ts[2m > [22mwithDeprecation[2m > [22muses the provided alternative in the Link header[32m 0[2mms[22m[39m
 [32mΓ£ô[39m src/test/pickup-bearer-auth.test.ts[2m > [22mpickup routes ΓÇö requireApiUser receives request (Bearer auth)[2m > [22mpropose route passes request to requireApiUser[32m 28[2mms[22m[39m
 [32mΓ£ô[39m src/test/pickup-bearer-auth.test.ts[2m > [22mpickup routes ΓÇö requireApiUser receives request (Bearer auth)[2m > [22maccept route passes request to requireApiUser[32m 2[2mms[22m[39m
 [32mΓ£ô[39m src/test/pickup-bearer-auth.test.ts[2m > [22mpickup routes ΓÇö requireApiUser receives request (Bearer auth)[2m > [22mcancel route passes request to requireApiUser[32m 2[2mms[22m[39m
 [32mΓ£ô[39m src/test/pickup-bearer-auth.test.ts[2m > [22mpickup routes ΓÇö requireApiUser receives request (Bearer auth)[2m > [22mreschedule route passes request to requireApiUser[32m 1[2mms[22m[39m
 [32mΓ£ô[39m src/test/pickup-bearer-auth.test.ts[2m > [22mpickup routes ΓÇö requireApiUser receives request (Bearer auth)[2m > [22mreschedule/respond route passes request to requireApiUser[32m 1[2mms[22m[39m
 [32mΓ£ô[39m src/test/pickup-bearer-auth.test.ts[2m > [22mpickup routes ΓÇö requireApiUser receives request (Bearer auth)[2m > [22munauthenticated request (requireApiUser throws) returns 401-like error[32m 1[2mms[22m[39m
 [32mΓ£ô[39m src/test/pickup-bearer-auth.test.ts[2m > [22mpickup routes ΓÇö requireApiUser receives request (Bearer auth)[2m > [22msession cookie auth: requireApiUser called with request (not undefined)[32m 1[2mms[22m[39m
 [32mΓ£ô[39m src/test/user-data-export.test.ts[2m > [22mGET /api/v1/me/export[2m > [22mreturns 401 when the user is not authenticated[32m 32[2mms[22m[39m
 [32mΓ£ô[39m src/test/user-data-export.test.ts[2m > [22mGET /api/v1/me/export[2m > [22mreturns JSON with the correct Content-Disposition header[32m 2[2mms[22m[39m
 [32mΓ£ô[39m src/test/user-data-export.test.ts[2m > [22mGET /api/v1/me/export[2m > [22mresponse body contains profile, listings, ordersAsBuyer, and ordersAsSeller sections[32m 3[2mms[22m[39m
 [32mΓ£ô[39m src/test/user-data-export.test.ts[2m > [22mGET /api/v1/me/export[2m > [22mstrips sensitive fields from the profile in the response[32m 2[2mms[22m[39m
 [32mΓ£ô[39m src/test/user-data-export.test.ts[2m > [22mGET /api/v1/me/export[2m > [22mreturns 429 with EXPORT_RATE_LIMITED when a cooldown key exists in Redis[32m 2[2mms[22m[39m
 [32mΓ£ô[39m src/test/user-data-export.test.ts[2m > [22mGET /api/v1/me/export[2m > [22msets the Redis cooldown key after a successful export and blocks a second request[32m 2[2mms[22m[39m
 [32mΓ£ô[39m src/test/page-db-boundary.test.ts[2m > [22mpage-db-boundary[2m > [22mshould find at least one page.tsx to validate[32m 3[2mms[22m[39m
 [32mΓ£ô[39m src/test/page-db-boundary.test.ts[2m > [22mpage-db-boundary[2m > [22mC:\Users\vinod\OneDrive\Desktop\Kiwi cart\Kiwi Project\src\app\(public)\page.tsx must not import @/lib/db[32m 1[2mms[22m[39m
 [32mΓ£ô[39m src/test/page-db-boundary.test.ts[2m > [22mpage-db-boundary[2m > [22mC:\Users\vinod\OneDrive\Desktop\Kiwi cart\Kiwi Project\src\app\(public)\trust\page.tsx must not import @/lib/db[32m 0[2mms[22m[39m
 [32mΓ£ô[39m src/test/page-db-boundary.test.ts[2m > [22mpage-db-boundary[2m > [22mC:\Users\vinod\OneDrive\Desktop\Kiwi cart\Kiwi Project\src\app\(public)\terms\page.tsx must not import @/lib/db[32m 0[2mms[22m[39m
 [32mΓ£ô[39m src/test/page-db-boundary.test.ts[2m > [22mpage-db-boundary[2m > [22mC:\Users\vinod\OneDrive\Desktop\Kiwi cart\Kiwi Project\src\app\(public)\sellers\[username]\page.tsx must not import @/lib/db[32m 0[2mms[22m[39m
 [32mΓ£ô[39m src/test/page-db-boundary.test.ts[2m > [22mpage-db-boundary[2m > [22mC:\Users\vinod\OneDrive\Desktop\Kiwi cart\Kiwi Project\src\app\(public)\sell\page.tsx must not import @/lib/db[32m 0[2mms[22m[39m
 [32mΓ£ô[39m src/test/page-db-boundary.test.ts[2m > [22mpage-db-boundary[2m > [22mC:\Users\vinod\OneDrive\Desktop\Kiwi cart\Kiwi Project\src\app\(public)\search\page.tsx must not import @/lib/db[32m 0[2mms[22m[39m
 [32mΓ£ô[39m src/test/page-db-boundary.test.ts[2m > [22mpage-db-boundary[2m > [22mC:\Users\vinod\OneDrive\Desktop\Kiwi cart\Kiwi Project\src\app\(public)\safety\page.tsx must not import @/lib/db[32m 0[2mms[22m[39m
 [32mΓ£ô[39m src/test/page-db-boundary.test.ts[2m > [22mpage-db-boundary[2m > [22mC:\Users\vinod\OneDrive\Desktop\Kiwi cart\Kiwi Project\src\app\(public)\report\page.tsx must not import @/lib/db[32m 0[2mms[22m[39m
 [32mΓ£ô[39m src/test/page-db-boundary.test.ts[2m > [22mpage-db-boundary[2m > [22mC:\Users\vinod\OneDrive\Desktop\Kiwi cart\Kiwi Project\src\app\(public)\privacy\page.tsx must not import @/lib/db[32m 0[2mms[22m[39m
 [32mΓ£ô[39m src/test/page-db-boundary.test.ts[2m > [22mpage-db-boundary[2m > [22mC:\Users\vinod\OneDrive\Desktop\Kiwi cart\Kiwi Project\src\app\(public)\listings\[id]\page.tsx must not import @/lib/db[32m 1[2mms[22m[39m
 [32mΓ£ô[39m src/test/page-db-boundary.test.ts[2m > [22mpage-db-boundary[2m > [22mC:\Users\vinod\OneDrive\Desktop\Kiwi cart\Kiwi Project\src\app\(public)\fees\page.tsx must not import @/lib/db[32m 0[2mms[22m[39m
 [32mΓ£ô[39m src/test/page-db-boundary.test.ts[2m > [22mpage-db-boundary[2m > [22mC:\Users\vinod\OneDrive\Desktop\Kiwi cart\Kiwi Project\src\app\(public)\contact\page.tsx must not import @/lib/db[32m 0[2mms[22m[39m
 [32mΓ£ô[39m src/test/page-db-boundary.test.ts[2m > [22mpage-db-boundary[2m > [22mC:\Users\vinod\OneDrive\Desktop\Kiwi cart\Kiwi Project\src\app\(public)\consumer-law\page.tsx must not import @/lib/db[32m 0[2mms[22m[39m
 [32mΓ£ô[39m src/test/page-db-boundary.test.ts[2m > [22mpage-db-boundary[2m > [22mC:\Users\vinod\OneDrive\Desktop\Kiwi cart\Kiwi Project\src\app\(public)\checkout\[listingId]\page.tsx must not import @/lib/db[32m 0[2mms[22m[39m
 [32mΓ£ô[39m src/test/page-db-boundary.test.ts[2m > [22mpage-db-boundary[2m > [22mC:\Users\vinod\OneDrive\Desktop\Kiwi cart\Kiwi Project\src\app\(public)\checkout\success\page.tsx must not import @/lib/db[32m 1[2mms[22m[39m
 [32mΓ£ô[39m src/test/page-db-boundary.test.ts[2m > [22mpage-db-boundary[2m > [22mC:\Users\vinod\OneDrive\Desktop\Kiwi cart\Kiwi Project\src\app\(public)\checkout\cancelled\page.tsx must not import @/lib/db[32m 1[2mms[22m[39m
 [32mΓ£ô[39m src/test/page-db-boundary.test.ts[2m > [22mpage-db-boundary[2m > [22mC:\Users\vinod\OneDrive\Desktop\Kiwi cart\Kiwi Project\src\app\(public)\categories\page.tsx must not import @/lib/db[32m 0[2mms[22m[39m
 [32mΓ£ô[39m src/test/page-db-boundary.test.ts[2m > [22mpage-db-boundary[2m > [22mC:\Users\vinod\OneDrive\Desktop\Kiwi cart\Kiwi Project\src\app\(public)\careers\page.tsx must not import @/lib/db[32m 1[2mms[22m[39m
 [32mΓ£ô[39m src/test/page-db-boundary.test.ts[2m > [22mpage-db-boundary[2m > [22mC:\Users\vinod\OneDrive\Desktop\Kiwi cart\Kiwi Project\src\app\(public)\blog\page.tsx must not import @/lib/db[32m 1[2mms[22m[39m
 [32mΓ£ô[39m src/test/page-db-boundary.test.ts[2m > [22mpage-db-boundary[2m > [22mC:\Users\vinod\OneDrive\Desktop\Kiwi cart\Kiwi Project\src\app\(public)\admin\accept-invite\page.tsx must not import @/lib/db[32m 1[2mms[22m[39m
 [32mΓ£ô[39m src/test/page-db-boundary.test.ts[2m > [22mpage-db-boundary[2m > [22mC:\Users\vinod\OneDrive\Desktop\Kiwi cart\Kiwi Project\src\app\(public)\about\page.tsx must not import @/lib/db[32m 1[2mms[22m[39m
 [32mΓ£ô[39m src/test/page-db-boundary.test.ts[2m > [22mpage-db-boundary[2m > [22mC:\Users\vinod\OneDrive\Desktop\Kiwi cart\Kiwi Project\src\app\(protected)\welcome\page.tsx must not import @/lib/db[32m 1[2mms[22m[39m
 [32mΓ£ô[39m src/test/page-db-boundary.test.ts[2m > [22mpage-db-boundary[2m > [22mC:\Users\vinod\OneDrive\Desktop\Kiwi cart\Kiwi Project\src\app\(protected)\seller\onboarding\page.tsx must not import @/lib/db[32m 0[2mms[22m[39m
 [32mΓ£ô[39m src/test/page-db-boundary.test.ts[2m > [22mpage-db-boundary[2m > [22mC:\Users\vinod\OneDrive\Desktop\Kiwi cart\Kiwi Project\src\app\(protected)\sell\edit\[id]\page.tsx must not import @/lib/db[32m 0[2mms[22m[39m
 [32mΓ£ô[39m src/test/page-db-boundary.test.ts[2m > [22mpage-db-boundary[2m > [22mC:\Users\vinod\OneDrive\Desktop\Kiwi cart\Kiwi Project\src\app\(protected)\reviews\new\page.tsx must not import @/lib/db[32m 0[2mms[22m[39m
 [32mΓ£ô[39m src/test/page-db-boundary.test.ts[2m > [22mpage-db-boundary[2m > [22mC:\Users\vinod\OneDrive\Desktop\Kiwi cart\Kiwi Project\src\app\(protected)\orders\[id]\page.tsx must not import @/lib/db[32m 0[2mms[22m[39m
 [32mΓ£ô[39m src/test/page-db-boundary.test.ts[2m > [22mpage-db-boundary[2m > [22mC:\Users\vinod\OneDrive\Desktop\Kiwi cart\Kiwi Project\src\app\(protected)\notifications\page.tsx must not import @/lib/db[32m 0[2mms[22m[39m
 [32mΓ£ô[39m src/test/page-db-boundary.test.ts[2m > [22mpage-db-boundary[2m > [22mC:\Users\vinod\OneDrive\Desktop\Kiwi cart\Kiwi Project\src\app\(protected)\messages\new\page.tsx must not import @/lib/db[32m 0[2mms[22m[39m
 [32mΓ£ô[39m src/test/page-db-boundary.test.ts[2m > [22mpage-db-boundary[2m > [22mC:\Users\vinod\OneDrive\Desktop\Kiwi cart\Kiwi Project\src\app\(protected)\dashboard\seller\page.tsx must not import @/lib/db[32m 0[2mms[22m[39m
 [32mΓ£ô[39m src/test/page-db-boundary.test.ts[2m > [22mpage-db-boundary[2m > [22mC:\Users\vinod\OneDrive\Desktop\Kiwi cart\Kiwi Project\src\app\(protected)\dashboard\buyer\page.tsx must not import @/lib/db[32m 0[2mms[22m[39m
 [32mΓ£ô[39m src/test/page-db-boundary.test.ts[2m > [22mpage-db-boundary[2m > [22mC:\Users\vinod\OneDrive\Desktop\Kiwi cart\Kiwi Project\src\app\(protected)\cart\page.tsx must not import @/lib/db[32m 0[2mms[22m[39m
 [32mΓ£ô[39m src/test/page-db-boundary.test.ts[2m > [22mpage-db-boundary[2m > [22mC:\Users\vinod\OneDrive\Desktop\Kiwi cart\Kiwi Project\src\app\(protected)\admin\page.tsx must not import @/lib/db[32m 0[2mms[22m[39m
 [32mΓ£ô[39m src/test/page-db-boundary.test.ts[2m > [22mpage-db-boundary[2m > [22mC:\Users\vinod\OneDrive\Desktop\Kiwi cart\Kiwi Project\src\app\(protected)\admin\users\page.tsx must not import @/lib/db[32m 0[2mms[22m[39m
 [32mΓ£ô[39m src/test/page-db-boundary.test.ts[2m > [22mpage-db-boundary[2m > [22mC:\Users\vinod\OneDrive\Desktop\Kiwi cart\Kiwi Project\src\app\(protected)\admin\team\page.tsx must not import @/lib/db[32m 0[2mms[22m[39m
 [32mΓ£ô[39m src/test/page-db-boundary.test.ts[2m > [22mpage-db-boundary[2m > [22mC:\Users\vinod\OneDrive\Desktop\Kiwi cart\Kiwi Project\src\app\(protected)\admin\system\page.tsx must not import @/lib/db[32m 0[2mms[22m[39m
 [32mΓ£ô[39m src/test/page-db-boundary.test.ts[2m > [22mpage-db-boundary[2m > [22mC:\Users\vinod\OneDrive\Desktop\Kiwi cart\Kiwi Project\src\app\(protected)\admin\support\page.tsx must not import @/lib/db[32m 0[2mms[22m[39m
 [32mΓ£ô[39m src/test/page-db-boundary.test.ts[2m > [22mpage-db-boundary[2m > [22mC:\Users\vinod\OneDrive\Desktop\Kiwi cart\Kiwi Project\src\app\(protected)\admin\settings\fees\page.tsx must not import @/lib/db[32m 0[2mms[22m[39m
 [32mΓ£ô[39m src/test/page-db-boundary.test.ts[2m > [22mpage-db-boundary[2m > [22mC:\Users\vinod\OneDrive\Desktop\Kiwi cart\Kiwi Project\src\app\(protected)\admin\sellers\page.tsx must not import @/lib/db[32m 0[2mms[22m[39m
 [32mΓ£ô[39m src/test/page-db-boundary.test.ts[2m > [22mpage-db-boundary[2m > [22mC:\Users\vinod\OneDrive\Desktop\Kiwi cart\Kiwi Project\src\app\(protected)\admin\sellers\[userId]\verify\page.tsx must not import @/lib/db[32m 0[2mms[22m[39m
 [32mΓ£ô[39m src/test/page-db-boundary.test.ts[2m > [22mpage-db-boundary[2m > [22mC:\Users\vinod\OneDrive\Desktop\Kiwi cart\Kiwi Project\src\app\(protected)\admin\platform-content\page.tsx must not import @/lib/db[32m 0[2mms[22m[39m
 [32mΓ£ô[39m src/test/page-db-boundary.test.ts[2m > [22mpage-db-boundary[2m > [22mC:\Users\vinod\OneDrive\Desktop\Kiwi cart\Kiwi Project\src\app\(protected)\admin\moderation\page.tsx must not import @/lib/db[32m 0[2mms[22m[39m
 [32mΓ£ô[39m src/test/page-db-boundary.test.ts[2m > [22mpage-db-boundary[2m > [22mC:\Users\vinod\OneDrive\Desktop\Kiwi cart\Kiwi Project\src\app\(protected)\admin\listings\page.tsx must not import @/lib/db[32m 0[2mms[22m[39m
 [32mΓ£ô[39m src/test/page-db-boundary.test.ts[2m > [22mpage-db-boundary[2m > [22mC:\Users\vinod\OneDrive\Desktop\Kiwi cart\Kiwi Project\src\app\(protected)\admin\finance\page.tsx must not import @/lib/db[32m 0[2mms[22m[39m
 [32mΓ£ô[39m src/test/page-db-boundary.test.ts[2m > [22mpage-db-boundary[2m > [22mC:\Users\vinod\OneDrive\Desktop\Kiwi cart\Kiwi Project\src\app\(protected)\admin\disputes\page.tsx must not import @/lib/db[32m 0[2mms[22m[39m
 [32mΓ£ô[39m src/test/page-db-boundary.test.ts[2m > [22mpage-db-boundary[2m > [22mC:\Users\vinod\OneDrive\Desktop\Kiwi cart\Kiwi Project\src\app\(protected)\admin\disputes\[id]\page.tsx must not import @/lib/db[32m 0[2mms[22m[39m
 [32mΓ£ô[39m src/test/page-db-boundary.test.ts[2m > [22mpage-db-boundary[2m > [22mC:\Users\vinod\OneDrive\Desktop\Kiwi cart\Kiwi Project\src\app\(protected)\admin\config\page.tsx must not import @/lib/db[32m 0[2mms[22m[39m
 [32mΓ£ô[39m src/test/page-db-boundary.test.ts[2m > [22mpage-db-boundary[2m > [22mC:\Users\vinod\OneDrive\Desktop\Kiwi cart\Kiwi Project\src\app\(protected)\admin\audit\page.tsx must not import @/lib/db[32m 0[2mms[22m[39m
 [32mΓ£ô[39m src/test/page-db-boundary.test.ts[2m > [22mpage-db-boundary[2m > [22mC:\Users\vinod\OneDrive\Desktop\Kiwi cart\Kiwi Project\src\app\(protected)\account\verify\page.tsx must not import @/lib/db[32m 0[2mms[22m[39m
 [32mΓ£ô[39m src/test/page-db-boundary.test.ts[2m > [22mpage-db-boundary[2m > [22mC:\Users\vinod\OneDrive\Desktop\Kiwi cart\Kiwi Project\src\app\(protected)\account\stripe\page.tsx must not import @/lib/db[32m 0[2mms[22m[39m
 [32mΓ£ô[39m src/test/page-db-boundary.test.ts[2m > [22mpage-db-boundary[2m > [22mC:\Users\vinod\OneDrive\Desktop\Kiwi cart\Kiwi Project\src\app\(protected)\account\settings\page.tsx must not import @/lib/db[32m 0[2mms[22m[39m
 [32mΓ£ô[39m src/test/page-db-boundary.test.ts[2m > [22mpage-db-boundary[2m > [22mC:\Users\vinod\OneDrive\Desktop\Kiwi cart\Kiwi Project\src\app\(protected)\account\security\page.tsx must not import @/lib/db[32m 0[2mms[22m[39m
 [32mΓ£ô[39m src/test/page-db-boundary.test.ts[2m > [22mpage-db-boundary[2m > [22mC:\Users\vinod\OneDrive\Desktop\Kiwi cart\Kiwi Project\src\app\(auth)\verify-email\page.tsx must not import @/lib/db[32m 0[2mms[22m[39m
 [32mΓ£ô[39m src/test/page-db-boundary.test.ts[2m > [22mpage-db-boundary[2m > [22mC:\Users\vinod\OneDrive\Desktop\Kiwi cart\Kiwi Project\src\app\(auth)\register\page.tsx must not import @/lib/db[32m 0[2mms[22m[39m
 [32mΓ£ô[39m src/test/page-db-boundary.test.ts[2m > [22mpage-db-boundary[2m > [22mC:\Users\vinod\OneDrive\Desktop\Kiwi cart\Kiwi Project\src\app\(auth)\mfa-verify\page.tsx must not import @/lib/db[32m 0[2mms[22m[39m
 [32mΓ£ô[39m src/test/page-db-boundary.test.ts[2m > [22mpage-db-boundary[2m > [22mC:\Users\vinod\OneDrive\Desktop\Kiwi cart\Kiwi Project\src\app\(auth)\login\page.tsx must not import @/lib/db[32m 0[2mms[22m[39m
 [32mΓ£ô[39m src/test/page-db-boundary.test.ts[2m > [22mpage-db-boundary[2m > [22mC:\Users\vinod\OneDrive\Desktop\Kiwi cart\Kiwi Project\src\app\(auth)\forgot-password\page.tsx must not import @/lib/db[32m 0[2mms[22m[39m
 [32mΓ£ô[39m src/test/cart.service.test.ts[2m > [22mCartService[2m > [22maddToCart[2m > [22madds listing to empty cart successfully[32m 12[2mms[22m[39m
 [32mΓ£ô[39m src/test/cart.service.test.ts[2m > [22mCartService[2m > [22maddToCart[2m > [22madds listing to existing cart from same seller[32m 3[2mms[22m[39m
 [32mΓ£ô[39m src/test/cart.service.test.ts[2m > [22mCartService[2m > [22maddToCart[2m > [22mfails if listing is not active[32m 1[2mms[22m[39m
 [32mΓ£ô[39m src/test/cart.service.test.ts[2m > [22mCartService[2m > [22maddToCart[2m > [22mfails if listing is own listing[32m 1[2mms[22m[39m
 [32mΓ£ô[39m src/test/cart.service.test.ts[2m > [22mCartService[2m > [22maddToCart[2m > [22mfails if listing already in cart[32m 1[2mms[22m[39m
 [32mΓ£ô[39m src/test/cart.service.test.ts[2m > [22mCartService[2m > [22maddToCart[2m > [22menforces single seller restriction[32m 1[2mms[22m[39m
 [32mΓ£ô[39m src/test/cart.service.test.ts[2m > [22mCartService[2m > [22maddToCart[2m > [22msets shipping to 0 for PICKUP items[32m 1[2mms[22m[39m
 [32mΓ£ô[39m src/test/cart.service.test.ts[2m > [22mCartService[2m > [22mremoveFromCart[2m > [22mremoves item from cart[32m 2[2mms[22m[39m
 [32mΓ£ô[39m src/test/cart.service.test.ts[2m > [22mCartService[2m > [22mremoveFromCart[2m > [22mdeletes cart when last item removed[32m 1[2mms[22m[39m
 [32mΓ£ô[39m src/test/cart.service.test.ts[2m > [22mCartService[2m > [22mremoveFromCart[2m > [22mfails if cart not found[32m 1[2mms[22m[39m
 [32mΓ£ô[39m src/test/cart.service.test.ts[2m > [22mCartService[2m > [22mremoveFromCart[2m > [22mfails if item not in cart[32m 1[2mms[22m[39m
 [32mΓ£ô[39m src/test/cart.service.test.ts[2m > [22mCartService[2m > [22mclearCart[2m > [22mdeletes all carts for user[32m 1[2mms[22m[39m
 [32mΓ£ô[39m src/test/cart.service.test.ts[2m > [22mCartService[2m > [22mgetCart[2m > [22mreturns cart data with computed totals[32m 3[2mms[22m[39m
 [32mΓ£ô[39m src/test/cart.service.test.ts[2m > [22mCartService[2m > [22mgetCart[2m > [22mreturns null if no cart exists[32m 1[2mms[22m[39m
 [32mΓ£ô[39m src/test/cart.service.test.ts[2m > [22mCartService[2m > [22mgetCart[2m > [22mreturns null and deletes expired cart[32m 1[2mms[22m[39m
 [32mΓ£ô[39m src/test/cart.service.test.ts[2m > [22mCartService[2m > [22mgetCart[2m > [22mmarks unavailable items as isAvailable false[32m 1[2mms[22m[39m
 [32mΓ£ô[39m src/test/cart.service.test.ts[2m > [22mCartService[2m > [22mgetCartCount[2m > [22mreturns item count for active cart[32m 1[2mms[22m[39m
 [32mΓ£ô[39m src/test/cart.service.test.ts[2m > [22mCartService[2m > [22mgetCartCount[2m > [22mreturns 0 for expired cart[32m 1[2mms[22m[39m
 [32mΓ£ô[39m src/test/cart.service.test.ts[2m > [22mCartService[2m > [22mgetCartCount[2m > [22mreturns 0 when no cart exists[32m 1[2mms[22m[39m
 [32mΓ£ô[39m src/test/cart.service.test.ts[2m > [22mCartService[2m > [22mcheckoutCart[2m > [22mcreates order with payment intent successfully[32m 2[2mms[22m[39m
 [32mΓ£ô[39m src/test/cart.service.test.ts[2m > [22mCartService[2m > [22mcheckoutCart[2m > [22mfails if cart is empty[32m 1[2mms[22m[39m
 [32mΓ£ô[39m src/test/cart.service.test.ts[2m > [22mCartService[2m > [22mcheckoutCart[2m > [22mfails if cart expired[32m 0[2mms[22m[39m
 [32mΓ£ô[39m src/test/cart.service.test.ts[2m > [22mCartService[2m > [22mcheckoutCart[2m > [22mfails if any listing became inactive[32m 0[2mms[22m[39m
 [32mΓ£ô[39m src/test/cart.service.test.ts[2m > [22mCartService[2m > [22mcheckoutCart[2m > [22mfails if items from different sellers[32m 0[2mms[22m[39m
 [32mΓ£ô[39m src/test/cart.service.test.ts[2m > [22mCartService[2m > [22mcheckoutCart[2m > [22mfails if seller has not completed Stripe setup[32m 0[2mms[22m[39m
 [32mΓ£ô[39m src/test/cart.service.test.ts[2m > [22mCartService[2m > [22mcheckoutCart[2m > [22mcaptures listing snapshots for each item[32m 1[2mms[22m[39m
 [32mΓ£ô[39m src/test/cart.service.test.ts[2m > [22mCartService[2m > [22mcheckoutCart[2m > [22mreserves listings atomically before creating order[32m 3[2mms[22m[39m
 [32mΓ£ô[39m src/test/cart.service.test.ts[2m > [22mCartService[2m > [22mcheckoutCart[2m > [22mreleases listings if reservation count mismatch[32m 1[2mms[22m[39m
 [32mΓ£ô[39m src/test/cart.service.test.ts[2m > [22mCartService[2m > [22mcheckoutCart[2m > [22mreturns existing order for idempotent request[32m 1[2mms[22m[39m
 [32mΓ£ô[39m src/test/cart.service.test.ts[2m > [22mCartService[2m > [22mcheckoutCart[2m > [22mhandles Stripe failure: cancels order and releases listings[32m 1[2mms[22m[39m
 [32mΓ£ô[39m src/test/cart.service.test.ts[2m > [22mCartService[2m > [22mprice snapshotting[2m > [22mstores snapshotPriceNzd equal to current listing price on addToCart (new cart)[32m 1[2mms[22m[39m
 [32mΓ£ô[39m src/test/cart.service.test.ts[2m > [22mCartService[2m > [22mprice snapshotting[2m > [22mstores snapshotPriceNzd equal to current listing price on addToCart (existing cart)[32m 1[2mms[22m[39m
 [32mΓ£ô[39m src/test/cart.service.test.ts[2m > [22mCartService[2m > [22mprice snapshotting[2m > [22mrejects duplicate item without updating snapshotPriceNzd[32m 0[2mms[22m[39m
 [32mΓ£ô[39m src/test/cart.service.test.ts[2m > [22mCartService[2m > [22mprice drift detection at checkout[2m > [22mproceeds normally when snapshotPriceNzd matches current listing price[32m 1[2mms[22m[39m
 [32mΓ£ô[39m src/test/cart.service.test.ts[2m > [22mCartService[2m > [22mprice drift detection at checkout[2m > [22mreturns requiresPriceConfirmation when listing price increased[32m 1[2mms[22m[39m
 [32mΓ£ô[39m src/test/cart.service.test.ts[2m > [22mCartService[2m > [22mprice drift detection at checkout[2m > [22mreturns requiresPriceConfirmation with negative difference when price decreased[32m 0[2mms[22m[39m
 [32mΓ£ô[39m src/test/cart.service.test.ts[2m > [22mCartService[2m > [22mprice drift detection at checkout[2m > [22mproceeds when confirmedPriceVersion=true and prices now match snapshots[32m 0[2mms[22m[39m
 [32mΓ£ô[39m src/test/cart.service.test.ts[2m > [22mCartService[2m > [22mprice drift detection at checkout[2m > [22mreturns requiresPriceConfirmation again when prices changed between confirmation and resubmit[32m 1[2mms[22m[39m
 [32mΓ£ô[39m src/test/health.test.ts[2m > [22m/api/health[2m > [22mreturns status ok and HTTP 200 when all checks pass[32m 43[2mms[22m[39m
 [32mΓ£ô[39m src/test/health.test.ts[2m > [22m/api/health[2m > [22mreturns status degraded and HTTP 200 when Redis is unreachable[32m 2[2mms[22m[39m
 [32mΓ£ô[39m src/test/health.test.ts[2m > [22m/api/health[2m > [22mreturns status unhealthy in body but HTTP 200 (liveness) when database is unreachable[32m 2[2mms[22m[39m
 [32mΓ£ô[39m src/test/health.test.ts[2m > [22m/api/health[2m > [22mmarks database degraded (not hanging) when it exceeds 3s timeout[32m 5[2mms[22m[39m
 [32mΓ£ô[39m src/test/health.test.ts[2m > [22m/api/health[2m > [22mmarks redis degraded (not hanging) when it exceeds 3s timeout[32m 2[2mms[22m[39m
 [32mΓ£ô[39m src/test/health.test.ts[2m > [22m/api/health[2m > [22mnever exposes internal error messages in the response body[32m 3[2mms[22m[39m
 [32mΓ£ô[39m src/test/health.test.ts[2m > [22m/api/health[2m > [22mnever exposes Redis credentials in the response body[32m 2[2mms[22m[39m
 [32mΓ£ô[39m src/test/health.test.ts[2m > [22m/api/health[2m > [22mechoes x-correlation-id from request into response body[32m 3[2mms[22m[39m
 [32mΓ£ô[39m src/test/health.test.ts[2m > [22m/api/health[2m > [22mgenerates a UUID correlationId when none is provided in request[32m 2[2mms[22m[39m
 [32mΓ£ô[39m src/test/health.test.ts[2m > [22m/api/health[2m > [22mincludes all required fields in response[32m 3[2mms[22m[39m
 [32mΓ£ô[39m src/test/account-delete-rate-limit.test.ts[2m > [22mPOST /api/v1/account/delete ΓÇö rate limiting[2m > [22maccount deletion succeeds when within rate limit[32m 30[2mms[22m[39m
 [32mΓ£ô[39m src/test/account-delete-rate-limit.test.ts[2m > [22mPOST /api/v1/account/delete ΓÇö rate limiting[2m > [22mreturns 429 RATE_LIMITED when rate limit is exceeded[32m 1[2mms[22m[39m
 [32mΓ£ô[39m src/test/account-delete-rate-limit.test.ts[2m > [22mPOST /api/v1/account/delete ΓÇö rate limiting[2m > [22mdoes not call performAccountErasure when rate limited[32m 1[2mms[22m[39m
 [32mΓ£ô[39m src/test/account-delete-rate-limit.test.ts[2m > [22mPOST /api/v1/account/delete ΓÇö rate limiting[2m > [22mrate limit key contains the user ID, not the IP address[32m 3[2mms[22m[39m
 [32mΓ£ô[39m src/test/account-delete-rate-limit.test.ts[2m > [22mPOST /api/v1/account/delete ΓÇö rate limiting[2m > [22mdifferent users have independent rate limit counters[32m 3[2mms[22m[39m
 [32mΓ£ô[39m src/test/account-delete-rate-limit.test.ts[2m > [22mPOST /api/v1/account/delete ΓÇö rate limiting[2m > [22muses the accountDelete rate limiter type[32m 2[2mms[22m[39m
 [32mΓ£ô[39m src/test/auth-flows-extended.test.ts[2m > [22mSession management ΓÇö version-based invalidation[2m > [22mgetSessionVersion returns 0 when Redis key does not exist[32m 6[2mms[22m[39m
 [32mΓ£ô[39m src/test/auth-flows-extended.test.ts[2m > [22mSession management ΓÇö version-based invalidation[2m > [22mgetSessionVersion returns stored version from Redis[32m 1[2mms[22m[39m
 [32mΓ£ô[39m src/test/auth-flows-extended.test.ts[2m > [22mSession management ΓÇö version-based invalidation[2m > [22minvalidateAllSessions increments version in Redis[32m 2[2mms[22m[39m
 [32mΓ£ô[39m src/test/auth-flows-extended.test.ts[2m > [22mSession management ΓÇö version-based invalidation[2m > [22minvalidateAllSessions sets TTL on version key[32m 1[2mms[22m[39m
 [32mΓ£ô[39m src/test/auth-flows-extended.test.ts[2m > [22mSession management ΓÇö version-based invalidation[2m > [22mgetSessionVersion returns 0 when Redis is unavailable (fail-open)[32m 1[2mms[22m[39m
 [32mΓ£ô[39m src/test/auth-flows-extended.test.ts[2m > [22mSession management ΓÇö version-based invalidation[2m > [22minvalidateAllSessions returns 0 when Redis is unavailable[32m 1[2mms[22m[39m
 [32mΓ£ô[39m src/test/auth-flows-extended.test.ts[2m > [22mMobile token flows[2m > [22msignMobileToken returns token and expiresAt[32m 3[2mms[22m[39m
 [32mΓ£ô[39m src/test/auth-flows-extended.test.ts[2m > [22mMobile token flows[2m > [22msignMobileToken stores jti in Redis for revocation tracking[32m 1[2mms[22m[39m
 [32mΓ£ô[39m src/test/auth-flows-extended.test.ts[2m > [22mMobile token flows[2m > [22mverifyMobileToken returns payload for valid non-revoked token[32m 2[2mms[22m[39m
 [32mΓ£ô[39m src/test/auth-flows-extended.test.ts[2m > [22mMobile token flows[2m > [22mverifyMobileToken returns null for revoked token[32m 1[2mms[22m[39m
 [32mΓ£ô[39m src/test/auth-flows-extended.test.ts[2m > [22mMobile token flows[2m > [22mverifyMobileToken returns null for invalid JWT[32m 1[2mms[22m[39m
 [32mΓ£ô[39m src/test/auth-flows-extended.test.ts[2m > [22mMobile token flows[2m > [22mrevokeMobileToken deletes the specific jti key[32m 1[2mms[22m[39m
 [32mΓ£ô[39m src/test/auth-flows-extended.test.ts[2m > [22mMobile token flows[2m > [22mrevokeAllMobileTokens fetches all jtis and deletes them[32m 1[2mms[22m[39m
 [32mΓ£ô[39m src/test/auth-flows-extended.test.ts[2m > [22mMobile token flows[2m > [22mrevokeAllMobileTokens handles empty session set gracefully[32m 1[2mms[22m[39m
 [32mΓ£ô[39m src/test/auth-flows-extended.test.ts[2m > [22mAuthService ΓÇö password reset token lifecycle[2m > [22mrequestPasswordReset always returns void (no enumeration)[32m 2[2mms[22m[39m
 [32mΓ£ô[39m src/test/auth-flows-extended.test.ts[2m > [22mAuthService ΓÇö password reset token lifecycle[2m > [22mrequestPasswordReset creates hashed token when user exists[32m 7[2mms[22m[39m
 [32mΓ£ô[39m src/test/auth-flows-extended.test.ts[2m > [22mAuthService ΓÇö password reset token lifecycle[2m > [22mresetPassword rejects expired token[32m 3[2mms[22m[39m
 [32mΓ£ô[39m src/test/auth-flows-extended.test.ts[2m > [22mAuthService ΓÇö password reset token lifecycle[2m > [22mresetPassword rejects already-used token[32m 1[2mms[22m[39m
 [32mΓ£ô[39m src/test/auth-flows-extended.test.ts[2m > [22mAuthService ΓÇö password reset token lifecycle[2m > [22mresetPassword rejects non-existent token[32m 1[2mms[22m[39m
 [32mΓ£ô[39m src/test/auth-flows-extended.test.ts[2m > [22mAuthService ΓÇö password reset token lifecycle[2m > [22mresetPassword rejects weak password[32m 3[2mms[22m[39m
 [32mΓ£ô[39m src/test/auth-flows-extended.test.ts[2m > [22mAuthService ΓÇö password reset token lifecycle[2m > [22msuccessful resetPassword deletes all sessions[32m 2[2mms[22m[39m
 [32mΓ£ô[39m src/test/auth-flows-extended.test.ts[2m > [22mAuthService ΓÇö password reset token lifecycle[2m > [22msuccessful resetPassword marks token as used[32m 2[2mms[22m[39m
 [32mΓ£ô[39m src/test/auth-flows-extended.test.ts[2m > [22mAuthService ΓÇö register[2m > [22mcreates user with hashed password[32m 3[2mms[22m[39m
 [32mΓ£ô[39m src/test/auth-flows-extended.test.ts[2m > [22mAuthService ΓÇö register[2m > [22mrejects duplicate email[32m 1[2mms[22m[39m
 [32mΓ£ô[39m src/test/token-refresh-revoke.test.ts[2m > [22mmobile token refresh ΓÇö old token revocation[2m > [22missues a new token on successful refresh[32m 32[2mms[22m[39m
 [32mΓ£ô[39m src/test/token-refresh-revoke.test.ts[2m > [22mmobile token refresh ΓÇö old token revocation[2m > [22mrevokes old token via revokeMobileToken after issuing new token[32m 2[2mms[22m[39m
 [32mΓ£ô[39m src/test/token-refresh-revoke.test.ts[2m > [22mmobile token refresh ΓÇö old token revocation[2m > [22madds old JTI to JWT blocklist with old token exp[32m 1[2mms[22m[39m
 [32mΓ£ô[39m src/test/token-refresh-revoke.test.ts[2m > [22mmobile token refresh ΓÇö old token revocation[2m > [22mold and new JTI are different ΓÇö new token has independent identity[32m 1[2mms[22m[39m
 [32mΓ£ô[39m src/test/token-refresh-revoke.test.ts[2m > [22mmobile token refresh ΓÇö old token revocation[2m > [22mreturns 401 when token is invalid (no revocation attempted)[32m 2[2mms[22m[39m
 [32mΓ£ô[39m src/test/mobile-auth.test.ts[2m > [22msignMobileToken[2m > [22mreturns a JWT token and expiresAt[32m 15[2mms[22m[39m
 [32mΓ£ô[39m src/test/mobile-auth.test.ts[2m > [22msignMobileToken[2m > [22mstores the jti in Redis with 7-day TTL[32m 3[2mms[22m[39m
 [32mΓ£ô[39m src/test/mobile-auth.test.ts[2m > [22msignMobileToken[2m > [22madds jti to the session set (SADD)[32m 3[2mms[22m[39m
 [32mΓ£ô[39m src/test/mobile-auth.test.ts[2m > [22msignMobileToken[2m > [22msets TTL on the session set (EXPIRE)[32m 2[2mms[22m[39m
 [32mΓ£ô[39m src/test/mobile-auth.test.ts[2m > [22msignMobileToken[2m > [22mexpiresAt is approximately 7 days from now[32m 3[2mms[22m[39m
 [32mΓ£ô[39m src/test/mobile-auth.test.ts[2m > [22msignMobileToken[2m > [22mstill issues token if Redis is unavailable (sign is non-critical)[32m 1[2mms[22m[39m
 [32mΓ£ô[39m src/test/mobile-auth.test.ts[2m > [22mverifyMobileToken[2m > [22mreturns payload for a valid, non-revoked token[32m 3[2mms[22m[39m
 [32mΓ£ô[39m src/test/mobile-auth.test.ts[2m > [22mverifyMobileToken[2m > [22mreturns null for a revoked token (Redis key absent)[32m 2[2mms[22m[39m
 [32mΓ£ô[39m src/test/mobile-auth.test.ts[2m > [22mverifyMobileToken[2m > [22mreturns null for an invalid / tampered token[32m 1[2mms[22m[39m
 [32mΓ£ô[39m src/test/mobile-auth.test.ts[2m > [22mverifyMobileToken[2m > [22mthrows AUTH_SERVICE_UNAVAILABLE (503) when Redis is down ΓÇö fail-closed[32m 3[2mms[22m[39m
 [32mΓ£ô[39m src/test/mobile-auth.test.ts[2m > [22mverifyMobileToken[2m > [22mlogs mobile.auth.redis_unavailable when Redis is down[32m 4[2mms[22m[39m
 [32mΓ£ô[39m src/test/mobile-auth.test.ts[2m > [22mverifyMobileToken[2m > [22mnever calls redis.keys ΓÇö uses O(1) pattern exclusively[32m 1[2mms[22m[39m
 [32mΓ£ô[39m src/test/mobile-auth.test.ts[2m > [22mrevokeMobileToken[2m > [22mdeletes the token key and removes jti from the session set[32m 1[2mms[22m[39m
 [32mΓ£ô[39m src/test/mobile-auth.test.ts[2m > [22mrevokeMobileToken[2m > [22msilently swallows errors when Redis is unavailable[32m 1[2mms[22m[39m
 [32mΓ£ô[39m src/test/mobile-auth.test.ts[2m > [22mrevokeAllMobileTokens[2m > [22muses SMEMBERS to get all jtis ΓÇö never calls KEYS[32m 1[2mms[22m[39m
 [32mΓ£ô[39m src/test/mobile-auth.test.ts[2m > [22mrevokeAllMobileTokens[2m > [22mdeletes all token keys when sessions exist[32m 0[2mms[22m[39m
 [32mΓ£ô[39m src/test/mobile-auth.test.ts[2m > [22mrevokeAllMobileTokens[2m > [22malways deletes the session set key (even when empty)[32m 0[2mms[22m[39m
 [32mΓ£ô[39m src/test/mobile-auth.test.ts[2m > [22mrevokeAllMobileTokens[2m > [22mdeletes token keys before deleting session set (ordering)[32m 0[2mms[22m[39m
 [32mΓ£ô[39m src/test/mobile-auth.test.ts[2m > [22mrevokeAllMobileTokens[2m > [22msilently swallows errors when Redis is unavailable[32m 0[2mms[22m[39m
 [32mΓ£ô[39m src/test/api-helpers.test.ts[2m > [22mAPI Response Helpers[2m > [22mapiOk[2m > [22mreturns success response with data and timestamp[32m 32[2mms[22m[39m
 [32mΓ£ô[39m src/test/api-helpers.test.ts[2m > [22mAPI Response Helpers[2m > [22mapiOk[2m > [22maccepts custom status code[32m 2[2mms[22m[39m
 [32mΓ£ô[39m src/test/api-helpers.test.ts[2m > [22mAPI Response Helpers[2m > [22mapiError[2m > [22mreturns error response with message and code[32m 1[2mms[22m[39m
 [32mΓ£ô[39m src/test/api-helpers.test.ts[2m > [22mAPI Response Helpers[2m > [22mhandleApiError[2m > [22mreturns AppError status and message[32m 1[2mms[22m[39m
 [32mΓ£ô[39m src/test/api-helpers.test.ts[2m > [22mAPI Response Helpers[2m > [22mhandleApiError[2m > [22mreturns 500 for non-AppError[32m 1[2mms[22m[39m
 [32mΓ£ô[39m src/test/api-helpers.test.ts[2m > [22mAPI Response Helpers[2m > [22mrequireApiUser[2m > [22mauthenticates via Bearer token (mobile)[32m 3[2mms[22m[39m
 [32mΓ£ô[39m src/test/api-helpers.test.ts[2m > [22mAPI Response Helpers[2m > [22mrequireApiUser[2m > [22mrejects invalid Bearer token[32m 2[2mms[22m[39m
 [32mΓ£ô[39m src/test/api-helpers.test.ts[2m > [22mAPI Response Helpers[2m > [22mrequireApiUser[2m > [22mfalls back to session cookie when no Authorization header[32m 1[2mms[22m[39m
 [32mΓ£ô[39m src/test/api-helpers.test.ts[2m > [22mAPI Response Helpers[2m > [22mrequireApiUser[2m > [22mrejects banned user with Bearer token[32m 1[2mms[22m[39m
 [32mΓ£ô[39m src/test/api-helpers.test.ts[2m > [22mAPI Response Helpers[2m > [22mrequireApiUser[2m > [22mrejects when no session and no token[32m 1[2mms[22m[39m
 [32mΓ£ô[39m src/test/api-helpers.test.ts[2m > [22mAPI Response Helpers[2m > [22mrequireApiUser[2m > [22mrejects banned user from session[32m 1[2mms[22m[39m
 [32mΓ£ô[39m src/test/api-helpers.test.ts[2m > [22mAPI Response Helpers[2m > [22mrequireApiUser[2m > [22mrejects deleted user from session[32m 1[2mms[22m[39m
 [32mΓ£ô[39m src/test/api-helpers.test.ts[2m > [22mAPI Response Helpers[2m > [22mcheckApiRateLimit[2m > [22mreturns null when not rate limited[32m 1[2mms[22m[39m
 [32mΓ£ô[39m src/test/api-helpers.test.ts[2m > [22mAPI Response Helpers[2m > [22mcheckApiRateLimit[2m > [22mreturns 429 response when rate limited[32m 1[2mms[22m[39m
 [32mΓ£ô[39m src/test/api-helpers.test.ts[2m > [22mAPI Response Helpers[2m > [22mcheckApiRateLimit[2m > [22mincludes rate limit headers on 429[32m 1[2mms[22m[39m
 [32mΓ£ô[39m src/test/ready.test.ts[2m > [22m/api/ready ΓÇö readiness probe[2m > [22mreturns 200 { status: ready } when all dependencies are healthy[32m 26[2mms[22m[39m
 [32mΓ£ô[39m src/test/ready.test.ts[2m > [22m/api/ready ΓÇö readiness probe[2m > [22mreturns 503 with failing: [redis] when Redis is unreachable[32m 2[2mms[22m[39m
 [32mΓ£ô[39m src/test/ready.test.ts[2m > [22m/api/ready ΓÇö readiness probe[2m > [22mreturns 503 with failing: [bullmq] when BullMQ is unreachable[32m 1[2mms[22m[39m
 [32mΓ£ô[39m src/test/ready.test.ts[2m > [22m/api/ready ΓÇö readiness probe[2m > [22mreturns 503 with failing: [database] when the database is unreachable[32m 1[2mms[22m[39m
 [32mΓ£ô[39m src/test/ready.test.ts[2m > [22m/api/ready ΓÇö readiness probe[2m > [22mreports all failing dependencies when multiple are down[32m 1[2mms[22m[39m
 [32mΓ£ô[39m src/test/ready.test.ts[2m > [22m/api/ready ΓÇö readiness probe[2m > [22mGET /api/health still returns 200 when Redis is down (liveness probe)[32m 2[2mms[22m[39m
 [32mΓ£ô[39m src/test/cors.test.ts[2m > [22mgetCorsHeaders()[2m > [22mreflects the first allowed origin when request comes from that origin[32m 3[2mms[22m[39m
 [32mΓ£ô[39m src/test/cors.test.ts[2m > [22mgetCorsHeaders()[2m > [22mreflects the second allowed origin (not just the first)[32m 1[2mms[22m[39m
 [32mΓ£ô[39m src/test/cors.test.ts[2m > [22mgetCorsHeaders()[2m > [22mreturns no Access-Control-Allow-Origin when origin is not in the allowlist[32m 0[2mms[22m[39m
 [32mΓ£ô[39m src/test/cors.test.ts[2m > [22mgetCorsHeaders()[2m > [22mreturns no Access-Control-Allow-Origin when origin is null/absent[32m 0[2mms[22m[39m
 [32mΓ£ô[39m src/test/cors.test.ts[2m > [22mgetCorsHeaders()[2m > [22mincludes Vary: Origin when Access-Control-Allow-Origin is set[32m 0[2mms[22m[39m
 [32mΓ£ô[39m src/test/cors.test.ts[2m > [22mgetCorsHeaders()[2m > [22mdoes not include Vary: Origin when origin is not in the allowlist[32m 1[2mms[22m[39m
 [32mΓ£ô[39m src/test/cors.test.ts[2m > [22mgetCorsHeaders()[2m > [22mtrims whitespace around comma-separated entries in ALLOWED_ORIGINS[32m 0[2mms[22m[39m
 [32mΓ£ô[39m src/test/cors.test.ts[2m > [22mgetCorsHeaders()[2m > [22mOPTIONS preflight: withCors sets correct headers for allowed origin[32m 22[2mms[22m[39m
 [32mΓ£ô[39m src/test/handle-route-error.test.ts[2m > [22mhandleRouteError[2m > [22mAppError ΓåÆ returns the error's own status code[32m 22[2mms[22m[39m
 [32mΓ£ô[39m src/test/handle-route-error.test.ts[2m > [22mhandleRouteError[2m > [22mAppError ΓåÆ response body includes the error code[32m 2[2mms[22m[39m
 [32mΓ£ô[39m src/test/handle-route-error.test.ts[2m > [22mhandleRouteError[2m > [22mAppError ΓåÆ logs as warn, not error[32m 1[2mms[22m[39m
 [32mΓ£ô[39m src/test/handle-route-error.test.ts[2m > [22mhandleRouteError[2m > [22munknown error ΓåÆ returns 500[32m 1[2mms[22m[39m
 [32mΓ£ô[39m src/test/handle-route-error.test.ts[2m > [22mhandleRouteError[2m > [22munknown error ΓåÆ logs as error, not warn[32m 0[2mms[22m[39m
 [32mΓ£ô[39m src/test/handle-route-error.test.ts[2m > [22mhandleRouteError[2m > [22mcontext fields appear in the log output[32m 2[2mms[22m[39m
 [32mΓ£ô[39m src/test/email-queue.test.ts[2m > [22mregisterUser ΓÇö queues verification email[2m > [22mcalls enqueueEmail with verification template after registration[32m 8[2mms[22m[39m
 [32mΓ£ô[39m src/test/email-queue.test.ts[2m > [22mregisterUser ΓÇö queues verification email[2m > [22mverification job payload includes verifyUrl[32m 1[2mms[22m[39m
 [32mΓ£ô[39m src/test/email-queue.test.ts[2m > [22mregisterUser ΓÇö queues verification email[2m > [22mverification job payload includes displayName[32m 1[2mms[22m[39m
 [32mΓ£ô[39m src/test/email-queue.test.ts[2m > [22mregisterUser ΓÇö queues verification email[2m > [22mregistration succeeds even when enqueueEmail throws[32m 1[2mms[22m[39m
 [32mΓ£ô[39m src/test/email-queue.test.ts[2m > [22mrequestPasswordReset ΓÇö queues passwordReset email[2m > [22mcalls enqueueEmail with passwordReset template[32m 1[2mms[22m[39m
 [32mΓ£ô[39m src/test/email-queue.test.ts[2m > [22mrequestPasswordReset ΓÇö queues passwordReset email[2m > [22mpasswordReset job payload includes resetUrl[32m 0[2mms[22m[39m
 [32mΓ£ô[39m src/test/email-queue.test.ts[2m > [22mrequestPasswordReset ΓÇö queues passwordReset email[2m > [22malways returns success (user enumeration prevention)[32m 0[2mms[22m[39m
 [32mΓ£ô[39m src/test/email-queue.test.ts[2m > [22mexportUserData ΓÇö queues dataExport email[2m > [22mcalls enqueueEmail with dataExport template[32m 14[2mms[22m[39m
 [32mΓ£ô[39m src/test/email-queue.test.ts[2m > [22mexportUserData ΓÇö queues dataExport email[2m > [22mdataExport job payload includes downloadUrl (not jsonPayload)[32m 2[2mms[22m[39m
 [32mΓ£ô[39m src/test/email-queue.test.ts[2m > [22mexportUserData ΓÇö queues dataExport email[2m > [22mdataExport job payload includes displayName[32m 1[2mms[22m[39m
 [32mΓ£ô[39m src/test/email-queue.test.ts[2m > [22mperformAccountErasure ΓÇö queues erasureConfirmation email[2m > [22mcalls enqueueEmail with erasureConfirmation template after erasure[32m 1[2mms[22m[39m
 [32mΓ£ô[39m src/test/email-queue.test.ts[2m > [22mperformAccountErasure ΓÇö queues erasureConfirmation email[2m > [22merasureConfirmation email is sent AFTER erasure succeeds[32m 1[2mms[22m[39m
 [32mΓ£ô[39m src/test/worker-coverage.test.ts[2m > [22mcalculateFeesSync ΓÇö minimum payout invariant[2m > [22mreturns requiresManualReview=true when sellerPayout < MINIMUM_PAYOUT_CENTS[32m 4[2mms[22m[39m
 [32mΓ£ô[39m src/test/worker-coverage.test.ts[2m > [22mcalculateFeesSync ΓÇö minimum payout invariant[2m > [22msets sellerPayout to 0 when requiresManualReview[32m 0[2mms[22m[39m
 [32mΓ£ô[39m src/test/worker-coverage.test.ts[2m > [22mcalculateFeesSync ΓÇö minimum payout invariant[2m > [22mincludes manualReviewReason when requiresManualReview[32m 0[2mms[22m[39m
 [32mΓ£ô[39m src/test/worker-coverage.test.ts[2m > [22mcalculateFeesSync ΓÇö minimum payout invariant[2m > [22mdoes NOT set requiresManualReview for normal amounts[32m 0[2mms[22m[39m
 [32mΓ£ô[39m src/test/worker-coverage.test.ts[2m > [22mFee calculation ΓÇö tier comparison for payout worker logic[2m > [22mGOLD tier produces lower platform fee than STANDARD for the same amount[32m 0[2mms[22m[39m
 [32mΓ£ô[39m src/test/worker-coverage.test.ts[2m > [22mFee calculation ΓÇö tier comparison for payout worker logic[2m > [22mSILVER tier produces intermediate platform fee between GOLD and STANDARD[32m 0[2mms[22m[39m
 [32mΓ£ô[39m src/test/worker-coverage.test.ts[2m > [22mgetClientIp[2m > [22mtrims whitespace from x-vercel-forwarded-for[32m 21[2mms[22m[39m
 [32mΓ£ô[39m src/test/worker-coverage.test.ts[2m > [22mgetClientIp[2m > [22mhandles multiple IPs in x-vercel-forwarded-for (takes first)[32m 0[2mms[22m[39m
 [32mΓ£ô[39m src/test/worker-coverage.test.ts[2m > [22mgetClientIp[2m > [22mprefers x-real-ip over x-vercel-forwarded-for[32m 0[2mms[22m[39m
 [32mΓ£ô[39m src/test/worker-coverage.test.ts[2m > [22mgetClientIp[2m > [22mprefers cf-connecting-ip over x-vercel-forwarded-for[32m 0[2mms[22m[39m
 [32mΓ£ô[39m src/test/worker-coverage.test.ts[2m > [22mgetClientIp[2m > [22mreturns 'unknown-{uuid}' when no IP headers are present[32m 1[2mms[22m[39m
 [32mΓ£ô[39m src/test/metrics.test.ts[2m > [22m/api/metrics ΓÇö requirePermission guard[2m > [22mreturns 403 when requirePermission throws (no permission)[32m 25[2mms[22m[39m
 [32mΓ£ô[39m src/test/metrics.test.ts[2m > [22m/api/metrics ΓÇö requirePermission guard[2m > [22mreturns metrics data when admin has VIEW_ALL_METRICS permission[32m 2[2mms[22m[39m
 [32mΓ£ô[39m src/test/metrics.test.ts[2m > [22m/api/metrics ΓÇö requirePermission guard[2m > [22mcalls requirePermission with VIEW_ALL_METRICS[32m 2[2mms[22m[39m
 [32mΓ£ô[39m src/test/metrics.test.ts[2m > [22m/api/metrics ΓÇö requirePermission guard[2m > [22mreturns 403 for a revoked admin (DB check fails even if JWT claims isAdmin)[32m 1[2mms[22m[39m
 [32mΓ£ô[39m src/test/metrics.test.ts[2m > [22m/api/metrics ΓÇö requirePermission guard[2m > [22mreturns 500 with generic message when metrics fetch fails[32m 1[2mms[22m[39m
 [32mΓ£ô[39m src/test/form-validation.test.ts[2m > [22mRegistration form ΓÇö email blur validation[2m > [22mreturns null for a valid NZ email address[32m 4[2mms[22m[39m
 [32mΓ£ô[39m src/test/form-validation.test.ts[2m > [22mRegistration form ΓÇö email blur validation[2m > [22mreturns an error for a plainly invalid email[32m 1[2mms[22m[39m
 [32mΓ£ô[39m src/test/form-validation.test.ts[2m > [22mRegistration form ΓÇö email blur validation[2m > [22mreturns an error for an empty email[32m 0[2mms[22m[39m
 [32mΓ£ô[39m src/test/form-validation.test.ts[2m > [22mRegistration form ΓÇö email blur validation[2m > [22mreturns an error for email missing the domain part[32m 0[2mms[22m[39m
 [32mΓ£ô[39m src/test/form-validation.test.ts[2m > [22mRegistration form ΓÇö email blur validation[2m > [22maccepts mixed-case email (schema normalises to lowercase)[32m 0[2mms[22m[39m
 [32mΓ£ô[39m src/test/form-validation.test.ts[2m > [22mRegistration form ΓÇö password blur validation[2m > [22mreturns null for a strong password meeting all requirements[32m 0[2mms[22m[39m
 [32mΓ£ô[39m src/test/form-validation.test.ts[2m > [22mRegistration form ΓÇö password blur validation[2m > [22mrejects a password shorter than 12 characters[32m 0[2mms[22m[39m
 [32mΓ£ô[39m src/test/form-validation.test.ts[2m > [22mRegistration form ΓÇö password blur validation[2m > [22mrejects a password with no uppercase letter[32m 0[2mms[22m[39m
 [32mΓ£ô[39m src/test/form-validation.test.ts[2m > [22mRegistration form ΓÇö password blur validation[2m > [22mrejects a password with no lowercase letter[32m 0[2mms[22m[39m
 [32mΓ£ô[39m src/test/form-validation.test.ts[2m > [22mRegistration form ΓÇö password blur validation[2m > [22mrejects a password with no number[32m 0[2mms[22m[39m
 [32mΓ£ô[39m src/test/form-validation.test.ts[2m > [22mRegistration form ΓÇö password blur validation[2m > [22mrejects an empty password[32m 0[2mms[22m[39m
 [32mΓ£ô[39m src/test/form-validation.test.ts[2m > [22mRegistration form ΓÇö password blur validation[2m > [22maccepts exactly 12 characters when all rules met[32m 0[2mms[22m[39m
 [32mΓ£ô[39m src/test/form-validation.test.ts[2m > [22mRegistration form ΓÇö client-side submit guard[2m > [22mreturns no errors for a fully valid submission[32m 1[2mms[22m[39m
 [32mΓ£ô[39m src/test/form-validation.test.ts[2m > [22mRegistration form ΓÇö client-side submit guard[2m > [22mblocks submission when email is invalid[32m 0[2mms[22m[39m
 [32mΓ£ô[39m src/test/form-validation.test.ts[2m > [22mRegistration form ΓÇö client-side submit guard[2m > [22mblocks submission when passwords do not match[32m 0[2mms[22m[39m
 [32mΓ£ô[39m src/test/form-validation.test.ts[2m > [22mRegistration form ΓÇö client-side submit guard[2m > [22mblocks submission when password is too weak[32m 0[2mms[22m[39m
 [32mΓ£ô[39m src/test/form-validation.test.ts[2m > [22mRegistration form ΓÇö client-side submit guard[2m > [22mblocks submission when terms are not agreed[32m 0[2mms[22m[39m
 [32mΓ£ô[39m src/test/form-validation.test.ts[2m > [22mRegistration form ΓÇö client-side submit guard[2m > [22mblocks submission when firstName is empty[32m 0[2mms[22m[39m
 [32mΓ£ô[39m src/test/form-validation.test.ts[2m > [22mRegistration form ΓÇö client-side submit guard[2m > [22mcatches multiple errors at once[32m 0[2mms[22m[39m
 [32mΓ£ô[39m src/test/form-validation.test.ts[2m > [22mLogin form ΓÇö email validation on submit[2m > [22mreturns an error when email is empty[32m 0[2mms[22m[39m
 [32mΓ£ô[39m src/test/form-validation.test.ts[2m > [22mLogin form ΓÇö email validation on submit[2m > [22mreturns an error when email format is invalid[32m 0[2mms[22m[39m
 [32mΓ£ô[39m src/test/form-validation.test.ts[2m > [22mLogin form ΓÇö email validation on submit[2m > [22mreturns no email error for a valid email[32m 0[2mms[22m[39m
 [32mΓ£ô[39m src/test/form-validation.test.ts[2m > [22mLogin form ΓÇö email validation on submit[2m > [22mreturns a password error when password is empty[32m 0[2mms[22m[39m
 [32mΓ£ô[39m src/test/form-validation.test.ts[2m > [22mLogin form ΓÇö email validation on submit[2m > [22mreturns no errors for valid email and password[32m 0[2mms[22m[39m
 [32mΓ£ô[39m src/test/form-validation.test.ts[2m > [22mLogin form ΓÇö email validation on submit[2m > [22mreturns both errors when both fields are empty[32m 0[2mms[22m[39m
 [32mΓ£ô[39m src/test/form-validation.test.ts[2m > [22mCreate listing form ΓÇö price blur validation[2m > [22maccepts a valid positive price[32m 1[2mms[22m[39m
 [32mΓ£ô[39m src/test/form-validation.test.ts[2m > [22mCreate listing form ΓÇö price blur validation[2m > [22maccepts a price of 1[32m 0[2mms[22m[39m
 [32mΓ£ô[39m src/test/form-validation.test.ts[2m > [22mCreate listing form ΓÇö price blur validation[2m > [22mrejects a price of zero[32m 0[2mms[22m[39m
 [32mΓ£ô[39m src/test/form-validation.test.ts[2m > [22mCreate listing form ΓÇö price blur validation[2m > [22mrejects a negative price[32m 0[2mms[22m[39m
 [32mΓ£ô[39m src/test/form-validation.test.ts[2m > [22mCreate listing form ΓÇö price blur validation[2m > [22mrejects a non-numeric string[32m 0[2mms[22m[39m
 [32mΓ£ô[39m src/test/form-validation.test.ts[2m > [22mCreate listing form ΓÇö price blur validation[2m > [22mrejects an empty string[32m 0[2mms[22m[39m
 [32mΓ£ô[39m src/test/form-validation.test.ts[2m > [22mCreate listing form ΓÇö price blur validation[2m > [22mrejects a price exceeding the $100,000 maximum[32m 0[2mms[22m[39m
 [32mΓ£ô[39m src/test/form-validation.test.ts[2m > [22mCreate listing form ΓÇö price blur validation[2m > [22maccepts the maximum allowed price of $100,000[32m 0[2mms[22m[39m
 [32mΓ£ô[39m src/test/form-validation.test.ts[2m > [22mCreate listing form ΓÇö price blur validation[2m > [22mrejects numeric 0 (not just string)[32m 0[2mms[22m[39m
 [32mΓ£ô[39m src/test/form-validation.test.ts[2m > [22mRegistration form ΓÇö confirmPassword blur validation[2m > [22mreturns an error when confirmPassword is empty[32m 0[2mms[22m[39m
 [32mΓ£ô[39m src/test/form-validation.test.ts[2m > [22mRegistration form ΓÇö confirmPassword blur validation[2m > [22mreturns an error when confirmPassword does not match password[32m 0[2mms[22m[39m
 [32mΓ£ô[39m src/test/form-validation.test.ts[2m > [22mRegistration form ΓÇö confirmPassword blur validation[2m > [22mreturns null when confirmPassword matches password[32m 0[2mms[22m[39m
 [32mΓ£ô[39m src/test/form-validation.test.ts[2m > [22mRegistration form ΓÇö name field blur validation[2m > [22maccepts a normal first name[32m 0[2mms[22m[39m
 [32mΓ£ô[39m src/test/form-validation.test.ts[2m > [22mRegistration form ΓÇö name field blur validation[2m > [22mrejects an empty first name[32m 0[2mms[22m[39m
 [32mΓ£ô[39m src/test/form-validation.test.ts[2m > [22mRegistration form ΓÇö name field blur validation[2m > [22mrejects a first name exceeding 50 characters[32m 0[2mms[22m[39m
 [32mΓ£ô[39m src/test/form-validation.test.ts[2m > [22mRegistration form ΓÇö name field blur validation[2m > [22maccepts a whitespace-only last name as valid (trim is a transform, not a pre-validation)[32m 0[2mms[22m[39m
[90mstderr[2m | src/test/offers.actions.test.ts[2m > [22m[2mAuth guard ΓÇö both actions[2m > [22m[2mcreateOffer ΓÇö unauthenticated ΓåÆ returns auth error without calling service
[22m[39m[safeActionError] Please sign in to continue

[90mstderr[2m | src/test/offers.actions.test.ts[2m > [22m[2mAuth guard ΓÇö both actions[2m > [22m[2mrespondOffer ΓÇö unauthenticated ΓåÆ returns auth error without calling service
[22m[39m[safeActionError] Please sign in to continue

[90mstderr[2m | src/test/offers.actions.test.ts[2m > [22m[2mcreateOffer ΓÇö error handling[2m > [22m[2mservice throws AppError ΓåÆ action surfaces human-readable error
[22m[39m[safeActionError] This seller is not accepting offers.

[90mstderr[2m | src/test/offers.actions.test.ts[2m > [22m[2mcreateOffer ΓÇö error handling[2m > [22m[2mservice throws generic error ΓåÆ action returns safe fallback message
[22m[39m[safeActionError] Database connection lost

[90mstderr[2m | src/test/offers.actions.test.ts[2m > [22m[2mcreateOffer ΓÇö error handling[2m > [22m[2mnever throws ΓÇö always returns ActionResult shape
[22m[39m[safeActionError] Unexpected failure

[90mstderr[2m | src/test/offers.actions.test.ts[2m > [22m[2mrespondOffer ΓÇö error handling[2m > [22m[2mservice throws AppError ΓåÆ action surfaces human-readable error
[22m[39m[safeActionError] Offer has already expired.

[90mstderr[2m | src/test/offers.actions.test.ts[2m > [22m[2mrespondOffer ΓÇö error handling[2m > [22m[2mservice throws generic error ΓåÆ action returns safe fallback message
[22m[39m[safeActionError] Redis timeout

[90mstderr[2m | src/test/offers.actions.test.ts[2m > [22m[2mrespondOffer ΓÇö error handling[2m > [22m[2mnever throws ΓÇö always returns ActionResult shape
[22m[39m[safeActionError] Unexpected failure

 [32mΓ£ô[39m src/test/email-queue-helper.test.ts[2m > [22menqueueEmail ΓÇö Redis fallback[2m > [22mfalls back to direct send when Redis (emailQueue.add) rejects[32m 9[2mms[22m[39m
 [32mΓ£ô[39m src/test/email-queue-helper.test.ts[2m > [22menqueueEmail ΓÇö Redis fallback[2m > [22mfalls back to passwordReset direct send when Redis is down[32m 2[2mms[22m[39m
 [32mΓ£ô[39m src/test/email-queue-helper.test.ts[2m > [22menqueueEmail ΓÇö Redis fallback[2m > [22mfalls back to verification direct send when Redis is down[32m 1[2mms[22m[39m
 [32mΓ£ô[39m src/test/email-queue-helper.test.ts[2m > [22menqueueEmail ΓÇö Redis fallback[2m > [22mdoes NOT throw if both queue and fallback fail[32m 3[2mms[22m[39m
 [32mΓ£ô[39m src/test/email-queue-helper.test.ts[2m > [22menqueueEmail ΓÇö Redis fallback[2m > [22mdoes NOT call fallback when queue succeeds[32m 1[2mms[22m[39m
 [32mΓ£ô[39m src/test/email-queue-helper.test.ts[2m > [22menqueueEmail ΓÇö job data shape[2m > [22mincludes correlationId from request context in job payload[32m 3[2mms[22m[39m
 [32mΓ£ô[39m src/test/email-queue-helper.test.ts[2m > [22menqueueEmail ΓÇö job data shape[2m > [22mcorrelationId is undefined when outside request context[32m 1[2mms[22m[39m
 [32mΓ£ô[39m src/test/email-queue-helper.test.ts[2m > [22menqueueEmail ΓÇö job data shape[2m > [22mincludes enqueuedAt ISO timestamp in job payload[32m 2[2mms[22m[39m
 [32mΓ£ô[39m src/test/email-queue-helper.test.ts[2m > [22menqueueEmail ΓÇö job data shape[2m > [22mcalls emailQueue.add with job name 'send-email'[32m 1[2mms[22m[39m
 [32mΓ£ô[39m src/test/email-queue-helper.test.ts[2m > [22memailWorker ΓÇö template routing[2m > [22mprocesses passwordReset template by calling sendPasswordResetEmail[32m 33[2mms[22m[39m
 [32mΓ£ô[39m src/test/email-queue-helper.test.ts[2m > [22memailWorker ΓÇö template routing[2m > [22mprocesses verification template by calling sendVerificationEmail[32m 1[2mms[22m[39m
 [32mΓ£ô[39m src/test/email-queue-helper.test.ts[2m > [22memailWorker ΓÇö template routing[2m > [22mprocesses welcome template by calling sendWelcomeEmail[32m 1[2mms[22m[39m
 [32mΓ£ô[39m src/test/email-queue-helper.test.ts[2m > [22memailWorker ΓÇö template routing[2m > [22mdoes not start worker when VERCEL env var is set[32m 2[2mms[22m[39m
 [32mΓ£ô[39m src/test/offers.actions.test.ts[2m > [22mAuth guard ΓÇö both actions[2m > [22mcreateOffer ΓÇö unauthenticated ΓåÆ returns auth error without calling service[32m 7[2mms[22m[39m
 [32mΓ£ô[39m src/test/offers.actions.test.ts[2m > [22mAuth guard ΓÇö both actions[2m > [22mrespondOffer ΓÇö unauthenticated ΓåÆ returns auth error without calling service[32m 1[2mms[22m[39m
 [32mΓ£ô[39m src/test/offers.actions.test.ts[2m > [22mcreateOffer ΓÇö schema validation[2m > [22mmissing listingId ΓåÆ returns validation error with fieldErrors[32m 2[2mms[22m[39m
 [32mΓ£ô[39m src/test/offers.actions.test.ts[2m > [22mcreateOffer ΓÇö schema validation[2m > [22mnegative amount ΓåÆ returns validation error[32m 1[2mms[22m[39m
 [32mΓ£ô[39m src/test/offers.actions.test.ts[2m > [22mcreateOffer ΓÇö schema validation[2m > [22mamount exceeds max (100,000) ΓåÆ returns validation error[32m 1[2mms[22m[39m
 [32mΓ£ô[39m src/test/offers.actions.test.ts[2m > [22mcreateOffer ΓÇö schema validation[2m > [22mnote exceeds 300 chars ΓåÆ returns validation error[32m 1[2mms[22m[39m
 [32mΓ£ô[39m src/test/offers.actions.test.ts[2m > [22mcreateOffer ΓÇö schema validation[2m > [22mnon-object payload ΓåÆ returns validation error[32m 1[2mms[22m[39m
 [32mΓ£ô[39m src/test/offers.actions.test.ts[2m > [22mrespondOffer ΓÇö schema validation[2m > [22mmissing offerId ΓåÆ returns validation error without calling service[32m 1[2mms[22m[39m
 [32mΓ£ô[39m src/test/offers.actions.test.ts[2m > [22mrespondOffer ΓÇö schema validation[2m > [22minvalid action value ΓåÆ returns validation error[32m 1[2mms[22m[39m
 [32mΓ£ô[39m src/test/offers.actions.test.ts[2m > [22mrespondOffer ΓÇö schema validation[2m > [22mdeclineReason exceeds 300 chars ΓåÆ returns validation error[32m 0[2mms[22m[39m
 [32mΓ£ô[39m src/test/offers.actions.test.ts[2m > [22mcreateOffer ΓÇö happy path[2m > [22mvalid input ΓåÆ delegates to offerService.createOffer with userId and ip[32m 3[2mms[22m[39m
 [32mΓ£ô[39m src/test/offers.actions.test.ts[2m > [22mcreateOffer ΓÇö happy path[2m > [22moptional note is passed through to service when provided[32m 1[2mms[22m[39m
 [32mΓ£ô[39m src/test/offers.actions.test.ts[2m > [22mcreateOffer ΓÇö happy path[2m > [22mnote field is absent when not provided ΓåÆ service still called[32m 0[2mms[22m[39m
 [32mΓ£ô[39m src/test/offers.actions.test.ts[2m > [22mrespondOffer ΓÇö happy path[2m > [22mACCEPT ΓÇö delegates to offerService.respondOffer with userId and ip[32m 1[2mms[22m[39m
 [32mΓ£ô[39m src/test/offers.actions.test.ts[2m > [22mrespondOffer ΓÇö happy path[2m > [22mDECLINE with reason ΓÇö declineReason forwarded to service[32m 0[2mms[22m[39m
 [32mΓ£ô[39m src/test/offers.actions.test.ts[2m > [22mcreateOffer ΓÇö error handling[2m > [22mservice throws AppError ΓåÆ action surfaces human-readable error[32m 1[2mms[22m[39m
 [32mΓ£ô[39m src/test/offers.actions.test.ts[2m > [22mcreateOffer ΓÇö error handling[2m > [22mservice throws generic error ΓåÆ action returns safe fallback message[32m 1[2mms[22m[39m
 [32mΓ£ô[39m src/test/offers.actions.test.ts[2m > [22mcreateOffer ΓÇö error handling[2m > [22mrate-limited ΓåÆ returns retryAfter error without calling offerService.createOffer[32m 1[2mms[22m[39m
 [32mΓ£ô[39m src/test/offers.actions.test.ts[2m > [22mcreateOffer ΓÇö error handling[2m > [22mnever throws ΓÇö always returns ActionResult shape[32m 1[2mms[22m[39m
 [32mΓ£ô[39m src/test/offers.actions.test.ts[2m > [22mrespondOffer ΓÇö error handling[2m > [22mservice throws AppError ΓåÆ action surfaces human-readable error[32m 0[2mms[22m[39m
 [32mΓ£ô[39m src/test/offers.actions.test.ts[2m > [22mrespondOffer ΓÇö error handling[2m > [22mservice throws generic error ΓåÆ action returns safe fallback message[32m 0[2mms[22m[39m
 [32mΓ£ô[39m src/test/offers.actions.test.ts[2m > [22mrespondOffer ΓÇö error handling[2m > [22mnever throws ΓÇö always returns ActionResult shape[32m 0[2mms[22m[39m
 [32mΓ£ô[39m src/test/get-client-ip.test.ts[2m > [22mFIX 5 ΓÇö getClientIp unknown-uuid fallback[2m > [22mreturns the IP address as-is when x-real-ip header is present[32m 21[2mms[22m[39m
 [32mΓ£ô[39m src/test/get-client-ip.test.ts[2m > [22mFIX 5 ΓÇö getClientIp unknown-uuid fallback[2m > [22mreturns unknown-{uuid} when no IP headers are present[32m 1[2mms[22m[39m
 [32mΓ£ô[39m src/test/get-client-ip.test.ts[2m > [22mFIX 5 ΓÇö getClientIp unknown-uuid fallback[2m > [22mgenerates a unique bucket ID for each request with no IP (no shared bucket)[32m 1[2mms[22m[39m
 [32mΓ£ô[39m src/test/get-client-ip.test.ts[2m > [22mFIX 5 ΓÇö getClientIp unknown-uuid fallback[2m > [22mlogs warn with user-agent when IP cannot be determined[32m 3[2mms[22m[39m
 [32mΓ£ô[39m src/test/cors-config.test.ts[2m > [22mwithCors() ΓÇö per-request CORS[2m > [22mreturns correct Access-Control-Allow-Origin for an allowed origin[32m 33[2mms[22m[39m
 [32mΓ£ô[39m src/test/cors-config.test.ts[2m > [22mwithCors() ΓÇö per-request CORS[2m > [22mreturns no Access-Control-Allow-Origin for a disallowed origin[32m 1[2mms[22m[39m
 [32mΓ£ô[39m src/test/cors-config.test.ts[2m > [22mwithCors() ΓÇö per-request CORS[2m > [22mOPTIONS preflight: withCors attaches CORS headers to a 204 response[32m 1[2mms[22m[39m
 [32mΓ£ô[39m src/test/cors-config.test.ts[2m > [22mnext.config.ts ΓÇö CORS header placement[2m > [22mdoes not apply Access-Control-Allow-Origin to API routes or globally[32m 1[2mms[22m[39m
 [32mΓ£ô[39m src/test/cors-config.test.ts[2m > [22mnext.config.ts ΓÇö CORS header placement[2m > [22msets Access-Control-Allow-Origin: * on /_next/static for PWA/CDN support[32m 1[2mms[22m[39m
 [32mΓ£ô[39m src/test/cors-config.test.ts[2m > [22mnext.config.ts ΓÇö CORS header placement[2m > [22mstill contains the security headers (X-Frame-Options etc.)[32m 1[2mms[22m[39m
 [32mΓ£ô[39m src/test/refund-idempotency-key.test.ts[2m > [22mFix 4 ΓÇö refund idempotency key includes amount and reason[2m > [22mkey is refund-{orderId}-{amountNzd}-{reason} when both are provided[32m 30[2mms[22m[39m
 [32mΓ£ô[39m src/test/refund-idempotency-key.test.ts[2m > [22mFix 4 ΓÇö refund idempotency key includes amount and reason[2m > [22mkey falls back to 'full' when amountNzd is omitted[32m 1[2mms[22m[39m
 [32mΓ£ô[39m src/test/refund-idempotency-key.test.ts[2m > [22mFix 4 ΓÇö refund idempotency key includes amount and reason[2m > [22mtwo refunds for same order with different amounts produce different keys[32m 1[2mms[22m[39m
 [32mΓ£ô[39m src/test/refund-idempotency-key.test.ts[2m > [22mFix 4 ΓÇö refund idempotency key includes amount and reason[2m > [22mtwo refunds for same order with different reasons produce different keys[32m 1[2mms[22m[39m
 [32mΓ£ô[39m src/test/search.service.test.ts[2m > [22mSearchService[2m > [22msearchListings[2m > [22mreturns paginated results[32m 15[2mms[22m[39m
 [32mΓ£ô[39m src/test/search.service.test.ts[2m > [22mSearchService[2m > [22msearchListings[2m > [22menforces maximum pageSize of 100[32m 4[2mms[22m[39m
 [32mΓ£ô[39m src/test/search.service.test.ts[2m > [22mSearchService[2m > [22msearchListings[2m > [22mdefaults to page 1[32m 1[2mms[22m[39m
 [32mΓ£ô[39m src/test/search.service.test.ts[2m > [22mSearchService[2m > [22msearchListings[2m > [22mreturns empty results for no matches[32m 1[2mms[22m[39m
 [32mΓ£ô[39m src/test/search.service.test.ts[2m > [22mSearchService[2m > [22msearchListings[2m > [22mcalculates hasNextPage correctly[32m 1[2mms[22m[39m
 [32mΓ£ô[39m src/test/search.service.test.ts[2m > [22mSearchService[2m > [22msearchListings[2m > [22mfilters by ACTIVE status and non-deleted[32m 1[2mms[22m[39m
 [32mΓ£ô[39m src/test/search.service.test.ts[2m > [22mSearchService[2m > [22msearchListings[2m > [22mcomputes seller rating from reviews[32m 0[2mms[22m[39m
 [32mΓ£ô[39m src/test/search.service.test.ts[2m > [22mSearchService[2m > [22mFTS ΓÇö full-text search correctness[2m > [22mpagination works beyond position 500 with no cap on FTS results[32m 1[2mms[22m[39m
 [32mΓ£ô[39m src/test/search.service.test.ts[2m > [22mSearchService[2m > [22mFTS ΓÇö full-text search correctness[2m > [22mtotal count matches full FTS result set not a 500-item subset[32m 1[2mms[22m[39m
 [32mΓ£ô[39m src/test/search.service.test.ts[2m > [22mSearchService[2m > [22mFTS ΓÇö full-text search correctness[2m > [22mresults are ordered by ts_rank relevance when sort is default[32m 0[2mms[22m[39m
 [32mΓ£ô[39m src/test/search.service.test.ts[2m > [22mSearchService[2m > [22mFTS ΓÇö full-text search correctness[2m > [22mempty query returns all active listings paginated without FTS[32m 1[2mms[22m[39m
 [32mΓ£ô[39m src/test/search.service.test.ts[2m > [22mSearchService[2m > [22mradius search ΓÇö bounding box + Haversine[2m > [22mreturns a listing whose coordinates fall within the radius[32m 1[2mms[22m[39m
 [32mΓ£ô[39m src/test/search.service.test.ts[2m > [22mSearchService[2m > [22mradius search ΓÇö bounding box + Haversine[2m > [22mexcludes a listing whose coordinates fall outside the radius[32m 0[2mms[22m[39m
 [32mΓ£ô[39m src/test/search.service.test.ts[2m > [22mSearchService[2m > [22mradius search ΓÇö bounding box + Haversine[2m > [22mtotal count equals the number of listings within the precise radius[32m 0[2mms[22m[39m
 [32mΓ£ô[39m src/test/search.service.test.ts[2m > [22mSearchService[2m > [22mradius search ΓÇö bounding box + Haversine[2m > [22msends locationLat and locationLng bounding box conditions to the database[32m 1[2mms[22m[39m
 [32mΓ£ô[39m src/test/webhook-handlers.test.ts[2m > [22mWebhookService ΓÇö markEventProcessed[2m > [22mreturns true for new event[32m 3[2mms[22m[39m
 [32mΓ£ô[39m src/test/webhook-handlers.test.ts[2m > [22mWebhookService ΓÇö markEventProcessed[2m > [22mreturns false for duplicate event (P2002 unique constraint)[32m 1[2mms[22m[39m
 [32mΓ£ô[39m src/test/webhook-handlers.test.ts[2m > [22mWebhookService ΓÇö markEventProcessed[2m > [22mre-throws non-P2002 errors[32m 2[2mms[22m[39m
 [32mΓ£ô[39m src/test/webhook-handlers.test.ts[2m > [22mWebhookService ΓÇö processEvent[2m > [22mtransitions AWAITING_PAYMENT ΓåÆ PAYMENT_HELD on amount_capturable_updated[32m 3[2mms[22m[39m
 [32mΓ£ô[39m src/test/webhook-handlers.test.ts[2m > [22mWebhookService ΓÇö processEvent[2m > [22mtransitions to AWAITING_PICKUP for pickup orders[32m 1[2mms[22m[39m
 [32mΓ£ô[39m src/test/webhook-handlers.test.ts[2m > [22mWebhookService ΓÇö processEvent[2m > [22mcreates payout record for shipped orders on amount_capturable_updated[32m 1[2mms[22m[39m
 [32mΓ£ô[39m src/test/webhook-handlers.test.ts[2m > [22mWebhookService ΓÇö processEvent[2m > [22mdoes NOT create payout for pickup orders[32m 1[2mms[22m[39m
 [32mΓ£ô[39m src/test/webhook-handlers.test.ts[2m > [22mWebhookService ΓÇö processEvent[2m > [22mskips transition when order already past AWAITING_PAYMENT[32m 0[2mms[22m[39m
 [32mΓ£ô[39m src/test/webhook-handlers.test.ts[2m > [22mWebhookService ΓÇö processEvent[2m > [22mskips when orderId is missing from metadata[32m 0[2mms[22m[39m
 [32mΓ£ô[39m src/test/webhook-handlers.test.ts[2m > [22mWebhookService ΓÇö processEvent[2m > [22mtransitions AWAITING_PAYMENT ΓåÆ PAYMENT_HELD on payment_intent.succeeded[32m 1[2mms[22m[39m
 [32mΓ£ô[39m src/test/webhook-handlers.test.ts[2m > [22mWebhookService ΓÇö processEvent[2m > [22mcreates payout on payment_intent.succeeded[32m 0[2mms[22m[39m
 [32mΓ£ô[39m src/test/webhook-handlers.test.ts[2m > [22mWebhookService ΓÇö processEvent[2m > [22mskips payment_intent.succeeded when order not AWAITING_PAYMENT[32m 0[2mms[22m[39m
 [32mΓ£ô[39m src/test/webhook-handlers.test.ts[2m > [22mWebhookService ΓÇö processEvent[2m > [22mtransitions AWAITING_PAYMENT ΓåÆ CANCELLED on payment_failed[32m 1[2mms[22m[39m
 [32mΓ£ô[39m src/test/webhook-handlers.test.ts[2m > [22mWebhookService ΓÇö processEvent[2m > [22mreleases listing reservation on payment_failed[32m 1[2mms[22m[39m
 [32mΓ£ô[39m src/test/webhook-handlers.test.ts[2m > [22mWebhookService ΓÇö processEvent[2m > [22mskips payment_failed when order not AWAITING_PAYMENT[32m 0[2mms[22m[39m
 [32mΓ£ô[39m src/test/webhook-handlers.test.ts[2m > [22mWebhookService ΓÇö processEvent[2m > [22mskips payment_failed when order not found[32m 0[2mms[22m[39m
 [32mΓ£ô[39m src/test/webhook-handlers.test.ts[2m > [22mWebhookService ΓÇö processEvent[2m > [22msyncs seller Stripe status on account.updated[32m 1[2mms[22m[39m
 [32mΓ£ô[39m src/test/webhook-handlers.test.ts[2m > [22mWebhookService ΓÇö processEvent[2m > [22msets isStripeOnboarded=false when account not fully configured[32m 0[2mms[22m[39m
 [32mΓ£ô[39m src/test/webhook-handlers.test.ts[2m > [22mWebhookService ΓÇö processEvent[2m > [22mupdates payout record on transfer.created[32m 0[2mms[22m[39m
 [32mΓ£ô[39m src/test/webhook-handlers.test.ts[2m > [22mWebhookService ΓÇö processEvent[2m > [22mhandles unknown event type gracefully ΓÇö no throw[32m 0[2mms[22m[39m
 [32mΓ£ô[39m src/test/webhook-handlers.test.ts[2m > [22mWebhookService ΓÇö processEvent[2m > [22mconcurrent delivery ΓÇö handler ran idempotently, P2002 on mark is swallowed[32m 1[2mms[22m[39m
 [32mΓ£ô[39m src/test/webhook-handlers.test.ts[2m > [22mWebhookService ΓÇö processEvent[2m > [22mdeletes event record when handler throws, allowing retry[32m 0[2mms[22m[39m
[90mstderr[2m | src/test/order-update.actions.test.ts[2m > [22m[2mAuth guard ΓÇö all three actions[2m > [22m[2mconfirmDelivery ΓÇö unauthenticated ΓåÆ returns auth error
[22m[39m[safeActionError] Please sign in to continue

[90mstderr[2m | src/test/order-update.actions.test.ts[2m > [22m[2mAuth guard ΓÇö all three actions[2m > [22m[2mcancelOrder ΓÇö unauthenticated ΓåÆ returns auth error
[22m[39m[safeActionError] Please sign in to continue

[90mstderr[2m | src/test/order-update.actions.test.ts[2m > [22m[2mAuth guard ΓÇö all three actions[2m > [22m[2mmarkDispatched ΓÇö unauthenticated ΓåÆ returns auth error
[22m[39m[safeActionError] Please sign in to continue

[90mstderr[2m | src/test/order-update.actions.test.ts[2m > [22m[2mconfirmDelivery[2m > [22m[2mservice throws AppError ΓÇö action surfaces human-readable error
[22m[39m[safeActionError] Order is not in a deliverable state.

[90mstderr[2m | src/test/order-update.actions.test.ts[2m > [22m[2mconfirmDelivery[2m > [22m[2mservice throws generic error ΓÇö action returns safe fallback message
[22m[39m[safeActionError] Database connection failed

[90mstderr[2m | src/test/order-update.actions.test.ts[2m > [22m[2mcancelOrder[2m > [22m[2morder not found ΓÇö service throws AppError.notFound ΓåÆ action surfaces error
[22m[39m[safeActionError] Order not found

[90mstderr[2m | src/test/order-update.actions.test.ts[2m > [22m[2mcancelOrder[2m > [22m[2mcancellation past window ΓÇö service throws ORDER_WRONG_STATE ΓåÆ action surfaces error
[22m[39m[safeActionError] Cancellation window has closed.

[90mstderr[2m | src/test/order-update.actions.test.ts[2m > [22m[2mmarkDispatched[2m > [22m[2mservice throws ΓÇö action surfaces safe error message
[22m[39m[safeActionError] Order is not in a dispatchable state

[90mstderr[2m | src/test/order-update.actions.test.ts[2m > [22m[2mError handling ΓÇö all actions return ActionResult on any throw[2m > [22m[2mconfirmDelivery ΓÇö never throws, always 
returns ActionResult
[22m[39m[safeActionError] Unexpected DB error

[90mstderr[2m | src/test/order-update.actions.test.ts[2m > [22m[2mError handling ΓÇö all actions return ActionResult on any throw[2m > [22m[2mcancelOrder ΓÇö never throws, always returns 
ActionResult
[22m[39m[safeActionError] Connection reset

[90mstderr[2m | src/test/order-update.actions.test.ts[2m > [22m[2mError handling ΓÇö all actions return ActionResult on any throw[2m > [22m[2mmarkDispatched ΓÇö never throws, always returns 
ActionResult
[22m[39m[safeActionError] Timeout

 [32mΓ£ô[39m src/test/order-update.actions.test.ts[2m > [22mAuth guard ΓÇö all three actions[2m > [22mconfirmDelivery ΓÇö unauthenticated ΓåÆ returns auth error[32m 9[2mms[22m[39m
 [32mΓ£ô[39m src/test/order-update.actions.test.ts[2m > [22mAuth guard ΓÇö all three actions[2m > [22mcancelOrder ΓÇö unauthenticated ΓåÆ returns auth error[32m 2[2mms[22m[39m
 [32mΓ£ô[39m src/test/order-update.actions.test.ts[2m > [22mAuth guard ΓÇö all three actions[2m > [22mmarkDispatched ΓÇö unauthenticated ΓåÆ returns auth error[32m 2[2mms[22m[39m
 [32mΓ£ô[39m src/test/order-update.actions.test.ts[2m > [22mconfirmDelivery[2m > [22mhappy path ΓÇö delegates to orderService.confirmDelivery with userId[32m 5[2mms[22m[39m
 [32mΓ£ô[39m src/test/order-update.actions.test.ts[2m > [22mconfirmDelivery[2m > [22mhappy path ΓÇö works without optional feedback argument[32m 1[2mms[22m[39m
 [32mΓ£ô[39m src/test/order-update.actions.test.ts[2m > [22mconfirmDelivery[2m > [22mschema validation ΓÇö empty orderId returns error without calling service[32m 1[2mms[22m[39m
 [32mΓ£ô[39m src/test/order-update.actions.test.ts[2m > [22mconfirmDelivery[2m > [22mservice throws AppError ΓÇö action surfaces human-readable error[32m 1[2mms[22m[39m
 [32mΓ£ô[39m src/test/order-update.actions.test.ts[2m > [22mconfirmDelivery[2m > [22mservice throws generic error ΓÇö action returns safe fallback message[32m 1[2mms[22m[39m
 [32mΓ£ô[39m src/test/order-update.actions.test.ts[2m > [22mconfirmDelivery[2m > [22mfeedback with issueType and notes is passed through to service[32m 1[2mms[22m[39m
 [32mΓ£ô[39m src/test/order-update.actions.test.ts[2m > [22mcancelOrder[2m > [22mhappy path ΓÇö buyer cancels order[32m 1[2mms[22m[39m
 [32mΓ£ô[39m src/test/order-update.actions.test.ts[2m > [22mcancelOrder[2m > [22mhappy path ΓÇö seller cancels with reason[32m 0[2mms[22m[39m
 [32mΓ£ô[39m src/test/order-update.actions.test.ts[2m > [22mcancelOrder[2m > [22mschema validation ΓÇö empty orderId returns error without calling service[32m 0[2mms[22m[39m
 [32mΓ£ô[39m src/test/order-update.actions.test.ts[2m > [22mcancelOrder[2m > [22morder not found ΓÇö service throws AppError.notFound ΓåÆ action surfaces error[32m 1[2mms[22m[39m
 [32mΓ£ô[39m src/test/order-update.actions.test.ts[2m > [22mcancelOrder[2m > [22mcancellation past window ΓÇö service throws ORDER_WRONG_STATE ΓåÆ action surfaces error[32m 0[2mms[22m[39m
 [32mΓ£ô[39m src/test/order-update.actions.test.ts[2m > [22mmarkDispatched[2m > [22mhappy path ΓÇö seller marks dispatched with tracking details[32m 1[2mms[22m[39m
 [32mΓ£ô[39m src/test/order-update.actions.test.ts[2m > [22mmarkDispatched[2m > [22mtracking number is persisted ΓÇö passed through to service[32m 0[2mms[22m[39m
 [32mΓ£ô[39m src/test/order-update.actions.test.ts[2m > [22mmarkDispatched[2m > [22minvalid courier ΓÇö not in getListValues list ΓåÆ returns error without calling service[32m 0[2mms[22m[39m
 [32mΓ£ô[39m src/test/order-update.actions.test.ts[2m > [22mmarkDispatched[2m > [22mschema validation ΓÇö missing trackingNumber ΓåÆ returns error without service call[32m 0[2mms[22m[39m
 [32mΓ£ô[39m src/test/order-update.actions.test.ts[2m > [22mmarkDispatched[2m > [22mschema validation ΓÇö empty dispatchPhotos array ΓåÆ returns error[32m 0[2mms[22m[39m
 [32mΓ£ô[39m src/test/order-update.actions.test.ts[2m > [22mmarkDispatched[2m > [22mschema validation ΓÇö empty orderId ΓåÆ returns error[32m 0[2mms[22m[39m
 [32mΓ£ô[39m src/test/order-update.actions.test.ts[2m > [22mmarkDispatched[2m > [22mservice throws ΓÇö action surfaces safe error message[32m 1[2mms[22m[39m
 [32mΓ£ô[39m src/test/order-update.actions.test.ts[2m > [22mmarkDispatched[2m > [22moptional trackingUrl is passed through when provided[32m 1[2mms[22m[39m
 [32mΓ£ô[39m src/test/order-update.actions.test.ts[2m > [22mError handling ΓÇö all actions return ActionResult on any throw[2m > [22mconfirmDelivery ΓÇö never throws, always returns ActionResult[32m 3[2mms[22m[39m
 [32mΓ£ô[39m src/test/order-update.actions.test.ts[2m > [22mError handling ΓÇö all actions return ActionResult on any throw[2m > [22mcancelOrder ΓÇö never throws, always returns ActionResult[32m 1[2mms[22m[39m
 [32mΓ£ô[39m src/test/order-update.actions.test.ts[2m > [22mError handling ΓÇö all actions return ActionResult on any throw[2m > [22mmarkDispatched ΓÇö never throws, always returns ActionResult[32m 2[2mms[22m[39m
 [32mΓ£ô[39m src/test/currency.test.ts[2m > [22mtoCents[2m > [22mtoCents(50) === 5000[32m 5[2mms[22m[39m
 [32mΓ£ô[39m src/test/currency.test.ts[2m > [22mtoCents[2m > [22mtoCents(50.99) === 5099 (correct rounding)[32m 0[2mms[22m[39m
 [32mΓ£ô[39m src/test/currency.test.ts[2m > [22mtoCents[2m > [22mtoCents(50.999) === 5100 (Math.round rounds up at .5)[32m 0[2mms[22m[39m
 [32mΓ£ô[39m src/test/currency.test.ts[2m > [22mtoCents[2m > [22mtoCents(0) === 0[32m 0[2mms[22m[39m
 [32mΓ£ô[39m src/test/currency.test.ts[2m > [22mtoCents[2m > [22mtoCents rounds up at 0.5 ΓÇö not floor[32m 0[2mms[22m[39m
 [32mΓ£ô[39m src/test/currency.test.ts[2m > [22mfromCents[2m > [22mfromCents(5099) === 50.99[32m 0[2mms[22m[39m
 [32mΓ£ô[39m src/test/currency.test.ts[2m > [22mfromCents[2m > [22mfromCents(5000) === 50[32m 0[2mms[22m[39m
 [32mΓ£ô[39m src/test/currency.test.ts[2m > [22mfromCents[2m > [22mfromCents(0) === 0[32m 0[2mms[22m[39m
 [32mΓ£ô[39m src/test/currency.test.ts[2m > [22mfromCents[2m > [22mround-trips: fromCents(toCents(x)) === x for whole cents[32m 0[2mms[22m[39m
 [32mΓ£ô[39m src/test/currency.test.ts[2m > [22mformatCentsAsNzd[2m > [22mformatCentsAsNzd(5099) === '$50.99 NZD'[32m 0[2mms[22m[39m
 [32mΓ£ô[39m src/test/currency.test.ts[2m > [22mformatCentsAsNzd[2m > [22mformatCentsAsNzd(5000) === '$50.00 NZD'[32m 0[2mms[22m[39m
 [32mΓ£ô[39m src/test/currency.test.ts[2m > [22mformatCentsAsNzd[2m > [22mformatCentsAsNzd(0) === '$0.00 NZD'[32m 0[2mms[22m[39m
 [32mΓ£ô[39m src/test/currency.test.ts[2m > [22mformatCentsAsNzd[2m > [22malways includes exactly 2 decimal places[32m 0[2mms[22m[39m
 [32mΓ£ô[39m src/test/currency.test.ts[2m > [22mformatNzd[2m > [22mreturns a string starting with $ for positive values[32m 17[2mms[22m[39m
 [32mΓ£ô[39m src/test/currency.test.ts[2m > [22mformatNzd[2m > [22mincludes the dollar amount for 5099 cents[32m 1[2mms[22m[39m
 [32mΓ£ô[39m src/test/currency.test.ts[2m > [22mcalculateStripeFee[2m > [22mcalculateStripeFee(10000) uses the correct formula[32m 0[2mms[22m[39m
 [32mΓ£ô[39m src/test/currency.test.ts[2m > [22mcalculateStripeFee[2m > [22muses STRIPE_FEE_RATE and STRIPE_FEE_FIXED_CENTS constants[32m 0[2mms[22m[39m
 [32mΓ£ô[39m src/test/currency.test.ts[2m > [22mcalculateStripeFee[2m > [22mSTRIPE_FEE_RATE is 0.019 (1.9%)[32m 0[2mms[22m[39m
 [32mΓ£ô[39m src/test/currency.test.ts[2m > [22mcalculateStripeFee[2m > [22mSTRIPE_FEE_FIXED_CENTS is 30 (30 cents)[32m 0[2mms[22m[39m
 [32mΓ£ô[39m src/test/currency.test.ts[2m > [22mDEFAULT_PLATFORM_FEE_RATE[2m > [22mDEFAULT_PLATFORM_FEE_RATE is 0.035 (3.5%)[32m 0[2mms[22m[39m
 [32mΓ£ô[39m src/test/data-export.test.ts[2m > [22mexportUserData ΓÇö R2 upload + signed URL flow[2m > [22muploads the JSON export to R2 under exports/{userId}/... prefix[32m 21[2mms[22m[39m
 [32mΓ£ô[39m src/test/data-export.test.ts[2m > [22mexportUserData ΓÇö R2 upload + signed URL flow[2m > [22mgenerates a signed GET URL with the correct 24-hour TTL[32m 3[2mms[22m[39m
 [32mΓ£ô[39m src/test/data-export.test.ts[2m > [22mexportUserData ΓÇö R2 upload + signed URL flow[2m > [22memails the user the download URL, not the raw JSON data[32m 2[2mms[22m[39m
 [32mΓ£ô[39m src/test/data-export.test.ts[2m > [22mexportUserData ΓÇö R2 upload + signed URL flow[2m > [22mdoes NOT include jsonPayload in the email job data[32m 2[2mms[22m[39m
 [32mΓ£ô[39m src/test/data-export.test.ts[2m > [22mexportUserData ΓÇö R2 upload + signed URL flow[2m > [22mpropagates an error and does not send an email if the R2 upload fails[32m 2[2mms[22m[39m
 [32mΓ£ô[39m src/test/data-export.test.ts[2m > [22mexportUserData ΓÇö R2 upload + signed URL flow[2m > [22mincludes the userId in the R2 key so exports are namespaced per user[32m 1[2mms[22m[39m
 [32mΓ£ô[39m src/test/data-export.test.ts[2m > [22mcleanupExportFiles ΓÇö R2 stale file removal[2m > [22mdeletes R2 objects under exports/ that are older than 24 hours[32m 2[2mms[22m[39m
 [32mΓ£ô[39m src/test/data-export.test.ts[2m > [22mcleanupExportFiles ΓÇö R2 stale file removal[2m > [22mreturns errors: 1 and deleted: 0 when R2 list throws[32m 0[2mms[22m[39m
[90mstderr[2m | src/test/interactions.actions.test.ts[2m > [22m[2mrequestCancellation[2m > [22m[2munauthenticated ΓåÆ returns auth error and does not call service
[22m[39m[safeActionError] Unauthenticated

[90mstderr[2m | src/test/interactions.actions.test.ts[2m > [22m[2mrequestCancellation[2m > [22m[2mservice throws ΓåÆ returns safe fallback error
[22m[39m[safeActionError] Unexpected DB error

[90mstderr[2m | src/test/interactions.actions.test.ts[2m > [22m[2mrespondToCancellation[2m > [22m[2munauthenticated ΓåÆ returns auth error and does not call service
[22m[39m[safeActionError] Unauthenticated

[90mstderr[2m | src/test/interactions.actions.test.ts[2m > [22m[2mrespondToCancellation[2m > [22m[2mservice throws ΓåÆ returns safe fallback error
[22m[39m[safeActionError] Network error

[90mstderr[2m | src/test/interactions.actions.test.ts[2m > [22m[2mrequestReturn[2m > [22m[2munauthenticated ΓåÆ returns auth error
[22m[39m[safeActionError] Unauthenticated

[90mstderr[2m | src/test/interactions.actions.test.ts[2m > [22m[2mrespondToReturn[2m > [22m[2munauthenticated ΓåÆ returns auth error
[22m[39m[safeActionError] Unauthenticated

[90mstderr[2m | src/test/interactions.actions.test.ts[2m > [22m[2mrequestPartialRefund[2m > [22m[2munauthenticated ΓåÆ returns auth error
[22m[39m[safeActionError] Unauthenticated

[90mstderr[2m | src/test/interactions.actions.test.ts[2m > [22m[2mrequestPartialRefund[2m > [22m[2mservice throws ΓåÆ returns safe fallback error
[22m[39m[safeActionError] Unexpected error

[90mstderr[2m | src/test/interactions.actions.test.ts[2m > [22m[2mrespondToPartialRefund[2m > [22m[2munauthenticated ΓåÆ returns auth error
[22m[39m[safeActionError] Unauthenticated

[90mstderr[2m | src/test/interactions.actions.test.ts[2m > [22m[2mrespondToPartialRefund[2m > [22m[2mservice throws ΓåÆ returns safe fallback error
[22m[39m[safeActionError] DB connection lost

[90mstderr[2m | src/test/interactions.actions.test.ts[2m > [22m[2mnotifyShippingDelay[2m > [22m[2munauthenticated ΓåÆ returns auth error
[22m[39m[safeActionError] Unauthenticated

[90mstderr[2m | src/test/interactions.actions.test.ts[2m > [22m[2mrespondToShippingDelay[2m > [22m[2munauthenticated ΓåÆ returns auth error
[22m[39m[safeActionError] Unauthenticated

 [32mΓ£ô[39m src/test/interactions.actions.test.ts[2m > [22mrequestCancellation[2m > [22munauthenticated ΓåÆ returns auth error and does not call service[32m 7[2mms[22m[39m
 [32mΓ£ô[39m src/test/interactions.actions.test.ts[2m > [22mrequestCancellation[2m > [22minvalid input (missing orderId) ΓåÆ returns validation error[32m 2[2mms[22m[39m
 [32mΓ£ô[39m src/test/interactions.actions.test.ts[2m > [22mrequestCancellation[2m > [22minvalid input (reason too short) ΓåÆ returns validation error[32m 1[2mms[22m[39m
 [32mΓ£ô[39m src/test/interactions.actions.test.ts[2m > [22mrequestCancellation[2m > [22mhappy path ΓåÆ returns autoApproved result[32m 3[2mms[22m[39m
 [32mΓ£ô[39m src/test/interactions.actions.test.ts[2m > [22mrequestCancellation[2m > [22mservice returns ok:false ΓåÆ propagates error message[32m 1[2mms[22m[39m
 [32mΓ£ô[39m src/test/interactions.actions.test.ts[2m > [22mrequestCancellation[2m > [22mservice throws ΓåÆ returns safe fallback error[32m 1[2mms[22m[39m
 [32mΓ£ô[39m src/test/interactions.actions.test.ts[2m > [22mrespondToCancellation[2m > [22munauthenticated ΓåÆ returns auth error and does not call service[32m 1[2mms[22m[39m
 [32mΓ£ô[39m src/test/interactions.actions.test.ts[2m > [22mrespondToCancellation[2m > [22minvalid input (bad action value) ΓåÆ returns validation error[32m 1[2mms[22m[39m
 [32mΓ£ô[39m src/test/interactions.actions.test.ts[2m > [22mrespondToCancellation[2m > [22minvalid input (missing interactionId) ΓåÆ returns validation error[32m 1[2mms[22m[39m
 [32mΓ£ô[39m src/test/interactions.actions.test.ts[2m > [22mrespondToCancellation[2m > [22mhappy path ACCEPT ΓåÆ calls service with correct args[32m 1[2mms[22m[39m
 [32mΓ£ô[39m src/test/interactions.actions.test.ts[2m > [22mrespondToCancellation[2m > [22mhappy path REJECT without responseNote ΓåÆ calls service with undefined note[32m 0[2mms[22m[39m
 [32mΓ£ô[39m src/test/interactions.actions.test.ts[2m > [22mrespondToCancellation[2m > [22mservice returns ok:false ΓåÆ propagates error[32m 0[2mms[22m[39m
 [32mΓ£ô[39m src/test/interactions.actions.test.ts[2m > [22mrespondToCancellation[2m > [22mservice throws ΓåÆ returns safe fallback error[32m 0[2mms[22m[39m
 [32mΓ£ô[39m src/test/interactions.actions.test.ts[2m > [22mrequestReturn[2m > [22munauthenticated ΓåÆ returns auth error[32m 1[2mms[22m[39m
 [32mΓ£ô[39m src/test/interactions.actions.test.ts[2m > [22mrequestReturn[2m > [22minvalid input (reason too short) ΓåÆ returns validation error[32m 1[2mms[22m[39m
 [32mΓ£ô[39m src/test/interactions.actions.test.ts[2m > [22mrequestReturn[2m > [22mhappy path without optional details ΓåÆ returns interactionId[32m 0[2mms[22m[39m
 [32mΓ£ô[39m src/test/interactions.actions.test.ts[2m > [22mrequestReturn[2m > [22mhappy path with optional details ΓåÆ passes details to service[32m 1[2mms[22m[39m
 [32mΓ£ô[39m src/test/interactions.actions.test.ts[2m > [22mrequestReturn[2m > [22mservice returns ok:false ΓåÆ propagates error[32m 0[2mms[22m[39m
 [32mΓ£ô[39m src/test/interactions.actions.test.ts[2m > [22mrespondToReturn[2m > [22munauthenticated ΓåÆ returns auth error[32m 1[2mms[22m[39m
 [32mΓ£ô[39m src/test/interactions.actions.test.ts[2m > [22mrespondToReturn[2m > [22mhappy path ACCEPT ΓåÆ returns success[32m 1[2mms[22m[39m
 [32mΓ£ô[39m src/test/interactions.actions.test.ts[2m > [22mrespondToReturn[2m > [22mservice returns ok:false ΓåÆ propagates error[32m 0[2mms[22m[39m
 [32mΓ£ô[39m src/test/interactions.actions.test.ts[2m > [22mrequestPartialRefund[2m > [22munauthenticated ΓåÆ returns auth error[32m 0[2mms[22m[39m
 [32mΓ£ô[39m src/test/interactions.actions.test.ts[2m > [22mrequestPartialRefund[2m > [22minvalid input (non-positive amount) ΓåÆ returns validation error[32m 1[2mms[22m[39m
 [32mΓ£ô[39m src/test/interactions.actions.test.ts[2m > [22mrequestPartialRefund[2m > [22minvalid input (zero amount) ΓåÆ returns validation error[32m 0[2mms[22m[39m
 [32mΓ£ô[39m src/test/interactions.actions.test.ts[2m > [22mrequestPartialRefund[2m > [22minvalid input (reason too short) ΓåÆ returns validation error[32m 0[2mms[22m[39m
 [32mΓ£ô[39m src/test/interactions.actions.test.ts[2m > [22mrequestPartialRefund[2m > [22mhappy path ΓåÆ returns interactionId[32m 0[2mms[22m[39m
 [32mΓ£ô[39m src/test/interactions.actions.test.ts[2m > [22mrequestPartialRefund[2m > [22mservice returns ok:false ΓåÆ propagates error[32m 0[2mms[22m[39m
 [32mΓ£ô[39m src/test/interactions.actions.test.ts[2m > [22mrequestPartialRefund[2m > [22mservice throws ΓåÆ returns safe fallback error[32m 0[2mms[22m[39m
 [32mΓ£ô[39m src/test/interactions.actions.test.ts[2m > [22mrespondToPartialRefund[2m > [22munauthenticated ΓåÆ returns auth error[32m 0[2mms[22m[39m
 [32mΓ£ô[39m src/test/interactions.actions.test.ts[2m > [22mrespondToPartialRefund[2m > [22minvalid action value ΓåÆ returns validation error[32m 1[2mms[22m[39m
 [32mΓ£ô[39m src/test/interactions.actions.test.ts[2m > [22mrespondToPartialRefund[2m > [22mhappy path ACCEPT ΓåÆ calls service correctly[32m 0[2mms[22m[39m
 [32mΓ£ô[39m src/test/interactions.actions.test.ts[2m > [22mrespondToPartialRefund[2m > [22mhappy path COUNTER with counterAmount ΓåÆ passes amount to service[32m 0[2mms[22m[39m
 [32mΓ£ô[39m src/test/interactions.actions.test.ts[2m > [22mrespondToPartialRefund[2m > [22mhappy path REJECT ΓåÆ calls service correctly[32m 0[2mms[22m[39m
 [32mΓ£ô[39m src/test/interactions.actions.test.ts[2m > [22mrespondToPartialRefund[2m > [22mservice returns ok:false ΓåÆ propagates error[32m 0[2mms[22m[39m
 [32mΓ£ô[39m src/test/interactions.actions.test.ts[2m > [22mrespondToPartialRefund[2m > [22mservice throws ΓåÆ returns safe fallback error[32m 0[2mms[22m[39m
 [32mΓ£ô[39m src/test/interactions.actions.test.ts[2m > [22mnotifyShippingDelay[2m > [22munauthenticated ΓåÆ returns auth error[32m 0[2mms[22m[39m
 [32mΓ£ô[39m src/test/interactions.actions.test.ts[2m > [22mnotifyShippingDelay[2m > [22mhappy path without estimatedNewDate ΓåÆ returns interactionId[32m 1[2mms[22m[39m
 [32mΓ£ô[39m src/test/interactions.actions.test.ts[2m > [22mnotifyShippingDelay[2m > [22mhappy path with estimatedNewDate ΓåÆ passes date to service[32m 0[2mms[22m[39m
 [32mΓ£ô[39m src/test/interactions.actions.test.ts[2m > [22mnotifyShippingDelay[2m > [22mservice returns ok:false ΓåÆ propagates error[32m 0[2mms[22m[39m
 [32mΓ£ô[39m src/test/interactions.actions.test.ts[2m > [22mrespondToShippingDelay[2m > [22munauthenticated ΓåÆ returns auth error[32m 1[2mms[22m[39m
 [32mΓ£ô[39m src/test/interactions.actions.test.ts[2m > [22mrespondToShippingDelay[2m > [22mhappy path ACCEPT ΓåÆ calls service correctly[32m 0[2mms[22m[39m
 [32mΓ£ô[39m src/test/interactions.actions.test.ts[2m > [22mrespondToShippingDelay[2m > [22mservice returns ok:false ΓåÆ propagates error[32m 0[2mms[22m[39m
 [32mΓ£ô[39m src/test/interactions.actions.test.ts[2m > [22mgetOrderInteractions[2m > [22munauthenticated ΓåÆ returns auth error[32m 0[2mms[22m[39m
 [32mΓ£ô[39m src/test/interactions.actions.test.ts[2m > [22mgetOrderInteractions[2m > [22mhappy path ΓåÆ returns list of interactions[32m 1[2mms[22m[39m
 [32mΓ£ô[39m src/test/interactions.actions.test.ts[2m > [22mgetOrderInteractions[2m > [22madmin user ΓåÆ passes isAdmin=true to service[32m 0[2mms[22m[39m
 [32mΓ£ô[39m src/test/interactions.actions.test.ts[2m > [22mgetOrderInteractions[2m > [22mservice returns ok:false ΓåÆ propagates error[32m 0[2mms[22m[39m
 [32mΓ£ô[39m src/test/interactions.actions.test.ts[2m > [22mgetOrderInteractions[2m > [22mservice throws ΓåÆ returns fallback error message[32m 0[2mms[22m[39m
 [32mΓ£ô[39m src/test/stripeWebhookIdempotency.test.ts[2m > [22mStripe webhook ΓÇö Redis idempotency[2m > [22mprocesses first occurrence normally and marks as processed[32m 15[2mms[22m[39m
 [32mΓ£ô[39m src/test/stripeWebhookIdempotency.test.ts[2m > [22mStripe webhook ΓÇö Redis idempotency[2m > [22mreturns 200 immediately for duplicate event and skips business logic[32m 3[2mms[22m[39m
 [32mΓ£ô[39m src/test/stripeWebhookIdempotency.test.ts[2m > [22mStripe webhook ΓÇö Redis idempotency[2m > [22muses the correct Redis key format for idempotency lookup[32m 1[2mms[22m[39m
 [32mΓ£ô[39m src/test/stripeWebhookIdempotency.test.ts[2m > [22mStripe webhook ΓÇö Redis idempotency[2m > [22mstores JSON metadata with 72-hour TTL after successful processing[32m 2[2mms[22m[39m
 [32mΓ£ô[39m src/test/stripeWebhookIdempotency.test.ts[2m > [22mStripe webhook ΓÇö Redis idempotency[2m > [22mfails open when Redis is unavailable during idempotency check[32m 3[2mms[22m[39m
 [32mΓ£ô[39m src/test/stripeWebhookIdempotency.test.ts[2m > [22mStripe webhook ΓÇö Redis idempotency[2m > [22mlogs error but still returns 200 when Redis mark fails after processing[32m 1[2mms[22m[39m
 [32mΓ£ô[39m src/test/stripeWebhookIdempotency.test.ts[2m > [22mStripe webhook ΓÇö Redis idempotency[2m > [22mdoes NOT mark as processed in Redis when business logic fails[32m 1[2mms[22m[39m
 [32mΓ£ô[39m src/test/stripeWebhookIdempotency.test.ts[2m > [22mStripe webhook ΓÇö Redis idempotency[2m > [22mperforms signature verification BEFORE the idempotency check[32m 1[2mms[22m[39m
 [32mΓ£ô[39m src/test/stripeWebhookIdempotency.test.ts[2m > [22mStripe webhook ΓÇö Redis idempotency[2m > [22mreturns 400 for invalid signature and never touches Redis[32m 1[2mms[22m[39m
 [32mΓ£ô[39m src/test/stripeWebhookIdempotency.test.ts[2m > [22mStripe webhook ΓÇö Redis idempotency[2m > [22mhandler failure ΓåÆ event NOT marked processed in Redis[32m 1[2mms[22m[39m
 [32mΓ£ô[39m src/test/stripeWebhookIdempotency.test.ts[2m > [22mStripe webhook ΓÇö Redis idempotency[2m > [22mhandler success ΓåÆ Redis marked AFTER processEvent completes[32m 1[2mms[22m[39m
 [32mΓ£ô[39m src/test/stripeWebhookIdempotency.test.ts[2m > [22mStripe webhook ΓÇö Redis idempotency[2m > [22msecond identical event is skipped (idempotency still works after fix)[32m 1[2mms[22m[39m
 [32mΓ£ô[39m src/test/stripeWebhookIdempotency.test.ts[2m > [22mStripe webhook ΓÇö Redis idempotency[2m > [22mcrash simulation: processEvent throws ΓåÆ Redis not written, Stripe can retry[32m 1[2mms[22m[39m
 [32mΓ£ô[39m src/test/dispute.service.test.ts[2m > [22mDisputeService[2m > [22mcreateDispute[2m > [22mcreates dispute record with OPEN status[32m 6[2mms[22m[39m
 [32mΓ£ô[39m src/test/dispute.service.test.ts[2m > [22mDisputeService[2m > [22mcreateDispute[2m > [22mfails if dispute already exists for order[32m 2[2mms[22m[39m
 [32mΓ£ô[39m src/test/dispute.service.test.ts[2m > [22mDisputeService[2m > [22mcreateDispute[2m > [22mcreates evidence records for buyer-submitted evidence[32m 1[2mms[22m[39m
 [32mΓ£ô[39m src/test/dispute.service.test.ts[2m > [22mDisputeService[2m > [22mcreateDispute[2m > [22mskips evidence creation when no keys provided[32m 1[2mms[22m[39m
 [32mΓ£ô[39m src/test/dispute.service.test.ts[2m > [22mDisputeService[2m > [22mcreateDispute[2m > [22mlogs dispute creation with details[32m 1[2mms[22m[39m
 [32mΓ£ô[39m src/test/dispute.service.test.ts[2m > [22mDisputeService[2m > [22maddSellerResponse[2m > [22mrecords seller statement and transitions to SELLER_RESPONDED[32m 1[2mms[22m[39m
 [32mΓ£ô[39m src/test/dispute.service.test.ts[2m > [22mDisputeService[2m > [22maddSellerResponse[2m > [22mfails if dispute not found[32m 0[2mms[22m[39m
 [32mΓ£ô[39m src/test/dispute.service.test.ts[2m > [22mDisputeService[2m > [22maddSellerResponse[2m > [22mfails if dispute already resolved[32m 0[2mms[22m[39m
 [32mΓ£ô[39m src/test/dispute.service.test.ts[2m > [22mDisputeService[2m > [22maddSellerResponse[2m > [22maccepts response from AWAITING_SELLER_RESPONSE state[32m 0[2mms[22m[39m
 [32mΓ£ô[39m src/test/dispute.service.test.ts[2m > [22mDisputeService[2m > [22maddSellerResponse[2m > [22mcreates evidence when seller provides keys[32m 1[2mms[22m[39m
 [32mΓ£ô[39m src/test/dispute.service.test.ts[2m > [22mDisputeService[2m > [22maddEvidence[2m > [22mcreates evidence records for buyer uploads[32m 1[2mms[22m[39m
 [32mΓ£ô[39m src/test/dispute.service.test.ts[2m > [22mDisputeService[2m > [22maddEvidence[2m > [22mdoes nothing when no keys provided[32m 0[2mms[22m[39m
 [32mΓ£ô[39m src/test/dispute.service.test.ts[2m > [22mDisputeService[2m > [22maddEvidence[2m > [22mtransitions OPEN dispute to AWAITING_SELLER_RESPONSE for seller evidence[32m 1[2mms[22m[39m
 [32mΓ£ô[39m src/test/dispute.service.test.ts[2m > [22mDisputeService[2m > [22maddEvidence[2m > [22mdoes not transition non-OPEN dispute for seller evidence[32m 0[2mms[22m[39m
 [32mΓ£ô[39m src/test/dispute.service.test.ts[2m > [22mDisputeService[2m > [22maddEvidence[2m > [22mdoes not transition dispute for buyer evidence[32m 0[2mms[22m[39m
 [32mΓ£ô[39m src/test/dispute.service.test.ts[2m > [22mDisputeService[2m > [22mresolveDispute[2m > [22mresolves BUYER_WON as RESOLVED_BUYER[32m 0[2mms[22m[39m
 [32mΓ£ô[39m src/test/dispute.service.test.ts[2m > [22mDisputeService[2m > [22mresolveDispute[2m > [22mresolves SELLER_WON as RESOLVED_SELLER[32m 0[2mms[22m[39m
 [32mΓ£ô[39m src/test/dispute.service.test.ts[2m > [22mDisputeService[2m > [22mresolveDispute[2m > [22mresolves PARTIAL as PARTIAL_RESOLUTION[32m 0[2mms[22m[39m
 [32mΓ£ô[39m src/test/dispute.service.test.ts[2m > [22mDisputeService[2m > [22mresolveDispute[2m > [22mlogs resolution with details[32m 0[2mms[22m[39m
 [32mΓ£ô[39m src/test/dispute.service.test.ts[2m > [22mDisputeService[2m > [22mmarkUnderReview[2m > [22mtransitions OPEN dispute to UNDER_REVIEW[32m 0[2mms[22m[39m
 [32mΓ£ô[39m src/test/dispute.service.test.ts[2m > [22mDisputeService[2m > [22mmarkUnderReview[2m > [22mtransitions SELLER_RESPONDED to UNDER_REVIEW[32m 0[2mms[22m[39m
 [32mΓ£ô[39m src/test/dispute.service.test.ts[2m > [22mDisputeService[2m > [22mmarkUnderReview[2m > [22mtransitions AWAITING_SELLER_RESPONSE to UNDER_REVIEW[32m 0[2mms[22m[39m
 [32mΓ£ô[39m src/test/dispute.service.test.ts[2m > [22mDisputeService[2m > [22mmarkUnderReview[2m > [22mdoes not transition resolved dispute[32m 0[2mms[22m[39m
 [32mΓ£ô[39m src/test/dispute.service.test.ts[2m > [22mDisputeService[2m > [22mmarkUnderReview[2m > [22mdoes nothing if dispute not found[32m 0[2mms[22m[39m
 [32mΓ£ô[39m src/test/dispute.service.test.ts[2m > [22mDisputeService[2m > [22mgetDisputeByOrderId[2m > [22mreturns dispute with evidence[32m 0[2mms[22m[39m
 [32mΓ£ô[39m src/test/dispute.service.test.ts[2m > [22mDisputeService[2m > [22mgetDisputeByOrderId[2m > [22mreturns null if no dispute exists[32m 0[2mms[22m[39m
 [32mΓ£ô[39m src/test/dispute.service.test.ts[2m > [22mDisputeService[2m > [22mgetDisputeById[2m > [22mreturns dispute by ID with evidence[32m 0[2mms[22m[39m
 [32mΓ£ô[39m src/test/dispute.service.test.ts[2m > [22mDisputeService[2m > [22mgetDisputeById[2m > [22mreturns null for non-existent dispute[32m 0[2mms[22m[39m
[90mstderr[2m | src/test/listing-actions.test.ts[2m > [22m[2mcreateListing[2m > [22m[2mrejects when not authenticated
[22m[39m[safeActionError] Unauthorised

[90mstderr[2m | src/test/listing-actions.test.ts[2m > [22m[2mdeleteListing[2m > [22m[2mreturns error when service throws (e.g. active orders)
[22m[39m[safeActionError] Cannot delete listing with active orders.

 [32mΓ£ô[39m src/test/listing-actions.test.ts[2m > [22mcreateListing[2m > [22mcreates listing successfully with valid input[32m 12[2mms[22m[39m
 [32mΓ£ô[39m src/test/listing-actions.test.ts[2m > [22mcreateListing[2m > [22mrejects when not authenticated[32m 3[2mms[22m[39m
 [32mΓ£ô[39m src/test/listing-actions.test.ts[2m > [22mcreateListing[2m > [22mrejects missing required fields (Zod validation)[32m 3[2mms[22m[39m
 [32mΓ£ô[39m src/test/listing-actions.test.ts[2m > [22mcreateListing[2m > [22mrate limits listing creation[32m 1[2mms[22m[39m
 [32mΓ£ô[39m src/test/listing-actions.test.ts[2m > [22mcreateListing[2m > [22mreturns service error when listing service rejects[32m 1[2mms[22m[39m
 [32mΓ£ô[39m src/test/listing-actions.test.ts[2m > [22mcreateListing[2m > [22mreturns error from service layer (e.g. invalid category)[32m 1[2mms[22m[39m
 [32mΓ£ô[39m src/test/listing-actions.test.ts[2m > [22mupdateListing[2m > [22mupdates listing successfully[32m 2[2mms[22m[39m
 [32mΓ£ô[39m src/test/listing-actions.test.ts[2m > [22mupdateListing[2m > [22mrejects invalid update data[32m 1[2mms[22m[39m
 [32mΓ£ô[39m src/test/listing-actions.test.ts[2m > [22mupdateListing[2m > [22mreturns error from service (e.g. non-owner)[32m 1[2mms[22m[39m
 [32mΓ£ô[39m src/test/listing-actions.test.ts[2m > [22mdeleteListing[2m > [22mdeletes listing successfully[32m 1[2mms[22m[39m
 [32mΓ£ô[39m src/test/listing-actions.test.ts[2m > [22mdeleteListing[2m > [22mreturns error when service throws (e.g. active orders)[32m 1[2mms[22m[39m
 [32mΓ£ô[39m src/test/listing-actions.test.ts[2m > [22mtoggleWatch[2m > [22mtoggles watch on a listing[32m 1[2mms[22m[39m
 [32mΓ£ô[39m src/test/listing-actions.test.ts[2m > [22mtoggleWatch[2m > [22mrejects invalid input[32m 0[2mms[22m[39m
 [32mΓ£ô[39m src/test/listing-actions.test.ts[2m > [22msaveDraft[2m > [22msaves draft successfully[32m 2[2mms[22m[39m
 [32mΓ£ô[39m src/test/listing-actions.test.ts[2m > [22msaveDraft[2m > [22mrate limits draft saves[32m 1[2mms[22m[39m
 [32mΓ£ô[39m src/test/listing-actions.test.ts[2m > [22mgetListingForEdit[2m > [22mreturns listing data for owner[32m 1[2mms[22m[39m
 [32mΓ£ô[39m src/test/listing-actions.test.ts[2m > [22mgetListingForEdit[2m > [22mreturns error for non-owner[32m 0[2mms[22m[39m
 [32mΓ£ô[39m src/test/image-processor.test.ts[2m > [22mvalidateImageFile ΓÇö upload-time validation[2m > [22maccepts a valid JPEG with correct magic bytes[32m 2[2mms[22m[39m
 [32mΓ£ô[39m src/test/image-processor.test.ts[2m > [22mvalidateImageFile ΓÇö upload-time validation[2m > [22mrejects a file whose magic bytes do not match the declared MIME type[32m 1[2mms[22m[39m
 [32mΓ£ô[39m src/test/image-processor.test.ts[2m > [22mvalidateImageFile ΓÇö upload-time validation[2m > [22mrejects a file that exceeds the 8 MB size limit[32m 0[2mms[22m[39m
 [32mΓ£ô[39m src/test/image-processor.test.ts[2m > [22mvalidateImageFile ΓÇö upload-time validation[2m > [22mrejects an SVG file to prevent stored XSS[32m 0[2mms[22m[39m
 [32mΓ£ô[39m src/test/image-processor.test.ts[2m > [22mvalidateImageFile ΓÇö upload-time validation[2m > [22mrejects a file with a dangerous extension (.php)[32m 0[2mms[22m[39m
 [32mΓ£ô[39m src/test/image-processor.test.ts[2m > [22mvalidateImageFile ΓÇö upload-time validation[2m > [22mrejects a valid-looking PNG declared as JPEG[32m 0[2mms[22m[39m
 [32mΓ£ô[39m src/test/image-processor.test.ts[2m > [22mvalidateMagicBytes ΓÇö low-level signature check[2m > [22mreturns true for a JPEG buffer with the correct signature[32m 0[2mms[22m[39m
 [32mΓ£ô[39m src/test/image-processor.test.ts[2m > [22mvalidateMagicBytes ΓÇö low-level signature check[2m > [22mreturns true for a PNG buffer with the correct signature[32m 0[2mms[22m[39m
 [32mΓ£ô[39m src/test/image-processor.test.ts[2m > [22mvalidateMagicBytes ΓÇö low-level signature check[2m > [22mreturns false when the buffer signature does not match the MIME type[32m 0[2mms[22m[39m
 [32mΓ£ô[39m src/test/image-processor.test.ts[2m > [22mvalidateMagicBytes ΓÇö low-level signature check[2m > [22mreturns false for an unsupported MIME type[32m 0[2mms[22m[39m
 [32mΓ£ô[39m src/test/image-processor.test.ts[2m > [22mscanForMalware ΓÇö content analysis[2m > [22mreturns the correct shape { isSafe, threats, confidence }[32m 0[2mms[22m[39m
 [32mΓ£ô[39m src/test/image-processor.test.ts[2m > [22mscanForMalware ΓÇö content analysis[2m > [22mreturns isSafe: true for a clean buffer with no threats[32m 1[2mms[22m[39m
 [32mΓ£ô[39m src/test/image-processor.test.ts[2m > [22mscanForMalware ΓÇö content analysis[2m > [22mreturns isSafe: true for an empty buffer[32m 0[2mms[22m[39m
 [32mΓ£ô[39m src/test/image-processor.test.ts[2m > [22mprocessImage ΓÇö pipeline execution[2m > [22mprocesses a valid image and sets isScanned: true, isSafe: true[32m 5[2mms[22m[39m
 [32mΓ£ô[39m src/test/image-processor.test.ts[2m > [22mprocessImage ΓÇö pipeline execution[2m > [22mrejects an undecodable file and marks isSafe: false in the DB[32m 3[2mms[22m[39m
 [32mΓ£ô[39m src/test/image-processor.test.ts[2m > [22mprocessImage ΓÇö pipeline execution[2m > [22mrejects an image below the 200├ù200 minimum dimensions[32m 1[2mms[22m[39m
 [32mΓ£ô[39m src/test/image-processor.test.ts[2m > [22mprocessImage ΓÇö pipeline execution[2m > [22mthrows when the image record does not exist in the DB[32m 0[2mms[22m[39m
 [32mΓ£ô[39m src/test/image-processor.test.ts[2m > [22mprocessImage ΓÇö pipeline execution[2m > [22mthrows when the image belongs to a different user[32m 0[2mms[22m[39m
 [32mΓ£ô[39m src/test/image-processor.test.ts[2m > [22mprocessImage ΓÇö pipeline execution[2m > [22msets isScanned/isSafe only to reflect pipeline checks ΓÇö not AV scan[32m 1[2mms[22m[39m
 [32mΓ£ô[39m src/test/export-cooldown.test.ts[2m > [22mexportUserData ΓÇö cooldown gate (Fix 1)[2m > [22msets the 30-day cooldown in Redis after a successful enqueue[32m 22[2mms[22m[39m
 [32mΓ£ô[39m src/test/export-cooldown.test.ts[2m > [22mexportUserData ΓÇö cooldown gate (Fix 1)[2m > [22mdoes NOT set the 30-day cooldown when email enqueuing fails[32m 2[2mms[22m[39m
 [32mΓ£ô[39m src/test/export-cooldown.test.ts[2m > [22mexportUserData ΓÇö cooldown gate (Fix 1)[2m > [22mallows a retry immediately after a failed enqueue (no cooldown blocking)[32m 2[2mms[22m[39m
 [32mΓ£ô[39m src/test/image-proxy-auth.test.ts[2m > [22mImage Proxy ΓÇö prefix-based authorisation[2m > [22mserves a public listing image without authentication (200)[32m 8[2mms[22m[39m
 [32mΓ£ô[39m src/test/image-proxy-auth.test.ts[2m > [22mImage Proxy ΓÇö prefix-based authorisation[2m > [22mserves a public profile image without authentication (200)[32m 1[2mms[22m[39m
 [32mΓ£ô[39m src/test/image-proxy-auth.test.ts[2m > [22mImage Proxy ΓÇö prefix-based authorisation[2m > [22mreturns 401 for an unauthenticated request to a dispute image[32m 3[2mms[22m[39m
 [32mΓ£ô[39m src/test/image-proxy-auth.test.ts[2m > [22mImage Proxy ΓÇö prefix-based authorisation[2m > [22mreturns 403 when an authenticated user is not a party to the order[32m 2[2mms[22m[39m
 [32mΓ£ô[39m src/test/image-proxy-auth.test.ts[2m > [22mImage Proxy ΓÇö prefix-based authorisation[2m > [22mserves a dispute image to the order buyer (200)[32m 1[2mms[22m[39m
 [32mΓ£ô[39m src/test/image-proxy-auth.test.ts[2m > [22mImage Proxy ΓÇö prefix-based authorisation[2m > [22mserves a dispute image to the order seller (200)[32m 1[2mms[22m[39m
 [32mΓ£ô[39m src/test/image-proxy-auth.test.ts[2m > [22mImage Proxy ΓÇö prefix-based authorisation[2m > [22mserves a dispute image to an admin without party check (200)[32m 1[2mms[22m[39m
 [32mΓ£ô[39m src/test/image-proxy-auth.test.ts[2m > [22mImage Proxy ΓÇö prefix-based authorisation[2m > [22mserves an export file to the owning user (200)[32m 1[2mms[22m[39m
 [32mΓ£ô[39m src/test/image-proxy-auth.test.ts[2m > [22mImage Proxy ΓÇö prefix-based authorisation[2m > [22mreturns 403 when a different user tries to access an export file[32m 1[2mms[22m[39m
 [32mΓ£ô[39m src/test/image-proxy-auth.test.ts[2m > [22mImage Proxy ΓÇö prefix-based authorisation[2m > [22mserves a KYC verification document to an admin (200)[32m 0[2mms[22m[39m
 [32mΓ£ô[39m src/test/image-proxy-auth.test.ts[2m > [22mImage Proxy ΓÇö prefix-based authorisation[2m > [22mreturns 403 when a non-admin tries to access a KYC document[32m 0[2mms[22m[39m
 [32mΓ£ô[39m src/test/image-proxy-auth.test.ts[2m > [22mImage Proxy ΓÇö prefix-based authorisation[2m > [22mreturns 404 for an unknown key prefix (fail closed)[32m 0[2mms[22m[39m
 [32mΓ£ô[39m src/test/adaptive-batch.test.ts[2m > [22mautoReleaseEscrow ΓÇö adaptive batching[2m > [22muses BATCH_SIZE_DEFAULT (100) when backlog is 0[32m 5[2mms[22m[39m
 [32mΓ£ô[39m src/test/adaptive-batch.test.ts[2m > [22mautoReleaseEscrow ΓÇö adaptive batching[2m > [22muses BATCH_SIZE_DEFAULT (100) when backlog is below default (e.g. 30)[32m 1[2mms[22m[39m
 [32mΓ£ô[39m src/test/adaptive-batch.test.ts[2m > [22mautoReleaseEscrow ΓÇö adaptive batching[2m > [22muses the exact backlog count when it falls between DEFAULT and MAX (e.g. 150)[32m 1[2mms[22m[39m
 [32mΓ£ô[39m src/test/adaptive-batch.test.ts[2m > [22mautoReleaseEscrow ΓÇö adaptive batching[2m > [22mcaps at BATCH_SIZE_MAX (500) when backlog exceeds 500[32m 1[2mms[22m[39m
 [32mΓ£ô[39m src/test/adaptive-batch.test.ts[2m > [22mautoReleaseEscrow ΓÇö adaptive batching[2m > [22mfires Sentry alert when backlog exceeds BACKLOG_ALERT_THRESHOLD (200)[32m 3[2mms[22m[39m
 [32mΓ£ô[39m src/test/adaptive-batch.test.ts[2m > [22mautoReleaseEscrow ΓÇö adaptive batching[2m > [22mdoes NOT fire Sentry alert when backlog is at or below threshold (200)[32m 2[2mms[22m[39m
 [32mΓ£ô[39m src/test/adaptive-batch.test.ts[2m > [22mautoReleaseEscrow ΓÇö adaptive batching[2m > [22mincludes remainingEstimate in completion log when batchSize < backlog[32m 2[2mms[22m[39m
 [32mΓ£ô[39m src/test/adaptive-batch.test.ts[2m > [22mautoReleaseEscrow ΓÇö adaptive batching[2m > [22mprocesses orders correctly even when batch sizing is active[32m 1[2mms[22m[39m
[90mstderr[2m | src/test/reviews.actions.test.ts[2m > [22m[2mAuth guard ΓÇö both actions[2m > [22m[2mcreateReview ΓÇö unauthenticated ΓåÆ returns auth error without calling service
[22m[39m[safeActionError] Please sign in to continue

[90mstderr[2m | src/test/reviews.actions.test.ts[2m > [22m[2mAuth guard ΓÇö both actions[2m > [22m[2mreplyToReview ΓÇö unauthenticated ΓåÆ returns auth error without calling service
[22m[39m[safeActionError] Please sign in to continue

[90mstderr[2m | src/test/reviews.actions.test.ts[2m > [22m[2mcreateReview ΓÇö error handling[2m > [22m[2mservice throws AppError (order not completed) ΓåÆ action surfaces error
[22m[39m[safeActionError] You can only leave a review after the order is completed.

[90mstderr[2m | src/test/reviews.actions.test.ts[2m > [22m[2mcreateReview ΓÇö error handling[2m > [22m[2mservice throws AppError (order not found) ΓåÆ action surfaces error
[22m[39m[safeActionError] Order not found

[90mstderr[2m | src/test/reviews.actions.test.ts[2m > [22m[2mcreateReview ΓÇö error handling[2m > [22m[2mservice throws generic error ΓåÆ action returns safe fallback message
[22m[39m[safeActionError] Database timeout

[90mstderr[2m | src/test/reviews.actions.test.ts[2m > [22m[2mcreateReview ΓÇö error handling[2m > [22m[2mnever throws ΓÇö always returns ActionResult shape
[22m[39m[safeActionError] Unexpected crash

[90mstderr[2m | src/test/reviews.actions.test.ts[2m > [22m[2mreplyToReview ΓÇö error handling[2m > [22m[2mservice throws AppError (review not found) ΓåÆ action surfaces error
[22m[39m[safeActionError] Review not found

[90mstderr[2m | src/test/reviews.actions.test.ts[2m > [22m[2mreplyToReview ΓÇö error handling[2m > [22m[2mservice throws generic error ΓåÆ action returns safe fallback message
[22m[39m[safeActionError] Connection reset

[90mstderr[2m | src/test/reviews.actions.test.ts[2m > [22m[2mreplyToReview ΓÇö error handling[2m > [22m[2mnever throws ΓÇö always returns ActionResult shape
[22m[39m[safeActionError] Unexpected crash

 [32mΓ£ô[39m src/test/offer.service.test.ts[2m > [22mOfferService[2m > [22mcreateOffer[2m > [22mcreates valid offer at 80% of price[32m 9[2mms[22m[39m
 [32mΓ£ô[39m src/test/offer.service.test.ts[2m > [22mOfferService[2m > [22mcreateOffer[2m > [22mrejects offer on own listing[32m 2[2mms[22m[39m
 [32mΓ£ô[39m src/test/offer.service.test.ts[2m > [22mOfferService[2m > [22mcreateOffer[2m > [22mrejects offer below 50% floor[32m 1[2mms[22m[39m
 [32mΓ£ô[39m src/test/offer.service.test.ts[2m > [22mOfferService[2m > [22mcreateOffer[2m > [22mrejects offer equal to or above asking price[32m 1[2mms[22m[39m
 [32mΓ£ô[39m src/test/offer.service.test.ts[2m > [22mOfferService[2m > [22mcreateOffer[2m > [22mrejects offer when listings not found[32m 1[2mms[22m[39m
 [32mΓ£ô[39m src/test/offer.service.test.ts[2m > [22mOfferService[2m > [22mcreateOffer[2m > [22mrejects offer when offers disabled on listing[32m 0[2mms[22m[39m
 [32mΓ£ô[39m src/test/offer.service.test.ts[2m > [22mOfferService[2m > [22mcreateOffer[2m > [22mrejects duplicate pending offer[32m 0[2mms[22m[39m
 [32mΓ£ô[39m src/test/offer.service.test.ts[2m > [22mOfferService[2m > [22mcreateOffer[2m > [22mrejects zero or negative offer amount[32m 0[2mms[22m[39m
 [32mΓ£ô[39m src/test/offer.service.test.ts[2m > [22mOfferService[2m > [22mcreateOffer[2m > [22msends notification to seller on offer creation[32m 1[2mms[22m[39m
 [32mΓ£ô[39m src/test/offer.service.test.ts[2m > [22mOfferService[2m > [22mcreateOffer[2m > [22msends email to seller on offer creation[32m 1[2mms[22m[39m
 [32mΓ£ô[39m src/test/offer.service.test.ts[2m > [22mOfferService[2m > [22mrespondOffer[2m > [22maccepts offer and reserves listing atomically[32m 1[2mms[22m[39m
 [32mΓ£ô[39m src/test/offer.service.test.ts[2m > [22mOfferService[2m > [22mrespondOffer[2m > [22mdeclines offer without changing listing[32m 1[2mms[22m[39m
 [32mΓ£ô[39m src/test/offer.service.test.ts[2m > [22mOfferService[2m > [22mrespondOffer[2m > [22mrejects if seller does not own offer[32m 1[2mms[22m[39m
 [32mΓ£ô[39m src/test/offer.service.test.ts[2m > [22mOfferService[2m > [22mrespondOffer[2m > [22mrejects if offer already responded[32m 0[2mms[22m[39m
 [32mΓ£ô[39m src/test/offer.service.test.ts[2m > [22mOfferService[2m > [22mrespondOffer[2m > [22mrejects if offer has expired[32m 0[2mms[22m[39m
 [32mΓ£ô[39m src/test/offer.service.test.ts[2m > [22mOfferService[2m > [22mrespondOffer[2m > [22mthrows NOT_FOUND when offer does not exist[32m 0[2mms[22m[39m
 [32mΓ£ô[39m src/test/offer.service.test.ts[2m > [22mOfferService[2m > [22mrespondOffer[2m > [22mdeclines all other pending offers when accepting (in transaction)[32m 1[2mms[22m[39m
 [32mΓ£ô[39m src/test/offer.service.test.ts[2m > [22mOfferService[2m > [22mrespondOffer[2m > [22macquires distributed lock when accepting offer[32m 1[2mms[22m[39m
 [32mΓ£ô[39m src/test/offer.service.test.ts[2m > [22mOfferService[2m > [22mrespondOffer[2m > [22mdoes not use lock when declining[32m 0[2mms[22m[39m
 [32mΓ£ô[39m src/test/offer.service.test.ts[2m > [22mOfferService[2m > [22mrespondOffer[2m > [22mnotifies buyer on acceptance[32m 1[2mms[22m[39m
 [32mΓ£ô[39m src/test/offer.service.test.ts[2m > [22mOfferService[2m > [22mrespondOffer[2m > [22mnotifies buyer on decline[32m 0[2mms[22m[39m
 [32mΓ£ô[39m src/test/offer.service.test.ts[2m > [22mOfferService[2m > [22mrespondOffer[2m > [22msends email to buyer on response[32m 0[2mms[22m[39m
 [32mΓ£ô[39m src/test/reviews.actions.test.ts[2m > [22mAuth guard ΓÇö both actions[2m > [22mcreateReview ΓÇö unauthenticated ΓåÆ returns auth error without calling service[32m 6[2mms[22m[39m
 [32mΓ£ô[39m src/test/reviews.actions.test.ts[2m > [22mAuth guard ΓÇö both actions[2m > [22mreplyToReview ΓÇö unauthenticated ΓåÆ returns auth error without calling service[32m 1[2mms[22m[39m
 [32mΓ£ô[39m src/test/reviews.actions.test.ts[2m > [22mcreateReview ΓÇö schema validation[2m > [22mmissing orderId ΓåÆ returns validation error with fieldErrors[32m 4[2mms[22m[39m
 [32mΓ£ô[39m src/test/reviews.actions.test.ts[2m > [22mcreateReview ΓÇö schema validation[2m > [22mrating below 1 ΓåÆ returns validation error[32m 2[2mms[22m[39m
 [32mΓ£ô[39m src/test/reviews.actions.test.ts[2m > [22mcreateReview ΓÇö schema validation[2m > [22mrating above 5 ΓåÆ returns validation error[32m 1[2mms[22m[39m
 [32mΓ£ô[39m src/test/reviews.actions.test.ts[2m > [22mcreateReview ΓÇö schema validation[2m > [22mcomment shorter than 10 chars ΓåÆ returns validation error[32m 1[2mms[22m[39m
 [32mΓ£ô[39m src/test/reviews.actions.test.ts[2m > [22mcreateReview ΓÇö schema validation[2m > [22mcomment exceeds 1000 chars ΓåÆ returns validation error[32m 1[2mms[22m[39m
 [32mΓ£ô[39m src/test/reviews.actions.test.ts[2m > [22mcreateReview ΓÇö schema validation[2m > [22mmore than 6 tags ΓåÆ returns validation error[32m 2[2mms[22m[39m
 [32mΓ£ô[39m src/test/reviews.actions.test.ts[2m > [22mcreateReview ΓÇö schema validation[2m > [22mnon-object payload ΓåÆ returns validation error[32m 1[2mms[22m[39m
 [32mΓ£ô[39m src/test/reviews.actions.test.ts[2m > [22mreplyToReview ΓÇö schema validation[2m > [22mmissing reviewId ΓåÆ returns validation error without calling service[32m 1[2mms[22m[39m
 [32mΓ£ô[39m src/test/reviews.actions.test.ts[2m > [22mreplyToReview ΓÇö schema validation[2m > [22mempty reply ΓåÆ returns validation error[32m 0[2mms[22m[39m
 [32mΓ£ô[39m src/test/reviews.actions.test.ts[2m > [22mreplyToReview ΓÇö schema validation[2m > [22mreply exceeds 500 chars ΓåÆ returns validation error[32m 0[2mms[22m[39m
 [32mΓ£ô[39m src/test/reviews.actions.test.ts[2m > [22mcreateReview ΓÇö happy path[2m > [22mvalid BUYER review ΓåÆ delegates to reviewService.createReview and returns reviewId[32m 4[2mms[22m[39m
 [32mΓ£ô[39m src/test/reviews.actions.test.ts[2m > [22mcreateReview ΓÇö happy path[2m > [22mSELLER role review ΓåÆ correct reviewerRole forwarded to service[32m 1[2mms[22m[39m
 [32mΓ£ô[39m src/test/reviews.actions.test.ts[2m > [22mcreateReview ΓÇö happy path[2m > [22mtags array is passed through to service[32m 2[2mms[22m[39m
 [32mΓ£ô[39m src/test/reviews.actions.test.ts[2m > [22mcreateReview ΓÇö happy path[2m > [22mno tags provided ΓåÆ defaults to empty array, service still called[32m 1[2mms[22m[39m
 [32mΓ£ô[39m src/test/reviews.actions.test.ts[2m > [22mreplyToReview ΓÇö happy path[2m > [22mvalid reply ΓåÆ delegates to reviewService.replyToReview with userId[32m 2[2mms[22m[39m
 [32mΓ£ô[39m src/test/reviews.actions.test.ts[2m > [22mreplyToReview ΓÇö happy path[2m > [22mreturn value is { success: true, data: undefined }[32m 1[2mms[22m[39m
 [32mΓ£ô[39m src/test/reviews.actions.test.ts[2m > [22mcreateReview ΓÇö error handling[2m > [22mservice throws AppError (order not completed) ΓåÆ action surfaces error[32m 1[2mms[22m[39m
 [32mΓ£ô[39m src/test/reviews.actions.test.ts[2m > [22mcreateReview ΓÇö error handling[2m > [22mservice throws AppError (order not found) ΓåÆ action surfaces error[32m 1[2mms[22m[39m
 [32mΓ£ô[39m src/test/reviews.actions.test.ts[2m > [22mcreateReview ΓÇö error handling[2m > [22mservice throws generic error ΓåÆ action returns safe fallback message[32m 1[2mms[22m[39m
 [32mΓ£ô[39m src/test/reviews.actions.test.ts[2m > [22mcreateReview ΓÇö error handling[2m > [22mnever throws ΓÇö always returns ActionResult shape[32m 2[2mms[22m[39m
 [32mΓ£ô[39m src/test/reviews.actions.test.ts[2m > [22mreplyToReview ΓÇö error handling[2m > [22mservice throws AppError (review not found) ΓåÆ action surfaces error[32m 1[2mms[22m[39m
 [32mΓ£ô[39m src/test/reviews.actions.test.ts[2m > [22mreplyToReview ΓÇö error handling[2m > [22mservice throws generic error ΓåÆ action returns safe fallback message[32m 1[2mms[22m[39m
 [32mΓ£ô[39m src/test/reviews.actions.test.ts[2m > [22mreplyToReview ΓÇö error handling[2m > [22mnever throws ΓÇö always returns ActionResult shape[32m 1[2mms[22m[39m
 [32mΓ£ô[39m src/test/listing.service.test.ts[2m > [22mListingService - createListing[2m > [22mcreates listing successfully when all conditions are met[32m 10[2mms[22m[39m
 [32mΓ£ô[39m src/test/listing.service.test.ts[2m > [22mListingService - createListing[2m > [22mfails when email is not verified[32m 1[2mms[22m[39m
 [32mΓ£ô[39m src/test/listing.service.test.ts[2m > [22mListingService - createListing[2m > [22mfails when seller terms are not accepted[32m 1[2mms[22m[39m
 [32mΓ£ô[39m src/test/listing.service.test.ts[2m > [22mListingService - createListing[2m > [22mfails when Stripe is not onboarded[32m 1[2mms[22m[39m
 [32mΓ£ô[39m src/test/listing.service.test.ts[2m > [22mListingService - createListing[2m > [22mfails when category does not exist[32m 1[2mms[22m[39m
 [32mΓ£ô[39m src/test/listing.service.test.ts[2m > [22mListingService - createListing[2m > [22mfails when image keys are not found in the database[32m 1[2mms[22m[39m
 [32mΓ£ô[39m src/test/listing.service.test.ts[2m > [22mListingService - createListing[2m > [22mfails when images did not pass safety verification[32m 1[2mms[22m[39m
 [32mΓ£ô[39m src/test/listing.service.test.ts[2m > [22mListingService - createListing[2m > [22msets listing status to PENDING_REVIEW on creation before auto-review runs[32m 1[2mms[22m[39m
 [32mΓ£ô[39m src/test/listing.service.test.ts[2m > [22mListingService - auto-review flow[2m > [22msets status to ACTIVE when auto-review verdict is publish[32m 2[2mms[22m[39m
 [32mΓ£ô[39m src/test/listing.service.test.ts[2m > [22mListingService - auto-review flow[2m > [22msets status to REMOVED and returns ok:false when auto-review verdict is reject[32m 2[2mms[22m[39m
 [32mΓ£ô[39m src/test/listing.service.test.ts[2m > [22mListingService - auto-review flow[2m > [22mdoes not change status to ACTIVE when auto-review verdict is queue[32m 1[2mms[22m[39m
 [32mΓ£ô[39m src/test/listing.service.test.ts[2m > [22mListingService - auto-review flow[2m > [22mcalls createNotification with LISTING_REJECTED type when review rejects[32m 1[2mms[22m[39m
 [32mΓ£ô[39m src/test/listing.service.test.ts[2m > [22mListingService - auto-review flow[2m > [22mcalls createNotification with LISTING_APPROVED type when review publishes[32m 1[2mms[22m[39m
 [32mΓ£ô[39m src/test/listing.service.test.ts[2m > [22mListingService - updateListing[2m > [22mallows the listing owner to update their own listing[32m 1[2mms[22m[39m
 [32mΓ£ô[39m src/test/listing.service.test.ts[2m > [22mListingService - updateListing[2m > [22mreturns not-authorised error when non-owner attempts update[32m 1[2mms[22m[39m
 [32mΓ£ô[39m src/test/listing.service.test.ts[2m > [22mListingService - updateListing[2m > [22mreturns not-found error when listing does not exist[32m 1[2mms[22m[39m
 [32mΓ£ô[39m src/test/listing.service.test.ts[2m > [22mListingService - updateListing[2m > [22mrecords price history when price is reduced[32m 2[2mms[22m[39m
 [32mΓ£ô[39m src/test/listing.service.test.ts[2m > [22mListingService - updateListing[2m > [22mremoves listing and returns error when banned keyword found in updated content[32m 2[2mms[22m[39m
 [32mΓ£ô[39m src/test/listing.service.test.ts[2m > [22mexpireListings job[2m > [22mcalls updateMany to expire ACTIVE listings whose expiresAt has passed[32m 3[2mms[22m[39m
 [32mΓ£ô[39m src/test/listing.service.test.ts[2m > [22mexpireListings job[2m > [22mreturns the correct count of expired listings[32m 1[2mms[22m[39m
 [32mΓ£ô[39m src/test/listing.service.test.ts[2m > [22mexpireListings job[2m > [22mreturns zero when no listings have passed their expiresAt[32m 1[2mms[22m[39m
 [32mΓ£ô[39m src/test/listing.service.test.ts[2m > [22mexpireListings job[2m > [22mreturns error count when the database throws[32m 2[2mms[22m[39m
 [32mΓ£ô[39m src/test/listing.service.test.ts[2m > [22mListingService - deleteListing[2m > [22msoft-deletes a listing owned by the requesting user[32m 1[2mms[22m[39m
 [32mΓ£ô[39m src/test/listing.service.test.ts[2m > [22mListingService - deleteListing[2m > [22mallows an admin to delete any listing regardless of ownership[32m 1[2mms[22m[39m
 [32mΓ£ô[39m src/test/listing.service.test.ts[2m > [22mListingService - deleteListing[2m > [22mthrows when a non-owner non-admin attempts to delete[32m 3[2mms[22m[39m
 [32mΓ£ô[39m src/test/listing.service.test.ts[2m > [22mListingService - deleteListing[2m > [22mthrows when attempting to delete a SOLD listing[32m 1[2mms[22m[39m
 [32mΓ£ô[39m src/test/listing.service.test.ts[2m > [22mListingService - deleteListing[2m > [22mthrows NOT_FOUND when listing does not exist[32m 1[2mms[22m[39m
 [32mΓ£ô[39m src/test/listing.service.test.ts[2m > [22mListingService - deleteListing[2m > [22mthrows validation error when listing ID is empty[32m 0[2mms[22m[39m
 [32mΓ£ô[39m src/test/listing.service.test.ts[2m > [22mListingService - toggleWatch[2m > [22madds listing to watchlist and returns watching:true when not already watching[32m 1[2mms[22m[39m
 [32mΓ£ô[39m src/test/listing.service.test.ts[2m > [22mListingService - toggleWatch[2m > [22mremoves listing from watchlist and returns watching:false when already watching[32m 2[2mms[22m[39m
 [32mΓ£ô[39m src/test/listing.service.test.ts[2m > [22mListingService - toggleWatch[2m > [22mthrows NOT_FOUND when the listing does not exist[32m 1[2mms[22m[39m
 [32mΓ£ô[39m src/test/listing.service.test.ts[2m > [22mListingService - toggleWatch[2m > [22mthrows INVALID_OPERATION when a seller tries to watch their own listing[32m 1[2mms[22m[39m
 [32mΓ£ô[39m src/test/listing.service.test.ts[2m > [22mListingService - getListingById[2m > [22mreturns listing with seller info when found[32m 1[2mms[22m[39m
 [32mΓ£ô[39m src/test/listing.service.test.ts[2m > [22mListingService - getListingById[2m > [22mreturns null for an expired or missing listing (status filter excludes EXPIRED)[32m 1[2mms[22m[39m
 [32mΓ£ô[39m src/test/lock-heartbeat.test.ts[2m > [22mwithLockAndHeartbeat[2m > [22macquires the lock and runs fn()[32m 10[2mms[22m[39m
 [32mΓ£ô[39m src/test/lock-heartbeat.test.ts[2m > [22mwithLockAndHeartbeat[2m > [22mheartbeat extends TTL at each interval[32m 3[2mms[22m[39m
 [32mΓ£ô[39m src/test/lock-heartbeat.test.ts[2m > [22mwithLockAndHeartbeat[2m > [22mheartbeat fires every heartbeatIntervalSeconds[32m 1[2mms[22m[39m
 [32mΓ£ô[39m src/test/lock-heartbeat.test.ts[2m > [22mwithLockAndHeartbeat[2m > [22mheartbeat defaults to ttlSeconds / 3 when not specified[32m 1[2mms[22m[39m
 [32mΓ£ô[39m src/test/lock-heartbeat.test.ts[2m > [22mwithLockAndHeartbeat[2m > [22mfn() completes ΓåÆ lock is released[32m 1[2mms[22m[39m
 [32mΓ£ô[39m src/test/lock-heartbeat.test.ts[2m > [22mwithLockAndHeartbeat[2m > [22mfn() throws ΓåÆ heartbeat stops ΓåÆ lock is still released[32m 2[2mms[22m[39m
 [32mΓ£ô[39m src/test/lock-heartbeat.test.ts[2m > [22mwithLockAndHeartbeat[2m > [22mheartbeat stops after fn() completes ΓÇö no further expire calls[32m 1[2mms[22m[39m
 [32mΓ£ô[39m src/test/lock-heartbeat.test.ts[2m > [22mwithLockAndHeartbeat[2m > [22monly extends lock if still the owner (compare-before-extend)[32m 1[2mms[22m[39m
 [32mΓ£ô[39m src/test/lock-heartbeat.test.ts[2m > [22mwithLockAndHeartbeat[2m > [22mheartbeat failure (Redis error) is non-fatal ΓÇö lock still released[32m 1[2mms[22m[39m
 [32mΓ£ô[39m src/test/lock-heartbeat.test.ts[2m > [22mwithLockAndHeartbeat[2m > [22mthrows LOCK_CONTENTION (409) when lock is already held[32m 1[2mms[22m[39m
 [32mΓ£ô[39m src/test/lock-heartbeat.test.ts[2m > [22mwithLockAndHeartbeat[2m > [22mthrows LOCK_UNAVAILABLE (503) when Redis is unreachable during acquisition[32m 1[2mms[22m[39m
 [32mΓ£ô[39m src/test/lock-heartbeat.test.ts[2m > [22mwithLockAndHeartbeat[2m > [22mauto-resolution config: TTL=120s, interval=40s produces correct timer setup[32m 1[2mms[22m[39m
 [32mΓ£ô[39m src/test/user-erasure.test.ts[2m > [22mPOST /api/v1/me/erase[2m > [22mreturns 401 when the user is not authenticated[32m 9[2mms[22m[39m
 [32mΓ£ô[39m src/test/user-erasure.test.ts[2m > [22mPOST /api/v1/me/erase[2m > [22mreturns 200 and enqueues an erasureRequest email when the request is valid[32m 4[2mms[22m[39m
 [32mΓ£ô[39m src/test/user-erasure.test.ts[2m > [22mPOST /api/v1/me/erase[2m > [22mreturns 409 when the user has active orders in escrow[32m 2[2mms[22m[39m
 [32mΓ£ô[39m src/test/user-erasure.test.ts[2m > [22mPOST /api/v1/me/erase[2m > [22mstores the token in Redis with a 24-hour TTL[32m 2[2mms[22m[39m
 [32mΓ£ô[39m src/test/user-erasure.test.ts[2m > [22mGET /api/v1/me/erase/confirm[2m > [22mredirects to /?erased=invalid when no token is provided[32m 2[2mms[22m[39m
 [32mΓ£ô[39m src/test/user-erasure.test.ts[2m > [22mGET /api/v1/me/erase/confirm[2m > [22mredirects to /?erased=invalid when the token is not found in Redis[32m 1[2mms[22m[39m
 [32mΓ£ô[39m src/test/user-erasure.test.ts[2m > [22mGET /api/v1/me/erase/confirm[2m > [22mcalls performAccountErasure with the userId stored in Redis[32m 1[2mms[22m[39m
 [32mΓ£ô[39m src/test/user-erasure.test.ts[2m > [22mGET /api/v1/me/erase/confirm[2m > [22mdeletes the Redis key after a successful erasure (prevents replay)[32m 1[2mms[22m[39m
 [32mΓ£ô[39m src/test/user-erasure.test.ts[2m > [22mGET /api/v1/me/erase/confirm[2m > [22mredirects to /?erased=true after a successful erasure[32m 1[2mms[22m[39m
[90mstderr[2m | src/test/admin-rate-limit.test.ts[2m > [22m[2mbanUser ΓÇö rate limiting[2m > [22m[2mfails closed when rate limiter throws ΓÇö ban is blocked, not allowed
[22m[39m[safeActionError] RATE_LIMIT_UNAVAILABLE

 [32mΓ£ô[39m src/test/quick-audit-fixes-2.test.ts[2m > [22mpickup worker ΓÇö refund failure rethrown[2m > [22mrethrows refund error so BullMQ can DLQ the job[32m 4[2mms[22m[39m
 [32mΓ£ô[39m src/test/quick-audit-fixes-2.test.ts[2m > [22mpickup worker ΓÇö refund failure rethrown[2m > [22mlogs requiresManualReconciliation=true when refund fails[32m 4[2mms[22m[39m
 [32mΓ£ô[39m src/test/quick-audit-fixes-2.test.ts[2m > [22mlog-sanitiser ΓÇö Stripe identifiers redacted[2m > [22mredacts all seven Stripe ID keys to [redacted][32m 1[2mms[22m[39m
 [32mΓ£ô[39m src/test/quick-audit-fixes-2.test.ts[2m > [22maccount erasure ΓÇö messages anonymised not deleted[2m > [22mcalls message.updateMany instead of deleteMany[32m 2[2mms[22m[39m
 [32mΓ£ô[39m src/test/quick-audit-fixes-2.test.ts[2m > [22maccount erasure ΓÇö messages anonymised not deleted[2m > [22msets senderId to null (not deletes) when anonymising messages[32m 1[2mms[22m[39m
 [32mΓ£ô[39m src/test/quick-audit-fixes-2.test.ts[2m > [22mpayout worker ΓÇö seller account validation[2m > [22mskips payout when seller payouts_enabled is false[32m 2[2mms[22m[39m
 [32mΓ£ô[39m src/test/quick-audit-fixes-2.test.ts[2m > [22mpayout worker ΓÇö seller account validation[2m > [22mproceeds with transfer when seller payouts_enabled is true[32m 1[2mms[22m[39m
 [32mΓ£ô[39m src/test/quick-audit-fixes-2.test.ts[2m > [22mpayout worker ΓÇö seller account validation[2m > [22mlogs payout.seller_account_disabled at ERROR level when account disabled[32m 1[2mms[22m[39m
 [32mΓ£ô[39m src/test/admin-rate-limit.test.ts[2m > [22mapproveIdVerification ΓÇö rate limiting[2m > [22msucceeds when within rate limit[32m 7[2mms[22m[39m
 [32mΓ£ô[39m src/test/admin-rate-limit.test.ts[2m > [22mapproveIdVerification ΓÇö rate limiting[2m > [22mreturns RATE_LIMITED error when limit is exceeded[32m 1[2mms[22m[39m
 [32mΓ£ô[39m src/test/admin-rate-limit.test.ts[2m > [22mapproveIdVerification ΓÇö rate limiting[2m > [22mkeys rate limit by admin user ID ΓÇö not by IP address[32m 1[2mms[22m[39m
 [32mΓ£ô[39m src/test/admin-rate-limit.test.ts[2m > [22mapproveIdVerification ΓÇö rate limiting[2m > [22mfails open ΓÇö allows the action when rate limiter throws (Redis unavailable)[32m 1[2mms[22m[39m
 [32mΓ£ô[39m src/test/admin-rate-limit.test.ts[2m > [22mrejectIdVerification ΓÇö rate limiting[2m > [22mreturns RATE_LIMITED error when limit is exceeded[32m 2[2mms[22m[39m
 [32mΓ£ô[39m src/test/admin-rate-limit.test.ts[2m > [22mrejectIdVerification ΓÇö rate limiting[2m > [22muses adminIdVerify key type for reject action[32m 1[2mms[22m[39m
 [32mΓ£ô[39m src/test/admin-rate-limit.test.ts[2m > [22mbanUser ΓÇö rate limiting[2m > [22mreturns RATE_LIMITED error when limit is exceeded[32m 1[2mms[22m[39m
 [32mΓ£ô[39m src/test/admin-rate-limit.test.ts[2m > [22mbanUser ΓÇö rate limiting[2m > [22muses adminBan key type and includes admin ID in the key[32m 1[2mms[22m[39m
 [32mΓ£ô[39m src/test/admin-rate-limit.test.ts[2m > [22mbanUser ΓÇö rate limiting[2m > [22mfails closed when rate limiter throws ΓÇö ban is blocked, not allowed[32m 2[2mms[22m[39m
 [32mΓ£ô[39m src/test/admin-rate-limit.test.ts[2m > [22munbanUser ΓÇö rate limiting[2m > [22mreturns RATE_LIMITED error when limit is exceeded[32m 1[2mms[22m[39m
 [32mΓ£ô[39m src/test/admin-rate-limit.test.ts[2m > [22munbanUser ΓÇö rate limiting[2m > [22muses adminBan key type for unban action[32m 0[2mms[22m[39m
 [32mΓ£ô[39m src/test/admin-rate-limit.test.ts[2m > [22mapproveListing ΓÇö rate limiting[2m > [22mreturns RATE_LIMITED error when limit is exceeded[32m 1[2mms[22m[39m
 [32mΓ£ô[39m src/test/admin-rate-limit.test.ts[2m > [22mapproveListing ΓÇö rate limiting[2m > [22muses adminListingMod key type[32m 0[2mms[22m[39m
 [32mΓ£ô[39m src/test/admin-rate-limit.test.ts[2m > [22mrequestListingChanges ΓÇö rate limiting[2m > [22mreturns RATE_LIMITED error when limit is exceeded[32m 1[2mms[22m[39m
 [32mΓ£ô[39m src/test/admin-rate-limit.test.ts[2m > [22mrejectListing ΓÇö rate limiting[2m > [22mreturns RATE_LIMITED error when limit is exceeded[32m 0[2mms[22m[39m
 [32mΓ£ô[39m src/test/admin-rate-limit.test.ts[2m > [22mrate limit isolation ΓÇö different admins have independent counters[2m > [22madmin-1 being rate limited does not block admin-2[32m 1[2mms[22m[39m
 [32mΓ£ô[39m src/test/admin-rate-limit.test.ts[2m > [22mrate limit isolation ΓÇö different admins have independent counters[2m > [22mallows action after rate limit window resets[32m 0[2mms[22m[39m
 [32mΓ£ô[39m src/test/document-validation.test.ts[2m > [22mvalidateUploadedDocument[2m > [22mpasses all checks for a valid JPEG document[32m 5[2mms[22m[39m
 [32mΓ£ô[39m src/test/document-validation.test.ts[2m > [22mvalidateUploadedDocument[2m > [22mpasses all checks for a valid PNG document[32m 1[2mms[22m[39m
 [32mΓ£ô[39m src/test/document-validation.test.ts[2m > [22mvalidateUploadedDocument[2m > [22mpasses size and magic byte check for a valid PDF (skips image checks)[32m 1[2mms[22m[39m
 [32mΓ£ô[39m src/test/document-validation.test.ts[2m > [22mvalidateUploadedDocument[2m > [22mrejects a file whose magic bytes do not match its declared MIME type[32m 1[2mms[22m[39m
 [32mΓ£ô[39m src/test/document-validation.test.ts[2m > [22mvalidateUploadedDocument[2m > [22mrejects a file exceeding the 10MB limit[32m 6[2mms[22m[39m
 [32mΓ£ô[39m src/test/document-validation.test.ts[2m > [22mvalidateUploadedDocument[2m > [22mrejects an image below the minimum 600├ù400 resolution[32m 1[2mms[22m[39m
 [32mΓ£ô[39m src/test/document-validation.test.ts[2m > [22mvalidateUploadedDocument[2m > [22mrejects a corrupt image that sharp cannot decode[32m 1[2mms[22m[39m
 [32mΓ£ô[39m src/test/document-validation.test.ts[2m > [22mvalidateUploadedDocument[2m > [22mcalls scanForMalware on every valid document (JPEG, PNG, and PDF)[32m 5[2mms[22m[39m
 [32mΓ£ô[39m src/test/document-validation.test.ts[2m > [22msubmitIdVerification ΓÇö validation metadata stored on VerificationApplication[2m > [22mstores validation metadata (format, sizeBytes, width, height) on the application[32m 3[2mms[22m[39m
 [32mΓ£ô[39m src/test/stripe-timeout.test.ts[2m > [22mwithStripeTimeout[2m > [22mresolves with the operation's return value when it completes in time[32m 5[2mms[22m[39m
 [32mΓ£ô[39m src/test/stripe-timeout.test.ts[2m > [22mwithStripeTimeout[2m > [22mthrows PAYMENT_GATEWAY_TIMEOUT when the operation exceeds the deadline[32m 3[2mms[22m[39m
 [32mΓ£ô[39m src/test/stripe-timeout.test.ts[2m > [22mwithStripeTimeout[2m > [22mlogs stripe.timeout when the deadline fires[32m 4[2mms[22m[39m
 [32mΓ£ô[39m src/test/stripe-timeout.test.ts[2m > [22mwithStripeTimeout[2m > [22mre-throws a non-timeout Stripe error unchanged[32m 2[2mms[22m[39m
 [32mΓ£ô[39m src/test/stripe-timeout.test.ts[2m > [22mwithStripeTimeout[2m > [22mre-throws an AppError from a nested call without wrapping it[32m 1[2mms[22m[39m
 [32mΓ£ô[39m src/test/payment.service.test.ts[2m > [22mPaymentService[2m > [22mcreatePaymentIntent[2m > [22mcreates payment intent with valid input[32m 9[2mms[22m[39m
 [32mΓ£ô[39m src/test/payment.service.test.ts[2m > [22mPaymentService[2m > [22mcreatePaymentIntent[2m > [22mthrows on invalid Connect account[32m 2[2mms[22m[39m
 [32mΓ£ô[39m src/test/payment.service.test.ts[2m > [22mPaymentService[2m > [22mcreatePaymentIntent[2m > [22mthrows on empty Connect account[32m 1[2mms[22m[39m
 [32mΓ£ô[39m src/test/payment.service.test.ts[2m > [22mPaymentService[2m > [22mcreatePaymentIntent[2m > [22mthrows AppError on Stripe failure[32m 1[2mms[22m[39m
 [32mΓ£ô[39m src/test/payment.service.test.ts[2m > [22mPaymentService[2m > [22mcapturePayment[2m > [22mcaptures payment successfully[32m 1[2mms[22m[39m
 [32mΓ£ô[39m src/test/payment.service.test.ts[2m > [22mPaymentService[2m > [22mcapturePayment[2m > [22mhandles already_captured gracefully[32m 1[2mms[22m[39m
 [32mΓ£ô[39m src/test/payment.service.test.ts[2m > [22mPaymentService[2m > [22mcapturePayment[2m > [22mhandles amount_capturable gracefully[32m 0[2mms[22m[39m
 [32mΓ£ô[39m src/test/payment.service.test.ts[2m > [22mPaymentService[2m > [22mcapturePayment[2m > [22mthrows on actual Stripe error[32m 0[2mms[22m[39m
 [32mΓ£ô[39m src/test/payment.service.test.ts[2m > [22mPaymentService[2m > [22mrefundPayment[2m > [22mrefunds payment successfully[32m 1[2mms[22m[39m
 [32mΓ£ô[39m src/test/payment.service.test.ts[2m > [22mPaymentService[2m > [22mrefundPayment[2m > [22mthrows AppError on refund failure[32m 1[2mms[22m[39m
[90mstderr[2m | src/test/cart.actions.test.ts[2m > [22m[2maddToCart[2m > [22m[2munauthenticated ΓåÆ returns auth error and does not call service
[22m[39m[safeActionError] Unauthenticated

[90mstderr[2m | src/test/cart.actions.test.ts[2m > [22m[2maddToCart[2m > [22m[2mservice throws ΓåÆ returns safe fallback error
[22m[39m[safeActionError] DB timeout

 [32mΓ£ô[39m src/test/csp.test.ts[2m > [22mCSP nonce generation[2m > [22mgenerates a unique nonce per request[32m 9[2mms[22m[39m
 [32mΓ£ô[39m src/test/csp.test.ts[2m > [22mCSP nonce generation[2m > [22mCSP header contains nonce-{value} in script-src directive[32m 1[2mms[22m[39m
 [32mΓ£ô[39m src/test/csp.test.ts[2m > [22mCSP nonce generation[2m > [22mCSP script-src does not contain 'unsafe-inline'[32m 2[2mms[22m[39m
 [32mΓ£ô[39m src/test/csp.test.ts[2m > [22mCSP nonce generation[2m > [22mCSP script-src does not contain 'unsafe-eval' in non-development environment[32m 1[2mms[22m[39m
 [32mΓ£ô[39m src/test/csp.test.ts[2m > [22mCSP nonce generation[2m > [22msets x-nonce header so server components can read the nonce[32m 1[2mms[22m[39m
 [32mΓ£ô[39m src/test/csp.test.ts[2m > [22mCSP nonce generation[2m > [22mnonce embedded in CSP header matches x-nonce header value[32m 1[2mms[22m[39m
[90mstderr[2m | src/test/cart.actions.test.ts[2m > [22m[2mremoveFromCart[2m > [22m[2munauthenticated ΓåÆ returns auth error
[22m[39m[safeActionError] Unauthenticated

[90mstderr[2m | src/test/cart.actions.test.ts[2m > [22m[2mclearCart[2m > [22m[2munauthenticated ΓåÆ returns auth error
[22m[39m[safeActionError] Unauthenticated

[90mstderr[2m | src/test/cart.actions.test.ts[2m > [22m[2mclearCart[2m > [22m[2mservice throws ΓåÆ returns safe fallback error
[22m[39m[safeActionError] Unexpected error

[90mstderr[2m | src/test/cart.actions.test.ts[2m > [22m[2mgetCart[2m > [22m[2munauthenticated ΓåÆ returns auth error
[22m[39m[safeActionError] Unauthenticated

[90mstderr[2m | src/test/cart.actions.test.ts[2m > [22m[2mgetCart[2m > [22m[2mservice throws ΓåÆ returns safe fallback error
[22m[39m[safeActionError] DB error

[90mstderr[2m | src/test/cart.actions.test.ts[2m > [22m[2mgetCartCount[2m > [22m[2munauthenticated ΓåÆ returns auth error
[22m[39m[safeActionError] Unauthenticated

[90mstderr[2m | src/test/cart.actions.test.ts[2m > [22m[2mgetCartCount[2m > [22m[2mservice throws ΓåÆ returns safe fallback error
[22m[39m[safeActionError] Network error

[90mstderr[2m | src/test/cart.actions.test.ts[2m > [22m[2mcheckoutCart[2m > [22m[2munauthenticated ΓåÆ returns auth error and does not call service
[22m[39m[safeActionError] Unauthenticated

[90mstderr[2m | src/test/cart.actions.test.ts[2m > [22m[2mcheckoutCart[2m > [22m[2mservice throws ΓåÆ returns safe fallback error
[22m[39m[safeActionError] Stripe API error

 [32mΓ£ô[39m src/test/cart.actions.test.ts[2m > [22maddToCart[2m > [22munauthenticated ΓåÆ returns auth error and does not call service[32m 9[2mms[22m[39m
 [32mΓ£ô[39m src/test/cart.actions.test.ts[2m > [22maddToCart[2m > [22minvalid input (missing listingId) ΓåÆ returns validation error[32m 3[2mms[22m[39m
 [32mΓ£ô[39m src/test/cart.actions.test.ts[2m > [22maddToCart[2m > [22minvalid input (empty listingId) ΓåÆ returns validation error[32m 1[2mms[22m[39m
 [32mΓ£ô[39m src/test/cart.actions.test.ts[2m > [22maddToCart[2m > [22mhappy path ΓåÆ returns updated cartItemCount[32m 2[2mms[22m[39m
 [32mΓ£ô[39m src/test/cart.actions.test.ts[2m > [22maddToCart[2m > [22mrate limit exceeded ΓåÆ returns rate limit error without calling service[32m 1[2mms[22m[39m
 [32mΓ£ô[39m src/test/cart.actions.test.ts[2m > [22maddToCart[2m > [22mservice returns ok:false ΓåÆ propagates error[32m 1[2mms[22m[39m
 [32mΓ£ô[39m src/test/cart.actions.test.ts[2m > [22maddToCart[2m > [22mservice throws ΓåÆ returns safe fallback error[32m 2[2mms[22m[39m
 [32mΓ£ô[39m src/test/cart.actions.test.ts[2m > [22mremoveFromCart[2m > [22munauthenticated ΓåÆ returns auth error[32m 2[2mms[22m[39m
 [32mΓ£ô[39m src/test/cart.actions.test.ts[2m > [22mremoveFromCart[2m > [22minvalid input (missing listingId) ΓåÆ returns validation error[32m 1[2mms[22m[39m
 [32mΓ£ô[39m src/test/cart.actions.test.ts[2m > [22mremoveFromCart[2m > [22mhappy path ΓåÆ returns updated cartItemCount[32m 1[2mms[22m[39m
 [32mΓ£ô[39m src/test/cart.actions.test.ts[2m > [22mremoveFromCart[2m > [22mrate limit exceeded ΓåÆ returns rate limit error[32m 1[2mms[22m[39m
 [32mΓ£ô[39m src/test/cart.actions.test.ts[2m > [22mremoveFromCart[2m > [22mservice returns ok:false ΓåÆ propagates error[32m 1[2mms[22m[39m
 [32mΓ£ô[39m src/test/cart.actions.test.ts[2m > [22mclearCart[2m > [22munauthenticated ΓåÆ returns auth error[32m 2[2mms[22m[39m
 [32mΓ£ô[39m src/test/cart.actions.test.ts[2m > [22mclearCart[2m > [22mhappy path ΓåÆ clears cart and returns success[32m 1[2mms[22m[39m
 [32mΓ£ô[39m src/test/cart.actions.test.ts[2m > [22mclearCart[2m > [22mrate limit exceeded ΓåÆ returns rate limit error[32m 2[2mms[22m[39m
 [32mΓ£ô[39m src/test/cart.actions.test.ts[2m > [22mclearCart[2m > [22mservice throws ΓåÆ returns safe fallback error[32m 1[2mms[22m[39m
 [32mΓ£ô[39m src/test/cart.actions.test.ts[2m > [22mgetCart[2m > [22munauthenticated ΓåÆ returns auth error[32m 1[2mms[22m[39m
 [32mΓ£ô[39m src/test/cart.actions.test.ts[2m > [22mgetCart[2m > [22mhappy path ΓåÆ returns cart data[32m 1[2mms[22m[39m
 [32mΓ£ô[39m src/test/cart.actions.test.ts[2m > [22mgetCart[2m > [22mservice returns null ΓåÆ returns null data (empty cart)[32m 1[2mms[22m[39m
 [32mΓ£ô[39m src/test/cart.actions.test.ts[2m > [22mgetCart[2m > [22mservice throws ΓåÆ returns safe fallback error[32m 1[2mms[22m[39m
 [32mΓ£ô[39m src/test/cart.actions.test.ts[2m > [22mgetCartCount[2m > [22munauthenticated ΓåÆ returns auth error[32m 1[2mms[22m[39m
 [32mΓ£ô[39m src/test/cart.actions.test.ts[2m > [22mgetCartCount[2m > [22mhappy path ΓåÆ returns cart item count[32m 1[2mms[22m[39m
 [32mΓ£ô[39m src/test/cart.actions.test.ts[2m > [22mgetCartCount[2m > [22mservice throws ΓåÆ returns safe fallback error[32m 1[2mms[22m[39m
 [32mΓ£ô[39m src/test/cart.actions.test.ts[2m > [22mcheckoutCart[2m > [22munauthenticated ΓåÆ returns auth error and does not call service[32m 1[2mms[22m[39m
 [32mΓ£ô[39m src/test/cart.actions.test.ts[2m > [22mcheckoutCart[2m > [22minvalid input (bad postcode) ΓåÆ returns validation error[32m 2[2mms[22m[39m
 [32mΓ£ô[39m src/test/cart.actions.test.ts[2m > [22mcheckoutCart[2m > [22minvalid input (name too short in address) ΓåÆ returns validation error[32m 1[2mms[22m[39m
 [32mΓ£ô[39m src/test/cart.actions.test.ts[2m > [22mcheckoutCart[2m > [22mhappy path ΓåÆ returns orderId and clientSecret[32m 4[2mms[22m[39m
 [32mΓ£ô[39m src/test/cart.actions.test.ts[2m > [22mcheckoutCart[2m > [22mhappy path with idempotencyKey ΓåÆ passes key to service[32m 2[2mms[22m[39m
 [32mΓ£ô[39m src/test/cart.actions.test.ts[2m > [22mcheckoutCart[2m > [22mrate limit exceeded ΓåÆ returns rate limit error[32m 1[2mms[22m[39m
 [32mΓ£ô[39m src/test/cart.actions.test.ts[2m > [22mcheckoutCart[2m > [22mservice returns ok:false (basic error) ΓåÆ propagates error[32m 1[2mms[22m[39m
 [32mΓ£ô[39m src/test/cart.actions.test.ts[2m > [22mcheckoutCart[2m > [22mservice returns price drift ΓåÆ propagates requiresPriceConfirmation and driftedItems[32m 1[2mms[22m[39m
 [32mΓ£ô[39m src/test/cart.actions.test.ts[2m > [22mcheckoutCart[2m > [22mservice throws ΓåÆ returns safe fallback error[32m 2[2mms[22m[39m
 [32mΓ£ô[39m src/test/no-barrel-bloat.test.ts[2m > [22mNo low-value barrel bloat ΓÇö Task A3[2m > [22mno src/modules subdirectory contains a single-file pass-through index.ts[32m 13[2mms[22m[39m
 [32mΓ£ô[39m src/test/no-barrel-bloat.test.ts[2m > [22mNo low-value barrel bloat ΓÇö Task A3[2m > [22msrc/modules/listings does not contain an index.ts barrel[32m 2[2mms[22m[39m
[90mstderr[2m | src/test/mfa-actions.test.ts[2m > [22m[2minitMfaSetup[2m > [22m[2mrequires authentication
[22m[39m[safeActionError] Unauthorised

 [32mΓ£ô[39m src/test/mfa-actions.test.ts[2m > [22minitMfaSetup[2m > [22mgenerates TOTP secret, QR URL, and backup codes[32m 7[2mms[22m[39m
 [32mΓ£ô[39m src/test/mfa-actions.test.ts[2m > [22minitMfaSetup[2m > [22mrejects if MFA already enabled[32m 1[2mms[22m[39m
 [32mΓ£ô[39m src/test/mfa-actions.test.ts[2m > [22minitMfaSetup[2m > [22mrate limits MFA setup requests[32m 0[2mms[22m[39m
 [32mΓ£ô[39m src/test/mfa-actions.test.ts[2m > [22minitMfaSetup[2m > [22mreturns error if user not found[32m 0[2mms[22m[39m
 [32mΓ£ô[39m src/test/mfa-actions.test.ts[2m > [22minitMfaSetup[2m > [22mrequires authentication[32m 1[2mms[22m[39m
 [32mΓ£ô[39m src/test/mfa-actions.test.ts[2m > [22mconfirmMfaSetup[2m > [22menables MFA with valid TOTP code[32m 1[2mms[22m[39m
 [32mΓ£ô[39m src/test/mfa-actions.test.ts[2m > [22mconfirmMfaSetup[2m > [22mrejects invalid TOTP code[32m 0[2mms[22m[39m
 [32mΓ£ô[39m src/test/mfa-actions.test.ts[2m > [22mconfirmMfaSetup[2m > [22mrejects non-6-digit code (validation)[32m 1[2mms[22m[39m
 [32mΓ£ô[39m src/test/mfa-actions.test.ts[2m > [22mconfirmMfaSetup[2m > [22mrejects non-numeric code (validation)[32m 0[2mms[22m[39m
 [32mΓ£ô[39m src/test/mfa-actions.test.ts[2m > [22mconfirmMfaSetup[2m > [22mrate limits verification attempts[32m 0[2mms[22m[39m
 [32mΓ£ô[39m src/test/mfa-actions.test.ts[2m > [22mdisableMfaAction[2m > [22mdisables MFA with valid TOTP code[32m 0[2mms[22m[39m
 [32mΓ£ô[39m src/test/mfa-actions.test.ts[2m > [22mdisableMfaAction[2m > [22mrejects invalid TOTP code[32m 0[2mms[22m[39m
 [32mΓ£ô[39m src/test/mfa-actions.test.ts[2m > [22mdisableMfaAction[2m > [22mrate limits disable attempts[32m 0[2mms[22m[39m
 [32mΓ£ô[39m src/test/mfa-actions.test.ts[2m > [22mgetMfaStatus[2m > [22mreturns enabled status with backup code count[32m 0[2mms[22m[39m
 [32mΓ£ô[39m src/test/mfa-actions.test.ts[2m > [22mgetMfaStatus[2m > [22mreturns disabled status with zero backup codes[32m 0[2mms[22m[39m
 [32mΓ£ô[39m src/test/mfa-actions.test.ts[2m > [22mgetMfaStatus[2m > [22mreturns error if user not found[32m 0[2mms[22m[39m
 [32mΓ£ô[39m src/test/payment-edge-cases.test.ts[2m > [22mPaymentService ΓÇö edge cases[2m > [22mgetClientSecret[2m > [22mreturns client_secret on success[32m 5[2mms[22m[39m
 [32mΓ£ô[39m src/test/payment-edge-cases.test.ts[2m > [22mPaymentService ΓÇö edge cases[2m > [22mgetClientSecret[2m > [22mreturns null when client_secret is undefined[32m 1[2mms[22m[39m
 [32mΓ£ô[39m src/test/payment-edge-cases.test.ts[2m > [22mPaymentService ΓÇö edge cases[2m > [22mgetClientSecret[2m > [22mreturns null on network error (fail-silent)[32m 0[2mms[22m[39m
 [32mΓ£ô[39m src/test/payment-edge-cases.test.ts[2m > [22mPaymentService ΓÇö edge cases[2m > [22mgetClientSecret[2m > [22mreturns null on Stripe rate limit (fail-silent)[32m 0[2mms[22m[39m
 [32mΓ£ô[39m src/test/payment-edge-cases.test.ts[2m > [22mPaymentService ΓÇö edge cases[2m > [22mcreatePaymentIntent ΓÇö idempotency[2m > [22mpasses idempotencyKey to Stripe when provided[32m 2[2mms[22m[39m
 [32mΓ£ô[39m src/test/payment-edge-cases.test.ts[2m > [22mPaymentService ΓÇö edge cases[2m > [22mcreatePaymentIntent ΓÇö idempotency[2m > [22momits idempotencyKey when not provided[32m 1[2mms[22m[39m
 [32mΓ£ô[39m src/test/payment-edge-cases.test.ts[2m > [22mPaymentService ΓÇö edge cases[2m > [22mcreatePaymentIntent ΓÇö idempotency[2m > [22mincludes custom metadata when provided[32m 1[2mms[22m[39m
 [32mΓ£ô[39m src/test/payment-edge-cases.test.ts[2m > [22mPaymentService ΓÇö edge cases[2m > [22mcreatePaymentIntent ΓÇö idempotency[2m > [22mwraps Stripe rate-limit error as AppError[32m 1[2mms[22m[39m
 [32mΓ£ô[39m src/test/payment-edge-cases.test.ts[2m > [22mPaymentService ΓÇö edge cases[2m > [22mcapturePayment ΓÇö unexpected_state resolution[2m > [22mthrows when PI status is requires_payment_method (authorization expired)[32m 1[2mms[22m[39m
 [32mΓ£ô[39m src/test/payment-edge-cases.test.ts[2m > [22mPaymentService ΓÇö edge cases[2m > [22mcapturePayment ΓÇö unexpected_state resolution[2m > [22mthrows when PI status is canceled[32m 0[2mms[22m[39m
 [32mΓ£ô[39m src/test/payment-edge-cases.test.ts[2m > [22mPaymentService ΓÇö edge cases[2m > [22mcapturePayment ΓÇö unexpected_state resolution[2m > [22mre-throws AppError from retrieve failure[32m 0[2mms[22m[39m
 [32mΓ£ô[39m src/test/payment-edge-cases.test.ts[2m > [22mPaymentService ΓÇö edge cases[2m > [22mcapturePayment ΓÇö unexpected_state resolution[2m > [22mthrows generic capture error when retrieve itself fails with network error[32m 0[2mms[22m[39m
 [32mΓ£ô[39m src/test/payment-edge-cases.test.ts[2m > [22mPaymentService ΓÇö edge cases[2m > [22mcapturePayment ΓÇö unexpected_state resolution[2m > [22mhandles invalid_request_error with already-like code[32m 0[2mms[22m[39m
 [32mΓ£ô[39m src/test/payment-edge-cases.test.ts[2m > [22mPaymentService ΓÇö edge cases[2m > [22mcapturePayment ΓÇö generic error handling[2m > [22mthrows AppError when capture fails with non-Error object[32m 0[2mms[22m[39m
 [32mΓ£ô[39m src/test/payment-edge-cases.test.ts[2m > [22mPaymentService ΓÇö edge cases[2m > [22mcapturePayment ΓÇö generic error handling[2m > [22mthrows AppError when capture fails with error lacking code/type[32m 0[2mms[22m[39m
 [32mΓ£ô[39m src/test/payment-edge-cases.test.ts[2m > [22mPaymentService ΓÇö edge cases[2m > [22mrefundPayment ΓÇö idempotency[2m > [22muses orderId-scoped idempotency key[32m 1[2mms[22m[39m
 [32mΓ£ô[39m src/test/payment-edge-cases.test.ts[2m > [22mPaymentService ΓÇö edge cases[2m > [22mrefundPayment ΓÇö idempotency[2m > [22mwraps non-Error throw as AppError[32m 0[2mms[22m[39m
 [32mΓ£ô[39m src/test/autoReleaseEscrow.test.ts[2m > [22maddBusinessDays[2m > [22mMonday + 4 business days = Friday[32m 3[2mms[22m[39m
 [32mΓ£ô[39m src/test/autoReleaseEscrow.test.ts[2m > [22maddBusinessDays[2m > [22mFriday + 4 business days = Thursday (skips weekend)[32m 0[2mms[22m[39m
 [32mΓ£ô[39m src/test/autoReleaseEscrow.test.ts[2m > [22maddBusinessDays[2m > [22mWednesday + 4 business days = Tuesday[32m 0[2mms[22m[39m
 [32mΓ£ô[39m src/test/autoReleaseEscrow.test.ts[2m > [22maddBusinessDays[2m > [22mThursday + 4 business days = Wednesday (skips 1 weekend)[32m 0[2mms[22m[39m
 [32mΓ£ô[39m src/test/autoReleaseEscrow.test.ts[2m > [22maddBusinessDays[2m > [22m+ 0 business days = same date[32m 0[2mms[22m[39m
 [32mΓ£ô[39m src/test/autoReleaseEscrow.test.ts[2m > [22maddBusinessDays[2m > [22mdoes not mutate the original date[32m 0[2mms[22m[39m
 [32mΓ£ô[39m src/test/autoReleaseEscrow.test.ts[2m > [22mprocessAutoReleases[2m > [22mreleases order dispatched exactly 4 business days ago (MonΓåÆFri)[32m 6[2mms[22m[39m
 [32mΓ£ô[39m src/test/autoReleaseEscrow.test.ts[2m > [22mprocessAutoReleases[2m > [22mdoes NOT release Friday dispatch on Sunday (0 business days)[32m 1[2mms[22m[39m
 [32mΓ£ô[39m src/test/autoReleaseEscrow.test.ts[2m > [22mprocessAutoReleases[2m > [22mreleases Friday dispatch on the following Thursday (4 biz days)[32m 1[2mms[22m[39m
 [32mΓ£ô[39m src/test/autoReleaseEscrow.test.ts[2m > [22mprocessAutoReleases[2m > [22mSKIPS order with null stripePaymentIntentId[32m 1[2mms[22m[39m
 [32mΓ£ô[39m src/test/autoReleaseEscrow.test.ts[2m > [22mprocessAutoReleases[2m > [22mdoes NOT update DB if Stripe capture fails[32m 1[2mms[22m[39m
 [32mΓ£ô[39m src/test/autoReleaseEscrow.test.ts[2m > [22mprocessAutoReleases[2m > [22mhandles empty order list gracefully[32m 1[2mms[22m[39m
 [32mΓ£ô[39m src/test/autoReleaseEscrow.test.ts[2m > [22mgetAutoReleaseCountdown[2m > [22mreturns correct days remaining[32m 1[2mms[22m[39m
 [32mΓ£ô[39m src/test/autoReleaseEscrow.test.ts[2m > [22mgetAutoReleaseCountdown[2m > [22mreturns 0 when past release date[32m 0[2mms[22m[39m
 [32mΓ£ô[39m src/test/autoReleaseEscrow.test.ts[2m > [22mprocessAutoReleases ΓÇö cash pickup orders[2m > [22mfinalizes PENDING payout to PAID for cash order past escrow window[32m 5[2mms[22m[39m
 [32mΓ£ô[39m src/test/autoReleaseEscrow.test.ts[2m > [22mprocessAutoReleases ΓÇö cash pickup orders[2m > [22mdoes NOT finalize cash payout before escrow window elapses[32m 1[2mms[22m[39m
 [32mΓ£ô[39m src/test/autoReleaseEscrow.test.ts[2m > [22mprocessAutoReleases ΓÇö cash pickup orders[2m > [22mskips cash orders with no completedAt[32m 4[2mms[22m[39m
 [32mΓ£ô[39m src/test/autoReleaseEscrow.test.ts[2m > [22mprocessAutoReleases ΓÇö cash pickup orders[2m > [22mdoes not call Stripe for cash orders[32m 2[2mms[22m[39m
 [32mΓ£ô[39m src/test/autoReleaseEscrow.test.ts[2m > [22mprocessAutoReleases ΓÇö cash pickup orders[2m > [22mhandles payout update failure gracefully[32m 1[2mms[22m[39m
 [32mΓ£ô[39m src/test/dispute-scoring.test.ts[2m > [22mAutoResolutionService ΓÇö evaluateDispute extended[2m > [22mscores SELLER_HIGH_DISPUTE_RATE when seller has high rate above minimum orders[32m 4[2mms[22m[39m
 [32mΓ£ô[39m src/test/dispute-scoring.test.ts[2m > [22mAutoResolutionService ΓÇö evaluateDispute extended[2m > [22mscores SELLER_LOW_DISPUTE_RATE for seller with excellent track record[32m 1[2mms[22m[39m
 [32mΓ£ô[39m src/test/dispute-scoring.test.ts[2m > [22mAutoResolutionService ΓÇö evaluateDispute extended[2m > [22mscores BUYER_CONFIRMED_DELIVERY_OK when delivery confirmation event exists[32m 1[2mms[22m[39m
 [32mΓ£ô[39m src/test/dispute-scoring.test.ts[2m > [22mAutoResolutionService ΓÇö evaluateDispute extended[2m > [22mscores BUYER_HIGH_DISPUTE_RATE when buyer has many recent disputes[32m 1[2mms[22m[39m
 [32mΓ£ô[39m src/test/dispute-scoring.test.ts[2m > [22mAutoResolutionService ΓÇö evaluateDispute extended[2m > [22mscores BUYER_HIGH_DISPUTE_RATE when buyer exceeds high disputes count[32m 1[2mms[22m[39m
 [32mΓ£ô[39m src/test/dispute-scoring.test.ts[2m > [22mAutoResolutionService ΓÇö evaluateDispute extended[2m > [22mscores BUYER_ATTEMPTED_RESOLUTION when prior interactions exist[32m 1[2mms[22m[39m
 [32mΓ£ô[39m src/test/dispute-scoring.test.ts[2m > [22mAutoResolutionService ΓÇö evaluateDispute extended[2m > [22mscores SELLER_REJECTED_WITHOUT_COUNTER when rejection found[32m 1[2mms[22m[39m
 [32mΓ£ô[39m src/test/dispute-scoring.test.ts[2m > [22mAutoResolutionService ΓÇö evaluateDispute extended[2m > [22mscores TRACKING_NO_MOVEMENT_7D when dispatched >7 days ago without completion[32m 1[2mms[22m[39m
 [32mΓ£ô[39m src/test/dispute-scoring.test.ts[2m > [22mAutoResolutionService ΓÇö evaluateDispute extended[2m > [22mdoes NOT score TRACKING_NO_MOVEMENT_7D when dispatched < 7 days ago[32m 1[2mms[22m[39m
 [32mΓ£ô[39m src/test/dispute-scoring.test.ts[2m > [22mAutoResolutionService ΓÇö evaluateDispute extended[2m > [22mscores SELLER_HAS_DISPATCH_PHOTOS when dispatch event has photos[32m 1[2mms[22m[39m
 [32mΓ£ô[39m src/test/dispute-scoring.test.ts[2m > [22mAutoResolutionService ΓÇö evaluateDispute extended[2m > [22mincludes cooling period in hours when auto-resolvable[32m 1[2mms[22m[39m
 [32mΓ£ô[39m src/test/dispute-scoring.test.ts[2m > [22mAutoResolutionService ΓÇö evaluateDispute extended[2m > [22msets coolingPeriodHours to 0 for non-auto-resolvable decisions[32m 1[2mms[22m[39m
 [32mΓ£ô[39m src/test/dispute-scoring.test.ts[2m > [22mAutoResolutionService ΓÇö executeDecision[2m > [22mexecutes AUTO_REFUND ΓÇö refunds via Stripe and transitions to REFUNDED[32m 5[2mms[22m[39m
 [32mΓ£ô[39m src/test/dispute-scoring.test.ts[2m > [22mAutoResolutionService ΓÇö executeDecision[2m > [22mexecutes AUTO_REFUND ΓÇö resolves dispute record as BUYER_WON[32m 1[2mms[22m[39m
 [32mΓ£ô[39m src/test/dispute-scoring.test.ts[2m > [22mAutoResolutionService ΓÇö executeDecision[2m > [22mexecutes AUTO_DISMISS ΓÇö transitions to COMPLETED and captures payment[32m 1[2mms[22m[39m
 [32mΓ£ô[39m src/test/dispute-scoring.test.ts[2m > [22mAutoResolutionService ΓÇö executeDecision[2m > [22mexecutes AUTO_DISMISS ΓÇö resolves dispute as SELLER_WON[32m 1[2mms[22m[39m
 [32mΓ£ô[39m src/test/dispute-scoring.test.ts[2m > [22mAutoResolutionService ΓÇö executeDecision[2m > [22mexecutes FLAG_FRAUD ΓÇö records fraud flag, no payment changes[32m 1[2mms[22m[39m
 [32mΓ£ô[39m src/test/dispute-scoring.test.ts[2m > [22mAutoResolutionService ΓÇö executeDecision[2m > [22mAUTO_REFUND without stripePaymentIntentId ΓÇö skips refund call gracefully[32m 1[2mms[22m[39m
 [32mΓ£ô[39m src/test/dispute-scoring.test.ts[2m > [22mAutoResolutionService ΓÇö executeDecision[2m > [22mthrows when order not found[32m 3[2mms[22m[39m
 [32mΓ£ô[39m src/test/dispute-scoring.test.ts[2m > [22mAutoResolutionService ΓÇö queueAutoResolution[2m > [22mqueues auto-refund and sets dispute status to AUTO_RESOLVING[32m 2[2mms[22m[39m
 [32mΓ£ô[39m src/test/dispute-scoring.test.ts[2m > [22mAutoResolutionService ΓÇö queueAutoResolution[2m > [22mreturns evaluation without queueing when decision is ESCALATE_HUMAN[32m 1[2mms[22m[39m
 [32mΓ£ô[39m src/test/upload-pipeline.test.ts[2m > [22mvalidateMagicBytes[2m > [22maccepts valid JPEG buffer[32m 4[2mms[22m[39m
 [32mΓ£ô[39m src/test/upload-pipeline.test.ts[2m > [22mvalidateMagicBytes[2m > [22maccepts valid PNG buffer[32m 0[2mms[22m[39m
 [32mΓ£ô[39m src/test/upload-pipeline.test.ts[2m > [22mvalidateMagicBytes[2m > [22maccepts valid WebP buffer[32m 0[2mms[22m[39m
 [32mΓ£ô[39m src/test/upload-pipeline.test.ts[2m > [22mvalidateMagicBytes[2m > [22mrejects buffer with wrong magic bytes[32m 0[2mms[22m[39m
 [32mΓ£ô[39m src/test/upload-pipeline.test.ts[2m > [22mvalidateMagicBytes[2m > [22mrejects unknown MIME type[32m 0[2mms[22m[39m
 [32mΓ£ô[39m src/test/upload-pipeline.test.ts[2m > [22mvalidateMagicBytes[2m > [22mrejects buffer shorter than expected signature[32m 0[2mms[22m[39m
 [32mΓ£ô[39m src/test/upload-pipeline.test.ts[2m > [22mvalidateImageFile[2m > [22maccepts valid JPEG upload[32m 0[2mms[22m[39m
 [32mΓ£ô[39m src/test/upload-pipeline.test.ts[2m > [22mvalidateImageFile[2m > [22mrejects SVG uploads (XSS risk)[32m 0[2mms[22m[39m
 [32mΓ£ô[39m src/test/upload-pipeline.test.ts[2m > [22mvalidateImageFile[2m > [22mrejects dangerous extensions regardless of MIME type[32m 0[2mms[22m[39m
 [32mΓ£ô[39m src/test/upload-pipeline.test.ts[2m > [22mvalidateImageFile[2m > [22mrejects unsupported MIME type[32m 0[2mms[22m[39m
 [32mΓ£ô[39m src/test/upload-pipeline.test.ts[2m > [22mvalidateImageFile[2m > [22mrejects files exceeding 8 MB size limit[32m 0[2mms[22m[39m
 [32mΓ£ô[39m src/test/upload-pipeline.test.ts[2m > [22mvalidateImageFile[2m > [22mrejects MIME-spoofed file (PNG header declared as JPEG)[32m 0[2mms[22m[39m
 [32mΓ£ô[39m src/test/upload-pipeline.test.ts[2m > [22mvalidateImageFile[2m > [22mrejects .exe disguised with JPEG extension[32m 0[2mms[22m[39m
 [32mΓ£ô[39m src/test/upload-pipeline.test.ts[2m > [22mscanForMalware[2m > [22mreturns isSafe true for a clean buffer with no threats[32m 1[2mms[22m[39m
 [32mΓ£ô[39m src/test/upload-pipeline.test.ts[2m > [22mprocessImage[2m > [22mprocesses a valid image end-to-end[32m 1[2mms[22m[39m
 [32mΓ£ô[39m src/test/upload-pipeline.test.ts[2m > [22mprocessImage[2m > [22mthrows when image not found in DB[32m 1[2mms[22m[39m
 [32mΓ£ô[39m src/test/upload-pipeline.test.ts[2m > [22mprocessImage[2m > [22mthrows when image does not belong to user[32m 1[2mms[22m[39m
 [32mΓ£ô[39m src/test/upload-pipeline.test.ts[2m > [22mprocessImage[2m > [22mthrows when R2 download returns no body[32m 0[2mms[22m[39m
 [32mΓ£ô[39m src/test/upload-pipeline.test.ts[2m > [22mprocessImage[2m > [22mmarks image unsafe and throws on corrupt file (decode failure)[32m 2[2mms[22m[39m
 [32mΓ£ô[39m src/test/upload-pipeline.test.ts[2m > [22mprocessImage[2m > [22mmarks image unsafe and throws when dimensions are below 200├ù200[32m 0[2mms[22m[39m
 [32mΓ£ô[39m src/test/upload-pipeline.test.ts[2m > [22mprocessImage[2m > [22mstrips EXIF by converting to WebP via sharp[32m 1[2mms[22m[39m
 [32mΓ£ô[39m src/test/upload-pipeline.test.ts[2m > [22mprocessImage[2m > [22mstill succeeds when original file deletion fails (non-critical)[32m 1[2mms[22m[39m
 [32mΓ£ô[39m src/test/payment-flows.test.ts[2m > [22mPaymentService ΓÇö createPaymentIntent[2m > [22mcreates a payment intent and returns paymentIntentId, clientSecret, amount[32m 7[2mms[22m[39m
 [32mΓ£ô[39m src/test/payment-flows.test.ts[2m > [22mPaymentService ΓÇö createPaymentIntent[2m > [22mpasses idempotency key to Stripe when provided[32m 1[2mms[22m[39m
 [32mΓ£ô[39m src/test/payment-flows.test.ts[2m > [22mPaymentService ΓÇö createPaymentIntent[2m > [22mrejects seller account without acct_ prefix[32m 2[2mms[22m[39m
 [32mΓ£ô[39m src/test/payment-flows.test.ts[2m > [22mPaymentService ΓÇö createPaymentIntent[2m > [22mrejects empty seller account[32m 1[2mms[22m[39m
 [32mΓ£ô[39m src/test/payment-flows.test.ts[2m > [22mPaymentService ΓÇö createPaymentIntent[2m > [22mwraps Stripe creation errors as PAYMENT_GATEWAY_ERROR[32m 1[2mms[22m[39m
 [32mΓ£ô[39m src/test/payment-flows.test.ts[2m > [22mPaymentService ΓÇö createPaymentIntent[2m > [22mincludes correlationId in PI metadata[32m 0[2mms[22m[39m
 [32mΓ£ô[39m src/test/payment-flows.test.ts[2m > [22mPaymentService ΓÇö capturePayment[2m > [22mcaptures successfully on first attempt[32m 0[2mms[22m[39m
 [32mΓ£ô[39m src/test/payment-flows.test.ts[2m > [22mPaymentService ΓÇö capturePayment[2m > [22mhandles charge_already_captured silently[32m 0[2mms[22m[39m
 [32mΓ£ô[39m src/test/payment-flows.test.ts[2m > [22mPaymentService ΓÇö capturePayment[2m > [22mhandles payment_intent_unexpected_state when PI is succeeded[32m 0[2mms[22m[39m
 [32mΓ£ô[39m src/test/payment-flows.test.ts[2m > [22mPaymentService ΓÇö capturePayment[2m > [22mthrows on expired PI (unexpected_state but status is canceled)[32m 0[2mms[22m[39m
 [32mΓ£ô[39m src/test/payment-flows.test.ts[2m > [22mPaymentService ΓÇö capturePayment[2m > [22mthrows on expired PI when status is requires_payment_method[32m 2[2mms[22m[39m
 [32mΓ£ô[39m src/test/payment-flows.test.ts[2m > [22mPaymentService ΓÇö capturePayment[2m > [22mthrows when retrieve also fails on unexpected_state[32m 1[2mms[22m[39m
 [32mΓ£ô[39m src/test/payment-flows.test.ts[2m > [22mPaymentService ΓÇö capturePayment[2m > [22mwraps unknown Stripe errors as PAYMENT_GATEWAY_ERROR[32m 0[2mms[22m[39m
 [32mΓ£ô[39m src/test/payment-flows.test.ts[2m > [22mPaymentService ΓÇö capturePayment[2m > [22mdetects already-captured via type=invalid_request_error + code contains already[32m 0[2mms[22m[39m
 [32mΓ£ô[39m src/test/payment-flows.test.ts[2m > [22mPaymentService ΓÇö refundPayment[2m > [22mcreates a full refund with idempotency key[32m 1[2mms[22m[39m
 [32mΓ£ô[39m src/test/payment-flows.test.ts[2m > [22mPaymentService ΓÇö refundPayment[2m > [22mscopes idempotency key to orderId ΓÇö prevents duplicate refunds[32m 0[2mms[22m[39m
 [32mΓ£ô[39m src/test/payment-flows.test.ts[2m > [22mPaymentService ΓÇö refundPayment[2m > [22mpropagates Stripe refund error as PAYMENT_GATEWAY_ERROR[32m 0[2mms[22m[39m
 [32mΓ£ô[39m src/test/payment-flows.test.ts[2m > [22mPaymentService ΓÇö refundPayment[2m > [22mhandles network failure gracefully[32m 0[2mms[22m[39m
 [32mΓ£ô[39m src/test/payment-flows.test.ts[2m > [22mPaymentService ΓÇö getClientSecret[2m > [22mretrieves client_secret for existing PI[32m 0[2mms[22m[39m
 [32mΓ£ô[39m src/test/payment-flows.test.ts[2m > [22mPaymentService ΓÇö getClientSecret[2m > [22mreturns null when retrieve fails[32m 0[2mms[22m[39m
 [32mΓ£ô[39m src/test/payment-flows.test.ts[2m > [22mPaymentService ΓÇö getClientSecret[2m > [22mreturns null when client_secret is undefined[32m 0[2mms[22m[39m
[90mstderr[2m | src/test/pickup.actions.test.ts[2m > [22m[2minitiatePickupOTP[2m > [22m[2munauthenticated ΓåÆ auth error
[22m[39m[safeActionError] Please sign in to continue

 [32mΓ£ô[39m src/test/audit-fixes-3.test.ts[2m > [22mFIX 1 ΓÇö Image proxy streaming[2m > [22mresponse body is a ReadableStream, not buffered bytes[32m 8[2mms[22m[39m
 [32mΓ£ô[39m src/test/audit-fixes-3.test.ts[2m > [22mFIX 1 ΓÇö Image proxy streaming[2m > [22mresponse does not contain a pre-buffered ArrayBuffer[32m 1[2mms[22m[39m
 [32mΓ£ô[39m src/test/audit-fixes-3.test.ts[2m > [22mFIX 2 ΓÇö Separate order rate-limit buckets[2m > [22mGET /api/v1/orders calls rateLimit with 'orderRead' bucket[32m 4[2mms[22m[39m
 [32mΓ£ô[39m src/test/audit-fixes-3.test.ts[2m > [22mFIX 2 ΓÇö Separate order rate-limit buckets[2m > [22mGET /api/v1/orders does NOT use the 'order' (POST/create) bucket[32m 2[2mms[22m[39m
 [32mΓ£ô[39m src/test/audit-fixes-3.test.ts[2m > [22mFIX 3 ΓÇö Seed script production guard[2m > [22mexits with error when NODE_ENV is production[32m 1[2mms[22m[39m
 [32mΓ£ô[39m src/test/audit-fixes-3.test.ts[2m > [22mFIX 6 ΓÇö Reconciliation auto-remediation[2m > [22mauto-fixes AWAITING_PAYMENT ΓåÆ PAYMENT_HELD when PI is succeeded[32m 1[2mms[22m[39m
 [32mΓ£ô[39m src/test/audit-fixes-3.test.ts[2m > [22mFIX 6 ΓÇö Reconciliation auto-remediation[2m > [22mauto-fixes AWAITING_PAYMENT ΓåÆ CANCELLED when PI is canceled[32m 1[2mms[22m[39m
 [32mΓ£ô[39m src/test/audit-fixes-3.test.ts[2m > [22mFIX 6 ΓÇö Reconciliation auto-remediation[2m > [22mauto-fixes PAYMENT_HELD ΓåÆ CANCELLED when PI is not found on Stripe (404)[32m 1[2mms[22m[39m
 [32mΓ£ô[39m src/test/audit-fixes-3.test.ts[2m > [22mFIX 6 ΓÇö Reconciliation auto-remediation[2m > [22mcompleted log includes autoFixed count and durationMs[32m 1[2mms[22m[39m
[90mstderr[2m | src/test/pickup.actions.test.ts[2m > [22m[2minitiatePickupOTP[2m > [22m[2mgenerateAndSendOTP throws ΓåÆ returns safeActionError
[22m[39m[safeActionError] SMS service unavailable

[90mstderr[2m | src/test/pickup.actions.test.ts[2m > [22m[2mconfirmPickupOTP[2m > [22m[2munauthenticated ΓåÆ auth error
[22m[39m[safeActionError] Please sign in to continue

[90mstderr[2m | src/test/pickup.actions.test.ts[2m > [22m[2mrejectItemAtPickup[2m > [22m[2munauthenticated ΓåÆ auth error
[22m[39m[safeActionError] Please sign in to continue

 [32mΓ£ô[39m src/test/pickup.actions.test.ts[2m > [22minitiatePickupOTP[2m > [22munauthenticated ΓåÆ auth error[32m 5[2mms[22m[39m
 [32mΓ£ô[39m src/test/pickup.actions.test.ts[2m > [22minitiatePickupOTP[2m > [22morder not found ΓåÆ error[32m 1[2mms[22m[39m
 [32mΓ£ô[39m src/test/pickup.actions.test.ts[2m > [22minitiatePickupOTP[2m > [22mnot the seller (order.sellerId !== user.id) ΓåÆ error[32m 1[2mms[22m[39m
 [32mΓ£ô[39m src/test/pickup.actions.test.ts[2m > [22minitiatePickupOTP[2m > [22mwrong fulfillmentType ΓåÆ error[32m 0[2mms[22m[39m
 [32mΓ£ô[39m src/test/pickup.actions.test.ts[2m > [22minitiatePickupOTP[2m > [22mwrong pickupStatus ΓåÆ error[32m 0[2mms[22m[39m
 [32mΓ£ô[39m src/test/pickup.actions.test.ts[2m > [22minitiatePickupOTP[2m > [22mno pickupScheduledAt ΓåÆ error[32m 0[2mms[22m[39m
 [32mΓ£ô[39m src/test/pickup.actions.test.ts[2m > [22minitiatePickupOTP[2m > [22mno buyer phone ΓåÆ error[32m 0[2mms[22m[39m
 [32mΓ£ô[39m src/test/pickup.actions.test.ts[2m > [22minitiatePickupOTP[2m > [22mhappy path ΓåÆ calls generateAndSendOTP, recordEvent, schedules job[32m 3[2mms[22m[39m
 [32mΓ£ô[39m src/test/pickup.actions.test.ts[2m > [22minitiatePickupOTP[2m > [22mgenerateAndSendOTP throws ΓåÆ returns safeActionError[32m 1[2mms[22m[39m
 [32mΓ£ô[39m src/test/pickup.actions.test.ts[2m > [22mconfirmPickupOTP[2m > [22munauthenticated ΓåÆ auth error[32m 1[2mms[22m[39m
 [32mΓ£ô[39m src/test/pickup.actions.test.ts[2m > [22mconfirmPickupOTP[2m > [22morder not found ΓåÆ error[32m 0[2mms[22m[39m
 [32mΓ£ô[39m src/test/pickup.actions.test.ts[2m > [22mconfirmPickupOTP[2m > [22mnot the buyer ΓåÆ error[32m 0[2mms[22m[39m
 [32mΓ£ô[39m src/test/pickup.actions.test.ts[2m > [22mconfirmPickupOTP[2m > [22mOTP verification fails ΓåÆ error with specific message[32m 1[2mms[22m[39m
 [32mΓ£ô[39m src/test/pickup.actions.test.ts[2m > [22mconfirmPickupOTP[2m > [22mhappy path ΓåÆ calls verifyOTP + capturePayment + transitionOrder, returns success[32m 1[2mms[22m[39m
 [32mΓ£ô[39m src/test/pickup.actions.test.ts[2m > [22mrejectItemAtPickup[2m > [22munauthenticated ΓåÆ auth error[32m 1[2mms[22m[39m
 [32mΓ£ô[39m src/test/pickup.actions.test.ts[2m > [22mrejectItemAtPickup[2m > [22morder not found ΓåÆ error[32m 0[2mms[22m[39m
 [32mΓ£ô[39m src/test/pickup.actions.test.ts[2m > [22mrejectItemAtPickup[2m > [22mnot the buyer ΓåÆ error[32m 0[2mms[22m[39m
 [32mΓ£ô[39m src/test/pickup.actions.test.ts[2m > [22mrejectItemAtPickup[2m > [22mwrong pickupStatus ΓåÆ error[32m 0[2mms[22m[39m
 [32mΓ£ô[39m src/test/pickup.actions.test.ts[2m > [22mrejectItemAtPickup[2m > [22mreason is 'OTHER' with no reasonNote ΓåÆ error 'Please provide a genuine reason'[32m 0[2mms[22m[39m
 [32mΓ£ô[39m src/test/pickup.actions.test.ts[2m > [22mrejectItemAtPickup[2m > [22mreason is 'OTHER' with reasonNote < 20 chars ΓåÆ error[32m 0[2mms[22m[39m
 [32mΓ£ô[39m src/test/pickup.actions.test.ts[2m > [22mrejectItemAtPickup[2m > [22mhappy path ITEM_NOT_AS_DESCRIBED ΓåÆ success, calls createDispute[32m 1[2mms[22m[39m
 [32mΓ£ô[39m src/test/pickup.actions.test.ts[2m > [22mrejectItemAtPickup[2m > [22mresolvePickupDispute is called after reject[32m 3[2mms[22m[39m
 [32mΓ£ô[39m src/test/pickup.actions.test.ts[2m > [22mrejectItemAtPickup[2m > [22mhappy path with evidenceKeys ΓåÆ passed through to createDispute[32m 1[2mms[22m[39m
 [32mΓ£ô[39m src/test/payment-bug-fixes.test.ts[2m > [22mBug 1 ΓÇö cancelOrder Stripe refund[2m > [22mcalls refundPayment before transitioning PAYMENT_HELD order to CANCELLED[32m 7[2mms[22m[39m
 [32mΓ£ô[39m src/test/payment-bug-fixes.test.ts[2m > [22mBug 1 ΓÇö cancelOrder Stripe refund[2m > [22msuccessful refund ΓåÆ order transitions to CANCELLED[32m 1[2mms[22m[39m
 [32mΓ£ô[39m src/test/payment-bug-fixes.test.ts[2m > [22mBug 1 ΓÇö cancelOrder Stripe refund[2m > [22mfailed refund ΓåÆ order transitions to DISPUTED not CANCELLED[32m 3[2mms[22m[39m
 [32mΓ£ô[39m src/test/payment-bug-fixes.test.ts[2m > [22mBug 1 ΓÇö cancelOrder Stripe refund[2m > [22mCASH order (no stripePaymentIntentId) ΓåÆ no Stripe call, proceeds directly[32m 1[2mms[22m[39m
 [32mΓ£ô[39m src/test/payment-bug-fixes.test.ts[2m > [22mBug 1 ΓÇö cancelOrder Stripe refund[2m > [22mnon-PAYMENT_HELD order (AWAITING_PICKUP) ΓåÆ no Stripe refund call[32m 1[2mms[22m[39m
 [32mΓ£ô[39m src/test/payment-bug-fixes.test.ts[2m > [22mBug 2 ΓÇö AUTO_REFUND conditional on Stripe[2m > [22msuccessful Stripe refund ΓåÆ order transitions to REFUNDED[32m 2[2mms[22m[39m
 [32mΓ£ô[39m src/test/payment-bug-fixes.test.ts[2m > [22mBug 2 ΓÇö AUTO_REFUND conditional on Stripe[2m > [22mfailed Stripe refund ΓåÆ order stays in DISPUTED, NOT marked REFUNDED[32m 1[2mms[22m[39m
 [32mΓ£ô[39m src/test/payment-bug-fixes.test.ts[2m > [22mBug 2 ΓÇö AUTO_REFUND conditional on Stripe[2m > [22mfailed Stripe refund ΓåÆ records system event for manual review[32m 1[2mms[22m[39m
 [32mΓ£ô[39m src/test/payment-bug-fixes.test.ts[2m > [22mBug 3 ΓÇö AUTO_DISMISS capture before transition[2m > [22msuccessful capture ΓåÆ order transitions to COMPLETED[32m 1[2mms[22m[39m
 [32mΓ£ô[39m src/test/payment-bug-fixes.test.ts[2m > [22mBug 3 ΓÇö AUTO_DISMISS capture before transition[2m > [22mfailed capture ΓåÆ order stays in DISPUTED, NOT marked COMPLETED[32m 0[2mms[22m[39m
 [32mΓ£ô[39m src/test/payment-bug-fixes.test.ts[2m > [22mBug 3 ΓÇö AUTO_DISMISS capture before transition[2m > [22mfailed capture ΓåÆ records system event for manual review[32m 0[2mms[22m[39m
 [32mΓ£ô[39m src/test/payment-bug-fixes.test.ts[2m > [22mBug 3 ΓÇö AUTO_DISMISS capture before transition[2m > [22mcapture is called BEFORE order transitions ΓÇö verified by call order[32m 0[2mms[22m[39m
 [32mΓ£ô[39m src/test/order-transitions.test.ts[2m > [22mOrder State Machine[2m > [22massertOrderTransition[2m > [22mallows AWAITING_PAYMENT ΓåÆ PAYMENT_HELD[32m 4[2mms[22m[39m
 [32mΓ£ô[39m src/test/order-transitions.test.ts[2m > [22mOrder State Machine[2m > [22massertOrderTransition[2m > [22mallows AWAITING_PAYMENT ΓåÆ CANCELLED[32m 1[2mms[22m[39m
 [32mΓ£ô[39m src/test/order-transitions.test.ts[2m > [22mOrder State Machine[2m > [22massertOrderTransition[2m > [22mallows PAYMENT_HELD ΓåÆ DISPATCHED[32m 0[2mms[22m[39m
 [32mΓ£ô[39m src/test/order-transitions.test.ts[2m > [22mOrder State Machine[2m > [22massertOrderTransition[2m > [22mallows DISPATCHED ΓåÆ DELIVERED[32m 0[2mms[22m[39m
 [32mΓ£ô[39m src/test/order-transitions.test.ts[2m > [22mOrder State Machine[2m > [22massertOrderTransition[2m > [22mallows DELIVERED ΓåÆ COMPLETED[32m 0[2mms[22m[39m
 [32mΓ£ô[39m src/test/order-transitions.test.ts[2m > [22mOrder State Machine[2m > [22massertOrderTransition[2m > [22mallows DISPUTED ΓåÆ REFUNDED[32m 0[2mms[22m[39m
 [32mΓ£ô[39m src/test/order-transitions.test.ts[2m > [22mOrder State Machine[2m > [22massertOrderTransition[2m > [22mallows AWAITING_PAYMENT ΓåÆ AWAITING_PICKUP (cash-on-pickup)[32m 0[2mms[22m[39m
 [32mΓ£ô[39m src/test/order-transitions.test.ts[2m > [22mOrder State Machine[2m > [22massertOrderTransition[2m > [22mallows AWAITING_PICKUP ΓåÆ COMPLETED[32m 0[2mms[22m[39m
 [32mΓ£ô[39m src/test/order-transitions.test.ts[2m > [22mOrder State Machine[2m > [22massertOrderTransition[2m > [22mallows AWAITING_PICKUP ΓåÆ CANCELLED[32m 0[2mms[22m[39m
 [32mΓ£ô[39m src/test/order-transitions.test.ts[2m > [22mOrder State Machine[2m > [22massertOrderTransition[2m > [22mallows AWAITING_PICKUP ΓåÆ DISPUTED[32m 0[2mms[22m[39m
 [32mΓ£ô[39m src/test/order-transitions.test.ts[2m > [22mOrder State Machine[2m > [22massertOrderTransition[2m > [22mallows PAYMENT_HELD ΓåÆ DISPUTED[32m 0[2mms[22m[39m
 [32mΓ£ô[39m src/test/order-transitions.test.ts[2m > [22mOrder State Machine[2m > [22massertOrderTransition[2m > [22mallows PAYMENT_HELD ΓåÆ CANCELLED[32m 0[2mms[22m[39m
 [32mΓ£ô[39m src/test/order-transitions.test.ts[2m > [22mOrder State Machine[2m > [22massertOrderTransition[2m > [22mallows DISPATCHED ΓåÆ DISPUTED[32m 0[2mms[22m[39m
 [32mΓ£ô[39m src/test/order-transitions.test.ts[2m > [22mOrder State Machine[2m > [22massertOrderTransition[2m > [22mallows DISPATCHED ΓåÆ COMPLETED[32m 0[2mms[22m[39m
 [32mΓ£ô[39m src/test/order-transitions.test.ts[2m > [22mOrder State Machine[2m > [22massertOrderTransition[2m > [22mallows DELIVERED ΓåÆ DISPUTED[32m 0[2mms[22m[39m
 [32mΓ£ô[39m src/test/order-transitions.test.ts[2m > [22mOrder State Machine[2m > [22massertOrderTransition[2m > [22mallows DISPUTED ΓåÆ COMPLETED[32m 0[2mms[22m[39m
 [32mΓ£ô[39m src/test/order-transitions.test.ts[2m > [22mOrder State Machine[2m > [22massertOrderTransition[2m > [22mallows DISPUTED ΓåÆ CANCELLED[32m 0[2mms[22m[39m
 [32mΓ£ô[39m src/test/order-transitions.test.ts[2m > [22mOrder State Machine[2m > [22massertOrderTransition[2m > [22mrejects COMPLETED ΓåÆ anything (terminal state)[32m 0[2mms[22m[39m
 [32mΓ£ô[39m src/test/order-transitions.test.ts[2m > [22mOrder State Machine[2m > [22massertOrderTransition[2m > [22mrejects REFUNDED ΓåÆ anything (terminal state)[32m 0[2mms[22m[39m
 [32mΓ£ô[39m src/test/order-transitions.test.ts[2m > [22mOrder State Machine[2m > [22massertOrderTransition[2m > [22mrejects CANCELLED ΓåÆ anything (terminal state)[32m 0[2mms[22m[39m
 [32mΓ£ô[39m src/test/order-transitions.test.ts[2m > [22mOrder State Machine[2m > [22massertOrderTransition[2m > [22mrejects backwards transition DISPATCHED ΓåÆ PAYMENT_HELD[32m 0[2mms[22m[39m
 [32mΓ£ô[39m src/test/order-transitions.test.ts[2m > [22mOrder State Machine[2m > [22massertOrderTransition[2m > [22mrejects unknown status[32m 0[2mms[22m[39m
 [32mΓ£ô[39m src/test/order-transitions.test.ts[2m > [22mOrder State Machine[2m > [22massertOrderTransition[2m > [22mincludes allowed transitions in error message[32m 0[2mms[22m[39m
 [32mΓ£ô[39m src/test/order-transitions.test.ts[2m > [22mOrder State Machine[2m > [22mVALID_ORDER_TRANSITIONS[2m > [22mdefines 9 statuses[32m 1[2mms[22m[39m
 [32mΓ£ô[39m src/test/order-transitions.test.ts[2m > [22mOrder State Machine[2m > [22mVALID_ORDER_TRANSITIONS[2m > [22mhas 3 terminal states with no outgoing edges[32m 1[2mms[22m[39m
 [32mΓ£ô[39m src/test/order-transitions.test.ts[2m > [22mOrder State Machine[2m > [22mVALID_ORDER_TRANSITIONS[2m > [22mall transitions reference valid states[32m 1[2mms[22m[39m
 [32mΓ£ô[39m src/test/order-transitions.test.ts[2m > [22mOrder State Machine[2m > [22mtransitionOrder[2m > [22mtransitions order successfully with fromStatus provided[32m 1[2mms[22m[39m
 [32mΓ£ô[39m src/test/order-transitions.test.ts[2m > [22mOrder State Machine[2m > [22mtransitionOrder[2m > [22mfetches current status when fromStatus not provided[32m 1[2mms[22m[39m
 [32mΓ£ô[39m src/test/order-transitions.test.ts[2m > [22mOrder State Machine[2m > [22mtransitionOrder[2m > [22mthrows NOT_FOUND when order does not exist[32m 2[2mms[22m[39m
 [32mΓ£ô[39m src/test/order-transitions.test.ts[2m > [22mOrder State Machine[2m > [22mtransitionOrder[2m > [22mthrows P2025 on concurrent modification (count=0)[32m 1[2mms[22m[39m
 [32mΓ£ô[39m src/test/order-transitions.test.ts[2m > [22mOrder State Machine[2m > [22mtransitionOrder[2m > [22mpasses transition data to repository[32m 1[2mms[22m[39m
 [32mΓ£ô[39m src/test/order-transitions.test.ts[2m > [22mOrder State Machine[2m > [22mtransitionOrder[2m > [22mpasses tx to repository when provided[32m 0[2mms[22m[39m
 [32mΓ£ô[39m src/test/order-transitions.test.ts[2m > [22mOrder State Machine[2m > [22mtransitionOrder[2m > [22mrejects invalid transitions without hitting DB[32m 1[2mms[22m[39m
 [32mΓ£ô[39m src/test/order-state-extended.test.ts[2m > [22mVALID_ORDER_TRANSITIONS ΓÇö state machine definition[2m > [22mdefines terminal states with no outgoing edges[32m 2[2mms[22m[39m
 [32mΓ£ô[39m src/test/order-state-extended.test.ts[2m > [22mVALID_ORDER_TRANSITIONS ΓÇö state machine definition[2m > [22mAWAITING_PAYMENT can transition to PAYMENT_HELD, AWAITING_PICKUP, or CANCELLED[32m 1[2mms[22m[39m
 [32mΓ£ô[39m src/test/order-state-extended.test.ts[2m > [22mVALID_ORDER_TRANSITIONS ΓÇö state machine definition[2m > [22mPAYMENT_HELD can transition to DISPATCHED, CANCELLED, or DISPUTED[32m 0[2mms[22m[39m
 [32mΓ£ô[39m src/test/order-state-extended.test.ts[2m > [22mVALID_ORDER_TRANSITIONS ΓÇö state machine definition[2m > [22mAWAITING_PICKUP can transition to COMPLETED, CANCELLED, or DISPUTED[32m 0[2mms[22m[39m
 [32mΓ£ô[39m src/test/order-state-extended.test.ts[2m > [22mVALID_ORDER_TRANSITIONS ΓÇö state machine definition[2m > [22mDISPATCHED can transition to DELIVERED, DISPUTED, or COMPLETED[32m 0[2mms[22m[39m
 [32mΓ£ô[39m src/test/order-state-extended.test.ts[2m > [22mVALID_ORDER_TRANSITIONS ΓÇö state machine definition[2m > [22mDELIVERED can transition to COMPLETED or DISPUTED[32m 0[2mms[22m[39m
 [32mΓ£ô[39m src/test/order-state-extended.test.ts[2m > [22mVALID_ORDER_TRANSITIONS ΓÇö state machine definition[2m > [22mDISPUTED can transition to COMPLETED, REFUNDED, or CANCELLED[32m 0[2mms[22m[39m
 [32mΓ£ô[39m src/test/order-state-extended.test.ts[2m > [22massertOrderTransition ΓÇö validation[2m > [22mallows valid AWAITING_PAYMENT ΓåÆ PAYMENT_HELD[32m 1[2mms[22m[39m
 [32mΓ£ô[39m src/test/order-state-extended.test.ts[2m > [22massertOrderTransition ΓÇö validation[2m > [22mallows valid PAYMENT_HELD ΓåÆ DISPATCHED[32m 0[2mms[22m[39m
 [32mΓ£ô[39m src/test/order-state-extended.test.ts[2m > [22massertOrderTransition ΓÇö validation[2m > [22mallows valid DISPATCHED ΓåÆ DELIVERED[32m 0[2mms[22m[39m
 [32mΓ£ô[39m src/test/order-state-extended.test.ts[2m > [22massertOrderTransition ΓÇö validation[2m > [22mallows valid DELIVERED ΓåÆ COMPLETED[32m 0[2mms[22m[39m
 [32mΓ£ô[39m src/test/order-state-extended.test.ts[2m > [22massertOrderTransition ΓÇö validation[2m > [22mallows valid DISPUTED ΓåÆ REFUNDED[32m 0[2mms[22m[39m
 [32mΓ£ô[39m src/test/order-state-extended.test.ts[2m > [22massertOrderTransition ΓÇö validation[2m > [22mthrows for COMPLETED ΓåÆ any state (terminal)[32m 0[2mms[22m[39m
 [32mΓ£ô[39m src/test/order-state-extended.test.ts[2m > [22massertOrderTransition ΓÇö validation[2m > [22mthrows for CANCELLED ΓåÆ any state (terminal)[32m 0[2mms[22m[39m
 [32mΓ£ô[39m src/test/order-state-extended.test.ts[2m > [22massertOrderTransition ΓÇö validation[2m > [22mthrows for REFUNDED ΓåÆ any state (terminal)[32m 0[2mms[22m[39m
 [32mΓ£ô[39m src/test/order-state-extended.test.ts[2m > [22massertOrderTransition ΓÇö validation[2m > [22mthrows for backwards transition DELIVERED ΓåÆ PENDING[32m 0[2mms[22m[39m
 [32mΓ£ô[39m src/test/order-state-extended.test.ts[2m > [22massertOrderTransition ΓÇö validation[2m > [22mthrows for DISPATCHED ΓåÆ AWAITING_PAYMENT (backwards)[32m 0[2mms[22m[39m
 [32mΓ£ô[39m src/test/order-state-extended.test.ts[2m > [22massertOrderTransition ΓÇö validation[2m > [22mthrows for unknown source status[32m 0[2mms[22m[39m
 [32mΓ£ô[39m src/test/order-state-extended.test.ts[2m > [22mtransitionOrder ΓÇö execution with optimistic locking[2m > [22mtransitions AWAITING_PAYMENT ΓåÆ PAYMENT_HELD with fromStatus[32m 2[2mms[22m[39m
 [32mΓ£ô[39m src/test/order-state-extended.test.ts[2m > [22mtransitionOrder ΓÇö execution with optimistic locking[2m > [22mtransitions PAYMENT_HELD ΓåÆ DISPATCHED[32m 1[2mms[22m[39m
 [32mΓ£ô[39m src/test/order-state-extended.test.ts[2m > [22mtransitionOrder ΓÇö execution with optimistic locking[2m > [22mtransitions DISPATCHED ΓåÆ DELIVERED[32m 0[2mms[22m[39m
 [32mΓ£ô[39m src/test/order-state-extended.test.ts[2m > [22mtransitionOrder ΓÇö execution with optimistic locking[2m > [22mtransitions DELIVERED ΓåÆ COMPLETED[32m 0[2mms[22m[39m
 [32mΓ£ô[39m src/test/order-state-extended.test.ts[2m > [22mtransitionOrder ΓÇö execution with optimistic locking[2m > [22mtransitions PAYMENT_HELD ΓåÆ CANCELLED[32m 0[2mms[22m[39m
 [32mΓ£ô[39m src/test/order-state-extended.test.ts[2m > [22mtransitionOrder ΓÇö execution with optimistic locking[2m > [22mtransitions PAYMENT_HELD ΓåÆ DISPUTED[32m 0[2mms[22m[39m
 [32mΓ£ô[39m src/test/order-state-extended.test.ts[2m > [22mtransitionOrder ΓÇö execution with optimistic locking[2m > [22mtransitions DISPUTED ΓåÆ COMPLETED (after resolution)[32m 0[2mms[22m[39m
 [32mΓ£ô[39m src/test/order-state-extended.test.ts[2m > [22mtransitionOrder ΓÇö execution with optimistic locking[2m > [22mtransitions DISPUTED ΓåÆ REFUNDED[32m 0[2mms[22m[39m
 [32mΓ£ô[39m src/test/order-state-extended.test.ts[2m > [22mtransitionOrder ΓÇö execution with optimistic locking[2m > [22mtransitions AWAITING_PICKUP ΓåÆ COMPLETED (OTP confirmed)[32m 0[2mms[22m[39m
 [32mΓ£ô[39m src/test/order-state-extended.test.ts[2m > [22mtransitionOrder ΓÇö execution with optimistic locking[2m > [22mfetches current status when fromStatus not provided[32m 0[2mms[22m[39m
 [32mΓ£ô[39m src/test/order-state-extended.test.ts[2m > [22mtransitionOrder ΓÇö execution with optimistic locking[2m > [22mthrows AppError.notFound when order not found and no fromStatus[32m 1[2mms[22m[39m
 [32mΓ£ô[39m src/test/order-state-extended.test.ts[2m > [22mtransitionOrder ΓÇö execution with optimistic locking[2m > [22mthrows on invalid transition COMPLETED ΓåÆ DISPATCHED[32m 0[2mms[22m[39m
 [32mΓ£ô[39m src/test/order-state-extended.test.ts[2m > [22mtransitionOrder ΓÇö execution with optimistic locking[2m > [22mthrows on invalid transition CANCELLED ΓåÆ PAYMENT_HELD[32m 0[2mms[22m[39m
 [32mΓ£ô[39m src/test/order-state-extended.test.ts[2m > [22mtransitionOrder ΓÇö execution with optimistic locking[2m > [22mthrows on backwards transition DELIVERED ΓåÆ PENDING[32m 0[2mms[22m[39m
 [32mΓ£ô[39m src/test/order-state-extended.test.ts[2m > [22mtransitionOrder ΓÇö execution with optimistic locking[2m > [22mthrows P2025 error when optimistic lock fails (count=0)[32m 0[2mms[22m[39m
 [32mΓ£ô[39m src/test/order-state-extended.test.ts[2m > [22mtransitionOrder ΓÇö execution with optimistic locking[2m > [22mconcurrent modification error has code P2025[32m 0[2mms[22m[39m
 [32mΓ£ô[39m src/test/order-state-extended.test.ts[2m > [22mtransitionOrder ΓÇö execution with optimistic locking[2m > [22mincludes transition data in the update[32m 1[2mms[22m[39m
 [32mΓ£ô[39m src/test/payment-module-coverage.test.ts[2m > [22mWebhookService ΓÇö payment-module-coverage[2m > [22mhandleAmountCapturableUpdated ΓÇö shipped order full flow[2m > [22mtransitions to PAYMENT_HELD and creates payout via tx.payout.upsert[32m 6[2mms[22m[39m
 [32mΓ£ô[39m src/test/payment-module-coverage.test.ts[2m > [22mWebhookService ΓÇö payment-module-coverage[2m > [22mhandleAmountCapturableUpdated ΓÇö shipped order full flow[2m > [22mcalls audit with PAYMENT_COMPLETED action inside the transaction[32m 1[2mms[22m[39m
 [32mΓ£ô[39m src/test/payment-module-coverage.test.ts[2m > [22mWebhookService ΓÇö payment-module-coverage[2m > [22mhandleAmountCapturableUpdated ΓÇö shipped order full flow[2m > [22mrecords PAYMENT_HELD order event with escrow summary[32m 1[2mms[22m[39m
 [32mΓ£ô[39m src/test/payment-module-coverage.test.ts[2m > [22mWebhookService ΓÇö payment-module-coverage[2m > [22mhandleAmountCapturableUpdated ΓÇö shipped order full flow[2m > [22mruns transition, payout, audit, and event inside $transaction[32m 1[2mms[22m[39m
 [32mΓ£ô[39m src/test/payment-module-coverage.test.ts[2m > [22mWebhookService ΓÇö payment-module-coverage[2m > [22mhandleAmountCapturableUpdated ΓÇö pickup order[2m > [22mtransitions to AWAITING_PICKUP instead of PAYMENT_HELD[32m 1[2mms[22m[39m
 [32mΓ£ô[39m src/test/payment-module-coverage.test.ts[2m > [22mWebhookService ΓÇö payment-module-coverage[2m > [22mhandleAmountCapturableUpdated ΓÇö pickup order[2m > [22mdoes NOT create a payout record[32m 1[2mms[22m[39m
 [32mΓ£ô[39m src/test/payment-module-coverage.test.ts[2m > [22mWebhookService ΓÇö payment-module-coverage[2m > [22mhandleAmountCapturableUpdated ΓÇö pickup order[2m > [22mrecords event with pickup-specific summary[32m 0[2mms[22m[39m
 [32mΓ£ô[39m src/test/payment-module-coverage.test.ts[2m > [22mWebhookService ΓÇö payment-module-coverage[2m > [22mhandleAmountCapturableUpdated ΓÇö pickup order[2m > [22maudits with targetStatus AWAITING_PICKUP[32m 0[2mms[22m[39m
 [32mΓ£ô[39m src/test/payment-module-coverage.test.ts[2m > [22mWebhookService ΓÇö payment-module-coverage[2m > [22mhandleAmountCapturableUpdated ΓÇö idempotent skip[2m > [22mskips when order is already PAYMENT_HELD[32m 0[2mms[22m[39m
 [32mΓ£ô[39m src/test/payment-module-coverage.test.ts[2m > [22mWebhookService ΓÇö payment-module-coverage[2m > [22mhandleAmountCapturableUpdated ΓÇö idempotent skip[2m > [22mskips when order is COMPLETED[32m 0[2mms[22m[39m
 [32mΓ£ô[39m src/test/payment-module-coverage.test.ts[2m > [22mWebhookService ΓÇö payment-module-coverage[2m > [22mhandleAmountCapturableUpdated ΓÇö idempotent skip[2m > [22mskips when order is CANCELLED[32m 0[2mms[22m[39m
 [32mΓ£ô[39m src/test/payment-module-coverage.test.ts[2m > [22mWebhookService ΓÇö payment-module-coverage[2m > [22mhandleAmountCapturableUpdated ΓÇö idempotent skip[2m > [22mskips when order is not found (null)[32m 0[2mms[22m[39m
 [32mΓ£ô[39m src/test/payment-module-coverage.test.ts[2m > [22mWebhookService ΓÇö payment-module-coverage[2m > [22mhandleAmountCapturableUpdated ΓÇö idempotent skip[2m > [22mreturns early when sellerId is missing from metadata[32m 0[2mms[22m[39m
 [32mΓ£ô[39m src/test/payment-module-coverage.test.ts[2m > [22mWebhookService ΓÇö payment-module-coverage[2m > [22mhandlePaymentIntentFailed ΓÇö listing reservation release[2m > [22mcancels order and releases listing reservation when listingId present[32m 1[2mms[22m[39m
 [32mΓ£ô[39m src/test/payment-module-coverage.test.ts[2m > [22mWebhookService ΓÇö payment-module-coverage[2m > [22mhandlePaymentIntentFailed ΓÇö listing reservation release[2m > [22mdoes NOT release reservation when listingId is absent[32m 0[2mms[22m[39m
 [32mΓ£ô[39m src/test/payment-module-coverage.test.ts[2m > [22mWebhookService ΓÇö payment-module-coverage[2m > [22mhandlePaymentIntentFailed ΓÇö listing reservation release[2m > [22maudits PAYMENT_FAILED with failure code[32m 0[2mms[22m[39m
 [32mΓ£ô[39m src/test/payment-module-coverage.test.ts[2m > [22mWebhookService ΓÇö payment-module-coverage[2m > [22mhandlePaymentIntentFailed ΓÇö listing reservation release[2m > [22mrecords CANCELLED order event with failure reason[32m 1[2mms[22m[39m
 [32mΓ£ô[39m src/test/payment-module-coverage.test.ts[2m > [22mWebhookService ΓÇö payment-module-coverage[2m > [22mhandlePaymentIntentFailed ΓÇö skip when not AWAITING_PAYMENT[2m > [22mskips when order is PAYMENT_HELD (no transition, no release)[32m 0[2mms[22m[39m
 [32mΓ£ô[39m src/test/payment-module-coverage.test.ts[2m > [22mWebhookService ΓÇö payment-module-coverage[2m > [22mhandlePaymentIntentFailed ΓÇö skip when not AWAITING_PAYMENT[2m > [22mskips when order is not found (null)[32m 0[2mms[22m[39m
 [32mΓ£ô[39m src/test/payment-module-coverage.test.ts[2m > [22mWebhookService ΓÇö payment-module-coverage[2m > [22mhandlePaymentIntentFailed ΓÇö skip when not AWAITING_PAYMENT[2m > [22mskips when order is already CANCELLED[32m 0[2mms[22m[39m
 [32mΓ£ô[39m src/test/payment-module-coverage.test.ts[2m > [22mWebhookService ΓÇö payment-module-coverage[2m > [22mprocessEvent ΓÇö handler error: event not recorded, Stripe can retry[2m > [22mdoes not record stripe event when handler throws, then re-throws[32m 2[2mms[22m[39m
 [32mΓ£ô[39m src/test/payment-module-coverage.test.ts[2m > [22mWebhookService ΓÇö payment-module-coverage[2m > [22mprocessEvent ΓÇö handler error: event not recorded, Stripe can retry[2m > [22mre-throws original handler error without recording the event[32m 0[2mms[22m[39m
 [32mΓ£ô[39m src/test/payment-module-coverage.test.ts[2m > [22mWebhookService ΓÇö payment-module-coverage[2m > [22mprocessEvent ΓÇö handler error: event not recorded, Stripe can retry[2m > [22mdoes not record event on payment_intent.succeeded handler failure[32m 0[2mms[22m[39m
 [32mΓ£ô[39m src/test/payment-module-coverage.test.ts[2m > [22mWebhookService ΓÇö payment-module-coverage[2m > [22mprocessEvent ΓÇö handler error: event not recorded, Stripe can retry[2m > [22mdoes not record event on payment_intent.payment_failed handler failure[32m 0[2mms[22m[39m
 [32mΓ£ô[39m src/test/integration-flows.test.ts[2m > [22mComplete purchase flow ΓÇö createOrder[2m > [22mcreates order and returns clientSecret for payment[32m 5[2mms[22m[39m
 [32mΓ£ô[39m src/test/integration-flows.test.ts[2m > [22mComplete purchase flow ΓÇö createOrder[2m > [22mrejects when buyer has unverified email[32m 1[2mms[22m[39m
 [32mΓ£ô[39m src/test/integration-flows.test.ts[2m > [22mComplete purchase flow ΓÇö createOrder[2m > [22mrejects when listing not found[32m 1[2mms[22m[39m
 [32mΓ£ô[39m src/test/integration-flows.test.ts[2m > [22mComplete purchase flow ΓÇö createOrder[2m > [22mrejects when buyer tries to purchase own listing[32m 0[2mms[22m[39m
 [32mΓ£ô[39m src/test/integration-flows.test.ts[2m > [22mComplete purchase flow ΓÇö createOrder[2m > [22mrejects when seller has no Stripe account[32m 0[2mms[22m[39m
 [32mΓ£ô[39m src/test/integration-flows.test.ts[2m > [22mComplete purchase flow ΓÇö createOrder[2m > [22mrejects when listing is already reserved (count=0)[32m 0[2mms[22m[39m
 [32mΓ£ô[39m src/test/integration-flows.test.ts[2m > [22mComplete purchase flow ΓÇö createOrder[2m > [22mreturns existing order on idempotency key match[32m 1[2mms[22m[39m
 [32mΓ£ô[39m src/test/integration-flows.test.ts[2m > [22mComplete purchase flow ΓÇö createOrder[2m > [22mhandles Stripe PI creation failure ΓÇö cancels order and releases listing[32m 1[2mms[22m[39m
 [32mΓ£ô[39m src/test/integration-flows.test.ts[2m > [22mComplete purchase flow ΓÇö createOrder[2m > [22mcreates CASH_ON_PICKUP order with no payment intent[32m 1[2mms[22m[39m
 [32mΓ£ô[39m src/test/integration-flows.test.ts[2m > [22mDispatch flow ΓÇö markDispatched[2m > [22mtransitions order to DISPATCHED[32m 4[2mms[22m[39m
 [32mΓ£ô[39m src/test/integration-flows.test.ts[2m > [22mDispatch flow ΓÇö markDispatched[2m > [22mrejects when non-seller attempts dispatch[32m 2[2mms[22m[39m
 [32mΓ£ô[39m src/test/integration-flows.test.ts[2m > [22mDispatch flow ΓÇö markDispatched[2m > [22mrejects when order is not PAYMENT_HELD[32m 1[2mms[22m[39m
 [32mΓ£ô[39m src/test/integration-flows.test.ts[2m > [22mDelivery confirmation flow ΓÇö confirmDelivery[2m > [22mcaptures payment and transitions to COMPLETED[32m 3[2mms[22m[39m
 [32mΓ£ô[39m src/test/integration-flows.test.ts[2m > [22mDelivery confirmation flow ΓÇö confirmDelivery[2m > [22mrejects when non-buyer attempts confirmation[32m 1[2mms[22m[39m
 [32mΓ£ô[39m src/test/integration-flows.test.ts[2m > [22mDelivery confirmation flow ΓÇö confirmDelivery[2m > [22mrejects when order is not in deliverable state[32m 1[2mms[22m[39m
 [32mΓ£ô[39m src/test/integration-flows.test.ts[2m > [22mDelivery confirmation flow ΓÇö confirmDelivery[2m > [22mthrows when stripePaymentIntentId is null[32m 1[2mms[22m[39m
 [32mΓ£ô[39m src/test/integration-flows.test.ts[2m > [22mDelivery confirmation flow ΓÇö confirmDelivery[2m > [22maccepts DELIVERED status for confirmation[32m 1[2mms[22m[39m
 [32mΓ£ô[39m src/test/integration-flows.test.ts[2m > [22mCancellation flow ΓÇö cancelOrder[2m > [22mcancels PAYMENT_HELD order within free window[32m 1[2mms[22m[39m
 [32mΓ£ô[39m src/test/integration-flows.test.ts[2m > [22mCancellation flow ΓÇö cancelOrder[2m > [22mrejects cancellation of DISPATCHED order[32m 0[2mms[22m[39m
 [32mΓ£ô[39m src/test/integration-flows.test.ts[2m > [22mCancellation flow ΓÇö cancelOrder[2m > [22mrejects cancellation without reason after free window[32m 3[2mms[22m[39m
 [32mΓ£ô[39m src/test/integration-flows.test.ts[2m > [22mCancellation flow ΓÇö cancelOrder[2m > [22mallows cancellation with reason after free window[32m 1[2mms[22m[39m
 [32mΓ£ô[39m src/test/integration-flows.test.ts[2m > [22mgetCancellationStatus ΓÇö cancellation window logic[2m > [22mreturns canCancel=true, windowType=free for recently created PAYMENT_HELD[32m 0[2mms[22m[39m
 [32mΓ£ô[39m src/test/integration-flows.test.ts[2m > [22mgetCancellationStatus ΓÇö cancellation window logic[2m > [22mreturns windowType=request after free window[32m 1[2mms[22m[39m
 [32mΓ£ô[39m src/test/integration-flows.test.ts[2m > [22mgetCancellationStatus ΓÇö cancellation window logic[2m > [22mreturns canCancel=false for DISPATCHED order[32m 1[2mms[22m[39m
 [32mΓ£ô[39m src/test/integration-flows.test.ts[2m > [22mgetCancellationStatus ΓÇö cancellation window logic[2m > [22mreturns windowType=closed after request window expires[32m 0[2mms[22m[39m
 [32mΓ£ô[39m src/test/disputeResolution.test.ts[2m > [22mDispute resolution atomicity[2m > [22mreturns error when order has no payment intent[32m 8[2mms[22m[39m
 [32mΓ£ô[39m src/test/disputeResolution.test.ts[2m > [22mDispute resolution atomicity[2m > [22mreturns error when order is not DISPUTED[32m 1[2mms[22m[39m
 [32mΓ£ô[39m src/test/disputeResolution.test.ts[2m > [22mDispute resolution atomicity[2m > [22mreturns error when order not found[32m 1[2mms[22m[39m
 [32mΓ£ô[39m src/test/disputeResolution.test.ts[2m > [22mDispute resolution atomicity[2m > [22mstill updates DB even if Stripe refund fails ΓÇö DB-first pattern (buyer favour)[32m 6[2mms[22m[39m
 [32mΓ£ô[39m src/test/disputeResolution.test.ts[2m > [22mDispute resolution atomicity[2m > [22mdoes NOT update DB if Stripe capture fails (seller favour)[32m 3[2mms[22m[39m
 [32mΓ£ô[39m src/test/disputeResolution.test.ts[2m > [22mDispute resolution atomicity[2m > [22mupdates DB to REFUNDED after successful Stripe refund[32m 2[2mms[22m[39m
 [32mΓ£ô[39m src/test/disputeResolution.test.ts[2m > [22mDispute resolution atomicity[2m > [22mupdates DB to COMPLETED after successful Stripe capture[32m 1[2mms[22m[39m
 [32mΓ£ô[39m src/test/disputeResolution.test.ts[2m > [22mDispute resolution atomicity[2m > [22mrejects non-admin callers[32m 1[2mms[22m[39m
 [32mΓ£ô[39m src/test/moderation.test.ts[2m > [22mmoderateText[2m > [22mallows empty text[32m 7[2mms[22m[39m
 [32mΓ£ô[39m src/test/moderation.test.ts[2m > [22mmoderateText[2m > [22mallows whitespace-only text[32m 1[2mms[22m[39m
 [32mΓ£ô[39m src/test/moderation.test.ts[2m > [22mmoderateText[2m > [22mblocks wire transfer scam language[32m 1[2mms[22m[39m
 [32mΓ£ô[39m src/test/moderation.test.ts[2m > [22mmoderateText[2m > [22mblocks Western Union references[32m 1[2mms[22m[39m
 [32mΓ£ô[39m src/test/moderation.test.ts[2m > [22mmoderateText[2m > [22mblocks bitcoin-only payment requests[32m 0[2mms[22m[39m
 [32mΓ£ô[39m src/test/moderation.test.ts[2m > [22mmoderateText[2m > [22mblocks gun/firearm sale language[32m 0[2mms[22m[39m
 [32mΓ£ô[39m src/test/moderation.test.ts[2m > [22mmoderateText[2m > [22mblocks counterfeit goods[32m 0[2mms[22m[39m
 [32mΓ£ô[39m src/test/moderation.test.ts[2m > [22mmoderateText[2m > [22mblocks stolen goods language[32m 0[2mms[22m[39m
 [32mΓ£ô[39m src/test/moderation.test.ts[2m > [22mmoderateText[2m > [22mflags NZ phone numbers in messages[32m 1[2mms[22m[39m
 [32mΓ£ô[39m src/test/moderation.test.ts[2m > [22mmoderateText[2m > [22mflags email addresses in messages[32m 1[2mms[22m[39m
 [32mΓ£ô[39m src/test/moderation.test.ts[2m > [22mmoderateText[2m > [22mflags contact info in listings as suspicious_pattern (not contact_info)[32m 0[2mms[22m[39m
 [32mΓ£ô[39m src/test/moderation.test.ts[2m > [22mmoderateText[2m > [22mflags urgency language[32m 0[2mms[22m[39m
 [32mΓ£ô[39m src/test/moderation.test.ts[2m > [22mmoderateText[2m > [22mflags cash-only requests[32m 0[2mms[22m[39m
 [32mΓ£ô[39m src/test/moderation.test.ts[2m > [22mmoderateText[2m > [22mflags excessive caps (shouting) in long text[32m 1[2mms[22m[39m
 [32mΓ£ô[39m src/test/moderation.test.ts[2m > [22mmoderateText[2m > [22mdoes not flag short uppercase text[32m 0[2mms[22m[39m
 [32mΓ£ô[39m src/test/moderation.test.ts[2m > [22mmoderateText[2m > [22mflags text with 10+ repeated characters[32m 0[2mms[22m[39m
 [32mΓ£ô[39m src/test/moderation.test.ts[2m > [22mmoderateText[2m > [22mdoes not flag text with fewer than 10 repeated chars[32m 0[2mms[22m[39m
 [32mΓ£ô[39m src/test/moderation.test.ts[2m > [22mmoderateText[2m > [22mallows clean listing description[32m 0[2mms[22m[39m
 [32mΓ£ô[39m src/test/moderation.test.ts[2m > [22msanitizeText[2m > [22mremoves script tags and content[32m 0[2mms[22m[39m
 [32mΓ£ô[39m src/test/moderation.test.ts[2m > [22msanitizeText[2m > [22mremoves other HTML tags[32m 0[2mms[22m[39m
 [32mΓ£ô[39m src/test/moderation.test.ts[2m > [22msanitizeText[2m > [22mtrims whitespace[32m 0[2mms[22m[39m
 [32mΓ£ô[39m src/test/moderation.test.ts[2m > [22msanitizeText[2m > [22mreturns empty string for empty input after stripping[32m 0[2mms[22m[39m
 [32mΓ£ô[39m src/test/moderation.test.ts[2m > [22msanitizeText[2m > [22mpasses through plain text unchanged[32m 0[2mms[22m[39m
 [32mΓ£ô[39m src/test/worker-processing.test.ts[2m > [22memailWorker[2m > [22msends verification email[32m 6[2mms[22m[39m
 [32mΓ£ô[39m src/test/worker-processing.test.ts[2m > [22memailWorker[2m > [22msends welcome email[32m 1[2mms[22m[39m
 [32mΓ£ô[39m src/test/worker-processing.test.ts[2m > [22memailWorker[2m > [22msends password reset email[32m 1[2mms[22m[39m
 [32mΓ£ô[39m src/test/worker-processing.test.ts[2m > [22memailWorker[2m > [22msends offer received email[32m 1[2mms[22m[39m
 [32mΓ£ô[39m src/test/worker-processing.test.ts[2m > [22memailWorker[2m > [22msends dispute opened email[32m 2[2mms[22m[39m
 [32mΓ£ô[39m src/test/worker-processing.test.ts[2m > [22memailWorker[2m > [22msends orderCompleteBuyer email[32m 1[2mms[22m[39m
 [32mΓ£ô[39m src/test/worker-processing.test.ts[2m > [22memailWorker[2m > [22msends orderCompleteSeller email[32m 1[2mms[22m[39m
 [32mΓ£ô[39m src/test/worker-processing.test.ts[2m > [22memailWorker[2m > [22muses correlationId from job data when present[32m 2[2mms[22m[39m
 [32mΓ£ô[39m src/test/worker-processing.test.ts[2m > [22mimageWorker[2m > [22mcalls processImage with job data[32m 2[2mms[22m[39m
 [32mΓ£ô[39m src/test/worker-processing.test.ts[2m > [22mimageWorker[2m > [22mpropagates processImage errors[32m 3[2mms[22m[39m
 [32mΓ£ô[39m src/test/worker-processing.test.ts[2m > [22mpayoutWorker[2m > [22mprocesses a pending payout end-to-end[32m 5[2mms[22m[39m
 [32mΓ£ô[39m src/test/worker-processing.test.ts[2m > [22mpayoutWorker[2m > [22mskips payout when status is not PENDING[32m 1[2mms[22m[39m
 [32mΓ£ô[39m src/test/worker-processing.test.ts[2m > [22mpayoutWorker[2m > [22mthrows when payout record not found[32m 1[2mms[22m[39m
 [32mΓ£ô[39m src/test/worker-processing.test.ts[2m > [22mpayoutWorker[2m > [22mstill completes when seller lookup returns null (no email)[32m 1[2mms[22m[39m
 [32mΓ£ô[39m src/test/order-complete-emails.test.ts[2m > [22msendOrderCompleteBuyerEmail[2m > [22msends with correct subject containing listing title[32m 6[2mms[22m[39m
 [32mΓ£ô[39m src/test/order-complete-emails.test.ts[2m > [22msendOrderCompleteBuyerEmail[2m > [22memail body contains order ID and listing title[32m 1[2mms[22m[39m
 [32mΓ£ô[39m src/test/order-complete-emails.test.ts[2m > [22msendOrderCompleteBuyerEmail[2m > [22mformats total NZD correctly as dollar amount[32m 1[2mms[22m[39m
 [32mΓ£ô[39m src/test/order-complete-emails.test.ts[2m > [22msendOrderCompleteSellerEmail[2m > [22msends with correct subject[32m 1[2mms[22m[39m
 [32mΓ£ô[39m src/test/order-complete-emails.test.ts[2m > [22msendOrderCompleteSellerEmail[2m > [22memail body contains payout timeline[32m 0[2mms[22m[39m
 [32mΓ£ô[39m src/test/order-complete-emails.test.ts[2m > [22msendOrderCompleteSellerEmail[2m > [22memail body contains listing title and order ID[32m 0[2mms[22m[39m
 [32mΓ£ô[39m src/test/order-complete-emails.test.ts[2m > [22mconfirmDelivery ΓÇö email enqueuing[2m > [22menqueues orderCompleteBuyer email after order completion[32m 1[2mms[22m[39m
 [32mΓ£ô[39m src/test/order-complete-emails.test.ts[2m > [22mconfirmDelivery ΓÇö email enqueuing[2m > [22menqueues orderCompleteSeller email after order completion[32m 0[2mms[22m[39m
 [32mΓ£ô[39m src/test/order-complete-emails.test.ts[2m > [22mconfirmDelivery ΓÇö email enqueuing[2m > [22mbuyer email is addressed to buyer and contains listing title + order ID[32m 1[2mms[22m[39m
 [32mΓ£ô[39m src/test/order-complete-emails.test.ts[2m > [22mconfirmDelivery ΓÇö email enqueuing[2m > [22mseller email is addressed to seller with payout timeline and buyer first name only[32m 1[2mms[22m[39m
 [32mΓ£ô[39m src/test/order-complete-emails.test.ts[2m > [22mconfirmDelivery ΓÇö email enqueuing[2m > [22muses enqueueEmail (async queue) not an inline send[32m 0[2mms[22m[39m
 [32mΓ£ô[39m src/test/order-complete-emails.test.ts[2m > [22mconfirmDelivery ΓÇö email enqueuing[2m > [22morder completes successfully even when enqueueEmail throws[32m 1[2mms[22m[39m
 [32mΓ£ô[39m src/test/order-complete-emails.test.ts[2m > [22mconfirmDelivery ΓÇö email enqueuing[2m > [22morder completes successfully when findPartiesForCompletionEmail returns null[32m 1[2mms[22m[39m
 [32mΓ£ô[39m src/test/auto-resolution.test.ts[2m > [22mAutoResolutionService ΓÇö evaluateDispute[2m > [22mthrows when order not found[32m 3[2mms[22m[39m
 [32mΓ£ô[39m src/test/auto-resolution.test.ts[2m > [22mAutoResolutionService ΓÇö evaluateDispute[2m > [22mthrows when no dispute found for order[32m 1[2mms[22m[39m
 [32mΓ£ô[39m src/test/auto-resolution.test.ts[2m > [22mAutoResolutionService ΓÇö evaluateDispute[2m > [22mescalates to human review when buyer exceeds dispute threshold[32m 1[2mms[22m[39m
 [32mΓ£ô[39m src/test/auto-resolution.test.ts[2m > [22mAutoResolutionService ΓÇö evaluateDispute[2m > [22mscores NO_TRACKING_NUMBER when seller has no tracking[32m 1[2mms[22m[39m
 [32mΓ£ô[39m src/test/auto-resolution.test.ts[2m > [22mAutoResolutionService ΓÇö evaluateDispute[2m > [22mscores SELLER_UNRESPONSIVE when seller has not responded after threshold[32m 0[2mms[22m[39m
 [32mΓ£ô[39m src/test/auto-resolution.test.ts[2m > [22mAutoResolutionService ΓÇö evaluateDispute[2m > [22mscores NO_DISPATCH_PHOTOS when seller has no dispatch evidence[32m 0[2mms[22m[39m
 [32mΓ£ô[39m src/test/auto-resolution.test.ts[2m > [22mAutoResolutionService ΓÇö evaluateDispute[2m > [22mscores BUYER_UPLOADED_EVIDENCE when buyer has evidence photos[32m 0[2mms[22m[39m
 [32mΓ£ô[39m src/test/auto-resolution.test.ts[2m > [22mAutoResolutionService ΓÇö evaluateDispute[2m > [22mscores SELLER_RESPONDED_WITH_EVIDENCE when seller provided statement[32m 0[2mms[22m[39m
 [32mΓ£ô[39m src/test/auto-resolution.test.ts[2m > [22mAutoResolutionService ΓÇö evaluateDispute[2m > [22mscores TRACKING_SHOWS_DELIVERED when order was completed before dispute[32m 0[2mms[22m[39m
 [32mΓ£ô[39m src/test/auto-resolution.test.ts[2m > [22mAutoResolutionService ΓÇö evaluateDispute[2m > [22mscores DISPUTE_IS_CHANGE_OF_MIND for reason OTHER[32m 0[2mms[22m[39m
 [32mΓ£ô[39m src/test/auto-resolution.test.ts[2m > [22mAutoResolutionService ΓÇö evaluateDispute[2m > [22mrecommends AUTO_REFUND when score exceeds refund threshold[32m 0[2mms[22m[39m
 [32mΓ£ô[39m src/test/auto-resolution.test.ts[2m > [22mAutoResolutionService ΓÇö evaluateDispute[2m > [22mrecommends AUTO_DISMISS when score falls below dismiss threshold[32m 0[2mms[22m[39m
 [32mΓ£ô[39m src/test/auto-resolution.test.ts[2m > [22mAutoResolutionService ΓÇö evaluateDispute[2m > [22mescalates to human review when score is between thresholds[32m 0[2mms[22m[39m
 [32mΓ£ô[39m src/test/auto-resolution.test.ts[2m > [22mAutoResolutionService ΓÇö evaluateDispute[2m > [22mescalates when seller has photos but buyer claims ITEM_NOT_AS_DESCRIBED[32m 0[2mms[22m[39m
 [32mΓ£ô[39m src/test/auto-resolution.test.ts[2m > [22mAutoResolutionService ΓÇö evaluateDispute[2m > [22mescalates when seller has photos but buyer claims ITEM_DAMAGED[32m 0[2mms[22m[39m
 [32mΓ£ô[39m src/test/auto-resolution.test.ts[2m > [22mAutoResolutionService ΓÇö evaluateDispute[2m > [22mflags fraud when buyer exceeds fraud dispute limit[32m 0[2mms[22m[39m
 [32mΓ£ô[39m src/test/auto-resolution.test.ts[2m > [22mAutoResolutionService ΓÇö evaluateDispute[2m > [22mRESOLUTION_WEIGHTS[2m > [22mhas positive weights for buyer-favour factors[32m 0[2mms[22m[39m
 [32mΓ£ô[39m src/test/auto-resolution.test.ts[2m > [22mAutoResolutionService ΓÇö evaluateDispute[2m > [22mRESOLUTION_WEIGHTS[2m > [22mhas negative weights for seller-favour factors[32m 0[2mms[22m[39m
 [32mΓ£ô[39m src/test/auto-resolution.test.ts[2m > [22mAutoResolutionService ΓÇö evaluateDispute[2m > [22mRESOLUTION_WEIGHTS[2m > [22mhas refund threshold at 60 and dismiss at -40[32m 0[2mms[22m[39m
 [32mΓ£ô[39m src/test/auto-resolution.test.ts[2m > [22mAutoResolutionService ΓÇö evaluateDispute[2m > [22mRESOLUTION_WEIGHTS[2m > [22mcooling period is 24 hours[32m 0[2mms[22m[39m
 [32mΓ£ô[39m src/test/errors.test.ts[2m > [22mAppError[2m > [22mcreates error with code, message, and statusCode[32m 4[2mms[22m[39m
 [32mΓ£ô[39m src/test/errors.test.ts[2m > [22mAppError[2m > [22mdefaults statusCode to 400[32m 0[2mms[22m[39m
 [32mΓ£ô[39m src/test/errors.test.ts[2m > [22mAppError[2m > [22mcarries optional context[32m 1[2mms[22m[39m
 [32mΓ£ô[39m src/test/errors.test.ts[2m > [22mAppError[2m > [22mfactory methods[2m > [22munauthenticated returns 401[32m 0[2mms[22m[39m
 [32mΓ£ô[39m src/test/errors.test.ts[2m > [22mAppError[2m > [22mfactory methods[2m > [22munauthorised returns 403[32m 0[2mms[22m[39m
 [32mΓ£ô[39m src/test/errors.test.ts[2m > [22mAppError[2m > [22mfactory methods[2m > [22munauthorised with custom reason[32m 0[2mms[22m[39m
 [32mΓ£ô[39m src/test/errors.test.ts[2m > [22mAppError[2m > [22mfactory methods[2m > [22mbanned returns 403[32m 0[2mms[22m[39m
 [32mΓ£ô[39m src/test/errors.test.ts[2m > [22mAppError[2m > [22mfactory methods[2m > [22mnotAdmin returns 403[32m 0[2mms[22m[39m
 [32mΓ£ô[39m src/test/errors.test.ts[2m > [22mAppError[2m > [22mfactory methods[2m > [22mvalidation returns 400[32m 0[2mms[22m[39m
 [32mΓ£ô[39m src/test/errors.test.ts[2m > [22mAppError[2m > [22mfactory methods[2m > [22mnotFound returns 404 with entity name[32m 0[2mms[22m[39m
 [32mΓ£ô[39m src/test/errors.test.ts[2m > [22mAppError[2m > [22mfactory methods[2m > [22mmissingPaymentIntent returns 400[32m 0[2mms[22m[39m
 [32mΓ£ô[39m src/test/errors.test.ts[2m > [22mAppError[2m > [22mfactory methods[2m > [22mpaymentGatewayError returns 502[32m 0[2mms[22m[39m
 [32mΓ£ô[39m src/test/errors.test.ts[2m > [22mAppError[2m > [22mfactory methods[2m > [22mrateLimited returns 429[32m 0[2mms[22m[39m
 [32mΓ£ô[39m src/test/errors.test.ts[2m > [22msafeActionError[2m > [22mreturns AppError message directly[32m 1[2mms[22m[39m
 [32mΓ£ô[39m src/test/errors.test.ts[2m > [22msafeActionError[2m > [22mreturns fallback for generic errors[32m 0[2mms[22m[39m
 [32mΓ£ô[39m src/test/errors.test.ts[2m > [22msafeActionError[2m > [22mreturns custom fallback when provided[32m 0[2mms[22m[39m
 [32mΓ£ô[39m src/test/errors.test.ts[2m > [22msafeActionError[2m > [22mdetects email unique constraint violation[32m 0[2mms[22m[39m
 [32mΓ£ô[39m src/test/errors.test.ts[2m > [22msafeActionError[2m > [22mdetects username unique constraint violation[32m 0[2mms[22m[39m
 [32mΓ£ô[39m src/test/errors.test.ts[2m > [22msafeActionError[2m > [22mdetects generic unique constraint violation[32m 0[2mms[22m[39m
 [32mΓ£ô[39m src/test/errors.test.ts[2m > [22msafeActionError[2m > [22mdetects foreign key constraint violation[32m 0[2mms[22m[39m
 [32mΓ£ô[39m src/test/errors.test.ts[2m > [22msafeActionError[2m > [22mdetects connection refused errors[32m 0[2mms[22m[39m
 [32mΓ£ô[39m src/test/errors.test.ts[2m > [22msafeActionError[2m > [22mdetects DNS resolution errors[32m 0[2mms[22m[39m
 [32mΓ£ô[39m src/test/errors.test.ts[2m > [22msafeActionError[2m > [22mdetects fetch failures[32m 0[2mms[22m[39m
 [32mΓ£ô[39m src/test/errors.test.ts[2m > [22msafeActionError[2m > [22mdetects timeout errors[32m 0[2mms[22m[39m
 [32mΓ£ô[39m src/test/errors.test.ts[2m > [22msafeActionError[2m > [22mdetects generic timeout[32m 0[2mms[22m[39m
 [32mΓ£ô[39m src/test/errors.test.ts[2m > [22msafeActionError[2m > [22mhandles non-Error thrown values[32m 0[2mms[22m[39m
 [32mΓ£ô[39m src/test/confirmDelivery.test.ts[2m > [22mconfirmDelivery ΓÇö null payment intent guard[2m > [22mreturns error when stripePaymentIntentId is null[32m 6[2mms[22m[39m
 [32mΓ£ô[39m src/test/confirmDelivery.test.ts[2m > [22mconfirmDelivery ΓÇö null payment intent guard[2m > [22mreturns error when stripePaymentIntentId is undefined[32m 1[2mms[22m[39m
 [32mΓ£ô[39m src/test/confirmDelivery.test.ts[2m > [22mconfirmDelivery ΓÇö happy path[2m > [22mcaptures Stripe PI and completes the order[32m 2[2mms[22m[39m
 [32mΓ£ô[39m src/test/confirmDelivery.test.ts[2m > [22mconfirmDelivery ΓÇö happy path[2m > [22msucceeds even if Stripe says already captured[32m 1[2mms[22m[39m
 [32mΓ£ô[39m src/test/confirmDelivery.test.ts[2m > [22mconfirmDelivery ΓÇö auth & validation[2m > [22mreturns error if order not found[32m 0[2mms[22m[39m
 [32mΓ£ô[39m src/test/confirmDelivery.test.ts[2m > [22mconfirmDelivery ΓÇö auth & validation[2m > [22mreturns error if caller is not the buyer[32m 0[2mms[22m[39m
 [32mΓ£ô[39m src/test/confirmDelivery.test.ts[2m > [22mconfirmDelivery ΓÇö auth & validation[2m > [22mreturns error if order is not in deliverable state[32m 0[2mms[22m[39m
 [32mΓ£ô[39m src/test/order.service.test.ts[2m > [22mOrderService[2m > [22mconfirmDelivery[2m > [22msucceeds for valid dispatched order[32m 7[2mms[22m[39m
 [32mΓ£ô[39m src/test/order.service.test.ts[2m > [22mOrderService[2m > [22mconfirmDelivery[2m > [22mthrows for null payment intent[32m 1[2mms[22m[39m
 [32mΓ£ô[39m src/test/order.service.test.ts[2m > [22mOrderService[2m > [22mconfirmDelivery[2m > [22mthrows for wrong buyer[32m 1[2mms[22m[39m
 [32mΓ£ô[39m src/test/order.service.test.ts[2m > [22mOrderService[2m > [22mconfirmDelivery[2m > [22mthrows for wrong order status[32m 0[2mms[22m[39m
 [32mΓ£ô[39m src/test/order.service.test.ts[2m > [22mOrderService[2m > [22mconfirmDelivery[2m > [22mthrows for non-existent order[32m 0[2mms[22m[39m
 [32mΓ£ô[39m src/test/order.service.test.ts[2m > [22mOrderService[2m > [22mconfirmDelivery[2m > [22mdoes not update DB if Stripe capture fails[32m 1[2mms[22m[39m
 [32mΓ£ô[39m src/test/order.service.test.ts[2m > [22mOrderService[2m > [22mmarkDispatched[2m > [22msucceeds for valid order[32m 3[2mms[22m[39m
 [32mΓ£ô[39m src/test/order.service.test.ts[2m > [22mOrderService[2m > [22mmarkDispatched[2m > [22mthrows for wrong seller[32m 1[2mms[22m[39m
 [32mΓ£ô[39m src/test/order.service.test.ts[2m > [22mOrderService[2m > [22mmarkDispatched[2m > [22mthrows for wrong status[32m 1[2mms[22m[39m
 [32mΓ£ô[39m src/test/order.service.test.ts[2m > [22mOrderService[2m > [22mcreateOrder ΓÇö race condition[2m > [22mprevents double-buy: rejects when listing is already reserved[32m 3[2mms[22m[39m
 [32mΓ£ô[39m src/test/order.service.test.ts[2m > [22mOrderService[2m > [22mcreateOrder ΓÇö race condition[2m > [22mreleases listing reservation if Stripe PaymentIntent creation fails[32m 2[2mms[22m[39m
 [32mΓ£ô[39m src/test/health-split.test.ts[2m > [22mFix 4 ΓÇö public /api/health (cheap-only)[2m > [22mdoes not include business metrics in the public health response[32m 9[2mms[22m[39m
 [32mΓ£ô[39m src/test/health-split.test.ts[2m > [22mFix 4 ΓÇö public /api/health (cheap-only)[2m > [22monly checks database and redis ΓÇö no Stripe or business SLO checks[32m 1[2mms[22m[39m
 [32mΓ£ô[39m src/test/health-split.test.ts[2m > [22mFix 4 ΓÇö public /api/health (cheap-only)[2m > [22mreturns 200 without any authentication[32m 1[2mms[22m[39m
 [32mΓ£ô[39m src/test/health-split.test.ts[2m > [22mFix 4 ΓÇö admin /api/admin/health (business metrics)[2m > [22mincludes business metrics in the admin health response[32m 2[2mms[22m[39m
 [32mΓ£ô[39m src/test/health-split.test.ts[2m > [22mFix 4 ΓÇö admin /api/admin/health (business metrics)[2m > [22mreturns cached business metrics from Redis without hitting the DB again[32m 2[2mms[22m[39m
 [32mΓ£ô[39m src/test/health-split.test.ts[2m > [22mFix 5 ΓÇö getBusinessMetrics() null failedJobs[2m > [22mreturns failedJobs as a number and metricsAvailable: true when queues are healthy[32m 1[2mms[22m[39m
 [32mΓ£ô[39m src/test/health-split.test.ts[2m > [22mFix 5 ΓÇö getBusinessMetrics() null failedJobs[2m > [22mreturns failedJobs: null and metricsAvailable: false when queue is unavailable[32m 1[2mms[22m[39m
 [32mΓ£ô[39m src/test/health-split.test.ts[2m > [22mFix 5 ΓÇö getBusinessMetrics() null failedJobs[2m > [22madmin health shows degraded when failedJobs is null (metrics unavailable)[32m 1[2mms[22m[39m
 [32mΓ£ô[39m src/test/optimistic-locking.test.ts[2m > [22mListing ΓÇö optimistic locking[2m > [22msucceeds when the listing has not been modified since last fetch[32m 6[2mms[22m[39m
 [32mΓ£ô[39m src/test/optimistic-locking.test.ts[2m > [22mListing ΓÇö optimistic locking[2m > [22mreturns CONCURRENT_MODIFICATION when another request updated the listing first[32m 1[2mms[22m[39m
 [32mΓ£ô[39m src/test/optimistic-locking.test.ts[2m > [22mListing ΓÇö optimistic locking[2m > [22mreturns NOT_FOUND when count=0 and the listing no longer exists[32m 1[2mms[22m[39m
 [32mΓ£ô[39m src/test/optimistic-locking.test.ts[2m > [22mOffer ΓÇö optimistic locking[2m > [22maccepts a PENDING offer and reserves the listing[32m 2[2mms[22m[39m
 [32mΓ£ô[39m src/test/optimistic-locking.test.ts[2m > [22mOffer ΓÇö optimistic locking[2m > [22mthrows CONCURRENT_MODIFICATION when offer is already ACCEPTED[32m 1[2mms[22m[39m
 [32mΓ£ô[39m src/test/optimistic-locking.test.ts[2m > [22mOffer ΓÇö optimistic locking[2m > [22mthrows CONCURRENT_MODIFICATION when offer is already DECLINED[32m 0[2mms[22m[39m
 [32mΓ£ô[39m src/test/optimistic-locking.test.ts[2m > [22mOffer ΓÇö optimistic locking[2m > [22mthrows CONCURRENT_MODIFICATION for the losing request in a true concurrent race[32m 1[2mms[22m[39m
 [32mΓ£ô[39m src/test/optimistic-locking.test.ts[2m > [22mOffer ΓÇö optimistic locking[2m > [22mthrows CONCURRENT_MODIFICATION when decline loses the concurrent race[32m 0[2mms[22m[39m
 [32mΓ£ô[39m src/test/optimistic-locking.test.ts[2m > [22mOffer ΓÇö optimistic locking[2m > [22mCONCURRENT_MODIFICATION error has HTTP 409 status code[32m 1[2mms[22m[39m
 [32mΓ£ô[39m src/test/payout-idempotency.test.ts[2m > [22mpayout worker ΓÇö idempotency key[2m > [22mcreates transfer with idempotency key format transfer-${payout.id}[32m 6[2mms[22m[39m
 [32mΓ£ô[39m src/test/payout-idempotency.test.ts[2m > [22mpayout worker ΓÇö idempotency key[2m > [22mtransfer description includes orderId[32m 1[2mms[22m[39m
 [32mΓ£ô[39m src/test/payout-idempotency.test.ts[2m > [22mpayout worker ΓÇö idempotency key[2m > [22msame payout.id always produces same idempotency key on retry[32m 1[2mms[22m[39m
 [32mΓ£ô[39m src/test/payout-idempotency.test.ts[2m > [22mpayout worker ΓÇö distributed lock[2m > [22mwithLockAndHeartbeat is called before initiating transfer[32m 1[2mms[22m[39m
 [32mΓ£ô[39m src/test/payout-idempotency.test.ts[2m > [22mpayout worker ΓÇö distributed lock[2m > [22mwithLockAndHeartbeat is called with orderId key and correct options[32m 2[2mms[22m[39m
 [32mΓ£ô[39m src/test/payout-idempotency.test.ts[2m > [22mpayout worker ΓÇö distributed lock[2m > [22mlock failure throws so BullMQ retries the job (not silent complete)[32m 3[2mms[22m[39m
 [32mΓ£ô[39m src/test/payout-idempotency.test.ts[2m > [22mpayout worker ΓÇö distributed lock[2m > [22mlock miss does not attempt Stripe transfer[32m 1[2mms[22m[39m
 [32mΓ£ô[39m src/test/payout-idempotency.test.ts[2m > [22mpayout worker ΓÇö fee calculation[2m > [22mtransfer amount equals fees.sellerPayout not gross amount[32m 1[2mms[22m[39m
 [32mΓ£ô[39m src/test/payout-idempotency.test.ts[2m > [22mpayout worker ΓÇö fee calculation[2m > [22mplatform fee stored in payout record[32m 1[2mms[22m[39m
 [32mΓ£ô[39m src/test/payout-idempotency.test.ts[2m > [22mpayout worker ΓÇö fee calculation[2m > [22mstripe fee estimate stored in payout record[32m 1[2mms[22m[39m
 [32mΓ£ô[39m src/test/payout-idempotency.test.ts[2m > [22mpayout worker ΓÇö idempotency status check[2m > [22mskips payout that is already PROCESSING[32m 1[2mms[22m[39m
[90mstderr[2m | src/test/stripe-actions.test.ts[2m > [22m[2mcreateStripeConnectAccount[2m > [22m[2mhandles Stripe API error gracefully
[22m[39m[safeActionError] Stripe API down

[90mstderr[2m | src/test/stripe-actions.test.ts[2m > [22m[2mgetStripeAccountStatus[2m > [22m[2mhandles Stripe API error gracefully
[22m[39m[safeActionError] Stripe down

 [32mΓ£ô[39m src/test/stripe-actions.test.ts[2m > [22mcreateStripeConnectAccount[2m > [22mcreates Stripe Connect account for eligible seller[32m 7[2mms[22m[39m
 [32mΓ£ô[39m src/test/stripe-actions.test.ts[2m > [22mcreateStripeConnectAccount[2m > [22mreturns onboarding URL for incomplete existing account[32m 1[2mms[22m[39m
 [32mΓ£ô[39m src/test/stripe-actions.test.ts[2m > [22mcreateStripeConnectAccount[2m > [22mrejects if seller not enabled[32m 1[2mms[22m[39m
 [32mΓ£ô[39m src/test/stripe-actions.test.ts[2m > [22mcreateStripeConnectAccount[2m > [22mrejects if already fully onboarded[32m 1[2mms[22m[39m
 [32mΓ£ô[39m src/test/stripe-actions.test.ts[2m > [22mcreateStripeConnectAccount[2m > [22mhandles Stripe API error gracefully[32m 3[2mms[22m[39m
 [32mΓ£ô[39m src/test/stripe-actions.test.ts[2m > [22mcreateStripeConnectAccount[2m > [22mreturns error if user not found[32m 1[2mms[22m[39m
 [32mΓ£ô[39m src/test/stripe-actions.test.ts[2m > [22mgetStripeOnboardingUrl[2m > [22mreturns onboarding URL for incomplete account[32m 1[2mms[22m[39m
 [32mΓ£ô[39m src/test/stripe-actions.test.ts[2m > [22mgetStripeOnboardingUrl[2m > [22mrejects if no Stripe account exists[32m 1[2mms[22m[39m
 [32mΓ£ô[39m src/test/stripe-actions.test.ts[2m > [22mgetStripeOnboardingUrl[2m > [22mrejects if already fully onboarded[32m 1[2mms[22m[39m
 [32mΓ£ô[39m src/test/stripe-actions.test.ts[2m > [22mgetStripeAccountStatus[2m > [22mreturns correct status when charges and payouts enabled[32m 1[2mms[22m[39m
 [32mΓ£ô[39m src/test/stripe-actions.test.ts[2m > [22mgetStripeAccountStatus[2m > [22mreturns restricted status when charges disabled[32m 1[2mms[22m[39m
 [32mΓ£ô[39m src/test/stripe-actions.test.ts[2m > [22mgetStripeAccountStatus[2m > [22mreturns no-account status when no Stripe ID[32m 0[2mms[22m[39m
 [32mΓ£ô[39m src/test/stripe-actions.test.ts[2m > [22mgetStripeAccountStatus[2m > [22msyncs onboarded status when it changes[32m 1[2mms[22m[39m
 [32mΓ£ô[39m src/test/stripe-actions.test.ts[2m > [22mgetStripeAccountStatus[2m > [22mhandles Stripe API error gracefully[32m 1[2mms[22m[39m
 [32mΓ£ô[39m src/test/webhook-missing-handlers.test.ts[2m > [22mcharge.refunded handler[2m > [22mtransitions order to REFUNDED when status is PAYMENT_HELD[32m 7[2mms[22m[39m
 [32mΓ£ô[39m src/test/webhook-missing-handlers.test.ts[2m > [22mcharge.refunded handler[2m > [22mis idempotent ΓÇö no transition if order already REFUNDED[32m 1[2mms[22m[39m
 [32mΓ£ô[39m src/test/webhook-missing-handlers.test.ts[2m > [22mcharge.dispute.created handler[2m > [22mcreates a Dispute row with source CHARGEBACK[32m 1[2mms[22m[39m
 [32mΓ£ô[39m src/test/webhook-missing-handlers.test.ts[2m > [22mcharge.dispute.created handler[2m > [22mtransitions order to DISPUTED[32m 1[2mms[22m[39m
 [32mΓ£ô[39m src/test/webhook-missing-handlers.test.ts[2m > [22mcharge.dispute.created handler[2m > [22mdoes not create duplicate dispute if one already exists[32m 0[2mms[22m[39m
 [32mΓ£ô[39m src/test/webhook-missing-handlers.test.ts[2m > [22mcharge.dispute.closed handler[2m > [22mtransitions order to COMPLETED when dispute is won[32m 1[2mms[22m[39m
 [32mΓ£ô[39m src/test/webhook-missing-handlers.test.ts[2m > [22mcharge.dispute.closed handler[2m > [22mtransitions order to REFUNDED when dispute is lost[32m 1[2mms[22m[39m
 [32mΓ£ô[39m src/test/webhook-missing-handlers.test.ts[2m > [22mpayout.failed handler[2m > [22mmarks the seller's latest PROCESSING payout as FAILED[32m 1[2mms[22m[39m
 [32mΓ£ô[39m src/test/webhook-missing-handlers.test.ts[2m > [22mpayout.failed handler[2m > [22mlogs error with requiresManualReconciliation: true[32m 1[2mms[22m[39m
 [32mΓ£ô[39m src/test/webhook-missing-handlers.test.ts[2m > [22mtransfer.failed handler[2m > [22mmarks the payout as FAILED when transfer fails[32m 1[2mms[22m[39m
 [32mΓ£ô[39m src/test/webhook-missing-handlers.test.ts[2m > [22mpayment_intent.canceled handler[2m > [22mtransitions order to CANCELLED when status is AWAITING_PAYMENT[32m 1[2mms[22m[39m
 [32mΓ£ô[39m src/test/webhook-missing-handlers.test.ts[2m > [22mpayment_intent.canceled handler[2m > [22mreleases the listing reservation when listingId is in metadata[32m 1[2mms[22m[39m
 [32mΓ£ô[39m src/test/webhook-missing-handlers.test.ts[2m > [22mpayment_intent.canceled handler[2m > [22mis idempotent ΓÇö no transition if order already CANCELLED[32m 1[2mms[22m[39m
 [32mΓ£ô[39m src/test/webhook-missing-handlers.test.ts[2m > [22munhandled event type[2m > [22mlogs warn (not error) for unknown event types[32m 0[2mms[22m[39m
 [32mΓ£ô[39m src/test/notification.service.test.ts[2m > [22mNotificationService[2m > [22mcreateNotification[2m > [22mcreates notification successfully[32m 5[2mms[22m[39m
 [32mΓ£ô[39m src/test/notification.service.test.ts[2m > [22mNotificationService[2m > [22mcreateNotification[2m > [22mpasses optional listingId and orderId[32m 2[2mms[22m[39m
 [32mΓ£ô[39m src/test/notification.service.test.ts[2m > [22mNotificationService[2m > [22mcreateNotification[2m > [22mswallows errors without throwing[32m 1[2mms[22m[39m
 [32mΓ£ô[39m src/test/notification.service.test.ts[2m > [22mNotificationService[2m > [22mnotificationRepository[2m > [22mnotifyAdmins can be called with payload[32m 1[2mms[22m[39m
 [32mΓ£ô[39m src/test/notification.service.test.ts[2m > [22mNotificationService[2m > [22mnotificationRepository[2m > [22mmarkAllRead updates all unread notifications for user[32m 0[2mms[22m[39m
 [32mΓ£ô[39m src/test/notification.service.test.ts[2m > [22mNotificationService[2m > [22mnotificationRepository[2m > [22mfindByUser returns paginated results with cursor[32m 1[2mms[22m[39m
 [32mΓ£ô[39m src/test/notification.service.test.ts[2m > [22mNotificationService[2m > [22mnotificationRepository[2m > [22mcountUnread returns correct count[32m 0[2mms[22m[39m
 [32mΓ£ô[39m src/test/notification.service.test.ts[2m > [22mNotificationService[2m > [22mnotificationRepository[2m > [22mfindByUser returns empty when no notifications[32m 0[2mms[22m[39m
 [32mΓ£ô[39m src/test/notification.service.test.ts[2m > [22mNotificationService[2m > [22mnotificationRepository[2m > [22mmarkRead marks specific notifications as read[32m 0[2mms[22m[39m
 [32mΓ£ô[39m src/test/admin.service.test.ts[2m > [22mAdminService[2m > [22mbanUser[2m > [22mbans user and deletes sessions via transaction[32m 4[2mms[22m[39m
 [32mΓ£ô[39m src/test/admin.service.test.ts[2m > [22mAdminService[2m > [22mbanUser[2m > [22mcalls $transaction with a callback (atomic ban + session delete)[32m 1[2mms[22m[39m
 [32mΓ£ô[39m src/test/admin.service.test.ts[2m > [22mAdminService[2m > [22munbanUser[2m > [22munbans user by clearing ban fields[32m 4[2mms[22m[39m
 [32mΓ£ô[39m src/test/admin.service.test.ts[2m > [22mAdminService[2m > [22mtoggleSellerEnabled[2m > [22menables seller when currently disabled[32m 1[2mms[22m[39m
 [32mΓ£ô[39m src/test/admin.service.test.ts[2m > [22mAdminService[2m > [22mtoggleSellerEnabled[2m > [22mdisables seller when currently enabled[32m 1[2mms[22m[39m
 [32mΓ£ô[39m src/test/admin.service.test.ts[2m > [22mAdminService[2m > [22mtoggleSellerEnabled[2m > [22mthrows NOT_FOUND when user does not exist[32m 2[2mms[22m[39m
 [32mΓ£ô[39m src/test/admin.service.test.ts[2m > [22mAdminService[2m > [22mresolveReport[2m > [22mresolves report with dismiss action[32m 1[2mms[22m[39m
 [32mΓ£ô[39m src/test/admin.service.test.ts[2m > [22mAdminService[2m > [22mresolveReport[2m > [22mremoves listing when action is remove[32m 1[2mms[22m[39m
 [32mΓ£ô[39m src/test/admin.service.test.ts[2m > [22mAdminService[2m > [22mresolveReport[2m > [22mbans target user when action is ban[32m 1[2mms[22m[39m
 [32mΓ£ô[39m src/test/admin.service.test.ts[2m > [22mAdminService[2m > [22mresolveReport[2m > [22mthrows NOT_FOUND when report does not exist[32m 1[2mms[22m[39m
 [32mΓ£ô[39m src/test/admin.service.test.ts[2m > [22mAdminService[2m > [22mresolveDispute[2m > [22mrefunds buyer when favour=buyer ΓÇö DB first then Stripe[32m 4[2mms[22m[39m
 [32mΓ£ô[39m src/test/admin.service.test.ts[2m > [22mAdminService[2m > [22mresolveDispute[2m > [22mcaptures for seller when favour=seller ΓÇö Stripe before DB[32m 2[2mms[22m[39m
 [32mΓ£ô[39m src/test/admin.service.test.ts[2m > [22mAdminService[2m > [22mresolveDispute[2m > [22mstill updates DB even if Stripe refund fails (DB-first pattern)[32m 2[2mms[22m[39m
 [32mΓ£ô[39m src/test/admin.service.test.ts[2m > [22mAdminService[2m > [22mresolveDispute[2m > [22mdoes NOT update DB if capture fails[32m 2[2mms[22m[39m
 [32mΓ£ô[39m src/test/admin.service.test.ts[2m > [22mAdminService[2m > [22mresolveDispute[2m > [22mthrows when no payment intent[32m 1[2mms[22m[39m
 [32mΓ£ô[39m src/test/admin.service.test.ts[2m > [22mAdminService[2m > [22mresolveDispute[2m > [22mthrows when order is not DISPUTED[32m 1[2mms[22m[39m
 [32mΓ£ô[39m src/test/admin.service.test.ts[2m > [22mAdminService[2m > [22mresolveDispute[2m > [22mthrows when order not found[32m 1[2mms[22m[39m
 [32mΓ£ô[39m src/test/webhook-redis-fastpath.test.ts[2m > [22mWebhookService.processEvent ΓÇö Redis GET-before + SETNX-after fast-path[2m > [22mfirst delivery: GET returns null ΓåÆ handler runs ΓåÆ SETNX written after[32m 7[2mms[22m[39m
 [32mΓ£ô[39m src/test/webhook-redis-fastpath.test.ts[2m > [22mWebhookService.processEvent ΓÇö Redis GET-before + SETNX-after fast-path[2m > [22mduplicate delivery: GET returns non-null ΓåÆ handler is skipped entirely[32m 1[2mms[22m[39m
 [32mΓ£ô[39m src/test/webhook-redis-fastpath.test.ts[2m > [22mWebhookService.processEvent ΓÇö Redis GET-before + SETNX-after fast-path[2m > [22mduplicate delivery: logs webhook.redis_fast_path_hit[32m 3[2mms[22m[39m
 [32mΓ£ô[39m src/test/webhook-redis-fastpath.test.ts[2m > [22mWebhookService.processEvent ΓÇö Redis GET-before + SETNX-after fast-path[2m > [22mRedis GET unavailable: falls through to DB path, SETNX NOT called after[32m 2[2mms[22m[39m
 [32mΓ£ô[39m src/test/webhook-redis-fastpath.test.ts[2m > [22mWebhookService.processEvent ΓÇö Redis GET-before + SETNX-after fast-path[2m > [22mhandler throws: SETNX is NOT written ΓÇö Redis key stays absent so Stripe retry succeeds[32m 2[2mms[22m[39m
 [32mΓ£ô[39m src/test/webhook-redis-fastpath.test.ts[2m > [22mWebhookService.processEvent ΓÇö Redis GET-before + SETNX-after fast-path[2m > [22mRedis key uses 24-hour TTL (86_400 seconds)[32m 0[2mms[22m[39m
 [32mΓ£ô[39m src/test/webhook-redis-fastpath.test.ts[2m > [22mWebhookService.processEvent ΓÇö Redis GET-before + SETNX-after fast-path[2m > [22mRedis key format: webhook:seen:{eventId}[32m 0[2mms[22m[39m
 [32mΓ£ô[39m src/test/webhook-redis-fastpath.test.ts[2m > [22mWebhookService.processEvent ΓÇö Redis GET-before + SETNX-after fast-path[2m > [22mSETNX failure after successful handler is non-fatal ΓÇö logs warn but does not throw[32m 1[2mms[22m[39m
 [32mΓ£ô[39m src/test/worker-topology.test.ts[2m > [22mWorker topology ΓÇö legacy entry point removed[2m > [22msrc/worker.ts no longer exists[32m 4[2mms[22m[39m
 [32mΓ£ô[39m src/test/worker-topology.test.ts[2m > [22mWorker topology ΓÇö legacy entry point removed[2m > [22mpackage.json does not contain a "workers:start" script[32m 1[2mms[22m[39m
 [32mΓ£ô[39m src/test/worker-topology.test.ts[2m > [22mWorker topology ΓÇö canonical entry point completeness[2m > [22mcanonical index.ts exists[32m 0[2mms[22m[39m
 [32mΓ£ô[39m src/test/worker-topology.test.ts[2m > [22mWorker topology ΓÇö canonical entry point completeness[2m > [22mcanonical index.ts starts all four workers[32m 1[2mms[22m[39m
 [32mΓ£ô[39m src/test/worker-topology.test.ts[2m > [22mWorker topology ΓÇö canonical entry point completeness[2m > [22mcanonical "worker" npm script points at index.ts, not worker.ts[32m 0[2mms[22m[39m
 [32mΓ£ô[39m src/test/worker-topology.test.ts[2m > [22mWorker topology ΓÇö health server response shape[2m > [22mhealth-server.ts returns per-worker objects with name/running/paused fields[32m 0[2mms[22m[39m
 [32mΓ£ô[39m src/test/payout-minimum-invariant.test.ts[2m > [22mfee-calculator ΓÇö minimum payout invariant[2m > [22msets requiresManualReview when gross order is $1 (100┬ó) with standard fees[32m 2[2mms[22m[39m
 [32mΓ£ô[39m src/test/payout-minimum-invariant.test.ts[2m > [22mfee-calculator ΓÇö minimum payout invariant[2m > [22mdoes not set requiresManualReview for a $100 order (10000┬ó)[32m 0[2mms[22m[39m
 [32mΓ£ô[39m src/test/payout-minimum-invariant.test.ts[2m > [22mfee-calculator ΓÇö minimum payout invariant[2m > [22mMINIMUM_PAYOUT_CENTS is 50 (Stripe NZD minimum transfer)[32m 0[2mms[22m[39m
 [32mΓ£ô[39m src/test/payout-minimum-invariant.test.ts[2m > [22mpayout worker ΓÇö manual review guard[2m > [22mdoes not call Stripe transfer when requiresManualReview is true[32m 1[2mms[22m[39m
 [32mΓ£ô[39m src/test/payout-minimum-invariant.test.ts[2m > [22mpayout worker ΓÇö manual review guard[2m > [22mupdates payout status to MANUAL_REVIEW when fees exceed minimum[32m 2[2mms[22m[39m
 [32mΓ£ô[39m src/test/payout-minimum-invariant.test.ts[2m > [22mpayout worker ΓÇö manual review guard[2m > [22mproceeds with Stripe transfer for a healthy-margin order[32m 2[2mms[22m[39m
 [32mΓ£ô[39m src/test/review.service.test.ts[2m > [22mReviewService[2m > [22mcreateReview[2m > [22mcreates buyer review for completed order[32m 5[2mms[22m[39m
 [32mΓ£ô[39m src/test/review.service.test.ts[2m > [22mReviewService[2m > [22mcreateReview[2m > [22mcreates seller review for completed order[32m 1[2mms[22m[39m
 [32mΓ£ô[39m src/test/review.service.test.ts[2m > [22mReviewService[2m > [22mcreateReview[2m > [22mrejects review for non-completed order[32m 1[2mms[22m[39m
 [32mΓ£ô[39m src/test/review.service.test.ts[2m > [22mReviewService[2m > [22mcreateReview[2m > [22mrejects duplicate review[32m 1[2mms[22m[39m
 [32mΓ£ô[39m src/test/review.service.test.ts[2m > [22mReviewService[2m > [22mcreateReview[2m > [22mrejects if buyer does not own order[32m 0[2mms[22m[39m
 [32mΓ£ô[39m src/test/review.service.test.ts[2m > [22mReviewService[2m > [22mcreateReview[2m > [22mrejects seller review from wrong seller[32m 0[2mms[22m[39m
 [32mΓ£ô[39m src/test/review.service.test.ts[2m > [22mReviewService[2m > [22mcreateReview[2m > [22mthrows NOT_FOUND when order does not exist[32m 0[2mms[22m[39m
 [32mΓ£ô[39m src/test/review.service.test.ts[2m > [22mReviewService[2m > [22mcreateReview[2m > [22mmultiplies rating by 10 for storage[32m 0[2mms[22m[39m
 [32mΓ£ô[39m src/test/review.service.test.ts[2m > [22mReviewService[2m > [22mreplyToReview[2m > [22mallows subject to reply to their review[32m 0[2mms[22m[39m
 [32mΓ£ô[39m src/test/review.service.test.ts[2m > [22mReviewService[2m > [22mreplyToReview[2m > [22mrejects reply from wrong user[32m 0[2mms[22m[39m
 [32mΓ£ô[39m src/test/review.service.test.ts[2m > [22mReviewService[2m > [22mreplyToReview[2m > [22mrejects if review not found[32m 0[2mms[22m[39m
 [32mΓ£ô[39m src/test/review.service.test.ts[2m > [22mReviewService[2m > [22mreplyToReview[2m > [22mrejects duplicate reply[32m 0[2mms[22m[39m
 [32mΓ£ô[39m src/test/review.service.test.ts[2m > [22mReviewService[2m > [22mreview tags[2m > [22msaves tags correctly with review[32m 1[2mms[22m[39m
 [32mΓ£ô[39m src/test/review.service.test.ts[2m > [22mReviewService[2m > [22mreview tags[2m > [22mcreates review without tags when none provided[32m 1[2mms[22m[39m
 [32mΓ£ô[39m src/test/review.service.test.ts[2m > [22mReviewService[2m > [22mreview tags[2m > [22mcreates review without tags when empty array provided[32m 0[2mms[22m[39m
 [32mΓ£ô[39m src/test/review.service.test.ts[2m > [22mReviewService[2m > [22mfetchSellerReviews[2m > [22mreturns mapped seller reviews[32m 1[2mms[22m[39m
 [32mΓ£ô[39m src/test/review.service.test.ts[2m > [22mReviewService[2m > [22mfetchSellerReviews[2m > [22mreturns empty array when no reviews[32m 0[2mms[22m[39m
 [32mΓ£ô[39m src/test/review.service.test.ts[2m > [22mReviewService[2m > [22mfetchBuyerReviews[2m > [22mreturns mapped buyer reviews[32m 1[2mms[22m[39m
 [32mΓ£ô[39m src/test/webhook.service.test.ts[2m > [22mWebhookService[2m > [22mmarkEventProcessed[2m > [22mreturns true for new event[32m 5[2mms[22m[39m
 [32mΓ£ô[39m src/test/webhook.service.test.ts[2m > [22mWebhookService[2m > [22mmarkEventProcessed[2m > [22mreturns false for duplicate event (P2002)[32m 1[2mms[22m[39m
 [32mΓ£ô[39m src/test/webhook.service.test.ts[2m > [22mWebhookService[2m > [22mmarkEventProcessed[2m > [22mre-throws non-duplicate errors[32m 3[2mms[22m[39m
 [32mΓ£ô[39m src/test/webhook.service.test.ts[2m > [22mWebhookService[2m > [22mprocessEvent[2m > [22mprocesses payment_intent.succeeded[32m 2[2mms[22m[39m
 [32mΓ£ô[39m src/test/webhook.service.test.ts[2m > [22mWebhookService[2m > [22mprocessEvent[2m > [22mconcurrent delivery ΓÇö handler ran idempotently, P2002 on mark does not throw[32m 1[2mms[22m[39m
 [32mΓ£ô[39m src/test/webhook.service.test.ts[2m > [22mWebhookService[2m > [22mprocessEvent[2m > [22mhandler failure ΓÇö event not recorded, Stripe can retry[32m 1[2mms[22m[39m
 [32mΓ£ô[39m src/test/webhook.service.test.ts[2m > [22mWebhookService[2m > [22mprocessEvent[2m > [22mprocesses account.updated[32m 5[2mms[22m[39m
 [32mΓ£ô[39m src/test/webhook.service.test.ts[2m > [22mWebhookService[2m > [22mprocessEvent[2m > [22mprocesses payment_intent.payment_failed[32m 2[2mms[22m[39m
 [32mΓ£ô[39m src/test/webhook.service.test.ts[2m > [22mWebhookService[2m > [22mprocessEvent[2m > [22mskips payment_intent.payment_failed when no orderId[32m 1[2mms[22m[39m
 [32mΓ£ô[39m src/test/webhook.service.test.ts[2m > [22mWebhookService[2m > [22mprocessEvent[2m > [22mprocesses transfer.created[32m 2[2mms[22m[39m
 [32mΓ£ô[39m src/test/webhook.service.test.ts[2m > [22mWebhookService[2m > [22mprocessEvent[2m > [22mignores unhandled event types[32m 1[2mms[22m[39m
 [32mΓ£ô[39m src/test/webhook.service.test.ts[2m > [22mWebhookService[2m > [22mprocessEvent[2m > [22mskips payment_intent.succeeded when no orderId in metadata[32m 1[2mms[22m[39m
 [32mΓ£ô[39m src/test/webhook.service.test.ts[2m > [22mWebhookService[2m > [22mprocessEvent[2m > [22msets onboarded=false when not fully onboarded[32m 1[2mms[22m[39m
[90mstderr[2m | src/test/watchlist.actions.test.ts[2m > [22m[2mtogglePriceAlert ΓÇö auth guard[2m > [22m[2munauthenticated ΓåÆ returns auth error, repo not called
[22m[39m[safeActionError] Please sign in

[90mstderr[2m | src/test/watchlist.actions.test.ts[2m > [22m[2mtogglePriceAlert ΓÇö error handling[2m > [22m[2mupdatePriceAlert throws ΓåÆ action returns error without crashing
[22m[39m[safeActionError] DB connection failed

[90mstderr[2m | src/test/watchlist.actions.test.ts[2m > [22m[2mtogglePriceAlert ΓÇö error handling[2m > [22m[2maction never throws ΓÇö always returns ActionResult
[22m[39m[safeActionError] Unexpected

 [32mΓ£ô[39m src/test/watchlist.actions.test.ts[2m > [22mtogglePriceAlert ΓÇö auth guard[2m > [22munauthenticated ΓåÆ returns auth error, repo not called[32m 6[2mms[22m[39m
 [32mΓ£ô[39m src/test/watchlist.actions.test.ts[2m > [22mtogglePriceAlert ΓÇö schema validation[2m > [22mempty listingId ΓåÆ validation error, repo not called[32m 2[2mms[22m[39m
 [32mΓ£ô[39m src/test/watchlist.actions.test.ts[2m > [22mtogglePriceAlert ΓÇö schema validation[2m > [22mmissing enabled field ΓåÆ validation error[32m 1[2mms[22m[39m
 [32mΓ£ô[39m src/test/watchlist.actions.test.ts[2m > [22mtogglePriceAlert ΓÇö schema validation[2m > [22mnull input ΓåÆ validation error[32m 0[2mms[22m[39m
 [32mΓ£ô[39m src/test/watchlist.actions.test.ts[2m > [22mtogglePriceAlert ΓÇö happy paths[2m > [22menable price alert ΓÇö returns success with enabled: true[32m 2[2mms[22m[39m
 [32mΓ£ô[39m src/test/watchlist.actions.test.ts[2m > [22mtogglePriceAlert ΓÇö happy paths[2m > [22mdisable price alert ΓÇö returns success with enabled: false[32m 1[2mms[22m[39m
 [32mΓ£ô[39m src/test/watchlist.actions.test.ts[2m > [22mtogglePriceAlert ΓÇö error handling[2m > [22mitem not in watchlist (findByUserAndListing returns null) ΓåÆ error[32m 1[2mms[22m[39m
 [32mΓ£ô[39m src/test/watchlist.actions.test.ts[2m > [22mtogglePriceAlert ΓÇö error handling[2m > [22mupdatePriceAlert throws ΓåÆ action returns error without crashing[32m 1[2mms[22m[39m
 [32mΓ£ô[39m src/test/watchlist.actions.test.ts[2m > [22mtogglePriceAlert ΓÇö error handling[2m > [22maction never throws ΓÇö always returns ActionResult[32m 1[2mms[22m[39m
 [32mΓ£ô[39m src/test/order-create-dispute-atomic.test.ts[2m > [22mcreateOrder ΓÇö ORDER_CREATED event inside transaction (D-1)[2m > [22mrecordEvent(ORDER_CREATED) receives the transaction client[32m 6[2mms[22m[39m
 [32mΓ£ô[39m src/test/order-create-dispute-atomic.test.ts[2m > [22mcreateOrder ΓÇö ORDER_CREATED event inside transaction (D-1)[2m > [22msetStripePaymentIntentId and recordEvent(ORDER_CREATED) use the same tx[32m 2[2mms[22m[39m
 [32mΓ£ô[39m src/test/order-create-dispute-atomic.test.ts[2m > [22mcreateOrder ΓÇö ORDER_CREATED event inside transaction (D-1)[2m > [22mORDER_CREATED event failure propagates from the transaction[32m 1[2mms[22m[39m
 [32mΓ£ô[39m src/test/order-create-dispute-atomic.test.ts[2m > [22mcreateOrder ΓÇö ORDER_CREATED event inside transaction (D-1)[2m > [22msetStripePaymentIntentId is called before recordEvent in the same tx boundary[32m 1[2mms[22m[39m
 [32mΓ£ô[39m src/test/order-create-dispute-atomic.test.ts[2m > [22mcreateOrder ΓÇö CANCELLED event inside transaction (invalid Connect account)[2m > [22mrecordEvent(CANCELLED) for invalid Connect account receives the transaction client[32m 1[2mms[22m[39m
 [32mΓ£ô[39m src/test/order-create-dispute-atomic.test.ts[2m > [22mopenDispute ΓÇö DISPUTE_OPENED event inside transaction (D-4)[2m > [22mrecordEvent(DISPUTE_OPENED) receives the transaction client[32m 1[2mms[22m[39m
 [32mΓ£ô[39m src/test/order-create-dispute-atomic.test.ts[2m > [22mopenDispute ΓÇö DISPUTE_OPENED event inside transaction (D-4)[2m > [22mDISPUTE_OPENED event failure propagates from the transaction[32m 2[2mms[22m[39m
 [32mΓ£ô[39m src/test/order-create-dispute-atomic.test.ts[2m > [22mopenDispute ΓÇö DISPUTE_OPENED event inside transaction (D-4)[2m > [22mcreateDispute and recordEvent(DISPUTE_OPENED) share the same tx object[32m 1[2mms[22m[39m
 [32mΓ£ô[39m src/test/order-create-dispute-atomic.test.ts[2m > [22mopenDispute ΓÇö DISPUTE_OPENED event inside transaction (D-4)[2m > [22mopenDispute uses exactly one $transaction for transition + dispute + event[32m 0[2mms[22m[39m
 [32mΓ£ô[39m src/test/expireListings.test.ts[2m > [22mexpireListings[2m > [22mexpires active listings past expiresAt[32m 5[2mms[22m[39m
 [32mΓ£ô[39m src/test/expireListings.test.ts[2m > [22mexpireListings[2m > [22mreturns 0 when no listings to expire[32m 1[2mms[22m[39m
 [32mΓ£ô[39m src/test/expireListings.test.ts[2m > [22mexpireListings[2m > [22mhandles database errors gracefully[32m 1[2mms[22m[39m
 [32mΓ£ô[39m src/test/expireListings.test.ts[2m > [22mreleaseExpiredOfferReservations[2m > [22mreturns 0 when no expired accepted offers[32m 1[2mms[22m[39m
 [32mΓ£ô[39m src/test/expireListings.test.ts[2m > [22mreleaseExpiredOfferReservations[2m > [22mreleases listing and expires offer when buyer has not paid[32m 1[2mms[22m[39m
 [32mΓ£ô[39m src/test/expireListings.test.ts[2m > [22mreleaseExpiredOfferReservations[2m > [22mskips offers where buyer has already paid[32m 0[2mms[22m[39m
 [32mΓ£ô[39m src/test/expireListings.test.ts[2m > [22mreleaseExpiredOfferReservations[2m > [22mcounts errors when transaction fails[32m 0[2mms[22m[39m
 [32mΓ£ô[39m src/test/requireUser.test.ts[2m > [22mrequireUser[2m > [22mreturns user data for valid, active, non-banned user[32m 5[2mms[22m[39m
 [32mΓ£ô[39m src/test/requireUser.test.ts[2m > [22mrequireUser[2m > [22mthrows for unauthenticated request (no session)[32m 3[2mms[22m[39m
 [32mΓ£ô[39m src/test/requireUser.test.ts[2m > [22mrequireUser[2m > [22mthrows for session with no user ID[32m 1[2mms[22m[39m
 [32mΓ£ô[39m src/test/requireUser.test.ts[2m > [22mrequireUser[2m > [22mthrows for banned user and cleans up their sessions[32m 3[2mms[22m[39m
 [32mΓ£ô[39m src/test/requireUser.test.ts[2m > [22mrequireUser[2m > [22mthrows when user not found in DB (deleted account)[32m 1[2mms[22m[39m
 [32mΓ£ô[39m src/test/requireUser.test.ts[2m > [22mrequireUser[2m > [22mreturns admin flag correctly[32m 1[2mms[22m[39m
 [32mΓ£ô[39m src/test/requireUser.test.ts[2m > [22mrequireUser[2m > [22malways performs fresh DB lookup (never trusts session alone)[32m 1[2mms[22m[39m
 [32mΓ£ô[39m src/test/env-validation.test.ts[2m > [22menv-validation[2m > [22mpasses with a complete, valid environment[32m 9[2mms[22m[39m
 [32mΓ£ô[39m src/test/env-validation.test.ts[2m > [22menv-validation[2m > [22mfails when DATABASE_URL is missing[32m 2[2mms[22m[39m
 [32mΓ£ô[39m src/test/env-validation.test.ts[2m > [22menv-validation[2m > [22mfails when STRIPE_SECRET_KEY does not start with sk_[32m 1[2mms[22m[39m
 [32mΓ£ô[39m src/test/env-validation.test.ts[2m > [22menv-validation[2m > [22mfails when ENCRYPTION_KEY is not exactly 64 hex characters[32m 1[2mms[22m[39m
 [32mΓ£ô[39m src/test/env-validation.test.ts[2m > [22menv-validation[2m > [22mfails when NEXT_PUBLIC_APP_URL is missing[32m 1[2mms[22m[39m
 [32mΓ£ô[39m src/test/env-validation.test.ts[2m > [22menv-validation[2m > [22mlists ALL validation failures at once when multiple vars are missing[32m 1[2mms[22m[39m
 [32mΓ£ô[39m src/test/env-validation.test.ts[2m > [22menv-validation[2m > [22mskips validation in test environment (NODE_ENV=test) ΓÇö env import does not throw[32m 0[2mms[22m[39m
[90mstderr[2m | src/test/seller-actions.test.ts[2m > [22m[2macceptSellerTerms[2m > [22m[2mrequires authentication
[22m[39m[safeActionError] Unauthorised

[90mstderr[2m | src/test/seller-actions.test.ts[2m > [22m[2mupdateProfile[2m > [22m[2mrequires authentication
[22m[39m[safeActionError] Unauthorised

 [32mΓ£ô[39m src/test/order-module-coverage.test.ts[2m > [22mgetCancellationStatus[2m > [22mreturns "na" with DISPATCHED message for a DISPATCHED order[32m 3[2mms[22m[39m
 [32mΓ£ô[39m src/test/order-module-coverage.test.ts[2m > [22mgetCancellationStatus[2m > [22mreturns "na" for other non-PAYMENT_HELD statuses[32m 1[2mms[22m[39m
 [32mΓ£ô[39m src/test/order-module-coverage.test.ts[2m > [22mgetCancellationStatus[2m > [22mreturns "free" within the free cancel window[32m 1[2mms[22m[39m
 [32mΓ£ô[39m src/test/order-module-coverage.test.ts[2m > [22mgetCancellationStatus[2m > [22mreturns "request" (requires reason) after free window but within request window[32m 0[2mms[22m[39m
 [32mΓ£ô[39m src/test/order-module-coverage.test.ts[2m > [22mgetCancellationStatus[2m > [22mreturns "closed" after the request window closes[32m 0[2mms[22m[39m
 [32mΓ£ô[39m src/test/order-module-coverage.test.ts[2m > [22mcancelOrder[2m > [22mthrows AppError.notFound when order does not exist[32m 1[2mms[22m[39m
 [32mΓ£ô[39m src/test/order-module-coverage.test.ts[2m > [22mcancelOrder[2m > [22mthrows when reason not provided in the request window[32m 1[2mms[22m[39m
 [32mΓ£ô[39m src/test/order-module-coverage.test.ts[2m > [22mcancelOrder[2m > [22mrecords audit and event inside transaction on successful cancel[32m 2[2mms[22m[39m
 [32mΓ£ô[39m src/test/order-module-coverage.test.ts[2m > [22mconfirmDelivery[2m > [22mthrows AppError.notFound when order not found[32m 1[2mms[22m[39m
 [32mΓ£ô[39m src/test/order-module-coverage.test.ts[2m > [22mconfirmDelivery[2m > [22mthrows unauthorised when user is not the buyer[32m 1[2mms[22m[39m
 [32mΓ£ô[39m src/test/order-module-coverage.test.ts[2m > [22mconfirmDelivery[2m > [22mthrows ORDER_WRONG_STATE when order is not DISPATCHED or DELIVERED[32m 1[2mms[22m[39m
 [32mΓ£ô[39m src/test/order-module-coverage.test.ts[2m > [22mconfirmDelivery[2m > [22mthrows missingPaymentIntent when no stripe PI[32m 1[2mms[22m[39m
 [32mΓ£ô[39m src/test/order-module-coverage.test.ts[2m > [22mmarkDispatched[2m > [22mthrows AppError.notFound when order not found[32m 1[2mms[22m[39m
 [32mΓ£ô[39m src/test/order-module-coverage.test.ts[2m > [22mmarkDispatched[2m > [22mthrows unauthorised when user is not the seller[32m 1[2mms[22m[39m
 [32mΓ£ô[39m src/test/order-module-coverage.test.ts[2m > [22mmarkDispatched[2m > [22mthrows ORDER_WRONG_STATE when order is not PAYMENT_HELD[32m 0[2mms[22m[39m
 [32mΓ£ô[39m src/test/seller-actions.test.ts[2m > [22macceptSellerTerms[2m > [22mrecords seller terms acceptance with timestamp[32m 7[2mms[22m[39m
 [32mΓ£ô[39m src/test/seller-actions.test.ts[2m > [22macceptSellerTerms[2m > [22mrejects if seller access not enabled[32m 1[2mms[22m[39m
 [32mΓ£ô[39m src/test/seller-actions.test.ts[2m > [22macceptSellerTerms[2m > [22mrequires authentication[32m 2[2mms[22m[39m
 [32mΓ£ô[39m src/test/seller-actions.test.ts[2m > [22macceptSellerTerms[2m > [22mrate limits seller terms acceptance[32m 1[2mms[22m[39m
 [32mΓ£ô[39m src/test/seller-actions.test.ts[2m > [22msubmitIdVerification[2m > [22msubmits ID verification and updates timestamp[32m 2[2mms[22m[39m
 [32mΓ£ô[39m src/test/seller-actions.test.ts[2m > [22msubmitIdVerification[2m > [22mrejects if already ID verified[32m 1[2mms[22m[39m
 [32mΓ£ô[39m src/test/seller-actions.test.ts[2m > [22msubmitIdVerification[2m > [22mrejects if submission already pending[32m 1[2mms[22m[39m
 [32mΓ£ô[39m src/test/seller-actions.test.ts[2m > [22msubmitIdVerification[2m > [22mnon-seller cannot submit ID verification[32m 0[2mms[22m[39m
 [32mΓ£ô[39m src/test/seller-actions.test.ts[2m > [22mupdateProfile[2m > [22mupdates profile with valid data[32m 2[2mms[22m[39m
 [32mΓ£ô[39m src/test/seller-actions.test.ts[2m > [22mupdateProfile[2m > [22mnulls empty optional fields[32m 1[2mms[22m[39m
 [32mΓ£ô[39m src/test/seller-actions.test.ts[2m > [22mupdateProfile[2m > [22mrejects too-short display name[32m 1[2mms[22m[39m
 [32mΓ£ô[39m src/test/seller-actions.test.ts[2m > [22mupdateProfile[2m > [22mrequires authentication[32m 1[2mms[22m[39m
 [32mΓ£ô[39m src/test/seller-actions.test.ts[2m > [22mdeleteAccount[2m > [22mperforms account erasure via service[32m 1[2mms[22m[39m
 [32mΓ£ô[39m src/test/seller-actions.test.ts[2m > [22mdeleteAccount[2m > [22mreturns error when erasure fails[32m 1[2mms[22m[39m
 [32mΓ£ô[39m src/test/seller-actions.test.ts[2m > [22mdeleteAccount[2m > [22mrequires authentication[32m 0[2mms[22m[39m
 [32mΓ£ô[39m src/test/trust-score.test.ts[2m > [22mgetSellerTrustProfile[2m > [22mreturns zero profile when user not found[32m 6[2mms[22m[39m
 [32mΓ£ô[39m src/test/trust-score.test.ts[2m > [22mgetSellerTrustProfile[2m > [22mcalculates trust score for an established seller[32m 1[2mms[22m[39m
 [32mΓ£ô[39m src/test/trust-score.test.ts[2m > [22mgetSellerTrustProfile[2m > [22msets 100% completion rate when no orders exist[32m 1[2mms[22m[39m
 [32mΓ£ô[39m src/test/trust-score.test.ts[2m > [22mgetSellerTrustProfile[2m > [22mpenalises high dispute rate[32m 1[2mms[22m[39m
 [32mΓ£ô[39m src/test/trust-score.test.ts[2m > [22mupdateSellerResponseMetrics[2m > [22mcalculates average response time from message threads[32m 1[2mms[22m[39m
 [32mΓ£ô[39m src/test/trust-score.test.ts[2m > [22mupdateSellerResponseMetrics[2m > [22mskips update when fewer than 3 reply samples[32m 1[2mms[22m[39m
 [32mΓ£ô[39m src/test/trust-score.test.ts[2m > [22mupdateSellerResponseMetrics[2m > [22mskips threads with fewer than 2 messages[32m 1[2mms[22m[39m
 [32mΓ£ô[39m src/test/trust-score.test.ts[2m > [22mupdateSellerResponseMetrics[2m > [22mhandles errors silently (fire-and-forget)[32m 2[2mms[22m[39m
 [32mΓ£ô[39m src/test/trust-score.test.ts[2m > [22mgetResponseLabel[2m > [22mreturns "Replies within 1 hour" for Γëñ 60 minutes[32m 1[2mms[22m[39m
 [32mΓ£ô[39m src/test/trust-score.test.ts[2m > [22mgetResponseLabel[2m > [22mreturns "Replies within a few hours" for 61-240 minutes[32m 0[2mms[22m[39m
 [32mΓ£ô[39m src/test/trust-score.test.ts[2m > [22mgetResponseLabel[2m > [22mreturns "Replies within a day" for 241-1440 minutes[32m 0[2mms[22m[39m
 [32mΓ£ô[39m src/test/trust-score.test.ts[2m > [22mgetResponseLabel[2m > [22mreturns "Slow to respond" for > 1440 minutes[32m 0[2mms[22m[39m
 [32mΓ£ô[39m src/test/trust-score.test.ts[2m > [22mgetResponseLabel[2m > [22mreturns "New seller" for null[32m 0[2mms[22m[39m
 [32mΓ£ô[39m src/test/trust-score.test.ts[2m > [22mgetResponseColour[2m > [22mreturns emerald for fast responders[32m 0[2mms[22m[39m
 [32mΓ£ô[39m src/test/trust-score.test.ts[2m > [22mgetResponseColour[2m > [22mreturns amber for moderate responders[32m 0[2mms[22m[39m
 [32mΓ£ô[39m src/test/trust-score.test.ts[2m > [22mgetResponseColour[2m > [22mreturns red for slow responders[32m 0[2mms[22m[39m
 [32mΓ£ô[39m src/test/trust-score.test.ts[2m > [22mgetResponseColour[2m > [22mreturns grey for null (new seller)[32m 0[2mms[22m[39m
[90mstdout[2m | src/test/logger-sanitisation.test.ts[2m > [22m[2mLogger core auto-sanitisation[2m > [22m[2mcalls sanitiseLogContext when context is provided to logger.info
[22m[39m≡ƒôï [INFO] test.event { email: [32m'alice@example.com'[39m, orderId: [32m'ord-1'[39m }

 [32mΓ£ô[39m src/test/support.actions.test.ts[2m > [22mlookupUser ΓÇö permission guard[2m > [22mno permission ΓåÆ throws, repo not called[32m 5[2mms[22m[39m
 [32mΓ£ô[39m src/test/support.actions.test.ts[2m > [22mlookupUser ΓÇö permission guard[2m > [22mrequires VIEW_USER_PII permission[32m 1[2mms[22m[39m
 [32mΓ£ô[39m src/test/support.actions.test.ts[2m > [22mlookupUser ΓÇö input handling[2m > [22mempty query ΓåÆ returns null without calling repo[32m 0[2mms[22m[39m
 [32mΓ£ô[39m src/test/support.actions.test.ts[2m > [22mlookupUser ΓÇö input handling[2m > [22mwhitespace-only query ΓåÆ returns null[32m 0[2mms[22m[39m
 [32mΓ£ô[39m src/test/support.actions.test.ts[2m > [22mlookupUser ΓÇö input handling[2m > [22mvalid query ΓåÆ calls findForSupport with trimmed query[32m 0[2mms[22m[39m
 [32mΓ£ô[39m src/test/support.actions.test.ts[2m > [22mlookupUser ΓÇö input handling[2m > [22muser not found ΓåÆ returns null from repo[32m 0[2mms[22m[39m
 [32mΓ£ô[39m src/test/support.actions.test.ts[2m > [22mlookupOrder ΓÇö permission guard[2m > [22mno permission ΓåÆ throws, repo not called[32m 0[2mms[22m[39m
 [32mΓ£ô[39m src/test/support.actions.test.ts[2m > [22mlookupOrder ΓÇö permission guard[2m > [22mrequires VIEW_ORDER_DETAILS permission[32m 0[2mms[22m[39m
 [32mΓ£ô[39m src/test/support.actions.test.ts[2m > [22mlookupOrder ΓÇö input handling[2m > [22mempty orderId ΓåÆ returns null without calling repo[32m 0[2mms[22m[39m
 [32mΓ£ô[39m src/test/support.actions.test.ts[2m > [22mlookupOrder ΓÇö input handling[2m > [22mwhitespace orderId ΓåÆ returns null[32m 0[2mms[22m[39m
 [32mΓ£ô[39m src/test/support.actions.test.ts[2m > [22mlookupOrder ΓÇö input handling[2m > [22mvalid orderId ΓåÆ calls findForSupportLookup with the provided value[32m 0[2mms[22m[39m
 [32mΓ£ô[39m src/test/support.actions.test.ts[2m > [22mlookupOrder ΓÇö input handling[2m > [22morder not found ΓåÆ returns null from repo[32m 0[2mms[22m[39m
[90mstderr[2m | src/test/logger-sanitisation.test.ts[2m > [22m[2mLogger core auto-sanitisation[2m > [22m[2mcalls sanitiseLogContext on logger.warn
[22m[39mΓÜá∩╕Å  [WARN] test.warn { phone: [32m'0211234567'[39m }

[90mstderr[2m | src/test/logger-sanitisation.test.ts[2m > [22m[2mLogger core auto-sanitisation[2m > [22m[2mcalls sanitiseLogContext on logger.error
[22m[39mΓ¥î [ERROR] test.error { orderId: [32m'ord-999'[39m, amount: [33m4500[39m, status: [32m'COMPLETED'[39m }

[90mstdout[2m | src/test/logger-sanitisation.test.ts[2m > [22m[2mLogger core auto-sanitisation[2m > [22m[2mdoes NOT call sanitiseLogContext when no context is provided
[22m[39m≡ƒôï [INFO] bare.event {}

[90mstdout[2m | src/test/logger-sanitisation.test.ts[2m > [22m[2mLogger core auto-sanitisation[2m > [22m[2mredaction result is used ΓÇö sanitiseLogContext return value replaces raw context
[22m[39m≡ƒôï [INFO] user.login { email: [32m'a***@example.com'[39m, userId: [32m'u-1'[39m }

 [32mΓ£ô[39m src/test/logger-sanitisation.test.ts[2m > [22mLogger core auto-sanitisation[2m > [22mcalls sanitiseLogContext when context is provided to logger.info[32m 7[2mms[22m[39m
 [32mΓ£ô[39m src/test/logger-sanitisation.test.ts[2m > [22mLogger core auto-sanitisation[2m > [22mcalls sanitiseLogContext on logger.warn[32m 1[2mms[22m[39m
 [32mΓ£ô[39m src/test/logger-sanitisation.test.ts[2m > [22mLogger core auto-sanitisation[2m > [22mcalls sanitiseLogContext on logger.error[32m 1[2mms[22m[39m
 [32mΓ£ô[39m src/test/logger-sanitisation.test.ts[2m > [22mLogger core auto-sanitisation[2m > [22mdoes NOT call sanitiseLogContext when no context is provided[32m 1[2mms[22m[39m
 [32mΓ£ô[39m src/test/logger-sanitisation.test.ts[2m > [22mLogger core auto-sanitisation[2m > [22mredaction result is used ΓÇö sanitiseLogContext return value replaces raw context[32m 1[2mms[22m[39m
 [32mΓ£ô[39m src/test/stripe-reconciliation.test.ts[2m > [22mStripe Reconciliation ΓÇö auto-fix[2m > [22mtransitions AWAITING_PAYMENT ΓåÆ PAYMENT_HELD when PI is requires_capture[32m 9[2mms[22m[39m
 [32mΓ£ô[39m src/test/stripe-reconciliation.test.ts[2m > [22mStripe Reconciliation ΓÇö auto-fix[2m > [22mtransitions AWAITING_PAYMENT ΓåÆ PAYMENT_HELD when PI is succeeded[32m 2[2mms[22m[39m
 [32mΓ£ô[39m src/test/stripe-reconciliation.test.ts[2m > [22mStripe Reconciliation ΓÇö auto-fix[2m > [22mtransitions AWAITING_PAYMENT ΓåÆ CANCELLED and releases listing when PI is canceled[32m 3[2mms[22m[39m
 [32mΓ£ô[39m src/test/stripe-reconciliation.test.ts[2m > [22mStripe Reconciliation ΓÇö auto-fix[2m > [22mlogs stale PAYMENT_HELD orders as requiring manual review[32m 2[2mms[22m[39m
 [32mΓ£ô[39m src/test/stripe-reconciliation.test.ts[2m > [22mStripe Reconciliation ΓÇö auto-fix[2m > [22mskips all processing when the distributed lock is held by another instance[32m 2[2mms[22m[39m
 [32mΓ£ô[39m src/test/repository-methods.test.ts[2m > [22mgetClient[2m > [22mreturns the default db when no transaction is provided[32m 3[2mms[22m[39m
 [32mΓ£ô[39m src/test/repository-methods.test.ts[2m > [22mgetClient[2m > [22mreturns the default db when undefined is passed[32m 1[2mms[22m[39m
 [32mΓ£ô[39m src/test/repository-methods.test.ts[2m > [22mgetClient[2m > [22mreturns the transaction client when provided[32m 0[2mms[22m[39m
 [32mΓ£ô[39m src/test/repository-methods.test.ts[2m > [22minteractionRepository.findOrderForWorkflow[2m > [22mreturns order with superset select shape[32m 5[2mms[22m[39m
 [32mΓ£ô[39m src/test/repository-methods.test.ts[2m > [22minteractionRepository.findOrderForWorkflow[2m > [22mreturns null when order does not exist[32m 1[2mms[22m[39m
 [32mΓ£ô[39m src/test/repository-methods.test.ts[2m > [22minteractionRepository.findOrderForWorkflow[2m > [22muses provided transaction client[32m 1[2mms[22m[39m
 [32mΓ£ô[39m src/test/repository-methods.test.ts[2m > [22minteractionRepository.findOrderParties[2m > [22mreturns buyerId and sellerId[32m 1[2mms[22m[39m
 [32mΓ£ô[39m src/test/repository-methods.test.ts[2m > [22minteractionRepository.findOrderParties[2m > [22mreturns null for missing order[32m 1[2mms[22m[39m
 [32mΓ£ô[39m src/test/order-interaction.service.test.ts[2m > [22mOrderInteractionService.createInteraction[2m > [22mcreates an interaction for a valid buyer[32m 3[2mms[22m[39m
 [32mΓ£ô[39m src/test/order-interaction.service.test.ts[2m > [22mOrderInteractionService.createInteraction[2m > [22mthrows NOT_FOUND when order does not exist[32m 2[2mms[22m[39m
 [32mΓ£ô[39m src/test/order-interaction.service.test.ts[2m > [22mOrderInteractionService.createInteraction[2m > [22mthrows UNAUTHORISED when user is not a party to the order[32m 1[2mms[22m[39m
 [32mΓ£ô[39m src/test/order-interaction.service.test.ts[2m > [22mOrderInteractionService.createInteraction[2m > [22mthrows ORDER_WRONG_STATE when duplicate pending interaction exists[32m 0[2mms[22m[39m
 [32mΓ£ô[39m src/test/order-interaction.service.test.ts[2m > [22mOrderInteractionService.respondToInteraction[2m > [22maccepts an interaction and sets resolution to CANCELLED[32m 1[2mms[22m[39m
 [32mΓ£ô[39m src/test/order-interaction.service.test.ts[2m > [22mOrderInteractionService.respondToInteraction[2m > [22mrejects an interaction without setting resolution[32m 1[2mms[22m[39m
 [32mΓ£ô[39m src/test/order-interaction.service.test.ts[2m > [22mOrderInteractionService.respondToInteraction[2m > [22mthrows NOT_FOUND when interaction does not exist[32m 0[2mms[22m[39m
 [32mΓ£ô[39m src/test/order-interaction.service.test.ts[2m > [22mOrderInteractionService.respondToInteraction[2m > [22mthrows ORDER_WRONG_STATE when already responded[32m 0[2mms[22m[39m
 [32mΓ£ô[39m src/test/order-interaction.service.test.ts[2m > [22mOrderInteractionService.respondToInteraction[2m > [22mthrows UNAUTHORISED when initiator tries to respond to own request[32m 0[2mms[22m[39m
 [32mΓ£ô[39m src/test/order-interaction.service.test.ts[2m > [22mOrderInteractionService.respondToInteraction[2m > [22mthrows UNAUTHORISED when non-party tries to respond[32m 0[2mms[22m[39m
 [32mΓ£ô[39m src/test/order-interaction.service.test.ts[2m > [22mOrderInteractionService.getActiveInteractions[2m > [22mdelegates to repository[32m 1[2mms[22m[39m
 [32mΓ£ô[39m src/test/order-interaction.service.test.ts[2m > [22mOrderInteractionService.getInteractionsByOrder[2m > [22mdelegates to repository[32m 1[2mms[22m[39m
 [32mΓ£ô[39m src/test/orderCreate-cashPayout.test.ts[2m > [22mcreateOrder ΓÇö CASH_ON_PICKUP payout creation[2m > [22mcreates a PENDING Payout inside the transaction for CASH_ON_PICKUP[32m 7[2mms[22m[39m
 [32mΓ£ô[39m src/test/orderCreate-cashPayout.test.ts[2m > [22mcreateOrder ΓÇö CASH_ON_PICKUP payout creation[2m > [22mdoes NOT create a Payout for SHIPPED orders in the creation transaction[32m 1[2mms[22m[39m
 [32mΓ£ô[39m src/test/orderCreate-cashPayout.test.ts[2m > [22mcreateOrder ΓÇö CASH_ON_PICKUP payout creation[2m > [22mdoes NOT create a Payout for ONLINE_PAYMENT_PICKUP in the creation transaction[32m 1[2mms[22m[39m
 [32mΓ£ô[39m src/test/redis-retry-strategy.test.ts[2m > [22mqueueRetryStrategy[2m > [22mnever returns null ΓÇö retries indefinitely[32m 4[2mms[22m[39m
 [32mΓ£ô[39m src/test/redis-retry-strategy.test.ts[2m > [22mqueueRetryStrategy[2m > [22mcaps delay at 5000 ms regardless of attempt count[32m 1[2mms[22m[39m
 [32mΓ£ô[39m src/test/redis-retry-strategy.test.ts[2m > [22mqueueRetryStrategy[2m > [22muses linear backoff up to the cap (200 ms ├ù attempt)[32m 0[2mms[22m[39m
 [32mΓ£ô[39m src/test/redis-retry-strategy.test.ts[2m > [22mqueueRetryStrategy[2m > [22mlogs a warn on every retry attempt[32m 2[2mms[22m[39m
 [32mΓ£ô[39m src/test/redis-retry-strategy.test.ts[2m > [22mqueueRetryStrategy[2m > [22mwarn log includes both attempt number and computed delay[32m 1[2mms[22m[39m
 [32mΓ£ô[39m src/test/verification-application.test.ts[2m > [22mapplyForVerification[2m > [22msucceeds when all requirements met[32m 5[2mms[22m[39m
 [32mΓ£ô[39m src/test/verification-application.test.ts[2m > [22mapplyForVerification[2m > [22mrejects when user not found[32m 1[2mms[22m[39m
 [32mΓ£ô[39m src/test/verification-application.test.ts[2m > [22mapplyForVerification[2m > [22mrejects when already a verified seller[32m 1[2mms[22m[39m
 [32mΓ£ô[39m src/test/verification-application.test.ts[2m > [22mapplyForVerification[2m > [22mrejects when application is already pending[32m 0[2mms[22m[39m
 [32mΓ£ô[39m src/test/verification-application.test.ts[2m > [22mapplyForVerification[2m > [22mrejects when no completed sales[32m 0[2mms[22m[39m
 [32mΓ£ô[39m src/test/verification-application.test.ts[2m > [22mapplyForVerification[2m > [22mrejects when rating is below 4.0[32m 0[2mms[22m[39m
 [32mΓ£ô[39m src/test/verification-application.test.ts[2m > [22mapplyForVerification[2m > [22mrejects when no phone number on account[32m 0[2mms[22m[39m
 [32mΓ£ô[39m src/test/verification-application.test.ts[2m > [22mreviewVerificationApplication[2m > [22mapproves application and marks user as verified seller[32m 2[2mms[22m[39m
 [32mΓ£ô[39m src/test/verification-application.test.ts[2m > [22mreviewVerificationApplication[2m > [22mrejects application without marking user as verified[32m 0[2mms[22m[39m
 [32mΓ£ô[39m src/test/verification-application.test.ts[2m > [22mreviewVerificationApplication[2m > [22mfails when application not found[32m 0[2mms[22m[39m
 [32mΓ£ô[39m src/test/verification-application.test.ts[2m > [22mreviewVerificationApplication[2m > [22mfails when application already reviewed[32m 0[2mms[22m[39m
 [32mΓ£ô[39m src/test/verification-application.test.ts[2m > [22mreviewVerificationApplication[2m > [22mfails with invalid input schema[32m 0[2mms[22m[39m
 [32mΓ£ô[39m src/test/verification-application.test.ts[2m > [22mreviewVerificationApplication[2m > [22mreturns error when requireAdmin fails[32m 0[2mms[22m[39m
 [32mΓ£ô[39m src/test/fee-calculator.test.ts[2m > [22mcalculateFeesSync[2m > [22mcalculates Standard tier fees for $100 (10000 cents)[32m 4[2mms[22m[39m
 [32mΓ£ô[39m src/test/fee-calculator.test.ts[2m > [22mcalculateFeesSync[2m > [22muses Gold tier rate (2.5%) for GOLD sellers[32m 1[2mms[22m[39m
 [32mΓ£ô[39m src/test/fee-calculator.test.ts[2m > [22mcalculateFeesSync[2m > [22muses Silver tier rate (3.0%) for SILVER sellers[32m 0[2mms[22m[39m
 [32mΓ£ô[39m src/test/fee-calculator.test.ts[2m > [22mcalculateFeesSync[2m > [22muses Standard rate for BRONZE sellers (no discount)[32m 0[2mms[22m[39m
 [32mΓ£ô[39m src/test/fee-calculator.test.ts[2m > [22mcalculateFeesSync[2m > [22mclamps platform fee to minimum (50 cents)[32m 0[2mms[22m[39m
 [32mΓ£ô[39m src/test/fee-calculator.test.ts[2m > [22mcalculateFeesSync[2m > [22mclamps platform fee to maximum (5000 cents / $50)[32m 0[2mms[22m[39m
 [32mΓ£ô[39m src/test/fee-calculator.test.ts[2m > [22mcalculateFeesSync[2m > [22mreturns all fields in FeeBreakdown[32m 1[2mms[22m[39m
 [32mΓ£ô[39m src/test/fee-calculator.test.ts[2m > [22mcalculateFeesSync[2m > [22msellerPayout equals grossAmount minus totalFees[32m 0[2mms[22m[39m
 [32mΓ£ô[39m src/test/fee-calculator.test.ts[2m > [22mcalculateFeesSync[2m > [22mtotalFees equals stripeFee plus platformFee[32m 0[2mms[22m[39m
 [32mΓ£ô[39m src/test/fee-calculator.test.ts[2m > [22mcalculateFeesSync[2m > [22mdefaults to null (Standard) when no tier provided[32m 0[2mms[22m[39m
 [32mΓ£ô[39m src/test/fee-calculator.test.ts[2m > [22mcalculateFeesSync[2m > [22muses integer math ΓÇö all fee amounts are whole numbers[32m 0[2mms[22m[39m
 [32mΓ£ô[39m src/test/fee-calculator.test.ts[2m > [22mcalculateFees[2m > [22mreads fee rates from PlatformConfig[32m 1[2mms[22m[39m
 [32mΓ£ô[39m src/test/fee-calculator.test.ts[2m > [22mcalculateFees[2m > [22mapplies Gold tier rate from config[32m 0[2mms[22m[39m
 [32mΓ£ô[39m src/test/fee-calculator.test.ts[2m > [22mcalculateFees[2m > [22mrespects custom config values[32m 1[2mms[22m[39m
 [32mΓ£ô[39m src/test/fee-calculator.test.ts[2m > [22mcalculateFees[2m > [22mapplies min/max clamps from config[32m 1[2mms[22m[39m
 [32mΓ£ô[39m src/test/interaction-workflow-atomic.test.ts[2m > [22mrespondToReturn ΓÇö atomic transaction (ACCEPT path)[2m > [22mwraps updateInteractionResolution and recordEvent in one $transaction[32m 5[2mms[22m[39m
 [32mΓ£ô[39m src/test/interaction-workflow-atomic.test.ts[2m > [22mrespondToReturn ΓÇö atomic transaction (ACCEPT path)[2m > [22mpasses the same tx to both updateInteractionResolution and recordEvent[32m 2[2mms[22m[39m
 [32mΓ£ô[39m src/test/interaction-workflow-atomic.test.ts[2m > [22mrespondToReturn ΓÇö atomic transaction (ACCEPT path)[2m > [22mpropagates recordEvent error so the transaction fails atomically[32m 3[2mms[22m[39m
 [32mΓ£ô[39m src/test/interaction-workflow-atomic.test.ts[2m > [22mrespondToReturn ΓÇö atomic transaction (ACCEPT path)[2m > [22mdoes NOT pass tx on REJECT path (intentional fire-and-forget)[32m 1[2mms[22m[39m
 [32mΓ£ô[39m src/test/interaction-workflow-atomic.test.ts[2m > [22mrespondToPartialRefund ΓÇö atomic transaction (ACCEPT path)[2m > [22mwraps updateInteractionResolution and recordEvent in one $transaction on ACCEPT[32m 2[2mms[22m[39m
 [32mΓ£ô[39m src/test/interaction-workflow-atomic.test.ts[2m > [22mrespondToPartialRefund ΓÇö atomic transaction (ACCEPT path)[2m > [22mpasses the same tx to both calls on ACCEPT[32m 2[2mms[22m[39m
 [32mΓ£ô[39m src/test/interaction-workflow-atomic.test.ts[2m > [22mrespondToPartialRefund ΓÇö atomic transaction (ACCEPT path)[2m > [22mpropagates recordEvent error so the transaction fails[32m 1[2mms[22m[39m
 [32mΓ£ô[39m src/test/interaction-workflow-atomic.test.ts[2m > [22mrespondToPartialRefund ΓÇö atomic transaction (ACCEPT path)[2m > [22mdoes NOT pass tx on REJECT path (intentional fire-and-forget)[32m 1[2mms[22m[39m
 [32mΓ£ô[39m src/test/interaction-workflow-atomic.test.ts[2m > [22mrespondToShippingDelay ΓÇö atomic transaction[2m > [22mwraps updateInteractionResolution and recordEvent in $transaction on ACCEPT[32m 1[2mms[22m[39m
 [32mΓ£ô[39m src/test/interaction-workflow-atomic.test.ts[2m > [22mrespondToShippingDelay ΓÇö atomic transaction[2m > [22mpasses the same tx to both calls on ACCEPT[32m 1[2mms[22m[39m
 [32mΓ£ô[39m src/test/interaction-workflow-atomic.test.ts[2m > [22mrespondToShippingDelay ΓÇö atomic transaction[2m > [22mwraps recordEvent in $transaction on REJECT (no resolution update)[32m 1[2mms[22m[39m
 [32mΓ£ô[39m src/test/interaction-workflow-atomic.test.ts[2m > [22mrespondToShippingDelay ΓÇö atomic transaction[2m > [22mpropagates recordEvent error so the transaction fails[32m 1[2mms[22m[39m
 [32mΓ£ô[39m src/test/zap-security-fixes.test.ts[2m > [22mZAP security fixes ΓÇö proxy response headers[2m > [22mCSP header includes form-action 'self'[32m 8[2mms[22m[39m
 [32mΓ£ô[39m src/test/zap-security-fixes.test.ts[2m > [22mZAP security fixes ΓÇö proxy response headers[2m > [22mCSP header includes frame-ancestors 'none'[32m 1[2mms[22m[39m
 [32mΓ£ô[39m src/test/zap-security-fixes.test.ts[2m > [22mZAP security fixes ΓÇö proxy response headers[2m > [22mCSP header includes base-uri 'self'[32m 1[2mms[22m[39m
 [32mΓ£ô[39m src/test/zap-security-fixes.test.ts[2m > [22mZAP security fixes ΓÇö proxy response headers[2m > [22mproxy does not add an X-Powered-By header[32m 1[2mms[22m[39m
 [32mΓ£ô[39m src/test/zap-security-fixes.test.ts[2m > [22mZAP security fixes ΓÇö proxy response headers[2m > [22mresponse includes Cross-Origin-Embedder-Policy header[32m 1[2mms[22m[39m
 [32mΓ£ô[39m src/test/zap-security-fixes.test.ts[2m > [22mZAP security fixes ΓÇö proxy response headers[2m > [22mresponse includes Cross-Origin-Opener-Policy header[32m 0[2mms[22m[39m
 [32mΓ£ô[39m src/test/zap-security-fixes.test.ts[2m > [22mZAP security fixes ΓÇö search page input validation (Fix 5)[2m > [22mCATEGORIES data exports known category IDs that the allowlist is derived from[32m 1[2mms[22m[39m
 [32mΓ£ô[39m src/test/zap-security-fixes.test.ts[2m > [22mZAP security fixes ΓÇö search page input validation (Fix 5)[2m > [22mcategory allowlist rejects arbitrary strings that are not category IDs[32m 0[2mms[22m[39m
 [32mΓ£ô[39m src/test/zap-security-fixes.test.ts[2m > [22mZAP security fixes ΓÇö search page input validation (Fix 5)[2m > [22mq param is truncated to 200 characters by the search page guard[32m 1[2mms[22m[39m
 [32mΓ£ô[39m src/test/zap-security-fixes.test.ts[2m > [22mZAP security fixes ΓÇö search page input validation (Fix 5)[2m > [22mq param under 200 characters passes through unchanged[32m 0[2mms[22m[39m
 [32mΓ£ô[39m src/test/zap-security-fixes.test.ts[2m > [22mZAP security fixes ΓÇö search page input validation (Fix 5)[2m > [22msearch page and client component contain no dangerouslySetInnerHTML[32m 1[2mms[22m[39m
 [32mΓ£ô[39m src/test/zap-security-fixes.test.ts[2m > [22mZAP security fixes ΓÇö next.config.ts (Fix 4)[2m > [22mnext.config.ts sets poweredByHeader: false to suppress X-Powered-By[32m 0[2mms[22m[39m
 [32mΓ£ô[39m src/test/distributed-lock-codes.test.ts[2m > [22mwithLock ΓÇö typed error codes (Fix 3)[2m > [22mthrows LOCK_CONTENTION (409) when Redis SET NX returns null (lock held)[32m 6[2mms[22m[39m
 [32mΓ£ô[39m src/test/distributed-lock-codes.test.ts[2m > [22mwithLock ΓÇö typed error codes (Fix 3)[2m > [22mthrows LOCK_UNAVAILABLE (503) when Redis throws (infrastructure failure)[32m 1[2mms[22m[39m
 [32mΓ£ô[39m src/test/distributed-lock-codes.test.ts[2m > [22mwithLock ΓÇö typed error codes (Fix 3)[2m > [22mruns the protected function when the lock is successfully acquired[32m 1[2mms[22m[39m
 [32mΓ£ô[39m src/test/distributed-lock-codes.test.ts[2m > [22mwithLock ΓÇö typed error codes (Fix 3)[2m > [22mLOCK_UNAVAILABLE has the correct code property for programmatic handling[32m 1[2mms[22m[39m
 [32mΓ£ô[39m src/test/distributed-lock-codes.test.ts[2m > [22mwithLock ΓÇö typed error codes (Fix 3)[2m > [22mpropagates errors thrown by the protected function without wrapping[32m 1[2mms[22m[39m
 [32mΓ£ô[39m src/test/distributed-lock-codes.test.ts[2m > [22mwithLock ΓÇö explicit failOpen behaviour[2m > [22mfailOpen: true ΓåÆ runs fn even when Redis is unavailable[32m 1[2mms[22m[39m
 [32mΓ£ô[39m src/test/distributed-lock-codes.test.ts[2m > [22mwithLock ΓÇö explicit failOpen behaviour[2m > [22mfailOpen: true ΓåÆ runs fn even when lock is held[32m 0[2mms[22m[39m
 [32mΓ£ô[39m src/test/distributed-lock-codes.test.ts[2m > [22mwithLock ΓÇö explicit failOpen behaviour[2m > [22mfailOpen: false ΓåÆ throws LOCK_UNAVAILABLE when Redis is unavailable[32m 1[2mms[22m[39m
 [32mΓ£ô[39m src/test/distributed-lock-codes.test.ts[2m > [22mwithLock ΓÇö explicit failOpen behaviour[2m > [22mfailOpen unset (default) ΓåÆ fail-closed behaviour applies[32m 1[2mms[22m[39m
 [32mΓ£ô[39m src/test/distributed-lock-codes.test.ts[2m > [22mwithLock ΓÇö explicit failOpen behaviour[2m > [22mreleases the lock even when fn throws (lock acquired path)[32m 0[2mms[22m[39m
 [32mΓ£ô[39m src/test/audit-fixes-4.test.ts[2m > [22mFix 3 ΓÇö sitemap.ts DB abstraction[2m > [22msitemap.ts does not import from @/lib/db[32m 5[2mms[22m[39m
 [32mΓ£ô[39m src/test/audit-fixes-4.test.ts[2m > [22mFix 3 ΓÇö sitemap.ts DB abstraction[2m > [22msitemap.ts imports getSitemapListings from listing.repository[32m 1[2mms[22m[39m
 [32mΓ£ô[39m src/test/audit-fixes-4.test.ts[2m > [22mFix 3 ΓÇö sitemap.ts DB abstraction[2m > [22mgetSitemapListings is exported from listing.repository.ts[32m 1[2mms[22m[39m
 [32mΓ£ô[39m src/test/audit-fixes-4.test.ts[2m > [22mFix 3 ΓÇö sitemap.ts DB abstraction[2m > [22mgetSitemapSellers is exported from listing.repository.ts[32m 1[2mms[22m[39m
 [32mΓ£ô[39m src/test/audit-fixes-4.test.ts[2m > [22mFix 3 ΓÇö sitemap.ts DB abstraction[2m > [22mgetSitemapListings returns id and updatedAt[32m 1[2mms[22m[39m
 [32mΓ£ô[39m src/test/audit-fixes-4.test.ts[2m > [22mFix 3 ΓÇö sitemap.ts DB abstraction[2m > [22mgetSitemapSellers returns username and updatedAt[32m 1[2mms[22m[39m
 [32mΓ£ô[39m src/test/audit-fixes-4.test.ts[2m > [22mFix 4 ΓÇö interaction-workflow barrel / instance split[2m > [22minteraction-workflow.service.ts contains no class definition[32m 1[2mms[22m[39m
 [32mΓ£ô[39m src/test/audit-fixes-4.test.ts[2m > [22mFix 4 ΓÇö interaction-workflow barrel / instance split[2m > [22minteraction-workflow.service.ts contains only re-exports (no logic)[32m 1[2mms[22m[39m
 [32mΓ£ô[39m src/test/audit-fixes-4.test.ts[2m > [22mFix 4 ΓÇö interaction-workflow barrel / instance split[2m > [22minteraction-workflow.instance.ts exports InteractionWorkflowService class[32m 1[2mms[22m[39m
 [32mΓ£ô[39m src/test/audit-fixes-4.test.ts[2m > [22mFix 4 ΓÇö interaction-workflow barrel / instance split[2m > [22minteraction-workflow.instance.ts exports the interactionWorkflowService singleton[32m 1[2mms[22m[39m
 [32mΓ£ô[39m src/test/audit-fixes-4.test.ts[2m > [22mFix 4 ΓÇö interaction-workflow barrel / instance split[2m > [22mall 4 workflow functions are re-exported from the barrel[32m 1[2mms[22m[39m
 [32mΓ£ô[39m src/test/audit-fixes-4.test.ts[2m > [22mFix 4 ΓÇö interaction-workflow barrel / instance split[2m > [22minteractions.ts server action imports from .instance.ts (not barrel)[32m 1[2mms[22m[39m
 [32mΓ£ô[39m src/test/auto-resolution-transition.test.ts[2m > [22mAutoResolutionService.executeDecision ΓÇö post-Stripe DB transition error handling[2m > [22mAUTO_REFUND path[2m > [22mlogs ERROR with requiresManualReconciliation when DB transition fails after Stripe refund[32m 7[2mms[22m[39m
 [32mΓ£ô[39m src/test/auto-resolution-transition.test.ts[2m > [22mAutoResolutionService.executeDecision ΓÇö post-Stripe DB transition error handling[2m > [22mAUTO_REFUND path[2m > [22mrethrows the transition error ΓÇö does NOT swallow it silently[32m 1[2mms[22m[39m
 [32mΓ£ô[39m src/test/auto-resolution-transition.test.ts[2m > [22mAutoResolutionService.executeDecision ΓÇö post-Stripe DB transition error handling[2m > [22mAUTO_REFUND path[2m > [22mdoes NOT log auto-resolution.transition_failed when refund itself fails (different path)[32m 1[2mms[22m[39m
 [32mΓ£ô[39m src/test/auto-resolution-transition.test.ts[2m > [22mAutoResolutionService.executeDecision ΓÇö post-Stripe DB transition error handling[2m > [22mAUTO_DISMISS path[2m > [22mlogs ERROR with requiresManualReconciliation when DB transition fails after Stripe capture[32m 1[2mms[22m[39m
 [32mΓ£ô[39m src/test/auto-resolution-transition.test.ts[2m > [22mAutoResolutionService.executeDecision ΓÇö post-Stripe DB transition error handling[2m > [22mAUTO_DISMISS path[2m > [22mrethrows the transition error ΓÇö does NOT swallow it silently[32m 1[2mms[22m[39m
 [32mΓ£ô[39m src/test/order-events-atomic.test.ts[2m > [22morder state transitions ΓÇö atomic event recording[2m > [22mcancelOrder: recordEvent is called inside the transaction callback[32m 4[2mms[22m[39m
 [32mΓ£ô[39m src/test/order-events-atomic.test.ts[2m > [22morder state transitions ΓÇö atomic event recording[2m > [22mcancelOrder: recordEvent receives the tx client[32m 3[2mms[22m[39m
 [32mΓ£ô[39m src/test/order-events-atomic.test.ts[2m > [22morder state transitions ΓÇö atomic event recording[2m > [22mconfirmDelivery: recordEvent is called with tx for COMPLETED event[32m 2[2mms[22m[39m
 [32mΓ£ô[39m src/test/order-events-atomic.test.ts[2m > [22morder state transitions ΓÇö atomic event recording[2m > [22mconfirmDelivery: event write failure rolls back via the transaction[32m 2[2mms[22m[39m
 [32mΓ£ô[39m src/test/architecture-sprint-b.test.ts[2m > [22mFix 1 ΓÇö listing.service.ts split into sub-services[2m > [22mlisting-create.service.ts exists[32m 3[2mms[22m[39m
 [32mΓ£ô[39m src/test/architecture-sprint-b.test.ts[2m > [22mFix 1 ΓÇö listing.service.ts split into sub-services[2m > [22mlisting-lifecycle.service.ts exists[32m 0[2mms[22m[39m
 [32mΓ£ô[39m src/test/architecture-sprint-b.test.ts[2m > [22mFix 1 ΓÇö listing.service.ts split into sub-services[2m > [22mlisting-engagement.service.ts exists[32m 0[2mms[22m[39m
 [32mΓ£ô[39m src/test/architecture-sprint-b.test.ts[2m > [22mFix 1 ΓÇö listing.service.ts split into sub-services[2m > [22mlisting-queries.service.ts exists[32m 0[2mms[22m[39m
 [32mΓ£ô[39m src/test/architecture-sprint-b.test.ts[2m > [22mFix 1 ΓÇö listing.service.ts split into sub-services[2m > [22mlisting-review.service.ts exists[32m 0[2mms[22m[39m
 [32mΓ£ô[39m src/test/architecture-sprint-b.test.ts[2m > [22mFix 1 ΓÇö listing.service.ts split into sub-services[2m > [22mbarrel listing.service.ts exists and exports listingService[32m 0[2mms[22m[39m
 [32mΓ£ô[39m src/test/architecture-sprint-b.test.ts[2m > [22mFix 1 ΓÇö listing.service.ts split into sub-services[2m > [22mbarrel re-exports all 10 public methods on listingService[32m 0[2mms[22m[39m
 [32mΓ£ô[39m src/test/architecture-sprint-b.test.ts[2m > [22mFix 1 ΓÇö listing.service.ts split into sub-services[2m > [22mbarrel re-exports all types[32m 0[2mms[22m[39m
 [32mΓ£ô[39m src/test/architecture-sprint-b.test.ts[2m > [22mFix 1 ΓÇö listing.service.ts split into sub-services[2m > [22mbarrel file is a thin re-export (no business logic)[32m 0[2mms[22m[39m
 [32mΓ£ô[39m src/test/architecture-sprint-b.test.ts[2m > [22mFix 1 ΓÇö listing.service.ts split into sub-services[2m > [22mlisting-create.service.ts contains createListing and saveDraft[32m 0[2mms[22m[39m
 [32mΓ£ô[39m src/test/architecture-sprint-b.test.ts[2m > [22mFix 1 ΓÇö listing.service.ts split into sub-services[2m > [22mlisting-lifecycle.service.ts contains updateListing and deleteListing[32m 0[2mms[22m[39m
 [32mΓ£ô[39m src/test/architecture-sprint-b.test.ts[2m > [22mFix 1 ΓÇö listing.service.ts split into sub-services[2m > [22mlisting-engagement.service.ts contains toggleWatch and getListingById[32m 0[2mms[22m[39m
 [32mΓ£ô[39m src/test/architecture-sprint-b.test.ts[2m > [22mFix 1 ΓÇö listing.service.ts split into sub-services[2m > [22mlisting-queries.service.ts contains getBrowseListings and getListingForEdit[32m 0[2mms[22m[39m
 [32mΓ£ô[39m src/test/architecture-sprint-b.test.ts[2m > [22mFix 2 ΓÇö shared listing creation orchestration[2m > [22mcreateListing and createListingViaApi share validateAndCreateListing core[32m 0[2mms[22m[39m
 [32mΓ£ô[39m src/test/architecture-sprint-b.test.ts[2m > [22mFix 2 ΓÇö shared listing creation orchestration[2m > [22mauth checks are NOT duplicated ΓÇö only in validateAndCreateListing[32m 0[2mms[22m[39m
 [32mΓ£ô[39m src/test/architecture-sprint-b.test.ts[2m > [22mFix 2 ΓÇö shared listing creation orchestration[2m > [22mcategory validation is NOT duplicated ΓÇö only in validateAndCreateListing[32m 0[2mms[22m[39m
 [32mΓ£ô[39m src/test/architecture-sprint-b.test.ts[2m > [22mFix 2 ΓÇö shared listing creation orchestration[2m > [22mimage validation is NOT duplicated ΓÇö only in validateAndCreateListing[32m 0[2mms[22m[39m
 [32mΓ£ô[39m src/test/architecture-sprint-b.test.ts[2m > [22mFix 2 ΓÇö shared listing creation orchestration[2m > [22mlisting creation transaction is NOT duplicated ΓÇö only in validateAndCreateListing[32m 0[2mms[22m[39m
 [32mΓ£ô[39m src/test/architecture-sprint-b.test.ts[2m > [22mFix 2 ΓÇö shared listing creation orchestration[2m > [22mAPI route delegates to listingService, does not inline business logic[32m 0[2mms[22m[39m
 [32mΓ£ô[39m src/test/jwtBlocklist.test.ts[2m > [22mblockToken[2m > [22mstores jti in Redis with correct key and positive TTL[32m 6[2mms[22m[39m
 [32mΓ£ô[39m src/test/jwtBlocklist.test.ts[2m > [22mblockToken[2m > [22mTTL includes 60-second padding[32m 1[2mms[22m[39m
 [32mΓ£ô[39m src/test/jwtBlocklist.test.ts[2m > [22mblockToken[2m > [22mdoes NOT store token if it is already expired (ttl <= 0)[32m 1[2mms[22m[39m
 [32mΓ£ô[39m src/test/jwtBlocklist.test.ts[2m > [22mblockToken[2m > [22msilently swallows errors when Redis is unavailable (fail-safe)[32m 2[2mms[22m[39m
 [32mΓ£ô[39m src/test/jwtBlocklist.test.ts[2m > [22mblockToken[2m > [22msilently swallows errors when Redis set() rejects[32m 1[2mms[22m[39m
 [32mΓ£ô[39m src/test/jwtBlocklist.test.ts[2m > [22misTokenBlocked[2m > [22mreturns true when Redis has the jti key set to "1"[32m 2[2mms[22m[39m
 [32mΓ£ô[39m src/test/jwtBlocklist.test.ts[2m > [22misTokenBlocked[2m > [22mreturns false when the key is absent (null)[32m 1[2mms[22m[39m
 [32mΓ£ô[39m src/test/jwtBlocklist.test.ts[2m > [22misTokenBlocked[2m > [22mreturns false when the key has an unexpected value[32m 1[2mms[22m[39m
 [32mΓ£ô[39m src/test/jwtBlocklist.test.ts[2m > [22misTokenBlocked[2m > [22mreturns false (fail-open) when Redis is unavailable[32m 1[2mms[22m[39m
 [32mΓ£ô[39m src/test/jwtBlocklist.test.ts[2m > [22misTokenBlocked[2m > [22mreturns false (fail-open) when Redis get() rejects[32m 1[2mms[22m[39m
[90mstderr[2m | src/test/blocks.actions.test.ts[2m > [22m[2mblockUser ΓÇö auth guard[2m > [22m[2munauthenticated ΓåÆ returns auth error, repo not called
[22m[39m[safeActionError] Please sign in

 [32mΓ£ô[39m src/test/email-queue-propagation.test.ts[2m > [22memail queue failure propagation[2m > [22mregister() propagates enqueueEmail failure ΓÇö no silent catch[32m 7[2mms[22m[39m
 [32mΓ£ô[39m src/test/email-queue-propagation.test.ts[2m > [22memail queue failure propagation[2m > [22mrequestPasswordReset() propagates enqueueEmail failure[32m 2[2mms[22m[39m
 [32mΓ£ô[39m src/test/email-queue-propagation.test.ts[2m > [22memail queue failure propagation[2m > [22mno direct Resend calls ΓÇö enqueueEmail is the only email path on success[32m 1[2mms[22m[39m
[90mstderr[2m | src/test/blocks.actions.test.ts[2m > [22m[2munblockUser ΓÇö auth guard[2m > [22m[2munauthenticated ΓåÆ returns auth error
[22m[39m[safeActionError] Please sign in

 [32mΓ£ô[39m src/test/distributed-lock-sentinel.test.ts[2m > [22macquireLock ΓÇö return value contract[2m > [22mreturns null when Redis is unavailable (not a truthy sentinel string)[32m 4[2mms[22m[39m
 [32mΓ£ô[39m src/test/distributed-lock-sentinel.test.ts[2m > [22mcron job ΓÇö fail-closed lock behaviour[2m > [22mskips job when acquireLock returns null (Redis unavailable)[32m 2[2mms[22m[39m
 [32mΓ£ô[39m src/test/distributed-lock-sentinel.test.ts[2m > [22mcron job ΓÇö fail-closed lock behaviour[2m > [22mskips job when acquireLock returns legacy NO_REDIS_LOCK sentinel string[32m 1[2mms[22m[39m
 [32mΓ£ô[39m src/test/distributed-lock-sentinel.test.ts[2m > [22mcron job ΓÇö fail-closed lock behaviour[2m > [22mproceeds normally when acquireLock returns a valid lock string[32m 3[2mms[22m[39m
 [32mΓ£ô[39m src/test/distributed-lock-sentinel.test.ts[2m > [22mcron job ΓÇö fail-closed lock behaviour[2m > [22mpayout worker equivalent: does not proceed when acquireLock returns null[32m 1[2mms[22m[39m
 [32mΓ£ô[39m src/test/blocks.actions.test.ts[2m > [22mblockUser ΓÇö auth guard[2m > [22munauthenticated ΓåÆ returns auth error, repo not called[32m 6[2mms[22m[39m
 [32mΓ£ô[39m src/test/blocks.actions.test.ts[2m > [22mblockUser ΓÇö validation[2m > [22mcannot block yourself ΓåÆ error[32m 1[2mms[22m[39m
 [32mΓ£ô[39m src/test/blocks.actions.test.ts[2m > [22mblockUser ΓÇö validation[2m > [22mtarget user not found ΓåÆ error[32m 0[2mms[22m[39m
 [32mΓ£ô[39m src/test/blocks.actions.test.ts[2m > [22mblockUser ΓÇö happy path[2m > [22mvalid block ΓåÆ calls upsertBlock with correct args[32m 3[2mms[22m[39m
 [32mΓ£ô[39m src/test/blocks.actions.test.ts[2m > [22mblockUser ΓÇö happy path[2m > [22mblock response includes target display name[32m 1[2mms[22m[39m
 [32mΓ£ô[39m src/test/blocks.actions.test.ts[2m > [22munblockUser ΓÇö auth guard[2m > [22munauthenticated ΓåÆ returns auth error[32m 1[2mms[22m[39m
 [32mΓ£ô[39m src/test/blocks.actions.test.ts[2m > [22munblockUser ΓÇö happy path[2m > [22mvalid unblock ΓåÆ calls removeBlock with correct args[32m 1[2mms[22m[39m
 [32mΓ£ô[39m src/test/blocks.actions.test.ts[2m > [22munblockUser ΓÇö error handling[2m > [22mremoveBlock throws ΓåÆ error propagates (no outer try/catch in unblockUser)[32m 3[2mms[22m[39m
 [32mΓ£ô[39m src/test/listing-cache.test.ts[2m > [22mlisting detail cache (getListingById)[2m > [22mreturns cached listing without hitting the DB on second call[32m 4[2mms[22m[39m
 [32mΓ£ô[39m src/test/listing-cache.test.ts[2m > [22mlisting detail cache (getListingById)[2m > [22mfalls back to DB when Redis is unavailable[32m 1[2mms[22m[39m
 [32mΓ£ô[39m src/test/listing-cache.test.ts[2m > [22mlisting detail cache (getListingById)[2m > [22mlistingDetailKey returns the expected key format[32m 0[2mms[22m[39m
 [32mΓ£ô[39m src/test/listing-cache.test.ts[2m > [22mbrowse listings cache (getBrowseListings)[2m > [22mreturns cached browse results without hitting the DB on second call[32m 0[2mms[22m[39m
 [32mΓ£ô[39m src/test/listing-cache.test.ts[2m > [22mlisting cache invalidation[2m > [22mdeleteListing calls invalidateCache for the listing detail key[32m 0[2mms[22m[39m
 [32mΓ£ô[39m src/test/listing-cache.test.ts[2m > [22mlisting cache invalidation[2m > [22mupdateListing invalidates the detail cache when update succeeds[32m 1[2mms[22m[39m
 [32mΓ£ô[39m src/test/a11y-privacy.test.ts[2m > [22mModalOverlay ARIA attributes[2m > [22mModalOverlay renders with role="dialog"[32m 4[2mms[22m[39m
 [32mΓ£ô[39m src/test/a11y-privacy.test.ts[2m > [22mModalOverlay ARIA attributes[2m > [22mModalOverlay renders with aria-modal="true"[32m 1[2mms[22m[39m
 [32mΓ£ô[39m src/test/a11y-privacy.test.ts[2m > [22mModalOverlay ARIA attributes[2m > [22mModalOverlay aria-labelledby matches the title element id[32m 0[2mms[22m[39m
 [32mΓ£ô[39m src/test/a11y-privacy.test.ts[2m > [22mcreateEscapeHandler[2m > [22mcalls onClose when Escape is pressed[32m 1[2mms[22m[39m
 [32mΓ£ô[39m src/test/a11y-privacy.test.ts[2m > [22mcreateEscapeHandler[2m > [22mdoes NOT call onClose for other keys[32m 1[2mms[22m[39m
 [32mΓ£ô[39m src/test/a11y-privacy.test.ts[2m > [22mcreateEscapeHandler[2m > [22mstops propagation when Escape is pressed[32m 0[2mms[22m[39m
 [32mΓ£ô[39m src/test/a11y-privacy.test.ts[2m > [22mfindFirstFocusable[2m > [22mreturns null when container is null[32m 0[2mms[22m[39m
 [32mΓ£ô[39m src/test/a11y-privacy.test.ts[2m > [22mfindFirstFocusable[2m > [22mreturns null when container has no focusable children[32m 0[2mms[22m[39m
 [32mΓ£ô[39m src/test/a11y-privacy.test.ts[2m > [22mfindFirstFocusable[2m > [22mreturns the first focusable element when one exists[32m 0[2mms[22m[39m
 [32mΓ£ô[39m src/test/a11y-privacy.test.ts[2m > [22mfindFirstFocusable[2m > [22mFOCUSABLE_SELECTOR includes common interactive elements[32m 0[2mms[22m[39m
 [32mΓ£ô[39m src/test/a11y-privacy.test.ts[2m > [22mfindFirstFocusable[2m > [22mFOCUSABLE_SELECTOR excludes disabled elements[32m 0[2mms[22m[39m
 [32mΓ£ô[39m src/test/a11y-privacy.test.ts[2m > [22mfindFirstFocusable[2m > [22mFOCUSABLE_SELECTOR excludes elements with tabindex=-1[32m 0[2mms[22m[39m
 [32mΓ£ô[39m src/test/a11y-privacy.test.ts[2m > [22mErasure ΓÇö shipping address anonymisation contract[2m > [22manonymises all required shipping PII fields[32m 2[2mms[22m[39m
 [32mΓ£ô[39m src/test/a11y-privacy.test.ts[2m > [22mErasure ΓÇö shipping address anonymisation contract[2m > [22msets street/city/region/postcode/name to "Anonymised" (NZ English)[32m 1[2mms[22m[39m
 [32mΓ£ô[39m src/test/a11y-privacy.test.ts[2m > [22mErasure ΓÇö shipping address anonymisation contract[2m > [22mnullifies shippingLine2 (optional field)[32m 0[2mms[22m[39m
 [32mΓ£ô[39m src/test/a11y-privacy.test.ts[2m > [22mErasure ΓÇö shipping address anonymisation contract[2m > [22muses NZ English spelling "Anonymised" not "Anonymized"[32m 1[2mms[22m[39m
 [32mΓ£ô[39m src/test/a11y-privacy.test.ts[2m > [22mErasure ΓÇö shipping address anonymisation contract[2m > [22merasure service anonymises user region and suburb fields[32m 0[2mms[22m[39m
 [32mΓ£ô[39m src/test/a11y-privacy.test.ts[2m > [22mredactEmail[2m > [22mredacts a standard email address[32m 0[2mms[22m[39m
 [32mΓ£ô[39m src/test/a11y-privacy.test.ts[2m > [22mredactEmail[2m > [22mkeeps only the first character of the local part[32m 0[2mms[22m[39m
 [32mΓ£ô[39m src/test/a11y-privacy.test.ts[2m > [22mredactEmail[2m > [22mhandles a single-character local part[32m 0[2mms[22m[39m
 [32mΓ£ô[39m src/test/a11y-privacy.test.ts[2m > [22mredactEmail[2m > [22mreturns *** when there is no @ symbol[32m 0[2mms[22m[39m
 [32mΓ£ô[39m src/test/a11y-privacy.test.ts[2m > [22mredactEmail[2m > [22mhandles empty string (no @)[32m 0[2mms[22m[39m
 [32mΓ£ô[39m src/test/a11y-privacy.test.ts[2m > [22mredactEmail[2m > [22mpreserves the full domain after the @[32m 0[2mms[22m[39m
 [32mΓ£ô[39m src/test/a11y-privacy.test.ts[2m > [22mredactEmail[2m > [22mredacted email does not contain the full local part[32m 0[2mms[22m[39m
 [32mΓ£ô[39m src/test/a11y-privacy.test.ts[2m > [22mredactEmail[2m > [22mredacted email still contains the domain for traceability[32m 0[2mms[22m[39m
 [32mΓ£ô[39m src/test/auth-constants.test.ts[2m > [22mAuth constants ΓÇö Task I3[2m > [22mMOBILE_TOKEN_TTL_SECONDS equals 7 days in seconds[32m 5[2mms[22m[39m
 [32mΓ£ô[39m src/test/auth-constants.test.ts[2m > [22mAuth constants ΓÇö Task I3[2m > [22mWEB_SESSION_TTL_SECONDS equals 30 days in seconds[32m 0[2mms[22m[39m
 [32mΓ£ô[39m src/test/auth-constants.test.ts[2m > [22mAuth constants ΓÇö Task I3[2m > [22msessionStore.ts imports WEB_SESSION_TTL_SECONDS and does not use 60*60*24*30 inline[32m 1[2mms[22m[39m
 [32mΓ£ô[39m src/test/auth-constants.test.ts[2m > [22mAuth constants ΓÇö Task I3[2m > [22mmobile token API route comment refers to 7-day token (not 30-day)[32m 1[2mms[22m[39m
 [32mΓ£ô[39m src/test/cache.test.ts[2m > [22mgetCached[2m > [22mreturns cached value when available[32m 5[2mms[22m[39m
 [32mΓ£ô[39m src/test/cache.test.ts[2m > [22mgetCached[2m > [22mcalls fetcher and caches when cache misses[32m 2[2mms[22m[39m
 [32mΓ£ô[39m src/test/cache.test.ts[2m > [22mgetCached[2m > [22mfalls back to fetcher when Redis get fails[32m 1[2mms[22m[39m
 [32mΓ£ô[39m src/test/cache.test.ts[2m > [22mgetCached[2m > [22mreturns fresh data even when Redis set fails[32m 1[2mms[22m[39m
 [32mΓ£ô[39m src/test/cache.test.ts[2m > [22minvalidateCache[2m > [22mdeletes specified keys[32m 1[2mms[22m[39m
 [32mΓ£ô[39m src/test/cache.test.ts[2m > [22minvalidateCache[2m > [22mdoes nothing for empty keys[32m 0[2mms[22m[39m
 [32mΓ£ô[39m src/test/cache.test.ts[2m > [22minvalidateCache[2m > [22msilently fails on Redis error[32m 1[2mms[22m[39m
 [32mΓ£ô[39m src/test/push-token-hash.test.ts[2m > [22mPush token hashing ΓÇö Task I6[2m > [22mhashPushToken returns a 64-character lowercase hex string[32m 5[2mms[22m[39m
 [32mΓ£ô[39m src/test/push-token-hash.test.ts[2m > [22mPush token hashing ΓÇö Task I6[2m > [22mhashPushToken is deterministic (same input ΓåÆ same hash)[32m 0[2mms[22m[39m
 [32mΓ£ô[39m src/test/push-token-hash.test.ts[2m > [22mPush token hashing ΓÇö Task I6[2m > [22mdifferent tokens produce different hashes[32m 1[2mms[22m[39m
 [32mΓ£ô[39m src/test/push-token-hash.test.ts[2m > [22mPush token hashing ΓÇö Task I6[2m > [22mhash output does not contain the raw token string[32m 0[2mms[22m[39m
 [32mΓ£ô[39m src/test/push-token-hash.test.ts[2m > [22mPush token hashing ΓÇö Task I6[2m > [22mnotification.repository.ts uses tokenHash (not raw token) for upsert/deactivate[32m 1[2mms[22m[39m
 [32mΓ£ô[39m src/test/jwt-short-window.test.ts[2m > [22mFIX 4 ΓÇö JWT short window[2m > [22mJWT_MAX_AGE is at most 900 seconds (15 minutes)[32m 2[2mms[22m[39m
 [32mΓ£ô[39m src/test/jwt-short-window.test.ts[2m > [22mFIX 4 ΓÇö JWT short window[2m > [22mrotates jti when token age exceeds JWT_REFRESH_THRESHOLD[32m 5[2mms[22m[39m
 [32mΓ£ô[39m src/test/jwt-short-window.test.ts[2m > [22mFIX 4 ΓÇö JWT short window[2m > [22mdoes NOT rotate jti when token is younger than JWT_REFRESH_THRESHOLD[32m 1[2mms[22m[39m
 [32mΓ£ô[39m src/test/jwt-short-window.test.ts[2m > [22mFIX 4 ΓÇö JWT short window[2m > [22mreturns null for a signed-out user even when Redis returns stale success[32m 1[2mms[22m[39m
[90mstderr[2m | src/test/ErrorBoundary.test.ts[2m > [22m[2mErrorBoundary class component[2m > [22m[2mresetBoundary calls setState with { hasError: false, error: null }
[22m[39mCan't call setState on a component that is not yet mounted. This is a no-op, but it might indicate a bug in your application. Instead, assign to `this.state` directly or define a `state = 
{};` class property with the desired state in the ErrorBoundary component.

 [32mΓ£ô[39m src/test/ErrorBoundary.test.ts[2m > [22mErrorBoundary class component[2m > [22mrender() returns children when there is no error[32m 5[2mms[22m[39m
 [32mΓ£ô[39m src/test/ErrorBoundary.test.ts[2m > [22mErrorBoundary class component[2m > [22mgetDerivedStateFromError sets hasError: true and captures the error[32m 1[2mms[22m[39m
 [32mΓ£ô[39m src/test/ErrorBoundary.test.ts[2m > [22mErrorBoundary class component[2m > [22mresetBoundary calls setState with { hasError: false, error: null }[32m 4[2mms[22m[39m
 [32mΓ£ô[39m src/test/ErrorBoundary.test.ts[2m > [22mErrorBoundary class component[2m > [22mcomponentDidCatch calls onError with error and ErrorInfo[32m 1[2mms[22m[39m
 [32mΓ£ô[39m src/test/ErrorBoundary.test.ts[2m > [22mErrorBoundary class component[2m > [22misDev condition is false in non-development environments (test / production)[32m 2[2mms[22m[39m
 [32mΓ£ô[39m src/test/ErrorBoundary.test.ts[2m > [22mErrorBoundary class component[2m > [22mrender() returns custom fallback when hasError and fallback prop is provided[32m 1[2mms[22m[39m
[90mstderr[2m | src/test/seller-dashboard-delete.test.ts[2m > [22m[2mdeleteListing server action ΓÇö ownership and validation[2m > [22m[2mreturns an error when a non-owner attempts to 
delete the listing
[22m[39m[safeActionError] You do not have permission to delete this listing.

[90mstderr[2m | src/test/seller-dashboard-delete.test.ts[2m > [22m[2mdeleteListing server action ΓÇö ownership and validation[2m > [22m[2mreturns an error when the listing is SOLD and 
cannot be deleted
[22m[39m[safeActionError] Sold listings cannot be deleted.

 [32mΓ£ô[39m src/test/audit-fixes-batch2.test.ts[2m > [22mAudit fixes batch 2 ΓÇö Fix 8: layered architecture (workers/jobs/services/lib)[2m > [22meslint.config.mjs covers src/server/workers, jobs, services, and lib in no-restricted-imports[32m 4[2mms[22m[39m
 [32mΓ£ô[39m src/test/audit-fixes-batch2.test.ts[2m > [22mAudit fixes batch 2 ΓÇö Fix 8: layered architecture (workers/jobs/services/lib)[2m > [22mpayoutWorker.ts does not import @/lib/db[32m 1[2mms[22m[39m
 [32mΓ£ô[39m src/test/audit-fixes-batch2.test.ts[2m > [22mAudit fixes batch 2 ΓÇö Fix 8: layered architecture (workers/jobs/services/lib)[2m > [22mpickupWorker.ts uses withTransaction and repositories instead of @/lib/db[32m 1[2mms[22m[39m
 [32mΓ£ô[39m src/test/audit-fixes-batch2.test.ts[2m > [22mAudit fixes batch 2 ΓÇö Fix 8: layered architecture (workers/jobs/services/lib)[2m > [22mautoReleaseEscrow.ts uses orderRepository + payoutRepository[32m 1[2mms[22m[39m
 [32mΓ£ô[39m src/test/audit-fixes-batch2.test.ts[2m > [22mAudit fixes batch 2 ΓÇö Fix 8: layered architecture (workers/jobs/services/lib)[2m > [22mdispatchReminders.ts uses orderRepository + notificationRepository[32m 0[2mms[22m[39m
 [32mΓ£ô[39m src/test/audit-fixes-batch2.test.ts[2m > [22mAudit fixes batch 2 ΓÇö Fix 8: layered architecture (workers/jobs/services/lib)[2m > [22mdisputeAutoResolve.ts uses orderRepository + interactionRepository[32m 1[2mms[22m[39m
 [32mΓ£ô[39m src/test/audit-fixes-batch2.test.ts[2m > [22mAudit fixes batch 2 ΓÇö Fix 8: layered architecture (workers/jobs/services/lib)[2m > [22mpriceDropNotifications.ts uses watchlistRepository + withTransaction[32m 1[2mms[22m[39m
 [32mΓ£ô[39m src/test/audit-fixes-batch2.test.ts[2m > [22mAudit fixes batch 2 ΓÇö Fix 8: layered architecture (workers/jobs/services/lib)[2m > [22msellerDowngradeCheck.ts uses userRepository methods[32m 0[2mms[22m[39m
 [32mΓ£ô[39m src/test/audit-fixes-batch2.test.ts[2m > [22mAudit fixes batch 2 ΓÇö Fix 8: layered architecture (workers/jobs/services/lib)[2m > [22mstripeReconciliation.ts uses orderRepository (DB-driven auto-fix) instead of db[32m 1[2mms[22m[39m
 [32mΓ£ô[39m src/test/audit-fixes-batch2.test.ts[2m > [22mAudit fixes batch 2 ΓÇö Fix 8: layered architecture (workers/jobs/services/lib)[2m > [22mwithTransaction helper lives at src/lib/transaction.ts and not under src/server/lib[32m 1[2mms[22m[39m
 [32mΓ£ô[39m src/test/audit-fixes-batch2.test.ts[2m > [22mAudit fixes batch 2 ΓÇö Fix 10: listing reservedUntil + reconciliation[2m > [22mListing model has reservedUntil DateTime? and composite index[32m 1[2mms[22m[39m
 [32mΓ£ô[39m src/test/audit-fixes-batch2.test.ts[2m > [22mAudit fixes batch 2 ΓÇö Fix 10: listing reservedUntil + reconciliation[2m > [22madd_listing_reserved_until migration exists with column + index DDL[32m 0[2mms[22m[39m
 [32mΓ£ô[39m src/test/audit-fixes-batch2.test.ts[2m > [22mAudit fixes batch 2 ΓÇö Fix 10: listing reservedUntil + reconciliation[2m > [22morderRepository.reserveListing stamps reservedUntil and accepts stale RESERVED listings[32m 1[2mms[22m[39m
 [32mΓ£ô[39m src/test/audit-fixes-batch2.test.ts[2m > [22mAudit fixes batch 2 ΓÇö Fix 10: listing reservedUntil + reconciliation[2m > [22mreleaseStaleReservations cron job, route, and vercel schedule are present[32m 2[2mms[22m[39m
 [32mΓ£ô[39m src/test/seller-dashboard-delete.test.ts[2m > [22mdeleteListing server action ΓÇö ownership and validation[2m > [22mreturns success when the owner deletes their own listing[32m 5[2mms[22m[39m
 [32mΓ£ô[39m src/test/seller-dashboard-delete.test.ts[2m > [22mdeleteListing server action ΓÇö ownership and validation[2m > [22mreturns an error when a non-owner attempts to delete the listing[32m 2[2mms[22m[39m
 [32mΓ£ô[39m src/test/seller-dashboard-delete.test.ts[2m > [22mdeleteListing server action ΓÇö ownership and validation[2m > [22mreturns an error when the listing is SOLD and cannot be deleted[32m 1[2mms[22m[39m
 [32mΓ£ô[39m src/test/seller-dashboard-delete.test.ts[2m > [22mdeleteListing server action ΓÇö ownership and validation[2m > [22mdelegates to listingService.deleteListing (soft delete path)[32m 1[2mms[22m[39m
 [32mΓ£ô[39m src/test/seller-dashboard-delete.test.ts[2m > [22mSellerDashboardPage ΓÇö handleDeleteListing implementation[2m > [22mcalls the real deleteListing server action instead of a setTimeout[32m 1[2mms[22m[39m
 [32mΓ£ô[39m src/test/seller-dashboard-delete.test.ts[2m > [22mSellerDashboardPage ΓÇö handleDeleteListing implementation[2m > [22mclears the confirmation modal (setDeleteConfirm) before the server action[32m 0[2mms[22m[39m
 [32mΓ£ô[39m src/test/seller-dashboard-delete.test.ts[2m > [22mSellerDashboardPage ΓÇö handleDeleteListing implementation[2m > [22mrestores previous listings and calls toast.error when the server action fails[32m 0[2mms[22m[39m
 [32mΓ£ô[39m src/test/sessionStore.test.ts[2m > [22mgetSessionVersion[2m > [22mreturns parsed integer when Redis key exists[32m 6[2mms[22m[39m
 [32mΓ£ô[39m src/test/sessionStore.test.ts[2m > [22mgetSessionVersion[2m > [22mreturns 0 when Redis key is null (no prior sign-out)[32m 2[2mms[22m[39m
 [32mΓ£ô[39m src/test/sessionStore.test.ts[2m > [22mgetSessionVersion[2m > [22mreturns 0 (fail-open) when Redis throws[32m 2[2mms[22m[39m
 [32mΓ£ô[39m src/test/sessionStore.test.ts[2m > [22mgetSessionVersion[2m > [22mreturns 0 (fail-open) when get() rejects[32m 1[2mms[22m[39m
 [32mΓ£ô[39m src/test/sessionStore.test.ts[2m > [22minvalidateAllSessions[2m > [22mincrements version and sets TTL[32m 1[2mms[22m[39m
 [32mΓ£ô[39m src/test/sessionStore.test.ts[2m > [22minvalidateAllSessions[2m > [22mreturns 0 when Redis is unavailable[32m 1[2mms[22m[39m
 [32mΓ£ô[39m src/test/sessionStore.test.ts[2m > [22minvalidateAllSessions[2m > [22mreturns 0 when incr() rejects[32m 1[2mms[22m[39m
 [32mΓ£ô[39m src/test/auth.service.test.ts[2m > [22mAuthService.resetPassword[2m > [22mrejects expired token ΓÇö does not touch DB[32m 4[2mms[22m[39m
 [32mΓ£ô[39m src/test/auth.service.test.ts[2m > [22mAuthService.resetPassword[2m > [22mrejects already-used token ΓÇö does not touch DB[32m 1[2mms[22m[39m
 [32mΓ£ô[39m src/test/auth.service.test.ts[2m > [22mAuthService.resetPassword[2m > [22mrejects missing token ΓÇö does not touch DB[32m 0[2mms[22m[39m
 [32mΓ£ô[39m src/test/auth.service.test.ts[2m > [22mAuthService.resetPassword[2m > [22mmarks token as used atomically with password update on success[32m 4[2mms[22m[39m
 [32mΓ£ô[39m src/test/mfaSession.test.ts[2m > [22misMfaVerified[2m > [22mreturns true when JTI is marked verified in Redis ΓåÆ jwt callback clears mfaPending[32m 4[2mms[22m[39m
 [32mΓ£ô[39m src/test/mfaSession.test.ts[2m > [22misMfaVerified[2m > [22mreturns false when JTI is not in Redis ΓåÆ jwt callback keeps mfaPending: true[32m 1[2mms[22m[39m
 [32mΓ£ô[39m src/test/mfaSession.test.ts[2m > [22misMfaVerified[2m > [22mreturns false when Redis throws ΓåÆ jwt callback keeps mfaPending: true (safe default)[32m 0[2mms[22m[39m
 [32mΓ£ô[39m src/test/mfaSession.test.ts[2m > [22misMfaVerified[2m > [22mguard in jwt() callback skips isMfaVerified when token.jti is absent ΓåÆ mfaPending stays true[32m 0[2mms[22m[39m
 [32mΓ£ô[39m src/test/mfaSession.test.ts[2m > [22mmarkMfaVerified + isMfaVerified round-trip[2m > [22misMfaVerified(jti) returns true after markMfaVerified(jti) ΓÇö key written matches key read[32m 0[2mms[22m[39m
 [32mΓ£ô[39m src/test/stripeWebhook.test.ts[2m > [22mStripe webhook idempotency[2m > [22mprocesses a new event successfully (create succeeds)[32m 3[2mms[22m[39m
 [32mΓ£ô[39m src/test/stripeWebhook.test.ts[2m > [22mStripe webhook idempotency[2m > [22mskips duplicate event gracefully (P2002 caught)[32m 1[2mms[22m[39m
 [32mΓ£ô[39m src/test/stripeWebhook.test.ts[2m > [22mStripe webhook idempotency[2m > [22mre-throws non-P2002 database errors[32m 2[2mms[22m[39m
 [32mΓ£ô[39m src/test/stripeWebhook.test.ts[2m > [22mStripe webhook idempotency[2m > [22mpayout upsert is idempotent (no-op on duplicate)[32m 1[2mms[22m[39m
 [32mΓ£ô[39m src/test/shipping.actions.test.ts[2m > [22mcalculateShipping ΓÇö input validation[2m > [22mempty fromRegion ΓåÆ returns error[32m 3[2mms[22m[39m
 [32mΓ£ô[39m src/test/shipping.actions.test.ts[2m > [22mcalculateShipping ΓÇö input validation[2m > [22mempty toRegion ΓåÆ returns error[32m 1[2mms[22m[39m
 [32mΓ£ô[39m src/test/shipping.actions.test.ts[2m > [22mcalculateShipping ΓÇö same region[2m > [22mAuckland ΓåÆ Auckland ΓåÆ same region rate 600 cents, 1ΓÇô2 days[32m 1[2mms[22m[39m
 [32mΓ£ô[39m src/test/shipping.actions.test.ts[2m > [22mcalculateShipping ΓÇö same region[2m > [22mWellington ΓåÆ Wellington ΓåÆ same region rate 600 cents[32m 1[2mms[22m[39m
 [32mΓ£ô[39m src/test/shipping.actions.test.ts[2m > [22mcalculateShipping ΓÇö same island[2m > [22mAuckland ΓåÆ Wellington (NorthΓåÆNorth) ΓåÆ 800 cents, 2ΓÇô3 days[32m 1[2mms[22m[39m
 [32mΓ£ô[39m src/test/shipping.actions.test.ts[2m > [22mcalculateShipping ΓÇö same island[2m > [22mCanterbury ΓåÆ Otago (SouthΓåÆSouth) ΓåÆ 800 cents[32m 0[2mms[22m[39m
 [32mΓ£ô[39m src/test/shipping.actions.test.ts[2m > [22mcalculateShipping ΓÇö inter-island[2m > [22mAuckland ΓåÆ Canterbury (NorthΓåÆSouth) ΓåÆ 1200 cents, 3ΓÇô5 days[32m 1[2mms[22m[39m
 [32mΓ£ô[39m src/test/shipping.actions.test.ts[2m > [22mcalculateShipping ΓÇö inter-island[2m > [22mOtago ΓåÆ Wellington (SouthΓåÆNorth) ΓåÆ 1200 cents[32m 0[2mms[22m[39m
 [32mΓ£ô[39m src/test/shipping.actions.test.ts[2m > [22mcalculateShipping ΓÇö rural surcharge[2m > [22mtoRegion is Northland (rural) ΓåÆ adds 400 surcharge + isRural: true[32m 0[2mms[22m[39m
 [32mΓ£ô[39m src/test/shipping.actions.test.ts[2m > [22mcalculateShipping ΓÇö rural surcharge[2m > [22mtoRegion is Southland (rural) ΓåÆ surcharge applied[32m 0[2mms[22m[39m
 [32mΓ£ô[39m src/test/shipping.actions.test.ts[2m > [22mcalculateShipping ΓÇö rural surcharge[2m > [22mtoRegion is West Coast (rural) ΓåÆ surcharge applied[32m 0[2mms[22m[39m
 [32mΓ£ô[39m src/test/shipping.actions.test.ts[2m > [22mcalculateShipping ΓÇö rural surcharge[2m > [22mtoRegion is not rural ΓåÆ isRural: false, no surcharge[32m 0[2mms[22m[39m
 [32mΓ£ô[39m src/test/shipping.actions.test.ts[2m > [22mcalculateShipping ΓÇö unknown regions[2m > [22munknown fromRegion and toRegion ΓåÆ fallback rate (800 cents)[32m 0[2mms[22m[39m
 [32mΓ£ô[39m src/test/shipping.actions.test.ts[2m > [22mcalculateShipping ΓÇö unknown regions[2m > [22mconfig values override defaults when provided[32m 0[2mms[22m[39m
 [32mΓ£ô[39m src/test/encryption-key-validation.test.ts[2m > [22mENCRYPTION_KEY ΓÇö Zod schema validation[2m > [22maccepts a valid 64-character lowercase hex key[32m 3[2mms[22m[39m
 [32mΓ£ô[39m src/test/encryption-key-validation.test.ts[2m > [22mENCRYPTION_KEY ΓÇö Zod schema validation[2m > [22mrejects a key shorter than 64 hex characters[32m 1[2mms[22m[39m
 [32mΓ£ô[39m src/test/encryption-key-validation.test.ts[2m > [22mENCRYPTION_KEY ΓÇö Zod schema validation[2m > [22mrejects a key containing non-hex characters (e.g. g, z, !)[32m 0[2mms[22m[39m
 [32mΓ£ô[39m src/test/encryption-key-validation.test.ts[2m > [22mENCRYPTION_KEY ΓÇö Zod schema validation[2m > [22mrejects a 64-character string with mixed hex and non-hex characters[32m 0[2mms[22m[39m
 [32mΓ£ô[39m src/test/encryption-key-validation.test.ts[2m > [22mENCRYPTION_KEY ΓÇö Zod schema validation[2m > [22maccepts a valid 64-character uppercase hex key (case-insensitive)[32m 0[2mms[22m[39m
 [32mΓ£ô[39m src/test/encryption-key-validation.test.ts[2m > [22mENCRYPTION_KEY ΓÇö production startup enforcement[2m > [22mthrows a startup error when ENCRYPTION_KEY is not set in production[32m 1[2mms[22m[39m
 [32mΓ£ô[39m src/test/encryption-key-validation.test.ts[2m > [22mENCRYPTION_KEY ΓÇö production startup enforcement[2m > [22mthrows a startup error when ENCRYPTION_KEY is shorter than 64 hex chars[32m 0[2mms[22m[39m
 [32mΓ£ô[39m src/test/encryption-key-validation.test.ts[2m > [22mENCRYPTION_KEY ΓÇö production startup enforcement[2m > [22mthrows a startup error when ENCRYPTION_KEY contains non-hex characters[32m 0[2mms[22m[39m
 [32mΓ£ô[39m src/test/correlation-id-wiring.test.ts[2m > [22mwithActionContext ΓÇö contract tests[2m > [22mW1: runWithRequestContext makes correlationId available inside callback[32m 6[2mms[22m[39m
 [32mΓ£ô[39m src/test/correlation-id-wiring.test.ts[2m > [22mwithActionContext ΓÇö contract tests[2m > [22mW2: getRequestContext returns undefined outside a context (simulates missing header fallback)[32m 1[2mms[22m[39m
 [32mΓ£ô[39m src/test/correlation-id-wiring.test.ts[2m > [22mwithActionContext ΓÇö contract tests[2m > [22mW1 variant: correlationId threads through async callbacks[32m 0[2mms[22m[39m
 [32mΓ£ô[39m src/test/correlation-id-wiring.test.ts[2m > [22mBullMQ worker ΓÇö correlationId from job.data[2m > [22mW3: job.data.correlationId is threaded into runWithRequestContext[32m 0[2mms[22m[39m
 [32mΓ£ô[39m src/test/correlation-id-wiring.test.ts[2m > [22mBullMQ worker ΓÇö correlationId from job.data[2m > [22mW4: falls back to job:{jobId} when correlationId is absent from job.data[32m 1[2mms[22m[39m
 [32mΓ£ô[39m src/test/correlation-id-wiring.test.ts[2m > [22mcron job ΓÇö correlationId format[2m > [22mW5: cron correlationId follows cron:{name}:{timestamp} format[32m 1[2mms[22m[39m
 [32mΓ£ô[39m src/test/correlation-id-wiring.test.ts[2m > [22mcron job ΓÇö correlationId format[2m > [22mW5 variant: each cron invocation gets a unique correlationId[32m 1[2mms[22m[39m
 [32mΓ£ô[39m src/test/correlation-id-wiring.test.ts[2m > [22mcorrelationId ΓÇö propagation through nested async calls[2m > [22mW6: context is accessible in deeply nested async calls[32m 1[2mms[22m[39m
 [32mΓ£ô[39m src/test/permissions.test.ts[2m > [22mPermission System[2m > [22mSUPER_ADMIN has all permissions[32m 4[2mms[22m[39m
 [32mΓ£ô[39m src/test/permissions.test.ts[2m > [22mPermission System[2m > [22mFINANCE_ADMIN cannot resolve disputes[32m 0[2mms[22m[39m
 [32mΓ£ô[39m src/test/permissions.test.ts[2m > [22mPermission System[2m > [22mDISPUTES_ADMIN cannot view revenue[32m 0[2mms[22m[39m
 [32mΓ£ô[39m src/test/permissions.test.ts[2m > [22mPermission System[2m > [22mTRUST_SAFETY_ADMIN can ban users[32m 0[2mms[22m[39m
 [32mΓ£ô[39m src/test/permissions.test.ts[2m > [22mPermission System[2m > [22mREAD_ONLY_ADMIN cannot ban users[32m 0[2mms[22m[39m
 [32mΓ£ô[39m src/test/permissions.test.ts[2m > [22mPermission System[2m > [22mSUPPORT_ADMIN cannot process refunds[32m 0[2mms[22m[39m
 [32mΓ£ô[39m src/test/permissions.test.ts[2m > [22mPermission System[2m > [22mSELLER_MANAGER can approve sellers[32m 0[2mms[22m[39m
 [32mΓ£ô[39m src/test/permissions.test.ts[2m > [22mPermission System[2m > [22mnull role has no permissions[32m 0[2mms[22m[39m
 [32mΓ£ô[39m src/test/permissions.test.ts[2m > [22mPermission System[2m > [22mFINANCE_ADMIN cannot ban users[32m 0[2mms[22m[39m
 [32mΓ£ô[39m src/test/permissions.test.ts[2m > [22mPermission System[2m > [22mDISPUTES_ADMIN can resolve disputes[32m 0[2mms[22m[39m
 [32mΓ£ô[39m src/test/permissions.test.ts[2m > [22mPermission System[2m > [22mDISPUTES_ADMIN cannot manage admin roles[32m 0[2mms[22m[39m
 [32mΓ£ô[39m src/test/permissions.test.ts[2m > [22mPermission System[2m > [22mREAD_ONLY_ADMIN cannot moderate content[32m 0[2mms[22m[39m
 [32mΓ£ô[39m src/test/permissions.test.ts[2m > [22mPermission System[2m > [22mSELLER_MANAGER cannot resolve disputes[32m 0[2mms[22m[39m
 [32mΓ£ô[39m src/test/permissions.test.ts[2m > [22mPermission System[2m > [22monly SUPER_ADMIN can manage admin roles[32m 0[2mms[22m[39m
 [32mΓ£ô[39m src/test/permissions.test.ts[2m > [22mPermission System[2m > [22mhasAllPermissions returns true only when all match[32m 0[2mms[22m[39m
 [32mΓ£ô[39m src/test/permissions.test.ts[2m > [22mPermission System[2m > [22mhasAnyPermission returns true when at least one matches[32m 0[2mms[22m[39m
 [32mΓ£ô[39m src/test/permissions.test.ts[2m > [22mPermission System[2m > [22mevery role has a display name[32m 0[2mms[22m[39m
 [32mΓ£ô[39m src/test/permissions.test.ts[2m > [22mPermission System[2m > [22mevery role has a badge color[32m 0[2mms[22m[39m
 [32mΓ£ô[39m src/test/permissions.test.ts[2m > [22mPermission System[2m > [22mROLE_PERMISSIONS covers all 7 roles[32m 1[2mms[22m[39m
 [32mΓ£ô[39m src/test/openDispute.test.ts[2m > [22mOrderService.openDispute[2m > [22mopens dispute for dispatched order[32m 6[2mms[22m[39m
 [32mΓ£ô[39m src/test/openDispute.test.ts[2m > [22mOrderService.openDispute[2m > [22mrejects dispute from non-buyer[32m 2[2mms[22m[39m
 [32mΓ£ô[39m src/test/openDispute.test.ts[2m > [22mOrderService.openDispute[2m > [22mrejects dispute for non-dispatched order[32m 1[2mms[22m[39m
 [32mΓ£ô[39m src/test/openDispute.test.ts[2m > [22mOrderService.openDispute[2m > [22mrejects dispute when already disputed[32m 1[2mms[22m[39m
 [32mΓ£ô[39m src/test/openDispute.test.ts[2m > [22mOrderService.openDispute[2m > [22mrejects dispute after 14 days[32m 1[2mms[22m[39m
 [32mΓ£ô[39m src/test/openDispute.test.ts[2m > [22mOrderService.openDispute[2m > [22mthrows NOT_FOUND when order does not exist[32m 0[2mms[22m[39m
 [32mΓ£ô[39m src/test/adminAuth.test.ts[2m > [22mAdmin DB-backed authorization[2m > [22mallows access for active, non-banned admin[32m 3[2mms[22m[39m
 [32mΓ£ô[39m src/test/adminAuth.test.ts[2m > [22mAdmin DB-backed authorization[2m > [22mDENIES access for demoted admin (DB isAdmin=false, stale token)[32m 2[2mms[22m[39m
 [32mΓ£ô[39m src/test/adminAuth.test.ts[2m > [22mAdmin DB-backed authorization[2m > [22mDENIES access for banned admin[32m 1[2mms[22m[39m
 [32mΓ£ô[39m src/test/adminAuth.test.ts[2m > [22mAdmin DB-backed authorization[2m > [22mDENIES when no session (unauthenticated)[32m 1[2mms[22m[39m
 [32mΓ£ô[39m src/test/adminAuth.test.ts[2m > [22mAdmin DB-backed authorization[2m > [22mDENIES when user not found in DB (deleted user)[32m 0[2mms[22m[39m
 [32mΓ£ô[39m src/test/adminAuth.test.ts[2m > [22mAdmin DB-backed authorization[2m > [22malways queries DB even when token claims isAdmin=true[32m 1[2mms[22m[39m
 [32mΓ£ô[39m src/test/safe-redirect-integration.test.ts[2m > [22mLogin page ΓÇö open redirect protection (call-site tests)[2m > [22mredirectTo derivation (line 35 ΓÇö used for Google OAuth callbackUrl)[2m > [22mrejects //evil.com ΓåÆ falls back to /dashboard/buyer[32m 3[2mms[22m[39m
 [32mΓ£ô[39m src/test/safe-redirect-integration.test.ts[2m > [22mLogin page ΓÇö open redirect protection (call-site tests)[2m > [22mredirectTo derivation (line 35 ΓÇö used for Google OAuth callbackUrl)[2m > [22mrejects https://evil.com ΓåÆ falls back to /dashboard/buyer[32m 0[2mms[22m[39m
 [32mΓ£ô[39m src/test/safe-redirect-integration.test.ts[2m > [22mLogin page ΓÇö open redirect protection (call-site tests)[2m > [22mredirectTo derivation (line 35 ΓÇö used for Google OAuth callbackUrl)[2m > [22mrejects javascript:alert(1) ΓåÆ falls back to /dashboard/buyer[32m 0[2mms[22m[39m
 [32mΓ£ô[39m src/test/safe-redirect-integration.test.ts[2m > [22mLogin page ΓÇö open redirect protection (call-site tests)[2m > [22mredirectTo derivation (line 35 ΓÇö used for Google OAuth callbackUrl)[2m > [22maccepts /orders/123 ΓåÆ passes through unchanged[32m 0[2mms[22m[39m
 [32mΓ£ô[39m src/test/safe-redirect-integration.test.ts[2m > [22mLogin page ΓÇö open redirect protection (call-site tests)[2m > [22mredirectTo derivation (line 35 ΓÇö used for Google OAuth callbackUrl)[2m > [22maccepts /listings/abc?ref=home ΓåÆ passes through unchanged[32m 0[2mms[22m[39m
 [32mΓ£ô[39m src/test/safe-redirect-integration.test.ts[2m > [22mLogin page ΓÇö open redirect protection (call-site tests)[2m > [22mredirectTo derivation (line 35 ΓÇö used for Google OAuth callbackUrl)[2m > [22mnull from param ΓåÆ falls back to /dashboard/buyer[32m 0[2mms[22m[39m
 [32mΓ£ô[39m src/test/safe-redirect-integration.test.ts[2m > [22mLogin page ΓÇö open redirect protection (call-site tests)[2m > [22mpost-submit window.location.href (lines 206-209 ΓÇö after signIn success)[2m > [22mrejects //evil.com even after successful login[32m 0[2mms[22m[39m
 [32mΓ£ô[39m src/test/safe-redirect-integration.test.ts[2m > [22mLogin page ΓÇö open redirect protection (call-site tests)[2m > [22mpost-submit window.location.href (lines 206-209 ΓÇö after signIn success)[2m > [22mrejects https://evil.com after successful login[32m 0[2mms[22m[39m
 [32mΓ£ô[39m src/test/safe-redirect-integration.test.ts[2m > [22mLogin page ΓÇö open redirect protection (call-site tests)[2m > [22mpost-submit window.location.href (lines 206-209 ΓÇö after signIn success)[2m > [22mrejects javascript: after successful login[32m 0[2mms[22m[39m
 [32mΓ£ô[39m src/test/safe-redirect-integration.test.ts[2m > [22mLogin page ΓÇö open redirect protection (call-site tests)[2m > [22mpost-submit window.location.href (lines 206-209 ΓÇö after signIn success)[2m > [22maccepts /orders/123 after successful login[32m 0[2mms[22m[39m
 [32mΓ£ô[39m src/test/safe-redirect-integration.test.ts[2m > [22mLogin page ΓÇö open redirect protection (call-site tests)[2m > [22mpost-submit window.location.href (lines 206-209 ΓÇö after signIn success)[2m > [22mno from param + first login ΓåÆ /welcome[32m 0[2mms[22m[39m
 [32mΓ£ô[39m src/test/safe-redirect-integration.test.ts[2m > [22mLogin page ΓÇö open redirect protection (call-site tests)[2m > [22mpost-submit window.location.href (lines 206-209 ΓÇö after signIn success)[2m > [22mno from param + normal login ΓåÆ /dashboard/buyer[32m 0[2mms[22m[39m
 [32mΓ£ô[39m src/test/safe-redirect-integration.test.ts[2m > [22mLogin page ΓÇö open redirect protection (call-site tests)[2m > [22mpost-submit window.location.href (lines 206-209 ΓÇö after signIn success)[2m > [22mmalicious from param + first login ΓåÆ /welcome (attacker cannot hijack first-login flow)[32m 0[2mms[22m[39m
 [32mΓ£ô[39m src/test/arch-lint.test.ts[2m > [22mArchitecture lint ΓÇö Task I2[2m > [22meslint.config.mjs includes src/app/**/*.ts and src/app/**/*.tsx in no-restricted-imports files[32m 5[2mms[22m[39m
 [32mΓ£ô[39m src/test/arch-lint.test.ts[2m > [22mArchitecture lint ΓÇö Task I2[2m > [22mCI workflow lint step passes --max-warnings 0[32m 0[2mms[22m[39m
 [32mΓ£ô[39m src/test/arch-lint.test.ts[2m > [22mArchitecture lint ΓÇö Task I2[2m > [22meslint.config.mjs no-restricted-imports rule targets @/lib/db[32m 0[2mms[22m[39m
 [32mΓ£ô[39m src/test/workers-endpoint.test.ts[2m > [22mFix 3 ΓÇö legacy /api/workers startup endpoint removed[2m > [22msrc/app/api/workers/route.ts no longer exists[32m 5[2mms[22m[39m
 [32mΓ£ô[39m src/test/workers-endpoint.test.ts[2m > [22mFix 3 ΓÇö legacy /api/workers startup endpoint removed[2m > [22mcanonical index.ts imports all 4 workers including pickup[32m 1[2mms[22m[39m
 [32mΓ£ô[39m src/test/cron-lock.test.ts[2m > [22mprocessDeliveryReminders ΓÇö distributed lock[2m > [22macquires lock before processing[32m 5[2mms[22m[39m
 [32mΓ£ô[39m src/test/cron-lock.test.ts[2m > [22mprocessDeliveryReminders ΓÇö distributed lock[2m > [22mreleases lock after processing completes[32m 1[2mms[22m[39m
 [32mΓ£ô[39m src/test/cron-lock.test.ts[2m > [22mprocessDeliveryReminders ΓÇö distributed lock[2m > [22mskips processing and returns skipped:true when lock is already held[32m 1[2mms[22m[39m
 [32mΓ£ô[39m src/test/cron-lock.test.ts[2m > [22mprocessDeliveryReminders ΓÇö distributed lock[2m > [22mdoes not send reminders when second call is blocked by lock[32m 1[2mms[22m[39m
 [32mΓ£ô[39m src/test/homepage-split.test.ts[2m > [22mHomepage split ΓÇö Task I4[2m > [22mHomeHero, HomeCategories, HomeFeaturedListings components exist[32m 6[2mms[22m[39m
 [32mΓ£ô[39m src/test/homepage-split.test.ts[2m > [22mHomepage split ΓÇö Task I4[2m > [22mhome-data.ts exists and exports fetchHomeData[32m 1[2mms[22m[39m
 [32mΓ£ô[39m src/test/homepage-split.test.ts[2m > [22mHomepage split ΓÇö Task I4[2m > [22mpage.tsx is under 80 lines after split[32m 1[2mms[22m[39m
 [32mΓ£ô[39m src/test/stripeOnboarding.test.ts[2m > [22mStripe seller onboarding sync[2m > [22msets isStripeOnboarded=true when ALL 3 conditions are true[32m 3[2mms[22m[39m
 [32mΓ£ô[39m src/test/stripeOnboarding.test.ts[2m > [22mStripe seller onboarding sync[2m > [22msets isStripeOnboarded=false when payouts_enabled is false[32m 1[2mms[22m[39m
 [32mΓ£ô[39m src/test/stripeOnboarding.test.ts[2m > [22mStripe seller onboarding sync[2m > [22msets isStripeOnboarded=false when charges_enabled is false[32m 0[2mms[22m[39m
 [32mΓ£ô[39m src/test/stripeOnboarding.test.ts[2m > [22mStripe seller onboarding sync[2m > [22msets isStripeOnboarded=false when details_submitted is false[32m 0[2mms[22m[39m
 [32mΓ£ô[39m src/test/stripeOnboarding.test.ts[2m > [22mStripe seller onboarding sync[2m > [22mhandles null/undefined values safely[32m 0[2mms[22m[39m
 [32mΓ£ô[39m src/test/stripeOnboarding.test.ts[2m > [22mStripe seller onboarding sync[2m > [22msyncs FALSE when account regresses (bidirectional)[32m 2[2mms[22m[39m
 [32mΓ£ô[39m src/test/stripeOnboarding.test.ts[2m > [22mStripe seller onboarding sync[2m > [22msyncs TRUE with all capability flags[32m 0[2mms[22m[39m
 [32mΓ£ô[39m src/test/remote-patterns.test.ts[2m > [22mnext.config.ts remotePatterns[2m > [22mkeeps images.unsplash.com (fallback and seed images)[32m 5[2mms[22m[39m
 [32mΓ£ô[39m src/test/remote-patterns.test.ts[2m > [22mnext.config.ts remotePatterns[2m > [22mkeeps pub-*.r2.dev (wildcard covers all R2 public URLs)[32m 0[2mms[22m[39m
 [32mΓ£ô[39m src/test/remote-patterns.test.ts[2m > [22mnext.config.ts remotePatterns[2m > [22mkeeps r2.buyzi.co.nz (production R2 public URL)[32m 0[2mms[22m[39m
 [32mΓ£ô[39m src/test/remote-patterns.test.ts[2m > [22mnext.config.ts remotePatterns[2m > [22mkeeps dynamic r2Host derived from NEXT_PUBLIC_R2_PUBLIC_URL[32m 0[2mms[22m[39m
 [32mΓ£ô[39m src/test/remote-patterns.test.ts[2m > [22mnext.config.ts remotePatterns[2m > [22mremoves *.cloudflare.com (not a reachable image host)[32m 0[2mms[22m[39m
 [32mΓ£ô[39m src/test/remote-patterns.test.ts[2m > [22mnext.config.ts remotePatterns[2m > [22mremoves *.cloudflarestorage.com (S3 API endpoint, not publicly accessible)[32m 0[2mms[22m[39m
 [32mΓ£ô[39m src/test/remote-patterns.test.ts[2m > [22mnext.config.ts remotePatterns[2m > [22mremoves *.r2.cloudflarestorage.com (S3 API endpoint, not publicly accessible)[32m 0[2mms[22m[39m
 [32mΓ£ô[39m src/test/remote-patterns.test.ts[2m > [22mnext.config.ts remotePatterns[2m > [22mremoves the explicit pub-2617...r2.dev entry (already covered by pub-*.r2.dev)[32m 0[2mms[22m[39m
 [32mΓ£ô[39m src/test/order-actions-split.test.ts[2m > [22mOrder actions split ΓÇö Task I5[2m > [22morder-create.actions.ts, order-update.actions.ts, order-query.actions.ts exist[32m 5[2mms[22m[39m
 [32mΓ£ô[39m src/test/order-actions-split.test.ts[2m > [22mOrder actions split ΓÇö Task I5[2m > [22meach focused file exports the correct server actions[32m 1[2mms[22m[39m
 [32mΓ£ô[39m src/test/order-actions-split.test.ts[2m > [22mOrder actions split ΓÇö Task I5[2m > [22morders.ts barrel re-exports from all three focused action files[32m 0[2mms[22m[39m
 [32mΓ£ô[39m src/test/safe-redirect.test.ts[2m > [22msafeRedirect[2m > [22mreturns the path for a simple relative URL[32m 3[2mms[22m[39m
 [32mΓ£ô[39m src/test/safe-redirect.test.ts[2m > [22msafeRedirect[2m > [22mreturns the path for a deep relative URL[32m 0[2mms[22m[39m
 [32mΓ£ô[39m src/test/safe-redirect.test.ts[2m > [22msafeRedirect[2m > [22mreturns the path when it includes a query string[32m 0[2mms[22m[39m
 [32mΓ£ô[39m src/test/safe-redirect.test.ts[2m > [22msafeRedirect[2m > [22mrejects protocol-relative URL (//evil.com) and returns fallback[32m 0[2mms[22m[39m
 [32mΓ£ô[39m src/test/safe-redirect.test.ts[2m > [22msafeRedirect[2m > [22mrejects https absolute URL and returns fallback[32m 0[2mms[22m[39m
 [32mΓ£ô[39m src/test/safe-redirect.test.ts[2m > [22msafeRedirect[2m > [22mrejects http absolute URL and returns fallback[32m 0[2mms[22m[39m
 [32mΓ£ô[39m src/test/safe-redirect.test.ts[2m > [22msafeRedirect[2m > [22mrejects javascript: URL and returns fallback[32m 0[2mms[22m[39m
 [32mΓ£ô[39m src/test/safe-redirect.test.ts[2m > [22msafeRedirect[2m > [22mreturns fallback when to is null[32m 0[2mms[22m[39m
 [32mΓ£ô[39m src/test/safe-redirect.test.ts[2m > [22msafeRedirect[2m > [22mreturns fallback when to is undefined[32m 0[2mms[22m[39m
 [32mΓ£ô[39m src/test/safe-redirect.test.ts[2m > [22msafeRedirect[2m > [22mreturns fallback when to is empty string[32m 0[2mms[22m[39m
 [32mΓ£ô[39m src/test/safe-redirect.test.ts[2m > [22msafeRedirect[2m > [22muses the custom fallback when provided and the path is malicious[32m 0[2mms[22m[39m
 [32mΓ£ô[39m src/test/safe-redirect.test.ts[2m > [22msafeRedirect[2m > [22muses the custom fallback when to is null[32m 0[2mms[22m[39m
 [32mΓ£ô[39m src/test/order-cancel-atomic.test.ts[2m > [22mcancelOrder ΓÇö atomic transaction (Fix 2)[2m > [22mwraps the status transition and listing reactivation in one $transaction[32m 5[2mms[22m[39m
 [32mΓ£ô[39m src/test/order-cancel-atomic.test.ts[2m > [22mcancelOrder ΓÇö atomic transaction (Fix 2)[2m > [22mpropagates an error when listing reactivation fails inside the transaction[32m 3[2mms[22m[39m
 [32mΓ£ô[39m src/test/order-cancel-atomic.test.ts[2m > [22mcancelOrder ΓÇö atomic transaction (Fix 2)[2m > [22mcalls $transaction before order or listing updates (atomicity boundary)[32m 3[2mms[22m[39m
 [32mΓ£ô[39m src/test/fire-and-forget.test.ts[2m > [22mfireAndForget[2m > [22mcalls logger.error when the promise rejects[32m 4[2mms[22m[39m
 [32mΓ£ô[39m src/test/fire-and-forget.test.ts[2m > [22mfireAndForget[2m > [22mdoes not throw or propagate a rejected promise[32m 2[2mms[22m[39m
 [32mΓ£ô[39m src/test/fire-and-forget.test.ts[2m > [22mfireAndForget[2m > [22mincludes the context string in the logged event name[32m 1[2mms[22m[39m
 [32mΓ£ô[39m src/test/deep-sanitiser.test.ts[2m > [22mdeep sanitiser ΓÇö top-level[2m > [22mredacts top-level email field[32m 3[2mms[22m[39m
 [32mΓ£ô[39m src/test/deep-sanitiser.test.ts[2m > [22mdeep sanitiser ΓÇö nested objects[2m > [22mredacts email nested inside metadata.user[32m 0[2mms[22m[39m
 [32mΓ£ô[39m src/test/deep-sanitiser.test.ts[2m > [22mdeep sanitiser ΓÇö nested objects[2m > [22mredacts email 3 levels deep[32m 0[2mms[22m[39m
 [32mΓ£ô[39m src/test/deep-sanitiser.test.ts[2m > [22mdeep sanitiser ΓÇö nested objects[2m > [22mpasses non-PII nested objects through unchanged[32m 1[2mms[22m[39m
 [32mΓ£ô[39m src/test/deep-sanitiser.test.ts[2m > [22mdeep sanitiser ΓÇö arrays[2m > [22mredacts email in every object element of an array[32m 0[2mms[22m[39m
 [32mΓ£ô[39m src/test/deep-sanitiser.test.ts[2m > [22mdeep sanitiser ΓÇö arrays[2m > [22mpasses an array of primitives through unchanged[32m 0[2mms[22m[39m
 [32mΓ£ô[39m src/test/deep-sanitiser.test.ts[2m > [22mdeep sanitiser ΓÇö depth guard[2m > [22mreturns the sub-tree unchanged when depth exceeds 5[32m 0[2mms[22m[39m
 [32mΓ£ô[39m src/test/platform-fee-config.test.ts[2m > [22mplatform fee config keys[2m > [22mdefines PLATFORM_FEE_STANDARD_RATE key[32m 4[2mms[22m[39m
 [32mΓ£ô[39m src/test/platform-fee-config.test.ts[2m > [22mplatform fee config keys[2m > [22mdefines PLATFORM_FEE_SILVER_RATE key[32m 1[2mms[22m[39m
 [32mΓ£ô[39m src/test/platform-fee-config.test.ts[2m > [22mplatform fee config keys[2m > [22mdefines PLATFORM_FEE_GOLD_RATE key[32m 0[2mms[22m[39m
 [32mΓ£ô[39m src/test/platform-fee-config.test.ts[2m > [22mplatform fee config keys[2m > [22mdefines PLATFORM_FEE_MINIMUM_CENTS key[32m 0[2mms[22m[39m
 [32mΓ£ô[39m src/test/platform-fee-config.test.ts[2m > [22mplatform fee config keys[2m > [22mdefines PLATFORM_FEE_MAXIMUM_CENTS key[32m 0[2mms[22m[39m
 [32mΓ£ô[39m src/test/platform-fee-config.test.ts[2m > [22mplatform fee config keys[2m > [22mdefines STRIPE_FEE_RATE key[32m 0[2mms[22m[39m
 [32mΓ£ô[39m src/test/platform-fee-config.test.ts[2m > [22mplatform fee config keys[2m > [22mdefines STRIPE_FEE_FIXED_CENTS key[32m 0[2mms[22m[39m
 [32mΓ£ô[39m src/test/platform-fee-config.test.ts[2m > [22mplatform fee config defaults[2m > [22mstandard rate default is 3.5%[32m 0[2mms[22m[39m
 [32mΓ£ô[39m src/test/platform-fee-config.test.ts[2m > [22mplatform fee config defaults[2m > [22msilver rate default is lower than standard[32m 0[2mms[22m[39m
 [32mΓ£ô[39m src/test/platform-fee-config.test.ts[2m > [22mplatform fee config defaults[2m > [22mgold rate default is lower than silver[32m 0[2mms[22m[39m
 [32mΓ£ô[39m src/test/webhook-payout.test.ts[2m > [22mwebhook payout calculation ΓÇö no * 1 dead code[2m > [22mpayout amountNzd equals pi.amount when application_fee_amount is 0[32m 2[2mms[22m[39m
 [32mΓ£ô[39m src/test/webhook-payout.test.ts[2m > [22mwebhook payout calculation ΓÇö no * 1 dead code[2m > [22mpayout amountNzd equals pi.amount minus application_fee_amount when non-zero[32m 0[2mms[22m[39m
 [32mΓ£ô[39m src/test/webhook-payout.test.ts[2m > [22mwebhook payout calculation ΓÇö no * 1 dead code[2m > [22mpayout platformFeeNzd stores application_fee_amount for reconciliation[32m 0[2mms[22m[39m
 [32mΓ£ô[39m src/test/cancellation.test.ts[2m > [22mgetCancellationStatus[2m > [22mreturns free window within first 60 minutes[32m 2[2mms[22m[39m
 [32mΓ£ô[39m src/test/cancellation.test.ts[2m > [22mgetCancellationStatus[2m > [22mreturns request window between 1-24 hours[32m 0[2mms[22m[39m
 [32mΓ£ô[39m src/test/cancellation.test.ts[2m > [22mgetCancellationStatus[2m > [22mreturns closed after 24 hours[32m 0[2mms[22m[39m
 [32mΓ£ô[39m src/test/cancellation.test.ts[2m > [22mgetCancellationStatus[2m > [22mreturns na for DISPATCHED orders[32m 0[2mms[22m[39m
 [32mΓ£ô[39m src/test/cancellation.test.ts[2m > [22mgetCancellationStatus[2m > [22mreturns na for COMPLETED orders[32m 0[2mms[22m[39m
 [32mΓ£ô[39m src/test/cancellation.test.ts[2m > [22mgetCancellationStatus[2m > [22mreturns na for CANCELLED orders[32m 0[2mms[22m[39m
 [32mΓ£ô[39m src/test/cancellation.test.ts[2m > [22mgetCancellationStatus[2m > [22mreturns free window at exactly 0 minutes[32m 0[2mms[22m[39m
 [32mΓ£ô[39m src/test/cancellation.test.ts[2m > [22mgetCancellationStatus[2m > [22mreturns request window at exactly 61 minutes[32m 0[2mms[22m[39m
 [32mΓ£ô[39m src/test/transaction-timeout.test.ts[2m > [22mconfirmDelivery ΓÇö $transaction timeout option[2m > [22mpasses a timeout option to $transaction[32m 4[2mms[22m[39m
 [32mΓ£ô[39m src/test/transaction-timeout.test.ts[2m > [22mconfirmDelivery ΓÇö $transaction timeout option[2m > [22msets timeout to at least 10 000 ms[32m 1[2mms[22m[39m
 [32mΓ£ô[39m src/test/transaction-timeout.test.ts[2m > [22mconfirmDelivery ΓÇö $transaction timeout option[2m > [22msets maxWait to a positive value[32m 0[2mms[22m[39m
 [32mΓ£ô[39m src/test/order-detail-page.test.ts[2m > [22mvalidateDispatch[2m > [22mreturns null when all fields are present[32m 1[2mms[22m[39m
 [32mΓ£ô[39m src/test/order-detail-page.test.ts[2m > [22mvalidateDispatch[2m > [22mrejects when courierService is empty[32m 0[2mms[22m[39m
 [32mΓ£ô[39m src/test/order-detail-page.test.ts[2m > [22mvalidateDispatch[2m > [22mrejects when trackingNumber is empty[32m 0[2mms[22m[39m
 [32mΓ£ô[39m src/test/order-detail-page.test.ts[2m > [22mvalidateDispatch[2m > [22mrejects when estimatedDeliveryDate is empty[32m 0[2mms[22m[39m
 [32mΓ£ô[39m src/test/order-detail-page.test.ts[2m > [22mvalidateDispatch[2m > [22mrejects when no dispatch photos have been uploaded[32m 0[2mms[22m[39m
 [32mΓ£ô[39m src/test/order-detail-page.test.ts[2m > [22mvalidateDispatch[2m > [22mvalidates courierService before trackingNumber (first guard wins)[32m 0[2mms[22m[39m
 [32mΓ£ô[39m src/test/order-detail-page.test.ts[2m > [22mvalidateConfirmDelivery[2m > [22mreturns null when itemAsDescribed is yes (no issue type needed)[32m 0[2mms[22m[39m
 [32mΓ£ô[39m src/test/order-detail-page.test.ts[2m > [22mvalidateConfirmDelivery[2m > [22mreturns null when itemAsDescribed is no AND issue type is provided[32m 0[2mms[22m[39m
 [32mΓ£ô[39m src/test/order-detail-page.test.ts[2m > [22mvalidateConfirmDelivery[2m > [22mrejects when itemAsDescribed is null (user hasn't answered)[32m 0[2mms[22m[39m
 [32mΓ£ô[39m src/test/order-detail-page.test.ts[2m > [22mvalidateConfirmDelivery[2m > [22mrejects when itemAsDescribed is no but no issue type selected[32m 0[2mms[22m[39m
 [32mΓ£ô[39m src/test/order-detail-page.test.ts[2m > [22mvalidateDispute[2m > [22mreturns null when reason is set and description is ΓëÑ 20 chars[32m 0[2mms[22m[39m
 [32mΓ£ô[39m src/test/order-detail-page.test.ts[2m > [22mvalidateDispute[2m > [22mrejects when disputeReason is empty[32m 0[2mms[22m[39m
 [32mΓ£ô[39m src/test/order-detail-page.test.ts[2m > [22mvalidateDispute[2m > [22mrejects when disputeDescription is shorter than 20 characters[32m 0[2mms[22m[39m
 [32mΓ£ô[39m src/test/order-detail-page.test.ts[2m > [22mvalidateDispute[2m > [22mrejects when description is exactly 19 characters[32m 0[2mms[22m[39m
 [32mΓ£ô[39m src/test/order-detail-page.test.ts[2m > [22mvalidateDispute[2m > [22mpasses when description is exactly 20 characters[32m 0[2mms[22m[39m
 [32mΓ£ô[39m src/test/order-detail-page.test.ts[2m > [22mvalidateMinLength[2m > [22mreturns null when trimmed length meets the minimum[32m 0[2mms[22m[39m
 [32mΓ£ô[39m src/test/order-detail-page.test.ts[2m > [22mvalidateMinLength[2m > [22mreturns the message when trimmed length is below minimum[32m 0[2mms[22m[39m
 [32mΓ£ô[39m src/test/order-detail-page.test.ts[2m > [22mvalidateMinLength[2m > [22mtrims whitespace before measuring length[32m 0[2mms[22m[39m
 [32mΓ£ô[39m src/test/order-detail-page.test.ts[2m > [22mvalidateMinLength[2m > [22mreturns null for exactly the minimum length[32m 0[2mms[22m[39m
 [32mΓ£ô[39m src/test/order-detail-page.test.ts[2m > [22mvalidateMinLength[2m > [22mreturns the message for length one below minimum[32m 0[2mms[22m[39m
 [32mΓ£ô[39m src/test/order-detail-page.test.ts[2m > [22mbuildSyntheticEvents[2m > [22mreturns at least one event for a freshly paid order[32m 0[2mms[22m[39m
 [32mΓ£ô[39m src/test/order-detail-page.test.ts[2m > [22mbuildSyntheticEvents[2m > [22mincludes a DISPATCHED event when dispatchedAt is set[32m 0[2mms[22m[39m
 [32mΓ£ô[39m src/test/order-detail-page.test.ts[2m > [22mbuildSyntheticEvents[2m > [22mincludes a COMPLETED event when completedAt is set and status is completed[32m 0[2mms[22m[39m
 [32mΓ£ô[39m src/test/order-detail-page.test.ts[2m > [22mbuildSyntheticEvents[2m > [22mevents array is ordered chronologically (createdAt first)[32m 0[2mms[22m[39m
 [32mΓ£ô[39m src/test/order-detail-page.test.ts[2m > [22mpending interaction selectors[2m > [22mfinds PENDING CANCEL_REQUEST[32m 0[2mms[22m[39m
 [32mΓ£ô[39m src/test/order-detail-page.test.ts[2m > [22mpending interaction selectors[2m > [22mfinds PENDING RETURN_REQUEST[32m 0[2mms[22m[39m
 [32mΓ£ô[39m src/test/order-detail-page.test.ts[2m > [22mpending interaction selectors[2m > [22mfinds PENDING or COUNTERED PARTIAL_REFUND_REQUEST[32m 0[2mms[22m[39m
 [32mΓ£ô[39m src/test/order-detail-page.test.ts[2m > [22mpending interaction selectors[2m > [22mdoes NOT match a RESOLVED cancellation as pending[32m 0[2mms[22m[39m
 [32mΓ£ô[39m src/test/order-detail-page.test.ts[2m > [22mModalType keys[2m > [22mhas 10 distinct modal keys[32m 0[2mms[22m[39m
 [32mΓ£ô[39m src/test/order-detail-page.test.ts[2m > [22mModalType keys[2m > [22mevery modal key is a non-empty string[32m 0[2mms[22m[39m
 [32mΓ£ô[39m src/test/order-detail-page.test.ts[2m > [22museOrderActions export[2m > [22mis exported as a named function from the hooks module[32m 0[2mms[22m[39m
 [32mΓ£ô[39m src/test/order-detail-page.test.ts[2m > [22museOrderActions export[2m > [22mexports validateDispatch, validateConfirmDelivery, validateDispute, validateMinLength[32m 0[2mms[22m[39m

[2m Test Files [22m [1m[32m178 passed[39m[22m[90m (178)[39m
[2m      Tests [22m [1m[32m2373 passed[39m[22m[90m (2373)[39m
[2m   Start at [22m 08:23:23
[2m   Duration [22m 9.83s[2m (transform 14.20s, setup 15.14s, import 26.96s, tests 8.67s, environment 20ms)[22m

[34m % [39m[2mCoverage report from [22m[33mv8[39m
-------------------|---------|----------|---------|---------|-------------------
File               | % Stmts | % Branch | % Funcs | % Lines | Uncovered Line #s 
-------------------|---------|----------|---------|---------|-------------------
All files          |   55.29 |    44.03 |   46.33 |   55.73 |                   
 lib               |   45.63 |     24.2 |   54.73 |   45.87 |                   
  a11y.ts          |     100 |      100 |     100 |     100 |                   
  ...on-context.ts |     100 |       50 |     100 |     100 | 34                
  ...-constants.ts |     100 |      100 |     100 |     100 |                   
  client-logger.ts |     100 |       90 |     100 |     100 | 68                
  cron-monitor.ts  |     100 |       50 |   66.66 |     100 | 36-44             
  currency.ts      |     100 |      100 |     100 |     100 |                   
  date.ts          |     100 |      100 |     100 |     100 |                   
  db.ts            |       0 |        0 |       0 |       0 | 21-42             
  email-queue.ts   |   42.85 |    33.33 |     100 |   42.85 | 66-183            
  encryption.ts    |   11.11 |        0 |       0 |   11.11 | 16-77             
  ...and-forget.ts |     100 |       50 |     100 |     100 | 16                
  geocoding.ts     |     100 |      100 |     100 |     100 |                   
  image.ts         |   38.88 |     5.26 |      50 |      40 | 19-43,69,80       
  log-sanitiser.ts |     100 |    94.59 |     100 |     100 | 66,71             
  mobile-auth.ts   |   95.65 |    85.71 |     100 |     100 | 91,102            
  ...usMessages.ts |       0 |        0 |       0 |       0 | 43-315            
  permissions.ts   |     100 |       75 |     100 |     100 | 157               
  ...token-hash.ts |     100 |      100 |     100 |     100 |                   
  pusher.ts        |       0 |        0 |       0 |       0 | 10-25             
  pusherClient.ts  |       0 |        0 |       0 |       0 | 1-25              
  queue.ts         |    64.7 |        0 |   33.33 |    64.7 | 39-49,53-55       
  ...tly-viewed.ts |       0 |        0 |       0 |       0 | 5-52              
  redact-email.ts  |       0 |        0 |       0 |       0 | 12-16             
  ...st-context.ts |     100 |      100 |     100 |     100 |                   
  review-tags.ts   |       0 |      100 |       0 |       0 | 20-61             
  safe-redirect.ts |     100 |      100 |     100 |     100 |                   
  ...ers.server.ts |       0 |        0 |       0 |       0 | 30-214            
  seller-tiers.ts  |       0 |        0 |       0 |       0 | 36-87             
  ...ifications.ts |       0 |        0 |       0 |       0 | 21-206            
  time.ts          |     100 |      100 |     100 |     100 |                   
  transaction.ts   |     100 |      100 |     100 |     100 |                   
  utils.ts         |       0 |        0 |       0 |       0 | 6-65              
 lib/auth          |   19.32 |    15.32 |   14.28 |   19.82 |                   
  ....callbacks.ts |   27.05 |    19.38 |      20 |   28.04 | ...27-185,196-213 
  ....providers.ts |       0 |        0 |       0 |       0 | 19-131            
 lib/dynamic-lists |    4.25 |        0 |       0 |    4.87 |                   
  ...-list-seed.ts |       0 |        0 |       0 |       0 | 20-461            
  ...st.service.ts |    8.33 |        0 |       0 |   10.52 | 39-120            
 ...latform-config |     3.1 |        0 |       0 |    3.16 |                   
  ...g-defaults.ts |     100 |      100 |     100 |     100 |                   
  config-keys.ts   |     100 |      100 |     100 |     100 |                   
  config-seed.ts   |       0 |        0 |       0 |       0 | 26-1137           
  ...ig.service.ts |    4.47 |        0 |       0 |    4.68 | 24-160            
 modules/admin     |   26.82 |    23.68 |   11.67 |   27.57 |                   
  ...repository.ts |       0 |      100 |       0 |       0 | 6-32              
  ...te.service.ts |    64.7 |       50 |   61.53 |    67.7 | ...44,364,380-519 
  ...repository.ts |       0 |        0 |       0 |       0 | 9-353             
  ...es.service.ts |       0 |        0 |       0 |       0 | 232-593           
  ...ng.service.ts |    1.28 |        0 |       0 |    1.33 | 9-378             
  ...repository.ts |       0 |      100 |       0 |       0 | 7-20              
  ...er.service.ts |   69.23 |      100 |      50 |   67.56 | 118-174           
  ...repository.ts |    4.54 |        0 |     3.7 |    4.61 | 49,72-112,160-888 
  admin.schema.ts  |       0 |      100 |     100 |       0 | 7-12              
  admin.service.ts |     100 |      100 |     100 |     100 |                   
  ...repository.ts |       0 |      100 |       0 |       0 | 8-78              
 modules/auth      |    1.61 |        0 |       0 |    1.66 |                   
  auth.schema.ts   |     100 |      100 |     100 |     100 |                   
  mfa.service.ts   |       0 |        0 |       0 |       0 | 11-177            
 modules/cart      |   77.72 |    76.63 |   52.27 |   76.75 |                   
  ...repository.ts |   12.19 |      100 |    9.52 |   12.19 | ...02-207,230-300 
  cart.service.ts  |   95.39 |    76.63 |    91.3 |   95.13 | 409,594-605,622   
 modules/dashboard |       0 |        0 |       0 |       0 |                   
  ...repository.ts |       0 |        0 |       0 |       0 | 6-240             
  ...rd.service.ts |       0 |        0 |       0 |       0 | 152-447           
 modules/disputes  |   72.52 |    52.13 |   54.05 |   74.71 |                   
  ...on.service.ts |   93.17 |    70.96 |   80.95 |   95.43 | ...72-788,932-948 
  ...repository.ts |   29.16 |        0 |      25 |   29.16 | 54-67,97-206      
  ...is.service.ts |       0 |        0 |       0 |       0 | 23-184            
 modules/listings  |   50.52 |     43.6 |   45.18 |   51.49 |                   
  ...te.service.ts |   54.43 |       25 |   76.92 |    55.4 | ...77-282,311-462 
  ...nt.service.ts |     100 |      100 |     100 |     100 |                   
  ...repository.ts |   17.94 |      100 |   15.78 |   17.94 | 10-39,88-184      
  ...le.service.ts |   66.66 |     55.3 |      60 |   65.75 | ...57,319,365-377 
  ...repository.ts |   47.82 |      100 |      50 |   47.82 | ...01-202,217-256 
  ...es.service.ts |   28.57 |    35.71 |   28.57 |   28.57 | 29-74             
  ...repository.ts |   42.16 |    11.76 |    40.9 |   42.68 | ...32-733,758-759 
  ...ew.service.ts |   71.42 |    51.35 |      80 |   78.94 | 214-246           
  ...ot.service.ts |       0 |        0 |       0 |       0 | 35-104            
  ...repository.ts |     100 |      100 |     100 |     100 |                   
  ...ing.schema.ts |       0 |      100 |     100 |       0 | 8                 
  ...ng.service.ts |     100 |      100 |     100 |     100 |                   
  ...ry.service.ts |       0 |      100 |       0 |       0 | 15-26             
  ...repository.ts |       0 |      100 |       0 |       0 | 6-41              
  ...ns.service.ts |       0 |        0 |       0 |       0 | 10-90             
  ...repository.ts |       0 |        0 |       0 |       0 | 7-52              
  ...ch.service.ts |    81.6 |    68.68 |   88.88 |   83.33 | ...85,200-206,333 
  ...se.service.ts |       0 |        0 |       0 |       0 | 10-60             
  ...of.service.ts |       0 |        0 |       0 |       0 | 15-30             
  ...repository.ts |   55.55 |      100 |      50 |   55.55 | 9-23              
 modules/messaging |   82.85 |       72 |      85 |   83.58 |                   
  ...repository.ts |   93.75 |    84.21 |   93.33 |   93.75 | 97                
  ...age.schema.ts |       0 |      100 |     100 |       0 | 3                 
  ...ge.service.ts |   81.13 |    67.85 |      60 |      82 | 88,140-168        
 .../notifications |    42.5 |    44.44 |   41.17 |   43.58 |                   
  ...repository.ts |   46.42 |       20 |   46.15 |   48.14 | 72-147            
  ...ion.schema.ts |       0 |      100 |     100 |       0 | 3                 
  ...on.service.ts |   36.36 |       75 |      25 |   36.36 | 69,112-143        
 modules/offers    |   89.04 |       78 |   73.33 |   88.73 |                   
  ...repository.ts |   69.23 |       50 |      70 |   69.23 | 110,158-175       
  offer.service.ts |   93.33 |    80.43 |      80 |    93.1 | 83,107,181,213    
 modules/orders    |      81 |    75.54 |   69.04 |   80.81 |                   
  ...w.instance.ts |     100 |      100 |     100 |     100 |                   
  ...ow.service.ts |       0 |        0 |       0 |       0 |                   
  ...repository.ts |   39.39 |      100 |    37.5 |   39.39 | 41-126,202-203    
  ...el.service.ts |     100 |    79.16 |     100 |     100 | ...39,144-157,206 
  ...te-helpers.ts |   33.33 |    42.85 |      40 |   33.33 | ...06-118,168-181 
  ...te.service.ts |   87.65 |     72.6 |   71.42 |   87.65 | ...34-245,383-394 
  ...repository.ts |   85.71 |       50 |   84.21 |   85.36 | ...56-257,327-343 
  ...ch.service.ts |   85.48 |    66.66 |     100 |      85 | ...68,173-204,365 
  ...te.service.ts |   90.32 |    79.16 |     100 |      90 | 41,74,149         
  ...nt.service.ts |     100 |       90 |     100 |     100 | 119               
  ...on.service.ts |     100 |      100 |     100 |     100 |                   
  ...repository.ts |   81.81 |      100 |      80 |   81.81 | ...,91-92,143-144 
  ...repository.ts |   59.37 |       25 |   56.41 |   60.31 | ...55-556,660-672 
  ...repository.ts |     100 |      100 |     100 |     100 |                   
  order.schema.ts  |       0 |      100 |     100 |       0 | 3                 
  order.service.ts |     100 |      100 |     100 |     100 |                   
  ...ransitions.ts |     100 |      100 |     100 |     100 |                   
 ...ders/workflows |   25.14 |    22.04 |    42.1 |   26.58 |                   
  ...ow.service.ts |       0 |        0 |       0 |       0 | 34-279            
  ...ow.service.ts |   36.95 |    31.91 |      50 |   37.77 | ...37-138,190-202 
  ...ow.service.ts |   43.58 |    41.46 |   57.14 |   48.57 | 32-109,119        
  ...ow.service.ts |   26.66 |    27.27 |      40 |   28.57 | 32-95,170-187     
 modules/payments  |   83.48 |       80 |   77.27 |   85.99 |                   
  ...calculator.ts |     100 |      100 |     100 |     100 |                   
  ...nt.service.ts |   94.91 |    87.23 |     100 |     100 | ...61-171,219,243 
  ...repository.ts |   33.33 |      100 |   30.76 |   33.33 | 96-275            
  ...ok.service.ts |   84.76 |    76.15 |   95.23 |    87.5 | ...66-770,804-827 
 modules/pickup    |     100 |      100 |     100 |     100 |                   
  ...repository.ts |     100 |      100 |     100 |     100 |                   
  pickup.schema.ts |     100 |      100 |     100 |     100 |                   
 modules/reviews   |    84.9 |    85.71 |   66.66 |   83.67 |                   
  ...repository.ts |   46.66 |    33.33 |   46.15 |   46.66 | 25-46,126-169,198 
  ...ew.service.ts |     100 |    94.44 |     100 |     100 | 142-157           
 modules/sellers   |   72.32 |    84.48 |   33.33 |   70.83 |                   
  ...cs.service.ts |   93.87 |    81.57 |     100 |     100 | 29-41,44,58-68,91 
  ...repository.ts |       0 |        0 |       0 |       0 | 44-268            
  ...re.service.ts |     100 |      100 |     100 |     100 |                   
  ...repository.ts |      20 |      100 |   14.28 |      20 | 29-104            
 modules/trust     |   11.26 |    17.24 |    4.16 |   11.42 |                   
  ...repository.ts |   29.16 |     62.5 |    5.88 |   30.43 | 12-131,202        
  ...cs.service.ts |    2.12 |        0 |       0 |    2.12 | 56-243            
 modules/users     |    46.9 |    36.78 |   30.32 |   47.29 |                   
  auth.service.ts  |   85.71 |    55.55 |   83.33 |   89.28 | 28-31,82-83       
  ...re.service.ts |   85.71 |    55.55 |   66.66 |   85.71 | 58,163,169,188    
  ...repository.ts |      60 |      100 |   57.14 |      60 | 128-213           
  ...rt.service.ts |   88.88 |       75 |     100 |   88.88 | 44,58,125         
  ...repository.ts |   17.39 |      100 |    12.5 |   17.39 | 17-30,52-159      
  ...repository.ts |   81.25 |      100 |   77.77 |   81.25 | 14-26             
  ...repository.ts |   20.31 |       20 |   15.68 |   20.96 | ...80,545,596-798 
  ...repository.ts |     100 |      100 |     100 |     100 |                   
  user.service.ts  |    2.85 |        0 |    5.26 |    2.94 | 17-212,224-263    
 server/actions    |   52.47 |    39.23 |   53.84 |   52.49 |                   
  account.ts       |     100 |    88.88 |     100 |     100 | 123,182           
  admin-config.ts  |       0 |        0 |       0 |       0 | 1-177             
  ...moderation.ts |   27.58 |     8.82 |      50 |   27.58 | ...56-240,269-381 
  admin-lists.ts   |       0 |        0 |       0 |       0 | 1-243             
  admin.ts         |    29.8 |    20.37 |      30 |   30.09 | ...49,165,193-389 
  adminTeam.ts     |       0 |        0 |       0 |       0 | 1-148             
  blocks.ts        |     100 |      100 |     100 |     100 |                   
  business.ts      |       0 |        0 |       0 |       0 | 1-97              
  buyerReviews.ts  |       0 |      100 |       0 |       0 | 1-28              
  cart.ts          |     100 |    86.66 |     100 |     100 | 45,60,95,218      
  ...erEvidence.ts |    3.22 |        0 |       0 |    3.33 | 29-133            
  dashboard.ts     |       0 |        0 |       0 |       0 | 1-97              
  disputes.ts      |    87.5 |    68.75 |      75 |   86.95 | ...59,318,376-388 
  ...eProcessor.ts |   96.96 |    86.11 |     100 |   96.96 | 112-113           
  images.ts        |       0 |        0 |       0 |       0 | 1-408             
  interactions.ts  |   96.59 |       72 |     100 |    96.2 | 140,252,289       
  listings.ts      |   90.69 |    69.44 |   85.71 |   90.58 | ...53,250,306-322 
  messages.ts      |       0 |        0 |       0 |       0 | 1-91              
  mfa.ts           |   92.45 |    84.61 |     100 |   92.15 | 94,111,144,171    
  mfaLogin.ts      |       0 |        0 |       0 |       0 | 1-70              
  offers.ts        |     100 |      100 |     100 |     100 |                   
  onboarding.ts    |   94.44 |     87.5 |     100 |   94.44 | 27                
  ...te.actions.ts |   24.19 |    22.22 |    12.5 |   25.42 | ...,59,79,100-213 
  ...ry.actions.ts |    6.89 |        0 |       0 |    7.14 | 19,99-234         
  ...te.actions.ts |     100 |    81.25 |     100 |     100 | 40,76,114         
  orderDetail.ts   |       0 |        0 |       0 |       0 |                   
  orderEvents.ts   |       0 |        0 |       0 |       0 |                   
  orders.ts        |       0 |        0 |       0 |       0 |                   
  ...up.actions.ts |   90.19 |    74.35 |   63.63 |   90.81 | ...25,279,435,527 
  ...emResolver.ts |       0 |        0 |       0 |       0 | 1-344             
  ...ile-images.ts |       0 |        0 |       0 |       0 | 1-212             
  ...ntlyViewed.ts |       0 |        0 |       0 |       0 | 1-90              
  reports.ts       |       0 |        0 |       0 |       0 | 1-130             
  reviews.ts       |     100 |      100 |     100 |     100 |                   
  search.ts        |       0 |      100 |       0 |       0 | 11                
  seller.ts        |   88.63 |    70.68 |   66.66 |   90.36 | ...34,268,289,345 
  sellerReviews.ts |       0 |      100 |       0 |       0 | 1-29              
  shipping.ts      |     100 |    85.71 |     100 |     100 | 57-69             
  storage.ts       |       0 |        0 |       0 |       0 | 1-67              
  stripe.ts        |      94 |    82.14 |     100 |   97.87 | 141               
  support.ts       |     100 |      100 |     100 |     100 |                   
  typing.ts        |       0 |        0 |       0 |       0 | 1-21              
  ...pplication.ts |   95.45 |    91.17 |     100 |   95.12 | 86,176            
  ....documents.ts |   47.87 |    36.48 |      50 |   48.91 | ...34-239,294-333 
  verification.ts  |       0 |        0 |       0 |       0 | 1-59              
  watchlist.ts     |     100 |    83.33 |     100 |     100 | 21                
 ...r/actions/auth |   76.92 |     61.9 |   71.42 |    77.2 |                   
  password.ts      |   61.25 |     42.1 |   55.55 |   61.03 | ...79,113,156-215 
  register.ts      |   96.82 |    78.26 |     100 |    98.3 | 69                
 server/jobs       |   72.11 |    45.62 |   73.07 |   72.27 |                   
  ...easeEscrow.ts |   84.16 |       65 |   76.92 |   85.08 | ...61,276,318-323 
  ...rReminders.ts |       0 |        0 |       0 |       0 | 15-118            
  ...xportFiles.ts |   83.87 |       50 |     100 |   86.66 | 32-36,76-77       
  ...PushTokens.ts |   88.88 |       50 |     100 |   88.88 | 23-27             
  dailyDigest.ts   |       0 |        0 |       0 |       0 | 8-129             
  ...yReminders.ts |   63.51 |    51.35 |      75 |   62.85 | 145-164,172-261   
  ...hReminders.ts |   88.57 |       75 |     100 |    87.5 | 26-30,91-95       
  ...utoResolve.ts |   82.65 |       48 |    90.9 |    82.1 | ...25,294,334-344 
  ...reListings.ts |   89.09 |    66.66 |   88.88 |   88.88 | ...,79-83,128-129 
  ...ifications.ts |    91.3 |       75 |     100 |    91.3 | 26-30             
  ...servations.ts |       0 |        0 |       0 |       0 | 20-46             
  ...gradeCheck.ts |   69.38 |    32.14 |     100 |   72.72 | ...-41,92-104,168 
  ...nciliation.ts |   81.57 |    43.75 |      50 |   82.43 | ...23-235,261-264 
 server/lib        |   68.04 |    57.19 |   51.94 |   68.31 |                   
  analytics.ts     |       0 |        0 |       0 |       0 | 13-106            
  audit.ts         |      76 |       50 |     100 |   72.72 | 41-42,46-47,63-64 
  cache.ts         |     100 |    73.33 |     100 |     100 | 26-40,56          
  cronLogger.ts    |       0 |        0 |       0 |       0 | 15-28             
  ...ibutedLock.ts |   80.82 |       80 |   85.71 |   83.09 | 36-57,117         
  ...Validation.ts |   91.66 |    66.66 |     100 |   91.66 | 82,143            
  ...Validation.ts |     100 |      100 |     100 |     100 |                   
  ...oute-error.ts |     100 |      100 |     100 |     100 |                   
  jwtBlocklist.ts  |   88.23 |       50 |     100 |    87.5 | 53-57             
  mfaSession.ts    |    90.9 |        0 |     100 |    90.9 | 24                
  moderation.ts    |     100 |    95.83 |     100 |     100 | 116               
  password.ts      |     100 |      100 |     100 |     100 |                   
  rateLimit.ts     |   45.07 |    41.17 |    3.57 |   44.28 | ...51,260,272-407 
  requireAdmin.ts  |       0 |        0 |       0 |       0 | 15-22             
  ...StepUpAuth.ts |     100 |      100 |     100 |     100 |                   
  requireUser.ts   |     100 |      100 |     100 |     100 |                   
  sessionStore.ts  |   89.47 |       50 |     100 |   89.47 | 36-43             
  spamDetection.ts |   85.36 |    83.33 |     100 |   85.36 | ...,64-65,114-115 
  turnstile.ts     |       0 |        0 |       0 |       0 | 37-116            
  ...arerSecret.ts |       0 |        0 |       0 |       0 | 21-32             
  ...CronSecret.ts |       0 |        0 |       0 |       0 | 18-42             
 shared            |       0 |      100 |     100 |       0 |                   
  constants.ts     |       0 |      100 |     100 |       0 | 6                 
 shared/auth       |   46.15 |       50 |      50 |   46.15 |                   
  ...Permission.ts |   46.15 |       50 |      50 |   46.15 | ...6,65-70,82-108 
 shared/types      |       0 |        0 |       0 |       0 |                   
  action-result.ts |       0 |        0 |       0 |       0 | 20-34             
  ...ice-result.ts |       0 |        0 |       0 |       0 |                   
-------------------|---------|----------|---------|---------|-------------------
[1m[42m PASS [49m[22m [32mWaiting for file changes...[39m
       [2mpress [22m[1mh[22m[2m to show help[22m[2m, [22m[2mpress [22m[1mq[22m[2m to quit[22m
